
         /\      Grafana   /‾‾/  
    /\  /  \     |\  __   /  /   
   /  \/    \    | |/ /  /   ‾‾\ 
  /          \   |   (  |  (‾)  |
 / __________ \  |_|\_\  \_____/ 


     execution: local
        script: /Users/hrirks/video-gen/prod.garbagedestroyer/projects/rust-go-dotnet-microservice-2026/bench/k6/tail-latency.js
        output: -

     scenarios: (100.00%) 1 scenario, 3000 max VUs, 8m0s max duration (incl. graceful stop):
              * tail_open_loop: Up to 20000.00 iterations/s for 7m30s over 5 stages (maxVUs: 300-3000, gracefulStop: 30s)


running (0m01.0s), 0001/0300 VUs, 1960 complete and 0 interrupted iterations
tail_open_loop   [   0% ] 0001/0300 VUs  0m01.0s/7m30s  02000.00 iters/s

running (0m02.0s), 0000/0300 VUs, 3959 complete and 0 interrupted iterations
tail_open_loop   [   0% ] 0000/0300 VUs  0m02.0s/7m30s  02000.00 iters/s

running (0m03.0s), 0000/0300 VUs, 5959 complete and 0 interrupted iterations
tail_open_loop   [   1% ] 0000/0300 VUs  0m03.0s/7m30s  02000.00 iters/s

running (0m04.0s), 0000/0300 VUs, 7959 complete and 0 interrupted iterations
tail_open_loop   [   1% ] 0000/0300 VUs  0m04.0s/7m30s  02000.00 iters/s

running (0m05.0s), 0001/0300 VUs, 9958 complete and 0 interrupted iterations
tail_open_loop   [   1% ] 0001/0300 VUs  0m05.0s/7m30s  02000.00 iters/s

running (0m06.0s), 0001/0300 VUs, 11958 complete and 0 interrupted iterations
tail_open_loop   [   1% ] 0001/0300 VUs  0m06.0s/7m30s  02000.00 iters/s

running (0m07.0s), 0001/0300 VUs, 13958 complete and 0 interrupted iterations
tail_open_loop   [   2% ] 0001/0300 VUs  0m07.0s/7m30s  02000.00 iters/s

running (0m08.0s), 0001/0300 VUs, 15958 complete and 0 interrupted iterations
tail_open_loop   [   2% ] 0001/0300 VUs  0m08.0s/7m30s  02000.00 iters/s

running (0m09.0s), 0001/0300 VUs, 17958 complete and 0 interrupted iterations
tail_open_loop   [   2% ] 0001/0300 VUs  0m09.0s/7m30s  02000.00 iters/s

running (0m10.0s), 0000/0300 VUs, 19959 complete and 0 interrupted iterations
tail_open_loop   [   2% ] 0000/0300 VUs  0m10.0s/7m30s  02000.00 iters/s

running (0m11.0s), 0000/0300 VUs, 21959 complete and 0 interrupted iterations
tail_open_loop   [   2% ] 0000/0300 VUs  0m11.0s/7m30s  02000.00 iters/s

running (0m12.0s), 0000/0300 VUs, 23959 complete and 0 interrupted iterations
tail_open_loop   [   3% ] 0000/0300 VUs  0m12.0s/7m30s  02000.00 iters/s

running (0m13.0s), 0000/0300 VUs, 25959 complete and 0 interrupted iterations
tail_open_loop   [   3% ] 0000/0300 VUs  0m13.0s/7m30s  02000.00 iters/s

running (0m14.0s), 0001/0300 VUs, 27958 complete and 0 interrupted iterations
tail_open_loop   [   3% ] 0001/0300 VUs  0m14.0s/7m30s  02000.00 iters/s

running (0m15.0s), 0000/0300 VUs, 29959 complete and 0 interrupted iterations
tail_open_loop   [   3% ] 0000/0300 VUs  0m15.0s/7m30s  02000.00 iters/s

running (0m16.0s), 0000/0300 VUs, 31959 complete and 0 interrupted iterations
tail_open_loop   [   4% ] 0000/0300 VUs  0m16.0s/7m30s  02000.00 iters/s

running (0m17.0s), 0001/0300 VUs, 33958 complete and 0 interrupted iterations
tail_open_loop   [   4% ] 0001/0300 VUs  0m17.0s/7m30s  02000.00 iters/s

running (0m18.0s), 0001/0300 VUs, 35958 complete and 0 interrupted iterations
tail_open_loop   [   4% ] 0001/0300 VUs  0m18.0s/7m30s  02000.00 iters/s

running (0m19.0s), 0000/0300 VUs, 37959 complete and 0 interrupted iterations
tail_open_loop   [   4% ] 0000/0300 VUs  0m19.0s/7m30s  02000.00 iters/s

running (0m20.0s), 0000/0300 VUs, 39959 complete and 0 interrupted iterations
tail_open_loop   [   4% ] 0000/0300 VUs  0m20.0s/7m30s  02000.00 iters/s

running (0m21.0s), 0001/0300 VUs, 41958 complete and 0 interrupted iterations
tail_open_loop   [   5% ] 0001/0300 VUs  0m21.0s/7m30s  02000.00 iters/s

running (0m22.0s), 0001/0300 VUs, 43958 complete and 0 interrupted iterations
tail_open_loop   [   5% ] 0001/0300 VUs  0m22.0s/7m30s  02000.00 iters/s

running (0m23.0s), 0001/0300 VUs, 45958 complete and 0 interrupted iterations
tail_open_loop   [   5% ] 0001/0300 VUs  0m23.0s/7m30s  02000.00 iters/s

running (0m24.0s), 0001/0300 VUs, 47958 complete and 0 interrupted iterations
tail_open_loop   [   5% ] 0001/0300 VUs  0m24.0s/7m30s  02000.00 iters/s

running (0m25.0s), 0001/0300 VUs, 49958 complete and 0 interrupted iterations
tail_open_loop   [   6% ] 0001/0300 VUs  0m25.0s/7m30s  02000.00 iters/s

running (0m26.0s), 0001/0300 VUs, 51958 complete and 0 interrupted iterations
tail_open_loop   [   6% ] 0001/0300 VUs  0m26.0s/7m30s  02000.00 iters/s

running (0m27.0s), 0001/0300 VUs, 53958 complete and 0 interrupted iterations
tail_open_loop   [   6% ] 0001/0300 VUs  0m27.0s/7m30s  02000.00 iters/s

running (0m28.0s), 0001/0300 VUs, 55958 complete and 0 interrupted iterations
tail_open_loop   [   6% ] 0001/0300 VUs  0m28.0s/7m30s  02000.00 iters/s

running (0m29.0s), 0000/0300 VUs, 57959 complete and 0 interrupted iterations
tail_open_loop   [   6% ] 0000/0300 VUs  0m29.0s/7m30s  02000.00 iters/s

running (0m30.0s), 0000/0300 VUs, 59959 complete and 0 interrupted iterations
tail_open_loop   [   7% ] 0000/0300 VUs  0m30.0s/7m30s  02000.00 iters/s

running (0m31.0s), 0000/0300 VUs, 61959 complete and 0 interrupted iterations
tail_open_loop   [   7% ] 0000/0300 VUs  0m31.0s/7m30s  02000.00 iters/s

running (0m32.0s), 0000/0300 VUs, 63959 complete and 0 interrupted iterations
tail_open_loop   [   7% ] 0000/0300 VUs  0m32.0s/7m30s  02000.00 iters/s

running (0m33.0s), 0001/0300 VUs, 65958 complete and 0 interrupted iterations
tail_open_loop   [   7% ] 0001/0300 VUs  0m33.0s/7m30s  02000.00 iters/s

running (0m34.0s), 0001/0300 VUs, 67958 complete and 0 interrupted iterations
tail_open_loop   [   8% ] 0001/0300 VUs  0m34.0s/7m30s  02000.00 iters/s

running (0m35.0s), 0001/0300 VUs, 69958 complete and 0 interrupted iterations
tail_open_loop   [   8% ] 0001/0300 VUs  0m35.0s/7m30s  02000.00 iters/s

running (0m36.0s), 0001/0300 VUs, 71958 complete and 0 interrupted iterations
tail_open_loop   [   8% ] 0001/0300 VUs  0m36.0s/7m30s  02000.00 iters/s

running (0m37.0s), 0001/0300 VUs, 73958 complete and 0 interrupted iterations
tail_open_loop   [   8% ] 0001/0300 VUs  0m37.0s/7m30s  02000.00 iters/s

running (0m38.0s), 0000/0300 VUs, 75959 complete and 0 interrupted iterations
tail_open_loop   [   8% ] 0000/0300 VUs  0m38.0s/7m30s  02000.00 iters/s

running (0m39.0s), 0000/0300 VUs, 77959 complete and 0 interrupted iterations
tail_open_loop   [   9% ] 0000/0300 VUs  0m39.0s/7m30s  02000.00 iters/s

running (0m40.0s), 0000/0300 VUs, 79959 complete and 0 interrupted iterations
tail_open_loop   [   9% ] 0000/0300 VUs  0m40.0s/7m30s  02000.00 iters/s

running (0m41.0s), 0001/0300 VUs, 81958 complete and 0 interrupted iterations
tail_open_loop   [   9% ] 0001/0300 VUs  0m41.0s/7m30s  02000.00 iters/s

running (0m42.0s), 0000/0300 VUs, 83959 complete and 0 interrupted iterations
tail_open_loop   [   9% ] 0000/0300 VUs  0m42.0s/7m30s  02000.00 iters/s

running (0m43.0s), 0001/0300 VUs, 85958 complete and 0 interrupted iterations
tail_open_loop   [  10% ] 0001/0300 VUs  0m43.0s/7m30s  02000.00 iters/s

running (0m44.0s), 0000/0300 VUs, 87959 complete and 0 interrupted iterations
tail_open_loop   [  10% ] 0000/0300 VUs  0m44.0s/7m30s  02000.00 iters/s

running (0m45.0s), 0001/0300 VUs, 89958 complete and 0 interrupted iterations
tail_open_loop   [  10% ] 0001/0300 VUs  0m45.0s/7m30s  02000.00 iters/s

running (0m46.0s), 0000/0300 VUs, 91959 complete and 0 interrupted iterations
tail_open_loop   [  10% ] 0000/0300 VUs  0m46.0s/7m30s  02000.00 iters/s

running (0m47.0s), 0001/0300 VUs, 93958 complete and 0 interrupted iterations
tail_open_loop   [  10% ] 0001/0300 VUs  0m47.0s/7m30s  02000.00 iters/s

running (0m48.0s), 0000/0300 VUs, 95959 complete and 0 interrupted iterations
tail_open_loop   [  11% ] 0000/0300 VUs  0m48.0s/7m30s  02000.00 iters/s

running (0m49.0s), 0000/0300 VUs, 97959 complete and 0 interrupted iterations
tail_open_loop   [  11% ] 0000/0300 VUs  0m49.0s/7m30s  02000.00 iters/s

running (0m50.0s), 0000/0300 VUs, 99959 complete and 0 interrupted iterations
tail_open_loop   [  11% ] 0000/0300 VUs  0m50.0s/7m30s  02000.00 iters/s

running (0m51.0s), 0000/0300 VUs, 101959 complete and 0 interrupted iterations
tail_open_loop   [  11% ] 0000/0300 VUs  0m51.0s/7m30s  02000.00 iters/s

running (0m52.0s), 0000/0300 VUs, 103959 complete and 0 interrupted iterations
tail_open_loop   [  12% ] 0000/0300 VUs  0m52.0s/7m30s  02000.00 iters/s

running (0m53.0s), 0001/0300 VUs, 105958 complete and 0 interrupted iterations
tail_open_loop   [  12% ] 0001/0300 VUs  0m53.0s/7m30s  02000.00 iters/s

running (0m54.0s), 0000/0300 VUs, 107959 complete and 0 interrupted iterations
tail_open_loop   [  12% ] 0000/0300 VUs  0m54.0s/7m30s  02000.00 iters/s

running (0m55.0s), 0001/0300 VUs, 109958 complete and 0 interrupted iterations
tail_open_loop   [  12% ] 0001/0300 VUs  0m55.0s/7m30s  02000.00 iters/s

running (0m56.0s), 0000/0300 VUs, 111959 complete and 0 interrupted iterations
tail_open_loop   [  12% ] 0000/0300 VUs  0m56.0s/7m30s  02000.00 iters/s

running (0m57.0s), 0000/0300 VUs, 113959 complete and 0 interrupted iterations
tail_open_loop   [  13% ] 0000/0300 VUs  0m57.0s/7m30s  02000.00 iters/s

running (0m58.0s), 0000/0300 VUs, 115959 complete and 0 interrupted iterations
tail_open_loop   [  13% ] 0000/0300 VUs  0m58.0s/7m30s  02000.00 iters/s

running (0m59.0s), 0001/0300 VUs, 117958 complete and 0 interrupted iterations
tail_open_loop   [  13% ] 0001/0300 VUs  0m59.0s/7m30s  02000.00 iters/s

running (1m00.0s), 0000/0300 VUs, 119959 complete and 0 interrupted iterations
tail_open_loop   [  13% ] 0000/0300 VUs  1m00.0s/7m30s  02000.00 iters/s

running (1m01.0s), 0000/0300 VUs, 121959 complete and 0 interrupted iterations
tail_open_loop   [  14% ] 0000/0300 VUs  1m01.0s/7m30s  02000.00 iters/s

running (1m02.0s), 0001/0300 VUs, 123958 complete and 0 interrupted iterations
tail_open_loop   [  14% ] 0001/0300 VUs  1m02.0s/7m30s  02000.00 iters/s

running (1m03.0s), 0000/0300 VUs, 125959 complete and 0 interrupted iterations
tail_open_loop   [  14% ] 0000/0300 VUs  1m03.0s/7m30s  02000.00 iters/s

running (1m04.0s), 0000/0300 VUs, 127959 complete and 0 interrupted iterations
tail_open_loop   [  14% ] 0000/0300 VUs  1m04.0s/7m30s  02000.00 iters/s

running (1m05.0s), 0000/0300 VUs, 129959 complete and 0 interrupted iterations
tail_open_loop   [  14% ] 0000/0300 VUs  1m05.0s/7m30s  02000.00 iters/s

running (1m06.0s), 0001/0300 VUs, 131958 complete and 0 interrupted iterations
tail_open_loop   [  15% ] 0001/0300 VUs  1m06.0s/7m30s  02000.00 iters/s

running (1m07.0s), 0001/0300 VUs, 133958 complete and 0 interrupted iterations
tail_open_loop   [  15% ] 0001/0300 VUs  1m07.0s/7m30s  02000.00 iters/s

running (1m08.0s), 0000/0300 VUs, 135959 complete and 0 interrupted iterations
tail_open_loop   [  15% ] 0000/0300 VUs  1m08.0s/7m30s  02000.00 iters/s

running (1m09.0s), 0000/0300 VUs, 137959 complete and 0 interrupted iterations
tail_open_loop   [  15% ] 0000/0300 VUs  1m09.0s/7m30s  02000.00 iters/s

running (1m10.0s), 0000/0300 VUs, 139959 complete and 0 interrupted iterations
tail_open_loop   [  16% ] 0000/0300 VUs  1m10.0s/7m30s  02000.00 iters/s

running (1m11.0s), 0001/0300 VUs, 141958 complete and 0 interrupted iterations
tail_open_loop   [  16% ] 0001/0300 VUs  1m11.0s/7m30s  02000.00 iters/s

running (1m12.0s), 0000/0300 VUs, 143959 complete and 0 interrupted iterations
tail_open_loop   [  16% ] 0000/0300 VUs  1m12.0s/7m30s  02000.00 iters/s

running (1m13.0s), 0000/0300 VUs, 145959 complete and 0 interrupted iterations
tail_open_loop   [  16% ] 0000/0300 VUs  1m13.0s/7m30s  02000.00 iters/s

running (1m14.0s), 0001/0300 VUs, 147958 complete and 0 interrupted iterations
tail_open_loop   [  16% ] 0001/0300 VUs  1m14.0s/7m30s  02000.00 iters/s

running (1m15.0s), 0001/0300 VUs, 149958 complete and 0 interrupted iterations
tail_open_loop   [  17% ] 0001/0300 VUs  1m15.0s/7m30s  02000.00 iters/s

running (1m16.0s), 0000/0300 VUs, 151959 complete and 0 interrupted iterations
tail_open_loop   [  17% ] 0000/0300 VUs  1m16.0s/7m30s  02000.00 iters/s

running (1m17.0s), 0001/0300 VUs, 153958 complete and 0 interrupted iterations
tail_open_loop   [  17% ] 0001/0300 VUs  1m17.0s/7m30s  02000.00 iters/s

running (1m18.0s), 0001/0300 VUs, 155958 complete and 0 interrupted iterations
tail_open_loop   [  17% ] 0001/0300 VUs  1m18.0s/7m30s  02000.00 iters/s

running (1m19.0s), 0000/0300 VUs, 157959 complete and 0 interrupted iterations
tail_open_loop   [  18% ] 0000/0300 VUs  1m19.0s/7m30s  02000.00 iters/s

running (1m20.0s), 0001/0300 VUs, 159958 complete and 0 interrupted iterations
tail_open_loop   [  18% ] 0001/0300 VUs  1m20.0s/7m30s  02000.00 iters/s

running (1m21.0s), 0001/0300 VUs, 161958 complete and 0 interrupted iterations
tail_open_loop   [  18% ] 0001/0300 VUs  1m21.0s/7m30s  02000.00 iters/s

running (1m22.0s), 0001/0300 VUs, 163958 complete and 0 interrupted iterations
tail_open_loop   [  18% ] 0001/0300 VUs  1m22.0s/7m30s  02000.00 iters/s

running (1m23.0s), 0000/0300 VUs, 165959 complete and 0 interrupted iterations
tail_open_loop   [  18% ] 0000/0300 VUs  1m23.0s/7m30s  02000.00 iters/s

running (1m24.0s), 0000/0300 VUs, 167959 complete and 0 interrupted iterations
tail_open_loop   [  19% ] 0000/0300 VUs  1m24.0s/7m30s  02000.00 iters/s

running (1m25.0s), 0001/0300 VUs, 169958 complete and 0 interrupted iterations
tail_open_loop   [  19% ] 0001/0300 VUs  1m25.0s/7m30s  02000.00 iters/s

running (1m26.0s), 0001/0300 VUs, 171958 complete and 0 interrupted iterations
tail_open_loop   [  19% ] 0001/0300 VUs  1m26.0s/7m30s  02000.00 iters/s

running (1m27.0s), 0001/0300 VUs, 173958 complete and 0 interrupted iterations
tail_open_loop   [  19% ] 0001/0300 VUs  1m27.0s/7m30s  02000.00 iters/s

running (1m28.0s), 0001/0300 VUs, 175958 complete and 0 interrupted iterations
tail_open_loop   [  20% ] 0001/0300 VUs  1m28.0s/7m30s  02000.00 iters/s

running (1m29.0s), 0001/0300 VUs, 177958 complete and 0 interrupted iterations
tail_open_loop   [  20% ] 0001/0300 VUs  1m29.0s/7m30s  02000.00 iters/s

running (1m30.0s), 0001/0300 VUs, 179958 complete and 0 interrupted iterations
tail_open_loop   [  20% ] 0001/0300 VUs  1m30.0s/7m30s  02000.00 iters/s

running (1m31.0s), 0001/0300 VUs, 181974 complete and 0 interrupted iterations
tail_open_loop   [  20% ] 0001/0300 VUs  1m31.0s/7m30s  02032.66 iters/s

running (1m32.0s), 0000/0300 VUs, 184024 complete and 0 interrupted iterations
tail_open_loop   [  20% ] 0000/0300 VUs  1m32.0s/7m30s  02065.99 iters/s

running (1m33.0s), 0001/0300 VUs, 186106 complete and 0 interrupted iterations
tail_open_loop   [  21% ] 0001/0300 VUs  1m33.0s/7m30s  02099.32 iters/s

running (1m34.0s), 0001/0300 VUs, 188222 complete and 0 interrupted iterations
tail_open_loop   [  21% ] 0001/0300 VUs  1m34.0s/7m30s  02132.66 iters/s

running (1m35.0s), 0000/0300 VUs, 190372 complete and 0 interrupted iterations
tail_open_loop   [  21% ] 0000/0300 VUs  1m35.0s/7m30s  02165.99 iters/s

running (1m36.0s), 0001/0300 VUs, 192554 complete and 0 interrupted iterations
tail_open_loop   [  21% ] 0001/0300 VUs  1m36.0s/7m30s  02199.32 iters/s

running (1m37.0s), 0001/0300 VUs, 194770 complete and 0 interrupted iterations
tail_open_loop   [  22% ] 0001/0300 VUs  1m37.0s/7m30s  02232.66 iters/s

running (1m38.0s), 0000/0300 VUs, 197020 complete and 0 interrupted iterations
tail_open_loop   [  22% ] 0000/0300 VUs  1m38.0s/7m30s  02265.99 iters/s

running (1m39.0s), 0001/0300 VUs, 199302 complete and 0 interrupted iterations
tail_open_loop   [  22% ] 0001/0300 VUs  1m39.0s/7m30s  02299.33 iters/s

running (1m40.0s), 0001/0300 VUs, 201618 complete and 0 interrupted iterations
tail_open_loop   [  22% ] 0001/0300 VUs  1m40.0s/7m30s  02332.66 iters/s

running (1m41.0s), 0000/0300 VUs, 203968 complete and 0 interrupted iterations
tail_open_loop   [  22% ] 0000/0300 VUs  1m41.0s/7m30s  02365.99 iters/s

running (1m42.0s), 0001/0300 VUs, 206350 complete and 0 interrupted iterations
tail_open_loop   [  23% ] 0001/0300 VUs  1m42.0s/7m30s  02399.32 iters/s

running (1m43.0s), 0001/0300 VUs, 208766 complete and 0 interrupted iterations
tail_open_loop   [  23% ] 0001/0300 VUs  1m43.0s/7m30s  02432.66 iters/s

running (1m44.0s), 0000/0300 VUs, 211216 complete and 0 interrupted iterations
tail_open_loop   [  23% ] 0000/0300 VUs  1m44.0s/7m30s  02465.99 iters/s

running (1m45.0s), 0001/0300 VUs, 213698 complete and 0 interrupted iterations
tail_open_loop   [  23% ] 0001/0300 VUs  1m45.0s/7m30s  02499.33 iters/s

running (1m46.0s), 0001/0300 VUs, 216214 complete and 0 interrupted iterations
tail_open_loop   [  24% ] 0001/0300 VUs  1m46.0s/7m30s  02532.66 iters/s

running (1m47.0s), 0002/0300 VUs, 218762 complete and 0 interrupted iterations
tail_open_loop   [  24% ] 0002/0300 VUs  1m47.0s/7m30s  02565.99 iters/s

running (1m48.0s), 0001/0300 VUs, 221346 complete and 0 interrupted iterations
tail_open_loop   [  24% ] 0001/0300 VUs  1m48.0s/7m30s  02599.33 iters/s

running (1m49.0s), 0001/0300 VUs, 223962 complete and 0 interrupted iterations
tail_open_loop   [  24% ] 0001/0300 VUs  1m49.0s/7m30s  02632.66 iters/s

running (1m50.0s), 0000/0300 VUs, 226612 complete and 0 interrupted iterations
tail_open_loop   [  24% ] 0000/0300 VUs  1m50.0s/7m30s  02665.98 iters/s

running (1m51.0s), 0001/0300 VUs, 229294 complete and 0 interrupted iterations
tail_open_loop   [  25% ] 0001/0300 VUs  1m51.0s/7m30s  02699.32 iters/s

running (1m52.0s), 0001/0300 VUs, 232010 complete and 0 interrupted iterations
tail_open_loop   [  25% ] 0001/0300 VUs  1m52.0s/7m30s  02732.66 iters/s

running (1m53.0s), 0000/0300 VUs, 234760 complete and 0 interrupted iterations
tail_open_loop   [  25% ] 0000/0300 VUs  1m53.0s/7m30s  02765.99 iters/s

running (1m54.0s), 0001/0300 VUs, 237542 complete and 0 interrupted iterations
tail_open_loop   [  25% ] 0001/0300 VUs  1m54.0s/7m30s  02799.32 iters/s

running (1m55.0s), 0001/0300 VUs, 240358 complete and 0 interrupted iterations
tail_open_loop   [  26% ] 0001/0300 VUs  1m55.0s/7m30s  02832.66 iters/s

running (1m56.0s), 0000/0300 VUs, 243208 complete and 0 interrupted iterations
tail_open_loop   [  26% ] 0000/0300 VUs  1m56.0s/7m30s  02865.99 iters/s

running (1m57.0s), 0001/0300 VUs, 246090 complete and 0 interrupted iterations
tail_open_loop   [  26% ] 0001/0300 VUs  1m57.0s/7m30s  02899.33 iters/s

running (1m58.0s), 0001/0300 VUs, 249006 complete and 0 interrupted iterations
tail_open_loop   [  26% ] 0001/0300 VUs  1m58.0s/7m30s  02932.66 iters/s

running (1m59.0s), 0000/0300 VUs, 251956 complete and 0 interrupted iterations
tail_open_loop   [  26% ] 0000/0300 VUs  1m59.0s/7m30s  02965.99 iters/s

running (2m00.0s), 0001/0300 VUs, 254938 complete and 0 interrupted iterations
tail_open_loop   [  27% ] 0001/0300 VUs  2m00.0s/7m30s  02999.33 iters/s

running (2m01.0s), 0001/0300 VUs, 257954 complete and 0 interrupted iterations
tail_open_loop   [  27% ] 0001/0300 VUs  2m01.0s/7m30s  03032.66 iters/s

running (2m02.0s), 0001/0300 VUs, 261003 complete and 0 interrupted iterations
tail_open_loop   [  27% ] 0001/0300 VUs  2m02.0s/7m30s  03065.99 iters/s

running (2m03.0s), 0001/0300 VUs, 264086 complete and 0 interrupted iterations
tail_open_loop   [  27% ] 0001/0300 VUs  2m03.0s/7m30s  03099.33 iters/s

running (2m04.0s), 0001/0300 VUs, 267202 complete and 0 interrupted iterations
tail_open_loop   [  28% ] 0001/0300 VUs  2m04.0s/7m30s  03132.67 iters/s

running (2m05.0s), 0001/0300 VUs, 270351 complete and 0 interrupted iterations
tail_open_loop   [  28% ] 0001/0300 VUs  2m05.0s/7m30s  03166.00 iters/s

running (2m06.0s), 0001/0300 VUs, 273534 complete and 0 interrupted iterations
tail_open_loop   [  28% ] 0001/0300 VUs  2m06.0s/7m30s  03199.32 iters/s

running (2m07.0s), 0001/0300 VUs, 276750 complete and 0 interrupted iterations
tail_open_loop   [  28% ] 0001/0300 VUs  2m07.0s/7m30s  03232.67 iters/s

running (2m08.0s), 0001/0300 VUs, 279999 complete and 0 interrupted iterations
tail_open_loop   [  28% ] 0001/0300 VUs  2m08.0s/7m30s  03265.99 iters/s

running (2m09.0s), 0001/0300 VUs, 283282 complete and 0 interrupted iterations
tail_open_loop   [  29% ] 0001/0300 VUs  2m09.0s/7m30s  03299.33 iters/s

running (2m10.0s), 0001/0300 VUs, 286598 complete and 0 interrupted iterations
tail_open_loop   [  29% ] 0001/0300 VUs  2m10.0s/7m30s  03332.67 iters/s

running (2m11.0s), 0001/0300 VUs, 289947 complete and 0 interrupted iterations
tail_open_loop   [  29% ] 0001/0300 VUs  2m11.0s/7m30s  03365.99 iters/s

running (2m12.0s), 0001/0300 VUs, 293330 complete and 0 interrupted iterations
tail_open_loop   [  29% ] 0001/0300 VUs  2m12.0s/7m30s  03399.34 iters/s

running (2m13.0s), 0001/0300 VUs, 296746 complete and 0 interrupted iterations
tail_open_loop   [  30% ] 0001/0300 VUs  2m13.0s/7m30s  03432.66 iters/s

running (2m14.0s), 0001/0300 VUs, 300195 complete and 0 interrupted iterations
tail_open_loop   [  30% ] 0001/0300 VUs  2m14.0s/7m30s  03465.99 iters/s

running (2m15.0s), 0001/0300 VUs, 303678 complete and 0 interrupted iterations
tail_open_loop   [  30% ] 0001/0300 VUs  2m15.0s/7m30s  03499.33 iters/s

running (2m16.0s), 0001/0300 VUs, 307194 complete and 0 interrupted iterations
tail_open_loop   [  30% ] 0001/0300 VUs  2m16.0s/7m30s  03532.67 iters/s

running (2m17.0s), 0001/0300 VUs, 310743 complete and 0 interrupted iterations
tail_open_loop   [  30% ] 0001/0300 VUs  2m17.0s/7m30s  03565.99 iters/s

running (2m18.0s), 0001/0300 VUs, 314326 complete and 0 interrupted iterations
tail_open_loop   [  31% ] 0001/0300 VUs  2m18.0s/7m30s  03599.34 iters/s

running (2m19.0s), 0001/0300 VUs, 317942 complete and 0 interrupted iterations
tail_open_loop   [  31% ] 0001/0300 VUs  2m19.0s/7m30s  03632.66 iters/s

running (2m20.0s), 0001/0300 VUs, 321591 complete and 0 interrupted iterations
tail_open_loop   [  31% ] 0001/0300 VUs  2m20.0s/7m30s  03666.00 iters/s

running (2m21.0s), 0001/0300 VUs, 325274 complete and 0 interrupted iterations
tail_open_loop   [  31% ] 0001/0300 VUs  2m21.0s/7m30s  03699.33 iters/s

running (2m22.0s), 0001/0300 VUs, 328990 complete and 0 interrupted iterations
tail_open_loop   [  32% ] 0001/0300 VUs  2m22.0s/7m30s  03732.67 iters/s

running (2m23.0s), 0001/0300 VUs, 332739 complete and 0 interrupted iterations
tail_open_loop   [  32% ] 0001/0300 VUs  2m23.0s/7m30s  03766.00 iters/s

running (2m24.0s), 0001/0300 VUs, 336522 complete and 0 interrupted iterations
tail_open_loop   [  32% ] 0001/0300 VUs  2m24.0s/7m30s  03799.32 iters/s

running (2m25.0s), 0001/0300 VUs, 340338 complete and 0 interrupted iterations
tail_open_loop   [  32% ] 0001/0300 VUs  2m25.0s/7m30s  03832.67 iters/s

running (2m26.0s), 0001/0300 VUs, 344187 complete and 0 interrupted iterations
tail_open_loop   [  32% ] 0001/0300 VUs  2m26.0s/7m30s  03865.99 iters/s

running (2m27.0s), 0001/0300 VUs, 348070 complete and 0 interrupted iterations
tail_open_loop   [  33% ] 0001/0300 VUs  2m27.0s/7m30s  03899.32 iters/s

running (2m28.0s), 0001/0300 VUs, 351986 complete and 0 interrupted iterations
tail_open_loop   [  33% ] 0001/0300 VUs  2m28.0s/7m30s  03932.67 iters/s

running (2m29.0s), 0001/0300 VUs, 355935 complete and 0 interrupted iterations
tail_open_loop   [  33% ] 0001/0300 VUs  2m29.0s/7m30s  03965.99 iters/s

running (2m30.0s), 0001/0300 VUs, 359918 complete and 0 interrupted iterations
tail_open_loop   [  33% ] 0001/0300 VUs  2m30.0s/7m30s  03999.33 iters/s

running (2m31.0s), 0002/0300 VUs, 363933 complete and 0 interrupted iterations
tail_open_loop   [  34% ] 0002/0300 VUs  2m31.0s/7m30s  04032.66 iters/s

running (2m32.0s), 0001/0300 VUs, 367983 complete and 0 interrupted iterations
tail_open_loop   [  34% ] 0001/0300 VUs  2m32.0s/7m30s  04066.00 iters/s

running (2m33.0s), 0001/0300 VUs, 372066 complete and 0 interrupted iterations
tail_open_loop   [  34% ] 0001/0300 VUs  2m33.0s/7m30s  04099.34 iters/s

running (2m34.0s), 0001/0300 VUs, 376182 complete and 0 interrupted iterations
tail_open_loop   [  34% ] 0001/0300 VUs  2m34.0s/7m30s  04132.68 iters/s

running (2m35.0s), 0001/0300 VUs, 380331 complete and 0 interrupted iterations
tail_open_loop   [  34% ] 0001/0300 VUs  2m35.0s/7m30s  04166.01 iters/s

running (2m36.0s), 0001/0300 VUs, 384514 complete and 0 interrupted iterations
tail_open_loop   [  35% ] 0001/0300 VUs  2m36.0s/7m30s  04199.33 iters/s

running (2m37.0s), 0001/0300 VUs, 388730 complete and 0 interrupted iterations
tail_open_loop   [  35% ] 0001/0300 VUs  2m37.0s/7m30s  04232.68 iters/s

running (2m38.0s), 0001/0300 VUs, 392979 complete and 0 interrupted iterations
tail_open_loop   [  35% ] 0001/0300 VUs  2m38.0s/7m30s  04265.99 iters/s

running (2m39.0s), 0002/0300 VUs, 397261 complete and 0 interrupted iterations
tail_open_loop   [  35% ] 0002/0300 VUs  2m39.0s/7m30s  04299.32 iters/s

running (2m40.0s), 0001/0300 VUs, 401578 complete and 0 interrupted iterations
tail_open_loop   [  36% ] 0001/0300 VUs  2m40.0s/7m30s  04332.66 iters/s

running (2m41.0s), 0001/0300 VUs, 405927 complete and 0 interrupted iterations
tail_open_loop   [  36% ] 0001/0300 VUs  2m41.0s/7m30s  04365.99 iters/s

running (2m42.0s), 0001/0300 VUs, 410310 complete and 0 interrupted iterations
tail_open_loop   [  36% ] 0001/0300 VUs  2m42.0s/7m30s  04399.34 iters/s

running (2m43.0s), 0002/0300 VUs, 414725 complete and 0 interrupted iterations
tail_open_loop   [  36% ] 0002/0300 VUs  2m43.0s/7m30s  04432.64 iters/s

running (2m44.0s), 0001/0300 VUs, 419175 complete and 0 interrupted iterations
tail_open_loop   [  36% ] 0001/0300 VUs  2m44.0s/7m30s  04465.98 iters/s

running (2m45.0s), 0001/0300 VUs, 423657 complete and 0 interrupted iterations
tail_open_loop   [  37% ] 0001/0300 VUs  2m45.0s/7m30s  04499.34 iters/s

running (2m46.0s), 0001/0300 VUs, 428174 complete and 0 interrupted iterations
tail_open_loop   [  37% ] 0001/0300 VUs  2m46.0s/7m30s  04532.66 iters/s

running (2m47.0s), 0001/0300 VUs, 432723 complete and 0 interrupted iterations
tail_open_loop   [  37% ] 0001/0300 VUs  2m47.0s/7m30s  04566.00 iters/s

running (2m48.0s), 0002/0300 VUs, 437305 complete and 0 interrupted iterations
tail_open_loop   [  37% ] 0002/0300 VUs  2m48.0s/7m30s  04599.33 iters/s

running (2m49.0s), 0002/0300 VUs, 441921 complete and 0 interrupted iterations
tail_open_loop   [  38% ] 0002/0300 VUs  2m49.0s/7m30s  04632.68 iters/s

running (2m50.0s), 0001/0300 VUs, 446570 complete and 0 interrupted iterations
tail_open_loop   [  38% ] 0001/0300 VUs  2m50.0s/7m30s  04665.99 iters/s

running (2m51.0s), 0001/0300 VUs, 451253 complete and 0 interrupted iterations
tail_open_loop   [  38% ] 0001/0300 VUs  2m51.0s/7m30s  04699.31 iters/s

running (2m52.0s), 0001/0300 VUs, 455969 complete and 0 interrupted iterations
tail_open_loop   [  38% ] 0001/0300 VUs  2m52.0s/7m30s  04732.65 iters/s

running (2m53.0s), 0001/0300 VUs, 460718 complete and 0 interrupted iterations
tail_open_loop   [  38% ] 0001/0300 VUs  2m53.0s/7m30s  04765.99 iters/s

running (2m54.0s), 0001/0300 VUs, 465501 complete and 0 interrupted iterations
tail_open_loop   [  39% ] 0001/0300 VUs  2m54.0s/7m30s  04799.32 iters/s

running (2m55.0s), 0001/0300 VUs, 470317 complete and 0 interrupted iterations
tail_open_loop   [  39% ] 0001/0300 VUs  2m55.0s/7m30s  04832.65 iters/s

running (2m56.0s), 0002/0300 VUs, 475166 complete and 0 interrupted iterations
tail_open_loop   [  39% ] 0002/0300 VUs  2m56.0s/7m30s  04865.99 iters/s

running (2m57.0s), 0001/0300 VUs, 480049 complete and 0 interrupted iterations
tail_open_loop   [  39% ] 0001/0300 VUs  2m57.0s/7m30s  04899.32 iters/s

running (2m58.0s), 0002/0300 VUs, 484965 complete and 0 interrupted iterations
tail_open_loop   [  40% ] 0002/0300 VUs  2m58.0s/7m30s  04932.67 iters/s

running (2m59.0s), 0001/0300 VUs, 489914 complete and 0 interrupted iterations
tail_open_loop   [  40% ] 0001/0300 VUs  2m59.0s/7m30s  04966.01 iters/s

running (3m00.0s), 0001/0300 VUs, 494897 complete and 0 interrupted iterations
tail_open_loop   [  40% ] 0001/0300 VUs  3m00.0s/7m30s  04999.33 iters/s

running (3m01.0s), 0001/0300 VUs, 499924 complete and 0 interrupted iterations
tail_open_loop   [  40% ] 0001/0300 VUs  3m01.0s/7m30s  05054.44 iters/s

running (3m02.0s), 0001/0300 VUs, 505006 complete and 0 interrupted iterations
tail_open_loop   [  40% ] 0001/0300 VUs  3m02.0s/7m30s  05109.99 iters/s

running (3m03.0s), 0001/0300 VUs, 510144 complete and 0 interrupted iterations
tail_open_loop   [  41% ] 0001/0300 VUs  3m03.0s/7m30s  05165.56 iters/s

running (3m04.0s), 0001/0300 VUs, 515337 complete and 0 interrupted iterations
tail_open_loop   [  41% ] 0001/0300 VUs  3m04.0s/7m30s  05221.09 iters/s

running (3m05.0s), 0002/0300 VUs, 520585 complete and 0 interrupted iterations
tail_open_loop   [  41% ] 0002/0300 VUs  3m05.0s/7m30s  05276.66 iters/s

running (3m06.0s), 0002/0300 VUs, 525890 complete and 0 interrupted iterations
tail_open_loop   [  41% ] 0002/0300 VUs  3m06.0s/7m30s  05332.20 iters/s

running (3m07.0s), 0002/0300 VUs, 531250 complete and 0 interrupted iterations
tail_open_loop   [  42% ] 0002/0300 VUs  3m07.0s/7m30s  05387.76 iters/s

running (3m08.0s), 0001/0300 VUs, 536666 complete and 0 interrupted iterations
tail_open_loop   [  42% ] 0001/0300 VUs  3m08.0s/7m30s  05443.33 iters/s

running (3m09.0s), 0001/0300 VUs, 542137 complete and 0 interrupted iterations
tail_open_loop   [  42% ] 0001/0300 VUs  3m09.0s/7m30s  05498.86 iters/s

running (3m10.0s), 0009/0300 VUs, 547660 complete and 0 interrupted iterations
tail_open_loop   [  42% ] 0009/0300 VUs  3m10.0s/7m30s  05554.48 iters/s

running (3m11.0s), 0003/0300 VUs, 553244 complete and 0 interrupted iterations
tail_open_loop   [  42% ] 0003/0300 VUs  3m11.0s/7m30s  05609.97 iters/s

running (3m12.0s), 0002/0300 VUs, 558883 complete and 0 interrupted iterations
tail_open_loop   [  43% ] 0002/0300 VUs  3m12.0s/7m30s  05665.56 iters/s

running (3m13.0s), 0001/0300 VUs, 564577 complete and 0 interrupted iterations
tail_open_loop   [  43% ] 0001/0300 VUs  3m13.0s/7m30s  05721.09 iters/s

running (3m14.0s), 0002/0300 VUs, 570325 complete and 0 interrupted iterations
tail_open_loop   [  43% ] 0002/0300 VUs  3m14.0s/7m30s  05776.67 iters/s

running (3m15.0s), 0002/0300 VUs, 576130 complete and 0 interrupted iterations
tail_open_loop   [  43% ] 0002/0300 VUs  3m15.0s/7m30s  05832.20 iters/s

running (3m16.0s), 0001/0300 VUs, 581990 complete and 0 interrupted iterations
tail_open_loop   [  44% ] 0001/0300 VUs  3m16.0s/7m30s  05887.76 iters/s

running (3m17.0s), 0001/0300 VUs, 587906 complete and 0 interrupted iterations
tail_open_loop   [  44% ] 0001/0300 VUs  3m17.0s/7m30s  05943.32 iters/s

running (3m18.0s), 0002/0300 VUs, 593876 complete and 0 interrupted iterations
tail_open_loop   [  44% ] 0002/0300 VUs  3m18.0s/7m30s  05998.87 iters/s

running (3m19.0s), 0002/0300 VUs, 599903 complete and 0 interrupted iterations
tail_open_loop   [  44% ] 0002/0300 VUs  3m19.0s/7m30s  06054.44 iters/s

running (3m20.0s), 0001/0300 VUs, 605986 complete and 0 interrupted iterations
tail_open_loop   [  44% ] 0001/0300 VUs  3m20.0s/7m30s  06109.97 iters/s

running (3m21.0s), 0002/0300 VUs, 612123 complete and 0 interrupted iterations
tail_open_loop   [  45% ] 0002/0300 VUs  3m21.0s/7m30s  06165.53 iters/s

running (3m22.0s), 0001/0300 VUs, 618317 complete and 0 interrupted iterations
tail_open_loop   [  45% ] 0001/0300 VUs  3m22.0s/7m30s  06221.11 iters/s

running (3m23.0s), 0002/0300 VUs, 624565 complete and 0 interrupted iterations
tail_open_loop   [  45% ] 0002/0300 VUs  3m23.0s/7m30s  06276.68 iters/s

running (3m24.0s), 0001/0300 VUs, 630870 complete and 0 interrupted iterations
tail_open_loop   [  45% ] 0001/0300 VUs  3m24.0s/7m30s  06332.24 iters/s

running (3m25.0s), 0001/0300 VUs, 637230 complete and 0 interrupted iterations
tail_open_loop   [  46% ] 0001/0300 VUs  3m25.0s/7m30s  06387.78 iters/s

running (3m26.0s), 0002/0300 VUs, 643645 complete and 0 interrupted iterations
tail_open_loop   [  46% ] 0002/0300 VUs  3m26.0s/7m30s  06443.34 iters/s

running (3m27.0s), 0003/0300 VUs, 650115 complete and 0 interrupted iterations
tail_open_loop   [  46% ] 0003/0300 VUs  3m27.0s/7m30s  06498.87 iters/s

running (3m28.0s), 0002/0300 VUs, 656643 complete and 0 interrupted iterations
tail_open_loop   [  46% ] 0002/0300 VUs  3m28.0s/7m30s  06554.45 iters/s

running (3m29.0s), 0002/0300 VUs, 663225 complete and 0 interrupted iterations
tail_open_loop   [  46% ] 0002/0300 VUs  3m29.0s/7m30s  06610.00 iters/s

running (3m30.0s), 0002/0300 VUs, 669863 complete and 0 interrupted iterations
tail_open_loop   [  47% ] 0002/0300 VUs  3m30.0s/7m30s  06665.56 iters/s

running (3m31.0s), 0004/0300 VUs, 676554 complete and 0 interrupted iterations
tail_open_loop   [  47% ] 0004/0300 VUs  3m31.0s/7m30s  06721.11 iters/s

running (3m32.0s), 0002/0300 VUs, 683305 complete and 0 interrupted iterations
tail_open_loop   [  47% ] 0002/0300 VUs  3m32.0s/7m30s  06776.63 iters/s

running (3m33.0s), 0001/0300 VUs, 690110 complete and 0 interrupted iterations
tail_open_loop   [  47% ] 0001/0300 VUs  3m33.0s/7m30s  06832.23 iters/s

running (3m34.0s), 0001/0300 VUs, 696970 complete and 0 interrupted iterations
tail_open_loop   [  48% ] 0001/0300 VUs  3m34.0s/7m30s  06887.76 iters/s

running (3m35.0s), 0002/0300 VUs, 703879 complete and 0 interrupted iterations
tail_open_loop   [  48% ] 0002/0300 VUs  3m35.0s/7m30s  06943.29 iters/s

running (3m36.0s), 0002/0300 VUs, 710856 complete and 0 interrupted iterations
tail_open_loop   [  48% ] 0002/0300 VUs  3m36.0s/7m30s  06998.88 iters/s

running (3m37.0s), 0002/0300 VUs, 717883 complete and 0 interrupted iterations
tail_open_loop   [  48% ] 0002/0300 VUs  3m37.0s/7m30s  07054.47 iters/s

running (3m38.0s), 0002/0300 VUs, 724965 complete and 0 interrupted iterations
tail_open_loop   [  48% ] 0002/0300 VUs  3m38.0s/7m30s  07110.00 iters/s

running (3m39.0s), 0002/0300 VUs, 732103 complete and 0 interrupted iterations
tail_open_loop   [  49% ] 0002/0300 VUs  3m39.0s/7m30s  07165.53 iters/s

running (3m40.0s), 0002/0300 VUs, 739296 complete and 0 interrupted iterations
tail_open_loop   [  49% ] 0002/0300 VUs  3m40.0s/7m30s  07221.10 iters/s

running (3m41.0s), 0003/0300 VUs, 746544 complete and 0 interrupted iterations
tail_open_loop   [  49% ] 0003/0300 VUs  3m41.0s/7m30s  07276.70 iters/s

running (3m42.0s), 0002/0300 VUs, 753849 complete and 0 interrupted iterations
tail_open_loop   [  49% ] 0002/0300 VUs  3m42.0s/7m30s  07332.24 iters/s

running (3m43.0s), 0004/0300 VUs, 761208 complete and 0 interrupted iterations
tail_open_loop   [  50% ] 0004/0300 VUs  3m43.0s/7m30s  07387.76 iters/s

running (3m44.0s), 0002/0300 VUs, 768625 complete and 0 interrupted iterations
tail_open_loop   [  50% ] 0002/0300 VUs  3m44.0s/7m30s  07443.30 iters/s

running (3m45.0s), 0002/0300 VUs, 776096 complete and 0 interrupted iterations
tail_open_loop   [  50% ] 0002/0300 VUs  3m45.0s/7m30s  07498.84 iters/s

running (3m46.0s), 0002/0300 VUs, 783622 complete and 0 interrupted iterations
tail_open_loop   [  50% ] 0002/0300 VUs  3m46.0s/7m30s  07554.41 iters/s

running (3m47.0s), 0003/0300 VUs, 791204 complete and 0 interrupted iterations
tail_open_loop   [  50% ] 0003/0300 VUs  3m47.0s/7m30s  07610.00 iters/s

running (3m48.0s), 0002/0300 VUs, 798842 complete and 0 interrupted iterations
tail_open_loop   [  51% ] 0002/0300 VUs  3m48.0s/7m30s  07665.54 iters/s

running (3m49.0s), 0002/0300 VUs, 806535 complete and 0 interrupted iterations
tail_open_loop   [  51% ] 0002/0300 VUs  3m49.0s/7m30s  07721.11 iters/s

running (3m50.0s), 0003/0300 VUs, 814284 complete and 0 interrupted iterations
tail_open_loop   [  51% ] 0003/0300 VUs  3m50.0s/7m30s  07776.65 iters/s

running (3m51.0s), 0002/0300 VUs, 822089 complete and 0 interrupted iterations
tail_open_loop   [  51% ] 0002/0300 VUs  3m51.0s/7m30s  07832.20 iters/s

running (3m52.0s), 0003/0300 VUs, 829948 complete and 0 interrupted iterations
tail_open_loop   [  52% ] 0003/0300 VUs  3m52.0s/7m30s  07887.74 iters/s

running (3m53.0s), 0003/0300 VUs, 837864 complete and 0 interrupted iterations
tail_open_loop   [  52% ] 0003/0300 VUs  3m53.0s/7m30s  07943.32 iters/s

running (3m54.0s), 0002/0300 VUs, 845836 complete and 0 interrupted iterations
tail_open_loop   [  52% ] 0002/0300 VUs  3m54.0s/7m30s  07998.85 iters/s

running (3m55.0s), 0003/0300 VUs, 853861 complete and 0 interrupted iterations
tail_open_loop   [  52% ] 0004/0300 VUs  3m55.0s/7m30s  08054.45 iters/s

running (3m56.0s), 0002/0300 VUs, 861944 complete and 0 interrupted iterations
tail_open_loop   [  52% ] 0002/0300 VUs  3m56.0s/7m30s  08109.97 iters/s

running (3m57.0s), 0002/0300 VUs, 870082 complete and 0 interrupted iterations
tail_open_loop   [  53% ] 0002/0300 VUs  3m57.0s/7m30s  08165.53 iters/s

running (3m58.0s), 0002/0300 VUs, 878275 complete and 0 interrupted iterations
tail_open_loop   [  53% ] 0002/0300 VUs  3m58.0s/7m30s  08221.05 iters/s

running (3m59.0s), 0003/0300 VUs, 886523 complete and 0 interrupted iterations
tail_open_loop   [  53% ] 0003/0300 VUs  3m59.0s/7m30s  08276.64 iters/s

running (4m00.0s), 0003/0300 VUs, 894828 complete and 0 interrupted iterations
tail_open_loop   [  53% ] 0003/0300 VUs  4m00.0s/7m30s  08332.15 iters/s

running (4m01.0s), 0003/0300 VUs, 903188 complete and 0 interrupted iterations
tail_open_loop   [  54% ] 0003/0300 VUs  4m01.0s/7m30s  08387.78 iters/s

running (4m02.0s), 0002/0300 VUs, 911604 complete and 0 interrupted iterations
tail_open_loop   [  54% ] 0002/0300 VUs  4m02.0s/7m30s  08443.31 iters/s

running (4m03.0s), 0003/0300 VUs, 920074 complete and 0 interrupted iterations
tail_open_loop   [  54% ] 0003/0300 VUs  4m03.0s/7m30s  08498.85 iters/s

running (4m04.0s), 0003/0300 VUs, 928601 complete and 0 interrupted iterations
tail_open_loop   [  54% ] 0003/0300 VUs  4m04.0s/7m30s  08554.47 iters/s

running (4m05.0s), 0003/0300 VUs, 937183 complete and 0 interrupted iterations
tail_open_loop   [  54% ] 0003/0300 VUs  4m05.0s/7m30s  08609.93 iters/s

running (4m06.0s), 0003/0300 VUs, 945821 complete and 0 interrupted iterations
tail_open_loop   [  55% ] 0003/0300 VUs  4m06.0s/7m30s  08665.51 iters/s

running (4m07.0s), 0004/0300 VUs, 954514 complete and 0 interrupted iterations
tail_open_loop   [  55% ] 0004/0300 VUs  4m07.0s/7m30s  08721.13 iters/s

running (4m08.0s), 0002/0300 VUs, 963264 complete and 0 interrupted iterations
tail_open_loop   [  55% ] 0002/0300 VUs  4m08.0s/7m30s  08776.70 iters/s

running (4m09.0s), 0003/0300 VUs, 972068 complete and 0 interrupted iterations
tail_open_loop   [  55% ] 0003/0300 VUs  4m09.0s/7m30s  08832.21 iters/s

running (4m10.0s), 0005/0300 VUs, 980926 complete and 0 interrupted iterations
tail_open_loop   [  56% ] 0005/0300 VUs  4m10.0s/7m30s  08887.70 iters/s

running (4m11.0s), 0004/0300 VUs, 989842 complete and 0 interrupted iterations
tail_open_loop   [  56% ] 0004/0300 VUs  4m11.0s/7m30s  08943.26 iters/s

running (4m12.0s), 0003/0300 VUs, 998815 complete and 0 interrupted iterations
tail_open_loop   [  56% ] 0003/0300 VUs  4m12.0s/7m30s  08998.88 iters/s

running (4m13.0s), 0003/0300 VUs, 1007841 complete and 0 interrupted iterations
tail_open_loop   [  56% ] 0003/0300 VUs  4m13.0s/7m30s  09054.36 iters/s

running (4m14.0s), 0004/0300 VUs, 1016922 complete and 0 interrupted iterations
tail_open_loop   [  56% ] 0004/0300 VUs  4m14.0s/7m30s  09109.96 iters/s

running (4m15.0s), 0004/0300 VUs, 1026060 complete and 0 interrupted iterations
tail_open_loop   [  57% ] 0004/0300 VUs  4m15.0s/7m30s  09165.57 iters/s

running (4m16.0s), 0004/0300 VUs, 1035254 complete and 0 interrupted iterations
tail_open_loop   [  57% ] 0004/0300 VUs  4m16.0s/7m30s  09221.09 iters/s

running (4m17.0s), 0003/0300 VUs, 1044503 complete and 0 interrupted iterations
tail_open_loop   [  57% ] 0003/0300 VUs  4m17.0s/7m30s  09276.70 iters/s

running (4m18.0s), 0003/0300 VUs, 1053807 complete and 0 interrupted iterations
tail_open_loop   [  57% ] 0003/0300 VUs  4m18.0s/7m30s  09332.19 iters/s

running (4m19.0s), 0003/0300 VUs, 1063167 complete and 0 interrupted iterations
tail_open_loop   [  58% ] 0003/0300 VUs  4m19.0s/7m30s  09387.73 iters/s

running (4m20.0s), 0009/0300 VUs, 1072577 complete and 0 interrupted iterations
tail_open_loop   [  58% ] 0009/0300 VUs  4m20.0s/7m30s  09443.32 iters/s

running (4m21.0s), 0004/0300 VUs, 1082053 complete and 0 interrupted iterations
tail_open_loop   [  58% ] 0004/0300 VUs  4m21.0s/7m30s  09498.84 iters/s

running (4m22.0s), 0004/0300 VUs, 1091580 complete and 0 interrupted iterations
tail_open_loop   [  58% ] 0004/0300 VUs  4m22.0s/7m30s  09554.38 iters/s

running (4m23.0s), 0033/0300 VUs, 1101133 complete and 0 interrupted iterations
tail_open_loop   [  58% ] 0033/0300 VUs  4m23.0s/7m30s  09609.93 iters/s

running (4m24.0s), 0012/0397 VUs, 1110480 complete and 0 interrupted iterations
tail_open_loop   [  59% ] 0012/0397 VUs  4m24.0s/7m30s  09665.57 iters/s

running (4m25.0s), 0007/0397 VUs, 1120179 complete and 0 interrupted iterations
tail_open_loop   [  59% ] 0007/0397 VUs  4m25.0s/7m30s  09721.10 iters/s

running (4m26.0s), 0017/0397 VUs, 1129922 complete and 0 interrupted iterations
tail_open_loop   [  59% ] 0017/0397 VUs  4m26.0s/7m30s  09776.70 iters/s

running (4m27.0s), 0011/0397 VUs, 1139727 complete and 0 interrupted iterations
tail_open_loop   [  59% ] 0011/0397 VUs  4m27.0s/7m30s  09832.26 iters/s

running (4m28.0s), 0004/0479 VUs, 1149369 complete and 0 interrupted iterations
tail_open_loop   [  60% ] 0004/0479 VUs  4m28.0s/7m30s  09887.77 iters/s

running (4m29.0s), 0006/0479 VUs, 1159283 complete and 0 interrupted iterations
tail_open_loop   [  60% ] 0006/0479 VUs  4m29.0s/7m30s  09943.32 iters/s

running (4m30.0s), 0004/0479 VUs, 1169256 complete and 0 interrupted iterations
tail_open_loop   [  60% ] 0005/0479 VUs  4m30.0s/7m30s  09998.90 iters/s

running (4m31.0s), 0004/0479 VUs, 1179283 complete and 0 interrupted iterations
tail_open_loop   [  60% ] 0004/0479 VUs  4m31.0s/7m30s  10054.50 iters/s

running (4m32.0s), 0005/0479 VUs, 1189364 complete and 0 interrupted iterations
tail_open_loop   [  60% ] 0005/0479 VUs  4m32.0s/7m30s  10110.00 iters/s

running (4m33.0s), 0004/0479 VUs, 1199503 complete and 0 interrupted iterations
tail_open_loop   [  61% ] 0004/0479 VUs  4m33.0s/7m30s  10165.60 iters/s

running (4m34.0s), 0003/0479 VUs, 1209697 complete and 0 interrupted iterations
tail_open_loop   [  61% ] 0003/0479 VUs  4m34.0s/7m30s  10221.08 iters/s

running (4m35.0s), 0010/0479 VUs, 1219940 complete and 0 interrupted iterations
tail_open_loop   [  61% ] 0010/0479 VUs  4m35.0s/7m30s  10276.75 iters/s

running (4m36.0s), 0005/0479 VUs, 1230248 complete and 0 interrupted iterations
tail_open_loop   [  61% ] 0006/0479 VUs  4m36.0s/7m30s  10332.18 iters/s

running (4m37.0s), 0006/0479 VUs, 1240608 complete and 0 interrupted iterations
tail_open_loop   [  62% ] 0006/0479 VUs  4m37.0s/7m30s  10387.78 iters/s

running (4m38.0s), 0022/0479 VUs, 1250961 complete and 0 interrupted iterations
tail_open_loop   [  62% ] 0022/0479 VUs  4m38.0s/7m30s  10443.10 iters/s

running (4m39.0s), 0008/0479 VUs, 1261493 complete and 0 interrupted iterations
tail_open_loop   [  62% ] 0008/0479 VUs  4m39.0s/7m30s  10498.91 iters/s

running (4m40.0s), 0004/0479 VUs, 1272023 complete and 0 interrupted iterations
tail_open_loop   [  62% ] 0004/0479 VUs  4m40.0s/7m30s  10554.42 iters/s

running (4m41.0s), 0009/0479 VUs, 1282600 complete and 0 interrupted iterations
tail_open_loop   [  62% ] 0009/0479 VUs  4m41.0s/7m30s  10609.97 iters/s

running (4m42.0s), 0629/0632 VUs, 1291628 complete and 0 interrupted iterations
tail_open_loop   [  63% ] 0629/0632 VUs  4m42.0s/7m30s  10665.64 iters/s

running (4m43.0s), 0006/0679 VUs, 1302720 complete and 0 interrupted iterations
tail_open_loop   [  63% ] 0006/0679 VUs  4m43.0s/7m30s  10721.10 iters/s

running (4m44.0s), 0007/0679 VUs, 1313468 complete and 0 interrupted iterations
tail_open_loop   [  63% ] 0007/0679 VUs  4m44.0s/7m30s  10776.56 iters/s

running (4m45.0s), 0006/0679 VUs, 1324274 complete and 0 interrupted iterations
tail_open_loop   [  63% ] 0006/0679 VUs  4m45.0s/7m30s  10832.24 iters/s

running (4m46.0s), 0009/0679 VUs, 1335131 complete and 0 interrupted iterations
tail_open_loop   [  64% ] 0009/0679 VUs  4m46.0s/7m30s  10887.79 iters/s

running (4m47.0s), 0008/0679 VUs, 1346046 complete and 0 interrupted iterations
tail_open_loop   [  64% ] 0008/0679 VUs  4m47.0s/7m30s  10943.31 iters/s

running (4m48.0s), 0004/0679 VUs, 1357022 complete and 0 interrupted iterations
tail_open_loop   [  64% ] 0004/0679 VUs  4m48.0s/7m30s  10998.80 iters/s

running (4m49.0s), 0005/0679 VUs, 1368048 complete and 0 interrupted iterations
tail_open_loop   [  64% ] 0005/0679 VUs  4m49.0s/7m30s  11054.49 iters/s

running (4m50.0s), 0007/0679 VUs, 1379128 complete and 0 interrupted iterations
tail_open_loop   [  64% ] 0007/0679 VUs  4m50.0s/7m30s  11110.00 iters/s

running (4m51.0s), 0006/0679 VUs, 1390267 complete and 0 interrupted iterations
tail_open_loop   [  65% ] 0006/0679 VUs  4m51.0s/7m30s  11165.45 iters/s

running (4m52.0s), 0005/0679 VUs, 1401461 complete and 0 interrupted iterations
tail_open_loop   [  65% ] 0005/0679 VUs  4m52.0s/7m30s  11221.08 iters/s

running (4m53.0s), 0005/0679 VUs, 1412710 complete and 0 interrupted iterations
tail_open_loop   [  65% ] 0005/0679 VUs  4m53.0s/7m30s  11276.63 iters/s

running (4m54.0s), 0007/0679 VUs, 1424012 complete and 0 interrupted iterations
tail_open_loop   [  65% ] 0007/0679 VUs  4m54.0s/7m30s  11332.22 iters/s

running (4m55.0s), 0005/0679 VUs, 1435374 complete and 0 interrupted iterations
tail_open_loop   [  66% ] 0005/0679 VUs  4m55.0s/7m30s  11387.71 iters/s

running (4m56.0s), 0006/0679 VUs, 1446789 complete and 0 interrupted iterations
tail_open_loop   [  66% ] 0006/0679 VUs  4m56.0s/7m30s  11443.35 iters/s

running (4m57.0s), 0005/0679 VUs, 1458261 complete and 0 interrupted iterations
tail_open_loop   [  66% ] 0005/0679 VUs  4m57.0s/7m30s  11498.88 iters/s

running (4m58.0s), 0005/0679 VUs, 1469787 complete and 0 interrupted iterations
tail_open_loop   [  66% ] 0005/0679 VUs  4m58.0s/7m30s  11554.42 iters/s

running (4m59.0s), 0007/0679 VUs, 1481368 complete and 0 interrupted iterations
tail_open_loop   [  66% ] 0007/0679 VUs  4m59.0s/7m30s  11610.09 iters/s

running (5m00.0s), 0005/0679 VUs, 1493008 complete and 0 interrupted iterations
tail_open_loop   [  67% ] 0005/0679 VUs  5m00.0s/7m30s  11665.62 iters/s

running (5m01.0s), 0007/0679 VUs, 1504699 complete and 0 interrupted iterations
tail_open_loop   [  67% ] 0007/0679 VUs  5m01.0s/7m30s  11721.13 iters/s

running (5m02.0s), 0005/0679 VUs, 1516450 complete and 0 interrupted iterations
tail_open_loop   [  67% ] 0005/0679 VUs  5m02.0s/7m30s  11776.76 iters/s

running (5m03.0s), 0004/0679 VUs, 1528255 complete and 0 interrupted iterations
tail_open_loop   [  67% ] 0004/0679 VUs  5m03.0s/7m30s  11832.22 iters/s

running (5m04.0s), 0005/0679 VUs, 1540114 complete and 0 interrupted iterations
tail_open_loop   [  68% ] 0005/0679 VUs  5m04.0s/7m30s  11887.78 iters/s

running (5m05.0s), 0007/0679 VUs, 1552028 complete and 0 interrupted iterations
tail_open_loop   [  68% ] 0007/0679 VUs  5m05.0s/7m30s  11943.29 iters/s

running (5m06.0s), 0008/0679 VUs, 1563998 complete and 0 interrupted iterations
tail_open_loop   [  68% ] 0008/0679 VUs  5m06.0s/7m30s  11998.90 iters/s

running (5m07.0s), 0008/0679 VUs, 1576024 complete and 0 interrupted iterations
tail_open_loop   [  68% ] 0008/0679 VUs  5m07.0s/7m30s  12054.44 iters/s

running (5m08.0s), 0009/0679 VUs, 1588106 complete and 0 interrupted iterations
tail_open_loop   [  68% ] 0009/0679 VUs  5m08.0s/7m30s  12110.06 iters/s

running (5m09.0s), 0006/0679 VUs, 1600247 complete and 0 interrupted iterations
tail_open_loop   [  69% ] 0006/0679 VUs  5m09.0s/7m30s  12165.60 iters/s

running (5m10.0s), 0007/0679 VUs, 1612439 complete and 0 interrupted iterations
tail_open_loop   [  69% ] 0007/0679 VUs  5m10.0s/7m30s  12221.05 iters/s

running (5m11.0s), 0008/0679 VUs, 1624687 complete and 0 interrupted iterations
tail_open_loop   [  69% ] 0008/0679 VUs  5m11.0s/7m30s  12276.72 iters/s

running (5m12.0s), 0008/0679 VUs, 1636991 complete and 0 interrupted iterations
tail_open_loop   [  69% ] 0008/0679 VUs  5m12.0s/7m30s  12332.28 iters/s

running (5m13.0s), 0006/0679 VUs, 1649353 complete and 0 interrupted iterations
tail_open_loop   [  70% ] 0005/0679 VUs  5m13.0s/7m30s  12387.74 iters/s

running (5m14.0s), 0009/0679 VUs, 1661765 complete and 0 interrupted iterations
tail_open_loop   [  70% ] 0009/0679 VUs  5m14.0s/7m30s  12443.23 iters/s

running (5m15.0s), 0005/0679 VUs, 1674240 complete and 0 interrupted iterations
tail_open_loop   [  70% ] 0005/0679 VUs  5m15.0s/7m30s  12498.91 iters/s

running (5m16.0s), 0007/0679 VUs, 1686766 complete and 0 interrupted iterations
tail_open_loop   [  70% ] 0007/0679 VUs  5m16.0s/7m30s  12554.45 iters/s

running (5m17.0s), 0009/0679 VUs, 1699345 complete and 0 interrupted iterations
tail_open_loop   [  70% ] 0009/0679 VUs  5m17.0s/7m30s  12610.02 iters/s

running (5m18.0s), 0006/0679 VUs, 1711987 complete and 0 interrupted iterations
tail_open_loop   [  71% ] 0006/0679 VUs  5m18.0s/7m30s  12665.44 iters/s

running (5m19.0s), 0006/0679 VUs, 1724680 complete and 0 interrupted iterations
tail_open_loop   [  71% ] 0006/0679 VUs  5m19.0s/7m30s  12721.03 iters/s

running (5m20.0s), 0092/0679 VUs, 1737338 complete and 0 interrupted iterations
tail_open_loop   [  71% ] 0092/0679 VUs  5m20.0s/7m30s  12776.61 iters/s

running (5m21.0s), 0011/0726 VUs, 1750004 complete and 0 interrupted iterations
tail_open_loop   [  71% ] 0011/0726 VUs  5m21.0s/7m30s  12832.19 iters/s

running (5m22.0s), 0006/0726 VUs, 1762869 complete and 0 interrupted iterations
tail_open_loop   [  72% ] 0006/0726 VUs  5m22.0s/7m30s  12887.76 iters/s

running (5m23.0s), 0007/0726 VUs, 1775783 complete and 0 interrupted iterations
tail_open_loop   [  72% ] 0007/0726 VUs  5m23.0s/7m30s  12943.31 iters/s

running (5m24.0s), 0005/0813 VUs, 1788497 complete and 0 interrupted iterations
tail_open_loop   [  72% ] 0005/0813 VUs  5m24.0s/7m30s  12998.83 iters/s

running (5m25.0s), 0007/0813 VUs, 1801522 complete and 0 interrupted iterations
tail_open_loop   [  72% ] 0007/0813 VUs  5m25.0s/7m30s  13054.32 iters/s

running (5m26.0s), 0017/0813 VUs, 1814595 complete and 0 interrupted iterations
tail_open_loop   [  72% ] 0017/0813 VUs  5m26.0s/7m30s  13109.94 iters/s

running (5m27.0s), 0008/0813 VUs, 1827742 complete and 0 interrupted iterations
tail_open_loop   [  73% ] 0008/0813 VUs  5m27.0s/7m30s  13165.52 iters/s

running (5m28.0s), 0013/0813 VUs, 1840929 complete and 0 interrupted iterations
tail_open_loop   [  73% ] 0013/0813 VUs  5m28.0s/7m30s  13221.04 iters/s

running (5m29.0s), 0161/0813 VUs, 1854031 complete and 0 interrupted iterations
tail_open_loop   [  73% ] 0161/0813 VUs  5m29.0s/7m30s  13276.69 iters/s

running (5m30.0s), 0006/0920 VUs, 1867056 complete and 0 interrupted iterations
tail_open_loop   [  73% ] 0006/0920 VUs  5m30.0s/7m30s  13332.27 iters/s

running (5m31.0s), 0010/0920 VUs, 1880413 complete and 0 interrupted iterations
tail_open_loop   [  74% ] 0010/0920 VUs  5m31.0s/7m30s  13387.78 iters/s

running (5m32.0s), 0015/0920 VUs, 1893824 complete and 0 interrupted iterations
tail_open_loop   [  74% ] 0015/0920 VUs  5m32.0s/7m30s  13443.39 iters/s

running (5m33.0s), 0007/0920 VUs, 1907302 complete and 0 interrupted iterations
tail_open_loop   [  74% ] 0007/0920 VUs  5m33.0s/7m30s  13498.92 iters/s

running (5m34.0s), 0014/0920 VUs, 1920822 complete and 0 interrupted iterations
tail_open_loop   [  74% ] 0014/0920 VUs  5m34.0s/7m30s  13554.54 iters/s

running (5m35.0s), 0014/0920 VUs, 1934404 complete and 0 interrupted iterations
tail_open_loop   [  74% ] 0014/0920 VUs  5m35.0s/7m30s  13609.89 iters/s

running (5m36.0s), 0006/0920 VUs, 1948050 complete and 0 interrupted iterations
tail_open_loop   [  75% ] 0006/0920 VUs  5m36.0s/7m30s  13665.50 iters/s

running (5m37.0s), 0008/0920 VUs, 1961742 complete and 0 interrupted iterations
tail_open_loop   [  75% ] 0008/0920 VUs  5m37.0s/7m30s  13721.00 iters/s

running (5m38.0s), 0009/0920 VUs, 1975489 complete and 0 interrupted iterations
tail_open_loop   [  75% ] 0009/0920 VUs  5m38.0s/7m30s  13776.57 iters/s

running (5m39.0s), 0006/0920 VUs, 1989297 complete and 0 interrupted iterations
tail_open_loop   [  75% ] 0006/0920 VUs  5m39.0s/7m30s  13832.22 iters/s

running (5m40.0s), 0007/0920 VUs, 2003156 complete and 0 interrupted iterations
tail_open_loop   [  76% ] 0007/0920 VUs  5m40.0s/7m30s  13887.73 iters/s

running (5m41.0s), 0008/0920 VUs, 2017071 complete and 0 interrupted iterations
tail_open_loop   [  76% ] 0008/0920 VUs  5m41.0s/7m30s  13943.31 iters/s

running (5m42.0s), 0013/0920 VUs, 2031037 complete and 0 interrupted iterations
tail_open_loop   [  76% ] 0013/0920 VUs  5m42.0s/7m30s  13998.94 iters/s

running (5m43.0s), 0007/0920 VUs, 2045070 complete and 0 interrupted iterations
tail_open_loop   [  76% ] 0007/0920 VUs  5m43.0s/7m30s  14054.62 iters/s

running (5m44.0s), 0040/0920 VUs, 2059119 complete and 0 interrupted iterations
tail_open_loop   [  76% ] 0040/0920 VUs  5m44.0s/7m30s  14109.94 iters/s

running (5m45.0s), 0025/0920 VUs, 2073271 complete and 0 interrupted iterations
tail_open_loop   [  77% ] 0025/0920 VUs  5m45.0s/7m30s  14165.51 iters/s

running (5m46.0s), 2735/2736 VUs, 2078884 complete and 0 interrupted iterations
tail_open_loop   [  77% ] 2735/2736 VUs  5m46.0s/7m30s  14221.11 iters/s

running (5m47.0s), 3000/3000 VUs, 2078884 complete and 0 interrupted iterations
tail_open_loop   [  77% ] 3000/3000 VUs  5m47.0s/7m30s  14276.54 iters/s

running (5m48.0s), 0356/3000 VUs, 2095115 complete and 0 interrupted iterations
tail_open_loop   [  77% ] 0356/3000 VUs  5m48.0s/7m30s  14332.19 iters/s

running (5m49.0s), 0016/3000 VUs, 2109814 complete and 0 interrupted iterations
tail_open_loop   [  78% ] 0016/3000 VUs  5m49.0s/7m30s  14387.66 iters/s

running (5m50.0s), 1863/3000 VUs, 2122384 complete and 0 interrupted iterations
tail_open_loop   [  78% ] 1863/3000 VUs  5m50.0s/7m30s  14443.35 iters/s

running (5m51.0s), 1107/3000 VUs, 2137611 complete and 0 interrupted iterations
tail_open_loop   [  78% ] 1107/3000 VUs  5m51.0s/7m30s  14498.85 iters/s

running (5m52.0s), 0825/3000 VUs, 2152421 complete and 0 interrupted iterations
tail_open_loop   [  78% ] 0825/3000 VUs  5m52.0s/7m30s  14554.56 iters/s

running (5m53.0s), 0924/3000 VUs, 2166903 complete and 0 interrupted iterations
tail_open_loop   [  78% ] 0924/3000 VUs  5m53.0s/7m30s  14610.06 iters/s

running (5m54.0s), 2638/3000 VUs, 2179826 complete and 0 interrupted iterations
tail_open_loop   [  79% ] 2639/3000 VUs  5m54.0s/7m30s  14665.55 iters/s

running (5m55.0s), 0763/3000 VUs, 2194445 complete and 0 interrupted iterations
tail_open_loop   [  79% ] 0763/3000 VUs  5m55.0s/7m30s  14721.04 iters/s

running (5m56.0s), 2256/3000 VUs, 2207701 complete and 0 interrupted iterations
tail_open_loop   [  79% ] 2256/3000 VUs  5m56.0s/7m30s  14776.72 iters/s

running (5m57.0s), 0782/3000 VUs, 2223979 complete and 0 interrupted iterations
tail_open_loop   [  79% ] 0782/3000 VUs  5m57.0s/7m30s  14832.39 iters/s

running (5m58.0s), 2577/3000 VUs, 2237044 complete and 0 interrupted iterations
tail_open_loop   [  80% ] 2577/3000 VUs  5m58.0s/7m30s  14887.82 iters/s

running (5m59.0s), 2987/3000 VUs, 2250275 complete and 0 interrupted iterations
tail_open_loop   [  80% ] 2987/3000 VUs  5m59.0s/7m30s  14943.44 iters/s

running (6m00.0s), 0842/3000 VUs, 2267379 complete and 0 interrupted iterations
tail_open_loop   [  80% ] 0843/3000 VUs  6m00.0s/7m30s  14999.03 iters/s

running (6m01.0s), 0053/3000 VUs, 2283198 complete and 0 interrupted iterations
tail_open_loop   [  80% ] 0053/3000 VUs  6m01.0s/7m30s  15054.57 iters/s

running (6m02.0s), 0047/3000 VUs, 2298285 complete and 0 interrupted iterations
tail_open_loop   [  80% ] 0047/3000 VUs  6m02.0s/7m30s  15110.08 iters/s

running (6m03.0s), 0212/3000 VUs, 2313256 complete and 0 interrupted iterations
tail_open_loop   [  81% ] 0212/3000 VUs  6m03.0s/7m30s  15165.53 iters/s

running (6m04.0s), 0900/3000 VUs, 2327018 complete and 0 interrupted iterations
tail_open_loop   [  81% ] 0900/3000 VUs  6m04.0s/7m30s  15221.16 iters/s

running (6m05.0s), 0166/3000 VUs, 2343001 complete and 0 interrupted iterations
tail_open_loop   [  81% ] 0165/3000 VUs  6m05.0s/7m30s  15276.50 iters/s

running (6m06.0s), 0226/3000 VUs, 2358244 complete and 0 interrupted iterations
tail_open_loop   [  81% ] 0226/3000 VUs  6m06.0s/7m30s  15332.01 iters/s

running (6m07.0s), 0204/3000 VUs, 2373626 complete and 0 interrupted iterations
tail_open_loop   [  82% ] 0204/3000 VUs  6m07.0s/7m30s  15387.93 iters/s

running (6m08.0s), 0045/3000 VUs, 2389201 complete and 0 interrupted iterations
tail_open_loop   [  82% ] 0045/3000 VUs  6m08.0s/7m30s  15443.30 iters/s

running (6m09.0s), 0074/3000 VUs, 2404646 complete and 0 interrupted iterations
tail_open_loop   [  82% ] 0074/3000 VUs  6m09.0s/7m30s  15498.83 iters/s

running (6m10.0s), 0409/3000 VUs, 2419835 complete and 0 interrupted iterations
tail_open_loop   [  82% ] 0409/3000 VUs  6m10.0s/7m30s  15554.52 iters/s

running (6m11.0s), 0288/3000 VUs, 2435538 complete and 0 interrupted iterations
tail_open_loop   [  82% ] 0288/3000 VUs  6m11.0s/7m30s  15610.12 iters/s

running (6m12.0s), 0309/3000 VUs, 2451154 complete and 0 interrupted iterations
tail_open_loop   [  83% ] 0309/3000 VUs  6m12.0s/7m30s  15665.63 iters/s

running (6m13.0s), 1540/3000 VUs, 2465617 complete and 0 interrupted iterations
tail_open_loop   [  83% ] 1540/3000 VUs  6m13.0s/7m30s  15721.29 iters/s

running (6m14.0s), 0125/3000 VUs, 2482783 complete and 0 interrupted iterations
tail_open_loop   [  83% ] 0125/3000 VUs  6m14.0s/7m30s  15776.60 iters/s

running (6m15.0s), 0900/3000 VUs, 2497810 complete and 0 interrupted iterations
tail_open_loop   [  83% ] 0900/3000 VUs  6m15.0s/7m30s  15832.05 iters/s

running (6m16.0s), 0534/3000 VUs, 2514036 complete and 0 interrupted iterations
tail_open_loop   [  84% ] 0533/3000 VUs  6m16.0s/7m30s  15887.90 iters/s

running (6m17.0s), 0113/3000 VUs, 2530372 complete and 0 interrupted iterations
tail_open_loop   [  84% ] 0113/3000 VUs  6m17.0s/7m30s  15943.37 iters/s

running (6m18.0s), 2339/3000 VUs, 2544119 complete and 0 interrupted iterations
tail_open_loop   [  84% ] 2340/3000 VUs  6m18.0s/7m30s  15998.72 iters/s

running (6m19.0s), 0197/3000 VUs, 2562287 complete and 0 interrupted iterations
tail_open_loop   [  84% ] 0197/3000 VUs  6m19.0s/7m30s  16054.46 iters/s

running (6m20.0s), 0329/3000 VUs, 2578238 complete and 0 interrupted iterations
tail_open_loop   [  84% ] 0329/3000 VUs  6m20.0s/7m30s  16110.06 iters/s

running (6m21.0s), 0824/3000 VUs, 2593907 complete and 0 interrupted iterations
tail_open_loop   [  85% ] 0824/3000 VUs  6m21.0s/7m30s  16165.80 iters/s

running (6m22.0s), 0308/3000 VUs, 2610588 complete and 0 interrupted iterations
tail_open_loop   [  85% ] 0308/3000 VUs  6m22.0s/7m30s  16221.13 iters/s

running (6m23.0s), 0110/3000 VUs, 2627035 complete and 0 interrupted iterations
tail_open_loop   [  85% ] 0110/3000 VUs  6m23.0s/7m30s  16276.57 iters/s

running (6m24.0s), 0235/3000 VUs, 2643215 complete and 0 interrupted iterations
tail_open_loop   [  85% ] 0235/3000 VUs  6m24.0s/7m30s  16332.13 iters/s

running (6m25.0s), 0079/3000 VUs, 2659731 complete and 0 interrupted iterations
tail_open_loop   [  86% ] 0079/3000 VUs  6m25.0s/7m30s  16387.80 iters/s

running (6m26.0s), 0183/3000 VUs, 2676043 complete and 0 interrupted iterations
tail_open_loop   [  86% ] 0183/3000 VUs  6m26.0s/7m30s  16443.31 iters/s

running (6m27.0s), 0279/3000 VUs, 2692417 complete and 0 interrupted iterations
tail_open_loop   [  86% ] 0279/3000 VUs  6m27.0s/7m30s  16498.93 iters/s

running (6m28.0s), 0071/3000 VUs, 2709151 complete and 0 interrupted iterations
tail_open_loop   [  86% ] 0071/3000 VUs  6m28.0s/7m30s  16554.37 iters/s

running (6m29.0s), 0150/3000 VUs, 2725656 complete and 0 interrupted iterations
tail_open_loop   [  86% ] 0150/3000 VUs  6m29.0s/7m30s  16609.92 iters/s

running (6m30.0s), 0091/3000 VUs, 2742362 complete and 0 interrupted iterations
tail_open_loop   [  87% ] 0091/3000 VUs  6m30.0s/7m30s  16665.56 iters/s

running (6m31.0s), 0063/3000 VUs, 2759074 complete and 0 interrupted iterations
tail_open_loop   [  87% ] 0063/3000 VUs  6m31.0s/7m30s  16721.01 iters/s

running (6m32.0s), 1134/3000 VUs, 2774752 complete and 0 interrupted iterations
tail_open_loop   [  87% ] 1134/3000 VUs  6m32.0s/7m30s  16776.83 iters/s

running (6m33.0s), 0079/3000 VUs, 2792612 complete and 0 interrupted iterations
tail_open_loop   [  87% ] 0079/3000 VUs  6m33.0s/7m30s  16832.18 iters/s

running (6m34.0s), 0292/3000 VUs, 2809287 complete and 0 interrupted iterations
tail_open_loop   [  88% ] 0292/3000 VUs  6m34.0s/7m30s  16887.90 iters/s

running (6m35.0s), 0301/3000 VUs, 2826164 complete and 0 interrupted iterations
tail_open_loop   [  88% ] 0301/3000 VUs  6m35.0s/7m30s  16943.41 iters/s

running (6m36.0s), 0365/3000 VUs, 2843071 complete and 0 interrupted iterations
tail_open_loop   [  88% ] 0365/3000 VUs  6m36.0s/7m30s  16999.00 iters/s

running (6m37.0s), 0056/3000 VUs, 2860401 complete and 0 interrupted iterations
tail_open_loop   [  88% ] 0056/3000 VUs  6m37.0s/7m30s  17054.37 iters/s

running (6m38.0s), 0111/3000 VUs, 2877434 complete and 0 interrupted iterations
tail_open_loop   [  88% ] 0112/3000 VUs  6m38.0s/7m30s  17110.10 iters/s

running (6m39.0s), 0474/3000 VUs, 2894210 complete and 0 interrupted iterations
tail_open_loop   [  89% ] 0474/3000 VUs  6m39.0s/7m30s  17165.61 iters/s

running (6m40.0s), 0334/3000 VUs, 2911543 complete and 0 interrupted iterations
tail_open_loop   [  89% ] 0334/3000 VUs  6m40.0s/7m30s  17221.19 iters/s

running (6m41.0s), 0756/3000 VUs, 2928369 complete and 0 interrupted iterations
tail_open_loop   [  89% ] 0756/3000 VUs  6m41.0s/7m30s  17276.53 iters/s

running (6m42.0s), 0072/3000 VUs, 2946358 complete and 0 interrupted iterations
tail_open_loop   [  89% ] 0072/3000 VUs  6m42.0s/7m30s  17332.22 iters/s

running (6m43.0s), 1092/3000 VUs, 2962697 complete and 0 interrupted iterations
tail_open_loop   [  90% ] 1092/3000 VUs  6m43.0s/7m30s  17387.68 iters/s

running (6m44.0s), 0173/3000 VUs, 2981032 complete and 0 interrupted iterations
tail_open_loop   [  90% ] 0173/3000 VUs  6m44.0s/7m30s  17443.48 iters/s

running (6m45.0s), 0312/3000 VUs, 2998364 complete and 0 interrupted iterations
tail_open_loop   [  90% ] 0312/3000 VUs  6m45.0s/7m30s  17498.73 iters/s

running (6m46.0s), 0078/3000 VUs, 3016119 complete and 0 interrupted iterations
tail_open_loop   [  90% ] 0078/3000 VUs  6m46.0s/7m30s  17554.64 iters/s

running (6m47.0s), 0509/3000 VUs, 3033276 complete and 0 interrupted iterations
tail_open_loop   [  90% ] 0509/3000 VUs  6m47.0s/7m30s  17609.97 iters/s

running (6m48.0s), 0376/3000 VUs, 3051047 complete and 0 interrupted iterations
tail_open_loop   [  91% ] 0376/3000 VUs  6m48.0s/7m30s  17665.66 iters/s

running (6m49.0s), 0447/3000 VUs, 3068670 complete and 0 interrupted iterations
tail_open_loop   [  91% ] 0446/3000 VUs  6m49.0s/7m30s  17721.07 iters/s

running (6m50.0s), 1478/3000 VUs, 3085387 complete and 0 interrupted iterations
tail_open_loop   [  91% ] 1478/3000 VUs  6m50.0s/7m30s  17776.51 iters/s

running (6m51.0s), 1534/3000 VUs, 3103136 complete and 0 interrupted iterations
tail_open_loop   [  91% ] 1534/3000 VUs  6m51.0s/7m30s  17832.31 iters/s

running (6m52.0s), 2932/3000 VUs, 3119046 complete and 0 interrupted iterations
tail_open_loop   [  92% ] 2933/3000 VUs  6m52.0s/7m30s  17887.81 iters/s

running (6m53.0s), 1274/3000 VUs, 3138595 complete and 0 interrupted iterations
tail_open_loop   [  92% ] 1274/3000 VUs  6m53.0s/7m30s  17943.01 iters/s

running (6m54.0s), 1186/3000 VUs, 3156654 complete and 0 interrupted iterations
tail_open_loop   [  92% ] 1186/3000 VUs  6m54.0s/7m30s  17998.88 iters/s

running (6m55.0s), 1342/3000 VUs, 3174525 complete and 0 interrupted iterations
tail_open_loop   [  92% ] 1342/3000 VUs  6m55.0s/7m30s  18054.45 iters/s

running (6m56.0s), 2126/3000 VUs, 3191823 complete and 0 interrupted iterations
tail_open_loop   [  92% ] 2126/3000 VUs  6m56.0s/7m30s  18110.04 iters/s

running (6m57.0s), 2407/3000 VUs, 3209680 complete and 0 interrupted iterations
tail_open_loop   [  93% ] 2407/3000 VUs  6m57.0s/7m30s  18165.30 iters/s

running (6m58.0s), 2450/3000 VUs, 3227830 complete and 0 interrupted iterations
tail_open_loop   [  93% ] 2450/3000 VUs  6m58.0s/7m30s  18221.24 iters/s

running (6m59.0s), 2418/3000 VUs, 3246112 complete and 0 interrupted iterations
tail_open_loop   [  93% ] 2418/3000 VUs  6m59.0s/7m30s  18276.86 iters/s

running (7m00.0s), 1736/3000 VUs, 3264693 complete and 0 interrupted iterations
tail_open_loop   [  93% ] 1736/3000 VUs  7m00.0s/7m30s  18332.48 iters/s

running (7m01.0s), 1650/3000 VUs, 3283139 complete and 0 interrupted iterations
tail_open_loop   [  94% ] 1650/3000 VUs  7m01.0s/7m30s  18387.76 iters/s

running (7m02.0s), 1880/3000 VUs, 3301234 complete and 0 interrupted iterations
tail_open_loop   [  94% ] 1880/3000 VUs  7m02.0s/7m30s  18443.38 iters/s

running (7m03.0s), 2424/3000 VUs, 3318647 complete and 0 interrupted iterations
tail_open_loop   [  94% ] 2424/3000 VUs  7m03.0s/7m30s  18498.65 iters/s

running (7m04.0s), 2823/3000 VUs, 3334943 complete and 0 interrupted iterations
tail_open_loop   [  94% ] 2823/3000 VUs  7m04.0s/7m30s  18554.25 iters/s

running (7m05.0s), 2460/3000 VUs, 3353573 complete and 0 interrupted iterations
tail_open_loop   [  94% ] 2460/3000 VUs  7m05.0s/7m30s  18609.84 iters/s

running (7m06.0s), 3000/3000 VUs, 3369369 complete and 0 interrupted iterations
tail_open_loop   [  95% ] 3000/3000 VUs  7m06.0s/7m30s  18665.42 iters/s

running (7m07.0s), 1556/3000 VUs, 3388817 complete and 0 interrupted iterations
tail_open_loop   [  95% ] 1556/3000 VUs  7m07.0s/7m30s  18721.33 iters/s

running (7m08.0s), 2169/3000 VUs, 3406954 complete and 0 interrupted iterations
tail_open_loop   [  95% ] 2169/3000 VUs  7m08.0s/7m30s  18776.87 iters/s

running (7m09.0s), 2442/3000 VUs, 3425149 complete and 0 interrupted iterations
tail_open_loop   [  95% ] 2442/3000 VUs  7m09.0s/7m30s  18832.04 iters/s

running (7m10.0s), 2997/3000 VUs, 3442314 complete and 0 interrupted iterations
tail_open_loop   [  96% ] 2997/3000 VUs  7m10.0s/7m30s  18887.88 iters/s

running (7m11.0s), 2983/3000 VUs, 3458970 complete and 0 interrupted iterations
tail_open_loop   [  96% ] 2983/3000 VUs  7m11.0s/7m30s  18943.34 iters/s

running (7m12.0s), 3000/3000 VUs, 3476333 complete and 0 interrupted iterations
tail_open_loop   [  96% ] 3000/3000 VUs  7m12.0s/7m30s  18998.77 iters/s

running (7m13.0s), 2796/3000 VUs, 3494666 complete and 0 interrupted iterations
tail_open_loop   [  96% ] 2797/3000 VUs  7m13.0s/7m30s  19054.51 iters/s

running (7m14.0s), 2990/3000 VUs, 3512915 complete and 0 interrupted iterations
tail_open_loop   [  96% ] 2990/3000 VUs  7m14.0s/7m30s  19109.86 iters/s

running (7m15.0s), 2301/3000 VUs, 3532659 complete and 0 interrupted iterations
tail_open_loop   [  97% ] 2301/3000 VUs  7m15.0s/7m30s  19165.53 iters/s

running (7m16.0s), 1992/3000 VUs, 3551873 complete and 0 interrupted iterations
tail_open_loop   [  97% ] 1992/3000 VUs  7m16.0s/7m30s  19221.16 iters/s

running (7m17.0s), 1631/3000 VUs, 3571483 complete and 0 interrupted iterations
tail_open_loop   [  97% ] 1631/3000 VUs  7m17.0s/7m30s  19276.74 iters/s

running (7m18.0s), 2275/3000 VUs, 3589728 complete and 0 interrupted iterations
tail_open_loop   [  97% ] 2275/3000 VUs  7m18.0s/7m30s  19332.26 iters/s

running (7m19.0s), 2195/3000 VUs, 3608710 complete and 0 interrupted iterations
tail_open_loop   [  98% ] 2195/3000 VUs  7m19.0s/7m30s  19387.74 iters/s

running (7m20.0s), 3000/3000 VUs, 3625756 complete and 0 interrupted iterations
tail_open_loop   [  98% ] 3000/3000 VUs  7m20.0s/7m30s  19443.15 iters/s

running (7m21.0s), 2997/3000 VUs, 3641149 complete and 0 interrupted iterations
tail_open_loop   [  98% ] 2997/3000 VUs  7m21.0s/7m30s  19498.88 iters/s

running (7m22.0s), 2532/3000 VUs, 3658433 complete and 0 interrupted iterations
tail_open_loop   [  98% ] 2532/3000 VUs  7m22.0s/7m30s  19554.55 iters/s

running (7m23.0s), 2997/3000 VUs, 3674972 complete and 0 interrupted iterations
tail_open_loop   [  98% ] 2997/3000 VUs  7m23.0s/7m30s  19610.15 iters/s

running (7m24.0s), 2998/3000 VUs, 3692744 complete and 0 interrupted iterations
tail_open_loop   [  99% ] 2998/3000 VUs  7m24.0s/7m30s  19665.68 iters/s

running (7m25.0s), 2637/3000 VUs, 3710175 complete and 0 interrupted iterations
tail_open_loop   [  99% ] 2637/3000 VUs  7m25.0s/7m30s  19721.14 iters/s

running (7m26.0s), 2838/3000 VUs, 3725995 complete and 0 interrupted iterations
tail_open_loop   [  99% ] 2838/3000 VUs  7m26.0s/7m30s  19776.53 iters/s

running (7m27.0s), 2997/3000 VUs, 3741752 complete and 0 interrupted iterations
tail_open_loop   [  99% ] 2997/3000 VUs  7m27.0s/7m30s  19831.83 iters/s

running (7m28.0s), 3000/3000 VUs, 3755766 complete and 0 interrupted iterations
tail_open_loop   [ 100% ] 2999/3000 VUs  7m28.0s/7m30s  19887.83 iters/s

running (7m29.0s), 2999/3000 VUs, 3772059 complete and 0 interrupted iterations
tail_open_loop   [ 100% ] 2999/3000 VUs  7m29.0s/7m30s  19943.36 iters/s

running (7m30.0s), 2999/3000 VUs, 3788668 complete and 0 interrupted iterations
tail_open_loop   [ 100% ] 2999/3000 VUs  7m30.0s/7m30s  19998.80 iters/s

running (7m30.2s), 0000/3000 VUs, 3791873 complete and 0 interrupted iterations
tail_open_loop ✓ [ 100% ] 0000/3000 VUs  7m30s  20000.00 iters/s


  █ THRESHOLDS 

    http_req_duration
    ✓ 'p(95)<250' p(95)=171ms
    ✓ 'p(99)<500' p(99)=219.43ms
    ✓ 'p(99.9)<1000' p(99.9)=396.46ms

    http_req_failed
    ✗ 'rate<0.05' rate=100.00%


  █ TOTAL RESULTS 

    checks_total.......: 3791873 8422.500493/s
    checks_succeeded...: 99.97%  3791009 out of 3791873
    checks_failed......: 0.02%   864 out of 3791873

    ✗ status is 200 or 404
      ↳  99% — ✓ 3791009 / ✗ 864

    HTTP
    http_req_duration....: avg=37.55ms min=135µs    med=834µs    max=1.66s p(90)=141.06ms p(95)=171ms    p(99)=219.43ms p(99.9)=396.46ms
    http_req_failed......: 100.00% 3791873 out of 3791873
    http_reqs............: 3791873 8422.500493/s

    EXECUTION
    dropped_iterations...: 78096   173.466674/s
    iteration_duration...: avg=37.58ms min=153.25µs med=874.95µs max=1.66s p(90)=141.1ms  p(95)=171.03ms p(99)=219.46ms p(99.9)=396.49ms
    iterations...........: 3791873 8422.500493/s
    vus..................: 3000    min=0                  max=3000
    vus_max..............: 3000    min=300                max=3000

    NETWORK
    data_received........: 535 MB  1.2 MB/s
    data_sent............: 425 MB  943 kB/s




running (7m30.2s), 0000/3000 VUs, 3791873 complete and 0 interrupted iterations
tail_open_loop ✓ [ 100% ] 0000/3000 VUs  7m30s  20000.00 iters/s
