
         /\      Grafana   /‾‾/  
    /\  /  \     |\  __   /  /   
   /  \/    \    | |/ /  /   ‾‾\ 
  /          \   |   (  |  (‾)  |
 / __________ \  |_|\_\  \_____/ 


     execution: local
        script: bench/k6/scenarios/pool-saturation-recovery.js
        output: -

     scenarios: (100.00%) 1 scenario, 800 max VUs, 6m30s max duration (incl. graceful stop):
              * pool_saturation_recovery: Up to 800 looping VUs for 6m0s over 6 stages (gracefulRampDown: 30s, gracefulStop: 30s)


running (0m01.0s), 010/800 VUs, 43410 complete and 0 interrupted iterations
pool_saturation_recovery   [   0% ] 010/800 VUs  0m01.0s/6m00.0s

running (0m02.0s), 011/800 VUs, 88568 complete and 0 interrupted iterations
pool_saturation_recovery   [   1% ] 011/800 VUs  0m02.0s/6m00.0s

running (0m03.0s), 011/800 VUs, 135250 complete and 0 interrupted iterations
pool_saturation_recovery   [   1% ] 011/800 VUs  0m03.0s/6m00.0s

running (0m04.0s), 012/800 VUs, 181703 complete and 0 interrupted iterations
pool_saturation_recovery   [   1% ] 012/800 VUs  0m04.0s/6m00.0s

running (0m05.0s), 013/800 VUs, 228202 complete and 0 interrupted iterations
pool_saturation_recovery   [   1% ] 013/800 VUs  0m05.0s/6m00.0s

running (0m06.0s), 013/800 VUs, 274747 complete and 0 interrupted iterations
pool_saturation_recovery   [   2% ] 013/800 VUs  0m06.0s/6m00.0s

running (0m07.0s), 014/800 VUs, 322094 complete and 0 interrupted iterations
pool_saturation_recovery   [   2% ] 014/800 VUs  0m07.0s/6m00.0s

running (0m08.0s), 015/800 VUs, 367379 complete and 0 interrupted iterations
pool_saturation_recovery   [   2% ] 015/800 VUs  0m08.0s/6m00.0s

running (0m09.0s), 015/800 VUs, 414389 complete and 0 interrupted iterations
pool_saturation_recovery   [   2% ] 015/800 VUs  0m09.0s/6m00.0s

running (0m10.0s), 016/800 VUs, 460253 complete and 0 interrupted iterations
pool_saturation_recovery   [   3% ] 016/800 VUs  0m10.0s/6m00.0s

running (0m11.0s), 017/800 VUs, 506399 complete and 0 interrupted iterations
pool_saturation_recovery   [   3% ] 017/800 VUs  0m11.0s/6m00.0s

running (0m12.0s), 017/800 VUs, 552692 complete and 0 interrupted iterations
pool_saturation_recovery   [   3% ] 017/800 VUs  0m12.0s/6m00.0s

running (0m13.0s), 018/800 VUs, 599198 complete and 0 interrupted iterations
pool_saturation_recovery   [   4% ] 018/800 VUs  0m13.0s/6m00.0s

running (0m14.0s), 019/800 VUs, 645684 complete and 0 interrupted iterations
pool_saturation_recovery   [   4% ] 019/800 VUs  0m14.0s/6m00.0s

running (0m15.0s), 019/800 VUs, 692414 complete and 0 interrupted iterations
pool_saturation_recovery   [   4% ] 019/800 VUs  0m15.0s/6m00.0s

running (0m16.0s), 020/800 VUs, 739293 complete and 0 interrupted iterations
pool_saturation_recovery   [   4% ] 020/800 VUs  0m16.0s/6m00.0s

running (0m17.0s), 021/800 VUs, 784343 complete and 0 interrupted iterations
pool_saturation_recovery   [   5% ] 021/800 VUs  0m17.0s/6m00.0s

running (0m18.0s), 021/800 VUs, 830780 complete and 0 interrupted iterations
pool_saturation_recovery   [   5% ] 021/800 VUs  0m18.0s/6m00.0s

running (0m19.0s), 022/800 VUs, 877031 complete and 0 interrupted iterations
pool_saturation_recovery   [   5% ] 022/800 VUs  0m19.0s/6m00.0s

running (0m20.0s), 023/800 VUs, 922220 complete and 0 interrupted iterations
pool_saturation_recovery   [   6% ] 023/800 VUs  0m20.0s/6m00.0s

running (0m21.0s), 023/800 VUs, 967578 complete and 0 interrupted iterations
pool_saturation_recovery   [   6% ] 023/800 VUs  0m21.0s/6m00.0s

running (0m22.0s), 024/800 VUs, 1013272 complete and 0 interrupted iterations
pool_saturation_recovery   [   6% ] 024/800 VUs  0m22.0s/6m00.0s

running (0m23.0s), 025/800 VUs, 1058405 complete and 0 interrupted iterations
pool_saturation_recovery   [   6% ] 025/800 VUs  0m23.0s/6m00.0s

running (0m24.0s), 025/800 VUs, 1103119 complete and 0 interrupted iterations
pool_saturation_recovery   [   7% ] 025/800 VUs  0m24.0s/6m00.0s

running (0m25.0s), 026/800 VUs, 1148892 complete and 0 interrupted iterations
pool_saturation_recovery   [   7% ] 026/800 VUs  0m25.0s/6m00.0s

running (0m26.0s), 027/800 VUs, 1194093 complete and 0 interrupted iterations
pool_saturation_recovery   [   7% ] 027/800 VUs  0m26.0s/6m00.0s

running (0m27.0s), 027/800 VUs, 1239893 complete and 0 interrupted iterations
pool_saturation_recovery   [   7% ] 027/800 VUs  0m27.0s/6m00.0s

running (0m28.0s), 028/800 VUs, 1285234 complete and 0 interrupted iterations
pool_saturation_recovery   [   8% ] 028/800 VUs  0m28.0s/6m00.0s

running (0m29.0s), 029/800 VUs, 1330460 complete and 0 interrupted iterations
pool_saturation_recovery   [   8% ] 029/800 VUs  0m29.0s/6m00.0s

running (0m30.0s), 029/800 VUs, 1376662 complete and 0 interrupted iterations
pool_saturation_recovery   [   8% ] 029/800 VUs  0m30.0s/6m00.0s

running (0m31.0s), 030/800 VUs, 1421465 complete and 0 interrupted iterations
pool_saturation_recovery   [   9% ] 030/800 VUs  0m31.0s/6m00.0s

running (0m32.0s), 031/800 VUs, 1465967 complete and 0 interrupted iterations
pool_saturation_recovery   [   9% ] 031/800 VUs  0m32.0s/6m00.0s

running (0m33.0s), 031/800 VUs, 1510980 complete and 0 interrupted iterations
pool_saturation_recovery   [   9% ] 031/800 VUs  0m33.0s/6m00.0s

running (0m34.0s), 032/800 VUs, 1556633 complete and 0 interrupted iterations
pool_saturation_recovery   [   9% ] 032/800 VUs  0m34.0s/6m00.0s

running (0m35.0s), 033/800 VUs, 1600764 complete and 0 interrupted iterations
pool_saturation_recovery   [  10% ] 033/800 VUs  0m35.0s/6m00.0s

running (0m36.0s), 033/800 VUs, 1646244 complete and 0 interrupted iterations
pool_saturation_recovery   [  10% ] 033/800 VUs  0m36.0s/6m00.0s

running (0m37.0s), 034/800 VUs, 1691102 complete and 0 interrupted iterations
pool_saturation_recovery   [  10% ] 034/800 VUs  0m37.0s/6m00.0s

running (0m38.0s), 035/800 VUs, 1735782 complete and 0 interrupted iterations
pool_saturation_recovery   [  11% ] 035/800 VUs  0m38.0s/6m00.0s

running (0m39.0s), 035/800 VUs, 1780594 complete and 0 interrupted iterations
pool_saturation_recovery   [  11% ] 035/800 VUs  0m39.0s/6m00.0s

running (0m40.0s), 036/800 VUs, 1826127 complete and 0 interrupted iterations
pool_saturation_recovery   [  11% ] 036/800 VUs  0m40.0s/6m00.0s

running (0m41.0s), 037/800 VUs, 1870622 complete and 0 interrupted iterations
pool_saturation_recovery   [  11% ] 037/800 VUs  0m41.0s/6m00.0s

running (0m42.0s), 037/800 VUs, 1915501 complete and 0 interrupted iterations
pool_saturation_recovery   [  12% ] 037/800 VUs  0m42.0s/6m00.0s

running (0m43.0s), 038/800 VUs, 1959754 complete and 0 interrupted iterations
pool_saturation_recovery   [  12% ] 038/800 VUs  0m43.0s/6m00.0s

running (0m44.0s), 039/800 VUs, 2004830 complete and 0 interrupted iterations
pool_saturation_recovery   [  12% ] 039/800 VUs  0m44.0s/6m00.0s

running (0m45.0s), 039/800 VUs, 2049617 complete and 0 interrupted iterations
pool_saturation_recovery   [  12% ] 039/800 VUs  0m45.0s/6m00.0s

running (0m46.0s), 040/800 VUs, 2094118 complete and 0 interrupted iterations
pool_saturation_recovery   [  13% ] 040/800 VUs  0m46.0s/6m00.0s

running (0m47.0s), 041/800 VUs, 2139580 complete and 0 interrupted iterations
pool_saturation_recovery   [  13% ] 041/800 VUs  0m47.0s/6m00.0s

running (0m48.0s), 041/800 VUs, 2185053 complete and 0 interrupted iterations
pool_saturation_recovery   [  13% ] 041/800 VUs  0m48.0s/6m00.0s

running (0m49.0s), 042/800 VUs, 2230317 complete and 0 interrupted iterations
pool_saturation_recovery   [  14% ] 042/800 VUs  0m49.0s/6m00.0s

running (0m50.0s), 043/800 VUs, 2274520 complete and 0 interrupted iterations
pool_saturation_recovery   [  14% ] 043/800 VUs  0m50.0s/6m00.0s

running (0m51.0s), 043/800 VUs, 2320678 complete and 0 interrupted iterations
pool_saturation_recovery   [  14% ] 043/800 VUs  0m51.0s/6m00.0s

running (0m52.0s), 044/800 VUs, 2364948 complete and 0 interrupted iterations
pool_saturation_recovery   [  14% ] 044/800 VUs  0m52.0s/6m00.0s

running (0m53.0s), 045/800 VUs, 2409248 complete and 0 interrupted iterations
pool_saturation_recovery   [  15% ] 045/800 VUs  0m53.0s/6m00.0s

running (0m54.0s), 045/800 VUs, 2454552 complete and 0 interrupted iterations
pool_saturation_recovery   [  15% ] 045/800 VUs  0m54.0s/6m00.0s

running (0m55.0s), 046/800 VUs, 2499230 complete and 0 interrupted iterations
pool_saturation_recovery   [  15% ] 046/800 VUs  0m55.0s/6m00.0s

running (0m56.0s), 047/800 VUs, 2544023 complete and 0 interrupted iterations
pool_saturation_recovery   [  16% ] 047/800 VUs  0m56.0s/6m00.0s

running (0m57.0s), 047/800 VUs, 2587262 complete and 0 interrupted iterations
pool_saturation_recovery   [  16% ] 047/800 VUs  0m57.0s/6m00.0s

running (0m58.0s), 048/800 VUs, 2632973 complete and 0 interrupted iterations
pool_saturation_recovery   [  16% ] 048/800 VUs  0m58.0s/6m00.0s

running (0m59.0s), 049/800 VUs, 2677591 complete and 0 interrupted iterations
pool_saturation_recovery   [  16% ] 049/800 VUs  0m59.0s/6m00.0s

running (1m00.0s), 049/800 VUs, 2722382 complete and 0 interrupted iterations
pool_saturation_recovery   [  17% ] 049/800 VUs  1m00.0s/6m00.0s

running (1m01.0s), 050/800 VUs, 2767805 complete and 0 interrupted iterations
pool_saturation_recovery   [  17% ] 050/800 VUs  1m01.0s/6m00.0s

running (1m02.0s), 051/800 VUs, 2813202 complete and 0 interrupted iterations
pool_saturation_recovery   [  17% ] 051/800 VUs  1m02.0s/6m00.0s

running (1m03.0s), 052/800 VUs, 2858788 complete and 0 interrupted iterations
pool_saturation_recovery   [  17% ] 052/800 VUs  1m03.0s/6m00.0s

running (1m04.0s), 053/800 VUs, 2902486 complete and 0 interrupted iterations
pool_saturation_recovery   [  18% ] 053/800 VUs  1m04.0s/6m00.0s

running (1m05.0s), 054/800 VUs, 2946983 complete and 0 interrupted iterations
pool_saturation_recovery   [  18% ] 054/800 VUs  1m05.0s/6m00.0s

running (1m06.0s), 054/800 VUs, 2992285 complete and 0 interrupted iterations
pool_saturation_recovery   [  18% ] 054/800 VUs  1m06.0s/6m00.0s

running (1m07.0s), 055/800 VUs, 3038197 complete and 0 interrupted iterations
pool_saturation_recovery   [  19% ] 055/800 VUs  1m07.0s/6m00.0s

running (1m08.0s), 056/800 VUs, 3083341 complete and 0 interrupted iterations
pool_saturation_recovery   [  19% ] 056/800 VUs  1m08.0s/6m00.0s

running (1m09.0s), 057/800 VUs, 3127583 complete and 0 interrupted iterations
pool_saturation_recovery   [  19% ] 057/800 VUs  1m09.0s/6m00.0s

running (1m10.0s), 058/800 VUs, 3172913 complete and 0 interrupted iterations
pool_saturation_recovery   [  19% ] 058/800 VUs  1m10.0s/6m00.0s

running (1m11.0s), 059/800 VUs, 3216748 complete and 0 interrupted iterations
pool_saturation_recovery   [  20% ] 059/800 VUs  1m11.0s/6m00.0s

running (1m12.0s), 059/800 VUs, 3261887 complete and 0 interrupted iterations
pool_saturation_recovery   [  20% ] 059/800 VUs  1m12.0s/6m00.0s

running (1m13.0s), 060/800 VUs, 3308583 complete and 0 interrupted iterations
pool_saturation_recovery   [  20% ] 060/800 VUs  1m13.0s/6m00.0s

running (1m14.0s), 061/800 VUs, 3352384 complete and 0 interrupted iterations
pool_saturation_recovery   [  21% ] 061/800 VUs  1m14.0s/6m00.0s

running (1m15.0s), 062/800 VUs, 3397167 complete and 0 interrupted iterations
pool_saturation_recovery   [  21% ] 062/800 VUs  1m15.0s/6m00.0s

running (1m16.0s), 063/800 VUs, 3442569 complete and 0 interrupted iterations
pool_saturation_recovery   [  21% ] 063/800 VUs  1m16.0s/6m00.0s

running (1m17.0s), 064/800 VUs, 3488434 complete and 0 interrupted iterations
pool_saturation_recovery   [  21% ] 064/800 VUs  1m17.0s/6m00.0s

running (1m18.0s), 064/800 VUs, 3534716 complete and 0 interrupted iterations
pool_saturation_recovery   [  22% ] 064/800 VUs  1m18.0s/6m00.0s

running (1m19.0s), 065/800 VUs, 3580040 complete and 0 interrupted iterations
pool_saturation_recovery   [  22% ] 065/800 VUs  1m19.0s/6m00.0s

running (1m20.0s), 066/800 VUs, 3624367 complete and 0 interrupted iterations
pool_saturation_recovery   [  22% ] 066/800 VUs  1m20.0s/6m00.0s

running (1m21.0s), 067/800 VUs, 3668863 complete and 0 interrupted iterations
pool_saturation_recovery   [  22% ] 067/800 VUs  1m21.0s/6m00.0s

running (1m22.0s), 068/800 VUs, 3713162 complete and 0 interrupted iterations
pool_saturation_recovery   [  23% ] 068/800 VUs  1m22.0s/6m00.0s

running (1m23.0s), 069/800 VUs, 3757705 complete and 0 interrupted iterations
pool_saturation_recovery   [  23% ] 069/800 VUs  1m23.0s/6m00.0s

running (1m24.0s), 069/800 VUs, 3802464 complete and 0 interrupted iterations
pool_saturation_recovery   [  23% ] 069/800 VUs  1m24.0s/6m00.0s

running (1m25.0s), 070/800 VUs, 3847415 complete and 0 interrupted iterations
pool_saturation_recovery   [  24% ] 070/800 VUs  1m25.0s/6m00.0s

running (1m26.0s), 071/800 VUs, 3891125 complete and 0 interrupted iterations
pool_saturation_recovery   [  24% ] 071/800 VUs  1m26.0s/6m00.0s

running (1m27.0s), 072/800 VUs, 3936040 complete and 0 interrupted iterations
pool_saturation_recovery   [  24% ] 072/800 VUs  1m27.0s/6m00.0s

running (1m28.0s), 073/800 VUs, 3981330 complete and 0 interrupted iterations
pool_saturation_recovery   [  24% ] 073/800 VUs  1m28.0s/6m00.0s

running (1m29.0s), 074/800 VUs, 4025961 complete and 0 interrupted iterations
pool_saturation_recovery   [  25% ] 074/800 VUs  1m29.0s/6m00.0s

running (1m30.0s), 074/800 VUs, 4069951 complete and 0 interrupted iterations
pool_saturation_recovery   [  25% ] 074/800 VUs  1m30.0s/6m00.0s

running (1m31.0s), 075/800 VUs, 4114732 complete and 0 interrupted iterations
pool_saturation_recovery   [  25% ] 075/800 VUs  1m31.0s/6m00.0s

running (1m32.0s), 076/800 VUs, 4159082 complete and 0 interrupted iterations
pool_saturation_recovery   [  26% ] 076/800 VUs  1m32.0s/6m00.0s

running (1m33.0s), 077/800 VUs, 4203278 complete and 0 interrupted iterations
pool_saturation_recovery   [  26% ] 077/800 VUs  1m33.0s/6m00.0s

running (1m34.0s), 078/800 VUs, 4247887 complete and 0 interrupted iterations
pool_saturation_recovery   [  26% ] 078/800 VUs  1m34.0s/6m00.0s

running (1m35.0s), 079/800 VUs, 4291248 complete and 0 interrupted iterations
pool_saturation_recovery   [  26% ] 079/800 VUs  1m35.0s/6m00.0s

running (1m36.0s), 079/800 VUs, 4336150 complete and 0 interrupted iterations
pool_saturation_recovery   [  27% ] 079/800 VUs  1m36.0s/6m00.0s

running (1m37.0s), 080/800 VUs, 4379652 complete and 0 interrupted iterations
pool_saturation_recovery   [  27% ] 080/800 VUs  1m37.0s/6m00.0s

running (1m38.0s), 081/800 VUs, 4424048 complete and 0 interrupted iterations
pool_saturation_recovery   [  27% ] 081/800 VUs  1m38.0s/6m00.0s

running (1m39.0s), 082/800 VUs, 4468843 complete and 0 interrupted iterations
pool_saturation_recovery   [  27% ] 082/800 VUs  1m39.0s/6m00.0s

running (1m40.0s), 083/800 VUs, 4513550 complete and 0 interrupted iterations
pool_saturation_recovery   [  28% ] 083/800 VUs  1m40.0s/6m00.0s

running (1m41.0s), 084/800 VUs, 4557921 complete and 0 interrupted iterations
pool_saturation_recovery   [  28% ] 084/800 VUs  1m41.0s/6m00.0s

running (1m42.0s), 084/800 VUs, 4603207 complete and 0 interrupted iterations
pool_saturation_recovery   [  28% ] 084/800 VUs  1m42.0s/6m00.0s

running (1m43.0s), 085/800 VUs, 4647511 complete and 0 interrupted iterations
pool_saturation_recovery   [  29% ] 085/800 VUs  1m43.0s/6m00.0s

running (1m44.0s), 086/800 VUs, 4691371 complete and 0 interrupted iterations
pool_saturation_recovery   [  29% ] 086/800 VUs  1m44.0s/6m00.0s

running (1m45.0s), 087/800 VUs, 4734335 complete and 0 interrupted iterations
pool_saturation_recovery   [  29% ] 087/800 VUs  1m45.0s/6m00.0s

running (1m46.0s), 088/800 VUs, 4779552 complete and 0 interrupted iterations
pool_saturation_recovery   [  29% ] 088/800 VUs  1m46.0s/6m00.0s

running (1m47.0s), 089/800 VUs, 4821731 complete and 0 interrupted iterations
pool_saturation_recovery   [  30% ] 089/800 VUs  1m47.0s/6m00.0s

running (1m48.0s), 089/800 VUs, 4866289 complete and 0 interrupted iterations
pool_saturation_recovery   [  30% ] 089/800 VUs  1m48.0s/6m00.0s

running (1m49.0s), 090/800 VUs, 4910550 complete and 0 interrupted iterations
pool_saturation_recovery   [  30% ] 090/800 VUs  1m49.0s/6m00.0s

running (1m50.0s), 091/800 VUs, 4954941 complete and 0 interrupted iterations
pool_saturation_recovery   [  31% ] 091/800 VUs  1m50.0s/6m00.0s

running (1m51.0s), 092/800 VUs, 4999143 complete and 0 interrupted iterations
pool_saturation_recovery   [  31% ] 092/800 VUs  1m51.0s/6m00.0s

running (1m52.0s), 093/800 VUs, 5043340 complete and 0 interrupted iterations
pool_saturation_recovery   [  31% ] 093/800 VUs  1m52.0s/6m00.0s

running (1m53.0s), 094/800 VUs, 5087136 complete and 0 interrupted iterations
pool_saturation_recovery   [  31% ] 094/800 VUs  1m53.0s/6m00.0s

running (1m54.0s), 094/800 VUs, 5130968 complete and 0 interrupted iterations
pool_saturation_recovery   [  32% ] 094/800 VUs  1m54.0s/6m00.0s

running (1m55.0s), 095/800 VUs, 5174316 complete and 0 interrupted iterations
pool_saturation_recovery   [  32% ] 095/800 VUs  1m55.0s/6m00.0s

running (1m56.0s), 096/800 VUs, 5217088 complete and 0 interrupted iterations
pool_saturation_recovery   [  32% ] 096/800 VUs  1m56.0s/6m00.0s

running (1m57.0s), 097/800 VUs, 5261007 complete and 0 interrupted iterations
pool_saturation_recovery   [  32% ] 097/800 VUs  1m57.0s/6m00.0s

running (1m58.0s), 098/800 VUs, 5304080 complete and 0 interrupted iterations
pool_saturation_recovery   [  33% ] 098/800 VUs  1m58.0s/6m00.0s

running (1m59.0s), 099/800 VUs, 5347848 complete and 0 interrupted iterations
pool_saturation_recovery   [  33% ] 099/800 VUs  1m59.0s/6m00.0s

running (2m00.0s), 099/800 VUs, 5392455 complete and 0 interrupted iterations
pool_saturation_recovery   [  33% ] 099/800 VUs  2m00.0s/6m00.0s

running (2m01.0s), 101/800 VUs, 5435393 complete and 0 interrupted iterations
pool_saturation_recovery   [  34% ] 101/800 VUs  2m01.0s/6m00.0s

running (2m02.0s), 103/800 VUs, 5477782 complete and 0 interrupted iterations
pool_saturation_recovery   [  34% ] 103/800 VUs  2m02.0s/6m00.0s

running (2m03.0s), 104/800 VUs, 5520920 complete and 0 interrupted iterations
pool_saturation_recovery   [  34% ] 104/800 VUs  2m03.0s/6m00.0s

running (2m04.0s), 106/800 VUs, 5564380 complete and 0 interrupted iterations
pool_saturation_recovery   [  34% ] 106/800 VUs  2m04.0s/6m00.0s

running (2m05.0s), 108/800 VUs, 5606530 complete and 0 interrupted iterations
pool_saturation_recovery   [  35% ] 108/800 VUs  2m05.0s/6m00.0s

running (2m06.0s), 109/800 VUs, 5649506 complete and 0 interrupted iterations
pool_saturation_recovery   [  35% ] 109/800 VUs  2m06.0s/6m00.0s

running (2m07.0s), 111/800 VUs, 5692076 complete and 0 interrupted iterations
pool_saturation_recovery   [  35% ] 111/800 VUs  2m07.0s/6m00.0s

running (2m08.0s), 113/800 VUs, 5733823 complete and 0 interrupted iterations
pool_saturation_recovery   [  36% ] 113/800 VUs  2m08.0s/6m00.0s

running (2m09.0s), 114/800 VUs, 5772712 complete and 0 interrupted iterations
pool_saturation_recovery   [  36% ] 114/800 VUs  2m09.0s/6m00.0s

running (2m10.0s), 116/800 VUs, 5815959 complete and 0 interrupted iterations
pool_saturation_recovery   [  36% ] 116/800 VUs  2m10.0s/6m00.0s

running (2m11.0s), 118/800 VUs, 5859167 complete and 0 interrupted iterations
pool_saturation_recovery   [  36% ] 118/800 VUs  2m11.0s/6m00.0s

running (2m12.0s), 119/800 VUs, 5902870 complete and 0 interrupted iterations
pool_saturation_recovery   [  37% ] 119/800 VUs  2m12.0s/6m00.0s

running (2m13.0s), 121/800 VUs, 5946595 complete and 0 interrupted iterations
pool_saturation_recovery   [  37% ] 121/800 VUs  2m13.0s/6m00.0s

running (2m14.0s), 123/800 VUs, 5989901 complete and 0 interrupted iterations
pool_saturation_recovery   [  37% ] 123/800 VUs  2m14.0s/6m00.0s

running (17m16.1s), 125/800 VUs, 5994456 complete and 0 interrupted iterations
pool_saturation_recovery   [  38% ] 125/800 VUs  2m15.4s/6m00.0s

running (17m16.7s), 126/800 VUs, 5998956 complete and 0 interrupted iterations
pool_saturation_recovery   [  38% ] 126/800 VUs  2m16.0s/6m00.0s

running (17m17.7s), 128/800 VUs, 6025866 complete and 0 interrupted iterations
pool_saturation_recovery   [  38% ] 128/800 VUs  2m17.0s/6m00.0s

running (17m18.7s), 129/800 VUs, 6052031 complete and 0 interrupted iterations
pool_saturation_recovery   [  38% ] 129/800 VUs  2m18.0s/6m00.0s

running (17m19.7s), 131/800 VUs, 6085264 complete and 0 interrupted iterations
pool_saturation_recovery   [  39% ] 131/800 VUs  2m19.0s/6m00.0s

running (17m20.7s), 133/800 VUs, 6126233 complete and 0 interrupted iterations
pool_saturation_recovery   [  39% ] 133/800 VUs  2m20.0s/6m00.0s

running (17m21.7s), 134/800 VUs, 6169487 complete and 0 interrupted iterations
pool_saturation_recovery   [  39% ] 134/800 VUs  2m21.0s/6m00.0s

running (17m22.7s), 136/800 VUs, 6212027 complete and 0 interrupted iterations
pool_saturation_recovery   [  39% ] 136/800 VUs  2m22.0s/6m00.0s

running (17m23.7s), 138/800 VUs, 6256286 complete and 0 interrupted iterations
pool_saturation_recovery   [  40% ] 138/800 VUs  2m23.0s/6m00.0s

running (17m24.7s), 139/800 VUs, 6299608 complete and 0 interrupted iterations
pool_saturation_recovery   [  40% ] 139/800 VUs  2m24.0s/6m00.0s

running (17m25.7s), 141/800 VUs, 6342701 complete and 0 interrupted iterations
pool_saturation_recovery   [  40% ] 141/800 VUs  2m25.0s/6m00.0s

running (17m26.7s), 143/800 VUs, 6383511 complete and 0 interrupted iterations
pool_saturation_recovery   [  41% ] 143/800 VUs  2m26.0s/6m00.0s

running (17m27.7s), 144/800 VUs, 6425447 complete and 0 interrupted iterations
pool_saturation_recovery   [  41% ] 144/800 VUs  2m27.0s/6m00.0s

running (17m28.7s), 146/800 VUs, 6469579 complete and 0 interrupted iterations
pool_saturation_recovery   [  41% ] 146/800 VUs  2m28.0s/6m00.0s

running (17m29.7s), 148/800 VUs, 6512366 complete and 0 interrupted iterations
pool_saturation_recovery   [  41% ] 148/800 VUs  2m29.0s/6m00.0s

running (17m30.7s), 149/800 VUs, 6556512 complete and 0 interrupted iterations
pool_saturation_recovery   [  42% ] 149/800 VUs  2m30.0s/6m00.0s

running (17m31.7s), 151/800 VUs, 6600863 complete and 0 interrupted iterations
pool_saturation_recovery   [  42% ] 151/800 VUs  2m31.0s/6m00.0s

running (17m32.7s), 153/800 VUs, 6644367 complete and 0 interrupted iterations
pool_saturation_recovery   [  42% ] 153/800 VUs  2m32.0s/6m00.0s

running (17m33.7s), 154/800 VUs, 6687323 complete and 0 interrupted iterations
pool_saturation_recovery   [  42% ] 154/800 VUs  2m33.0s/6m00.0s

running (17m34.7s), 156/800 VUs, 6732245 complete and 0 interrupted iterations
pool_saturation_recovery   [  43% ] 156/800 VUs  2m34.0s/6m00.0s

running (17m35.7s), 158/800 VUs, 6775253 complete and 0 interrupted iterations
pool_saturation_recovery   [  43% ] 158/800 VUs  2m35.0s/6m00.0s

running (17m36.7s), 159/800 VUs, 6819445 complete and 0 interrupted iterations
pool_saturation_recovery   [  43% ] 159/800 VUs  2m36.0s/6m00.0s

running (17m37.7s), 161/800 VUs, 6861935 complete and 0 interrupted iterations
pool_saturation_recovery   [  44% ] 161/800 VUs  2m37.0s/6m00.0s

running (17m38.7s), 163/800 VUs, 6904228 complete and 0 interrupted iterations
pool_saturation_recovery   [  44% ] 163/800 VUs  2m38.0s/6m00.0s

running (17m39.7s), 164/800 VUs, 6944026 complete and 0 interrupted iterations
pool_saturation_recovery   [  44% ] 164/800 VUs  2m39.0s/6m00.0s

running (17m40.7s), 166/800 VUs, 6985552 complete and 0 interrupted iterations
pool_saturation_recovery   [  44% ] 166/800 VUs  2m40.0s/6m00.0s

running (17m41.7s), 168/800 VUs, 7024135 complete and 0 interrupted iterations
pool_saturation_recovery   [  45% ] 168/800 VUs  2m41.0s/6m00.0s

running (17m42.7s), 169/800 VUs, 7064510 complete and 0 interrupted iterations
pool_saturation_recovery   [  45% ] 169/800 VUs  2m42.0s/6m00.0s

running (17m43.7s), 171/800 VUs, 7105116 complete and 0 interrupted iterations
pool_saturation_recovery   [  45% ] 171/800 VUs  2m43.0s/6m00.0s

running (17m44.7s), 173/800 VUs, 7146060 complete and 0 interrupted iterations
pool_saturation_recovery   [  46% ] 173/800 VUs  2m44.0s/6m00.0s

running (17m45.7s), 174/800 VUs, 7186333 complete and 0 interrupted iterations
pool_saturation_recovery   [  46% ] 174/800 VUs  2m45.0s/6m00.0s

running (17m46.7s), 176/800 VUs, 7228239 complete and 0 interrupted iterations
pool_saturation_recovery   [  46% ] 176/800 VUs  2m46.0s/6m00.0s

running (17m47.7s), 178/800 VUs, 7268998 complete and 0 interrupted iterations
pool_saturation_recovery   [  46% ] 178/800 VUs  2m47.0s/6m00.0s

running (17m48.7s), 179/800 VUs, 7309960 complete and 0 interrupted iterations
pool_saturation_recovery   [  47% ] 179/800 VUs  2m48.0s/6m00.0s

running (17m49.7s), 181/800 VUs, 7350068 complete and 0 interrupted iterations
pool_saturation_recovery   [  47% ] 181/800 VUs  2m49.0s/6m00.0s

running (17m50.7s), 183/800 VUs, 7390255 complete and 0 interrupted iterations
pool_saturation_recovery   [  47% ] 183/800 VUs  2m50.0s/6m00.0s

running (17m51.7s), 184/800 VUs, 7429208 complete and 0 interrupted iterations
pool_saturation_recovery   [  47% ] 184/800 VUs  2m51.0s/6m00.0s

running (17m52.7s), 186/800 VUs, 7466071 complete and 0 interrupted iterations
pool_saturation_recovery   [  48% ] 186/800 VUs  2m52.0s/6m00.0s

running (17m53.7s), 188/800 VUs, 7502974 complete and 0 interrupted iterations
pool_saturation_recovery   [  48% ] 188/800 VUs  2m53.0s/6m00.0s

running (17m54.7s), 189/800 VUs, 7540785 complete and 0 interrupted iterations
pool_saturation_recovery   [  48% ] 189/800 VUs  2m54.0s/6m00.0s

running (17m55.7s), 191/800 VUs, 7578790 complete and 0 interrupted iterations
pool_saturation_recovery   [  49% ] 191/800 VUs  2m55.0s/6m00.0s

running (17m56.7s), 193/800 VUs, 7616555 complete and 0 interrupted iterations
pool_saturation_recovery   [  49% ] 193/800 VUs  2m56.0s/6m00.0s

running (17m57.7s), 194/800 VUs, 7653729 complete and 0 interrupted iterations
pool_saturation_recovery   [  49% ] 194/800 VUs  2m57.0s/6m00.0s

running (17m58.7s), 196/800 VUs, 7691174 complete and 0 interrupted iterations
pool_saturation_recovery   [  49% ] 196/800 VUs  2m58.0s/6m00.0s

running (17m59.7s), 198/800 VUs, 7728431 complete and 0 interrupted iterations
pool_saturation_recovery   [  50% ] 198/800 VUs  2m59.0s/6m00.0s

running (18m00.7s), 199/800 VUs, 7765055 complete and 0 interrupted iterations
pool_saturation_recovery   [  50% ] 199/800 VUs  3m00.0s/6m00.0s

running (18m01.7s), 203/800 VUs, 7801516 complete and 0 interrupted iterations
pool_saturation_recovery   [  50% ] 203/800 VUs  3m01.0s/6m00.0s

running (34m41.2s), 204/800 VUs, 7815209 complete and 0 interrupted iterations
pool_saturation_recovery   [  51% ] 204/800 VUs  3m02.7s/6m00.0s

running (34m41.4s), 209/800 VUs, 7824806 complete and 0 interrupted iterations
pool_saturation_recovery   [  51% ] 209/800 VUs  3m03.0s/6m00.0s

running (34m42.4s), 213/800 VUs, 7867389 complete and 0 interrupted iterations
pool_saturation_recovery   [  51% ] 213/800 VUs  3m04.0s/6m00.0s

running (34m43.5s), 216/800 VUs, 7905767 complete and 0 interrupted iterations
pool_saturation_recovery   [  51% ] 216/800 VUs  3m05.0s/6m00.0s

running (34m44.5s), 219/800 VUs, 7948908 complete and 0 interrupted iterations
pool_saturation_recovery   [  52% ] 219/800 VUs  3m06.0s/6m00.0s

running (34m45.5s), 223/800 VUs, 7991881 complete and 0 interrupted iterations
pool_saturation_recovery   [  52% ] 223/800 VUs  3m07.0s/6m00.0s

running (34m46.5s), 226/800 VUs, 8035314 complete and 0 interrupted iterations
pool_saturation_recovery   [  52% ] 226/800 VUs  3m08.0s/6m00.0s

running (34m47.5s), 229/800 VUs, 8079070 complete and 0 interrupted iterations
pool_saturation_recovery   [  52% ] 229/800 VUs  3m09.0s/6m00.0s

running (34m48.5s), 233/800 VUs, 8123269 complete and 0 interrupted iterations
pool_saturation_recovery   [  53% ] 233/800 VUs  3m10.0s/6m00.0s

running (34m49.5s), 236/800 VUs, 8165761 complete and 0 interrupted iterations
pool_saturation_recovery   [  53% ] 236/800 VUs  3m11.0s/6m00.0s

running (34m50.5s), 239/800 VUs, 8210744 complete and 0 interrupted iterations
pool_saturation_recovery   [  53% ] 239/800 VUs  3m12.0s/6m00.0s

running (34m51.5s), 243/800 VUs, 8254834 complete and 0 interrupted iterations
pool_saturation_recovery   [  54% ] 243/800 VUs  3m13.0s/6m00.0s

running (34m52.5s), 246/800 VUs, 8298214 complete and 0 interrupted iterations
pool_saturation_recovery   [  54% ] 246/800 VUs  3m14.0s/6m00.0s

running (34m53.5s), 249/800 VUs, 8343221 complete and 0 interrupted iterations
pool_saturation_recovery   [  54% ] 249/800 VUs  3m15.0s/6m00.0s

running (34m54.5s), 253/800 VUs, 8386720 complete and 0 interrupted iterations
pool_saturation_recovery   [  54% ] 253/800 VUs  3m16.0s/6m00.0s

running (34m55.5s), 256/800 VUs, 8429664 complete and 0 interrupted iterations
pool_saturation_recovery   [  55% ] 256/800 VUs  3m17.0s/6m00.0s

running (34m56.5s), 259/800 VUs, 8473757 complete and 0 interrupted iterations
pool_saturation_recovery   [  55% ] 259/800 VUs  3m18.0s/6m00.0s

running (34m57.5s), 263/800 VUs, 8517047 complete and 0 interrupted iterations
pool_saturation_recovery   [  55% ] 263/800 VUs  3m19.0s/6m00.0s

running (34m58.5s), 266/800 VUs, 8559702 complete and 0 interrupted iterations
pool_saturation_recovery   [  56% ] 266/800 VUs  3m20.0s/6m00.0s

running (34m59.5s), 269/800 VUs, 8603614 complete and 0 interrupted iterations
pool_saturation_recovery   [  56% ] 269/800 VUs  3m21.0s/6m00.0s

running (35m00.5s), 273/800 VUs, 8647412 complete and 0 interrupted iterations
pool_saturation_recovery   [  56% ] 273/800 VUs  3m22.0s/6m00.0s

running (35m01.5s), 276/800 VUs, 8689990 complete and 0 interrupted iterations
pool_saturation_recovery   [  56% ] 276/800 VUs  3m23.0s/6m00.0s

running (35m02.5s), 279/800 VUs, 8731792 complete and 0 interrupted iterations
pool_saturation_recovery   [  57% ] 279/800 VUs  3m24.0s/6m00.0s

running (35m03.5s), 283/800 VUs, 8775402 complete and 0 interrupted iterations
pool_saturation_recovery   [  57% ] 283/800 VUs  3m25.0s/6m00.0s

running (35m04.5s), 286/800 VUs, 8817446 complete and 0 interrupted iterations
pool_saturation_recovery   [  57% ] 286/800 VUs  3m26.0s/6m00.0s

running (35m05.5s), 289/800 VUs, 8860929 complete and 0 interrupted iterations
pool_saturation_recovery   [  57% ] 289/800 VUs  3m27.0s/6m00.0s

running (35m06.5s), 293/800 VUs, 8904524 complete and 0 interrupted iterations
pool_saturation_recovery   [  58% ] 293/800 VUs  3m28.0s/6m00.0s

running (35m07.5s), 296/800 VUs, 8947287 complete and 0 interrupted iterations
pool_saturation_recovery   [  58% ] 296/800 VUs  3m29.0s/6m00.0s

running (35m08.5s), 299/800 VUs, 8990171 complete and 0 interrupted iterations
pool_saturation_recovery   [  58% ] 299/800 VUs  3m30.0s/6m00.0s

running (35m09.5s), 303/800 VUs, 9034862 complete and 0 interrupted iterations
pool_saturation_recovery   [  59% ] 303/800 VUs  3m31.0s/6m00.0s

running (35m10.5s), 306/800 VUs, 9078369 complete and 0 interrupted iterations
pool_saturation_recovery   [  59% ] 306/800 VUs  3m32.0s/6m00.0s

running (35m11.5s), 309/800 VUs, 9121427 complete and 0 interrupted iterations
pool_saturation_recovery   [  59% ] 309/800 VUs  3m33.0s/6m00.0s

running (35m12.5s), 313/800 VUs, 9165698 complete and 0 interrupted iterations
pool_saturation_recovery   [  59% ] 313/800 VUs  3m34.0s/6m00.0s

running (35m13.5s), 316/800 VUs, 9208101 complete and 0 interrupted iterations
pool_saturation_recovery   [  60% ] 316/800 VUs  3m35.0s/6m00.0s

running (35m14.5s), 319/800 VUs, 9250168 complete and 0 interrupted iterations
pool_saturation_recovery   [  60% ] 319/800 VUs  3m36.0s/6m00.0s

running (35m15.5s), 323/800 VUs, 9290603 complete and 0 interrupted iterations
pool_saturation_recovery   [  60% ] 323/800 VUs  3m37.0s/6m00.0s

running (35m16.5s), 326/800 VUs, 9328341 complete and 0 interrupted iterations
pool_saturation_recovery   [  61% ] 326/800 VUs  3m38.0s/6m00.0s

running (35m17.5s), 329/800 VUs, 9365373 complete and 0 interrupted iterations
pool_saturation_recovery   [  61% ] 329/800 VUs  3m39.0s/6m00.0s

running (35m18.5s), 333/800 VUs, 9404458 complete and 0 interrupted iterations
pool_saturation_recovery   [  61% ] 333/800 VUs  3m40.0s/6m00.0s

running (35m19.5s), 336/800 VUs, 9443440 complete and 0 interrupted iterations
pool_saturation_recovery   [  61% ] 336/800 VUs  3m41.0s/6m00.0s

running (35m20.5s), 339/800 VUs, 9483687 complete and 0 interrupted iterations
pool_saturation_recovery   [  62% ] 339/800 VUs  3m42.0s/6m00.0s

running (35m21.5s), 343/800 VUs, 9523319 complete and 0 interrupted iterations
pool_saturation_recovery   [  62% ] 343/800 VUs  3m43.0s/6m00.0s

running (35m22.5s), 346/800 VUs, 9563022 complete and 0 interrupted iterations
pool_saturation_recovery   [  62% ] 346/800 VUs  3m44.0s/6m00.0s

running (35m23.5s), 349/800 VUs, 9603294 complete and 0 interrupted iterations
pool_saturation_recovery   [  62% ] 349/800 VUs  3m45.0s/6m00.0s

running (35m24.5s), 353/800 VUs, 9642831 complete and 0 interrupted iterations
pool_saturation_recovery   [  63% ] 353/800 VUs  3m46.0s/6m00.0s

running (35m25.5s), 356/800 VUs, 9681537 complete and 0 interrupted iterations
pool_saturation_recovery   [  63% ] 356/800 VUs  3m47.0s/6m00.0s

running (35m26.5s), 359/800 VUs, 9719861 complete and 0 interrupted iterations
pool_saturation_recovery   [  63% ] 359/800 VUs  3m48.0s/6m00.0s

running (53m05.2s), 362/800 VUs, 9750764 complete and 0 interrupted iterations
pool_saturation_recovery   [  64% ] 362/800 VUs  3m50.1s/6m00.0s

running (53m06.1s), 369/800 VUs, 9783497 complete and 0 interrupted iterations
pool_saturation_recovery   [  64% ] 369/800 VUs  3m51.0s/6m00.0s

running (53m07.1s), 373/800 VUs, 9825848 complete and 0 interrupted iterations
pool_saturation_recovery   [  64% ] 373/800 VUs  3m52.0s/6m00.0s

running (53m08.1s), 376/800 VUs, 9866776 complete and 0 interrupted iterations
pool_saturation_recovery   [  65% ] 376/800 VUs  3m53.0s/6m00.0s

running (53m09.1s), 379/800 VUs, 9910332 complete and 0 interrupted iterations
pool_saturation_recovery   [  65% ] 379/800 VUs  3m54.0s/6m00.0s

running (53m10.1s), 383/800 VUs, 9952928 complete and 0 interrupted iterations
pool_saturation_recovery   [  65% ] 383/800 VUs  3m55.0s/6m00.0s

running (53m11.1s), 386/800 VUs, 9994386 complete and 0 interrupted iterations
pool_saturation_recovery   [  66% ] 386/800 VUs  3m56.0s/6m00.0s

running (53m12.1s), 389/800 VUs, 10037783 complete and 0 interrupted iterations
pool_saturation_recovery   [  66% ] 389/800 VUs  3m57.0s/6m00.0s

running (53m13.1s), 393/800 VUs, 10081204 complete and 0 interrupted iterations
pool_saturation_recovery   [  66% ] 393/800 VUs  3m58.0s/6m00.0s

running (53m14.1s), 396/800 VUs, 10124679 complete and 0 interrupted iterations
pool_saturation_recovery   [  66% ] 396/800 VUs  3m59.0s/6m00.0s

running (53m15.1s), 399/800 VUs, 10167134 complete and 0 interrupted iterations
pool_saturation_recovery   [  67% ] 399/800 VUs  4m00.0s/6m00.0s

running (53m16.1s), 406/800 VUs, 10210558 complete and 0 interrupted iterations
pool_saturation_recovery   [  67% ] 406/800 VUs  4m01.0s/6m00.0s

running (53m17.1s), 413/800 VUs, 10254109 complete and 0 interrupted iterations
pool_saturation_recovery   [  67% ] 413/800 VUs  4m02.0s/6m00.0s

running (53m18.1s), 419/800 VUs, 10296416 complete and 0 interrupted iterations
pool_saturation_recovery   [  67% ] 419/800 VUs  4m03.0s/6m00.0s

running (53m19.1s), 426/800 VUs, 10341067 complete and 0 interrupted iterations
pool_saturation_recovery   [  68% ] 426/800 VUs  4m04.0s/6m00.0s

running (53m20.1s), 433/800 VUs, 10385232 complete and 0 interrupted iterations
pool_saturation_recovery   [  68% ] 433/800 VUs  4m05.0s/6m00.0s

running (53m21.1s), 439/800 VUs, 10428592 complete and 0 interrupted iterations
pool_saturation_recovery   [  68% ] 439/800 VUs  4m06.0s/6m00.0s

running (53m22.1s), 446/800 VUs, 10472456 complete and 0 interrupted iterations
pool_saturation_recovery   [  69% ] 446/800 VUs  4m07.0s/6m00.0s

running (53m23.1s), 453/800 VUs, 10515996 complete and 0 interrupted iterations
pool_saturation_recovery   [  69% ] 453/800 VUs  4m08.0s/6m00.0s

running (53m24.1s), 459/800 VUs, 10558582 complete and 0 interrupted iterations
pool_saturation_recovery   [  69% ] 459/800 VUs  4m09.0s/6m00.0s

running (53m25.1s), 466/800 VUs, 10602539 complete and 0 interrupted iterations
pool_saturation_recovery   [  69% ] 466/800 VUs  4m10.0s/6m00.0s

running (53m26.1s), 473/800 VUs, 10645751 complete and 0 interrupted iterations
pool_saturation_recovery   [  70% ] 473/800 VUs  4m11.0s/6m00.0s

running (53m27.1s), 479/800 VUs, 10689045 complete and 0 interrupted iterations
pool_saturation_recovery   [  70% ] 479/800 VUs  4m12.0s/6m00.0s

running (53m28.1s), 486/800 VUs, 10732216 complete and 0 interrupted iterations
pool_saturation_recovery   [  70% ] 486/800 VUs  4m13.0s/6m00.0s

running (53m29.1s), 493/800 VUs, 10775456 complete and 0 interrupted iterations
pool_saturation_recovery   [  71% ] 493/800 VUs  4m14.0s/6m00.0s

running (53m30.1s), 499/800 VUs, 10819389 complete and 0 interrupted iterations
pool_saturation_recovery   [  71% ] 499/800 VUs  4m15.0s/6m00.0s

running (53m31.1s), 506/800 VUs, 10864588 complete and 0 interrupted iterations
pool_saturation_recovery   [  71% ] 506/800 VUs  4m16.0s/6m00.0s

running (53m32.1s), 513/800 VUs, 10907844 complete and 0 interrupted iterations
pool_saturation_recovery   [  71% ] 513/800 VUs  4m17.0s/6m00.0s

running (53m33.1s), 519/800 VUs, 10951539 complete and 0 interrupted iterations
pool_saturation_recovery   [  72% ] 519/800 VUs  4m18.0s/6m00.0s

running (53m34.1s), 526/800 VUs, 10994921 complete and 0 interrupted iterations
pool_saturation_recovery   [  72% ] 526/800 VUs  4m19.0s/6m00.0s

running (53m35.1s), 533/800 VUs, 11039125 complete and 0 interrupted iterations
pool_saturation_recovery   [  72% ] 533/800 VUs  4m20.0s/6m00.0s

running (53m36.1s), 539/800 VUs, 11080710 complete and 0 interrupted iterations
pool_saturation_recovery   [  72% ] 539/800 VUs  4m21.0s/6m00.0s

running (53m37.1s), 546/800 VUs, 11123680 complete and 0 interrupted iterations
pool_saturation_recovery   [  73% ] 546/800 VUs  4m22.0s/6m00.0s

running (53m38.1s), 553/800 VUs, 11168222 complete and 0 interrupted iterations
pool_saturation_recovery   [  73% ] 553/800 VUs  4m23.0s/6m00.0s

running (53m39.1s), 559/800 VUs, 11211809 complete and 0 interrupted iterations
pool_saturation_recovery   [  73% ] 559/800 VUs  4m24.0s/6m00.0s

running (53m40.1s), 566/800 VUs, 11255391 complete and 0 interrupted iterations
pool_saturation_recovery   [  74% ] 566/800 VUs  4m25.0s/6m00.0s

running (53m41.1s), 573/800 VUs, 11298842 complete and 0 interrupted iterations
pool_saturation_recovery   [  74% ] 573/800 VUs  4m26.0s/6m00.0s

running (53m42.1s), 579/800 VUs, 11343171 complete and 0 interrupted iterations
pool_saturation_recovery   [  74% ] 579/800 VUs  4m27.0s/6m00.0s

running (53m43.1s), 586/800 VUs, 11387226 complete and 0 interrupted iterations
pool_saturation_recovery   [  74% ] 586/800 VUs  4m28.0s/6m00.0s

running (53m44.1s), 593/800 VUs, 11430645 complete and 0 interrupted iterations
pool_saturation_recovery   [  75% ] 593/800 VUs  4m29.0s/6m00.0s

running (53m45.1s), 599/800 VUs, 11472505 complete and 0 interrupted iterations
pool_saturation_recovery   [  75% ] 599/800 VUs  4m30.0s/6m00.0s

running (53m46.1s), 606/800 VUs, 11513514 complete and 0 interrupted iterations
pool_saturation_recovery   [  75% ] 606/800 VUs  4m31.0s/6m00.0s

running (53m47.1s), 613/800 VUs, 11551177 complete and 0 interrupted iterations
pool_saturation_recovery   [  76% ] 613/800 VUs  4m32.0s/6m00.0s

running (53m48.1s), 619/800 VUs, 11590763 complete and 0 interrupted iterations
pool_saturation_recovery   [  76% ] 619/800 VUs  4m33.0s/6m00.0s

running (53m49.1s), 626/800 VUs, 11630657 complete and 0 interrupted iterations
pool_saturation_recovery   [  76% ] 626/800 VUs  4m34.0s/6m00.0s

running (53m50.1s), 633/800 VUs, 11671295 complete and 0 interrupted iterations
pool_saturation_recovery   [  76% ] 633/800 VUs  4m35.0s/6m00.0s

running (53m51.1s), 639/800 VUs, 11711502 complete and 0 interrupted iterations
pool_saturation_recovery   [  77% ] 639/800 VUs  4m36.0s/6m00.0s

running (1h04m39.1s), 640/800 VUs, 11713676 complete and 0 interrupted iterations
pool_saturation_recovery   [  77% ] 640/800 VUs  4m37.4s/6m00.0s

running (1h04m39.7s), 653/800 VUs, 11723295 complete and 0 interrupted iterations
pool_saturation_recovery   [  77% ] 653/800 VUs  4m38.0s/6m00.0s

running (1h04m40.7s), 659/800 VUs, 11759490 complete and 0 interrupted iterations
pool_saturation_recovery   [  77% ] 659/800 VUs  4m39.0s/6m00.0s

running (1h04m41.7s), 666/800 VUs, 11798174 complete and 0 interrupted iterations
pool_saturation_recovery   [  78% ] 666/800 VUs  4m40.0s/6m00.0s

running (1h04m42.7s), 673/800 VUs, 11836251 complete and 0 interrupted iterations
pool_saturation_recovery   [  78% ] 673/800 VUs  4m41.0s/6m00.0s

running (1h04m43.7s), 679/800 VUs, 11869769 complete and 0 interrupted iterations
pool_saturation_recovery   [  78% ] 679/800 VUs  4m42.0s/6m00.0s

running (1h04m44.7s), 686/800 VUs, 11911014 complete and 0 interrupted iterations
pool_saturation_recovery   [  79% ] 686/800 VUs  4m43.0s/6m00.0s

running (1h04m45.7s), 693/800 VUs, 11954789 complete and 0 interrupted iterations
pool_saturation_recovery   [  79% ] 693/800 VUs  4m44.0s/6m00.0s

running (1h04m46.7s), 699/800 VUs, 12000209 complete and 0 interrupted iterations
pool_saturation_recovery   [  79% ] 699/800 VUs  4m45.0s/6m00.0s

running (1h04m47.7s), 706/800 VUs, 12045630 complete and 0 interrupted iterations
pool_saturation_recovery   [  79% ] 706/800 VUs  4m46.0s/6m00.0s

running (1h04m48.7s), 713/800 VUs, 12077680 complete and 0 interrupted iterations
pool_saturation_recovery   [  80% ] 713/800 VUs  4m47.0s/6m00.0s

running (1h04m49.7s), 719/800 VUs, 12119389 complete and 0 interrupted iterations
pool_saturation_recovery   [  80% ] 719/800 VUs  4m48.0s/6m00.0s

running (1h04m50.7s), 726/800 VUs, 12161742 complete and 0 interrupted iterations
pool_saturation_recovery   [  80% ] 726/800 VUs  4m49.0s/6m00.0s

running (1h04m51.7s), 733/800 VUs, 12203979 complete and 0 interrupted iterations
pool_saturation_recovery   [  81% ] 733/800 VUs  4m50.0s/6m00.0s

running (1h04m52.7s), 739/800 VUs, 12245331 complete and 0 interrupted iterations
pool_saturation_recovery   [  81% ] 739/800 VUs  4m51.0s/6m00.0s

running (1h04m53.7s), 746/800 VUs, 12283288 complete and 0 interrupted iterations
pool_saturation_recovery   [  81% ] 746/800 VUs  4m52.0s/6m00.0s

running (1h04m54.7s), 753/800 VUs, 12324652 complete and 0 interrupted iterations
pool_saturation_recovery   [  81% ] 753/800 VUs  4m53.0s/6m00.0s

running (1h04m55.7s), 759/800 VUs, 12368011 complete and 0 interrupted iterations
pool_saturation_recovery   [  82% ] 759/800 VUs  4m54.0s/6m00.0s

running (1h04m56.7s), 766/800 VUs, 12413723 complete and 0 interrupted iterations
pool_saturation_recovery   [  82% ] 766/800 VUs  4m55.0s/6m00.0s

running (1h04m57.7s), 773/800 VUs, 12460530 complete and 0 interrupted iterations
pool_saturation_recovery   [  82% ] 773/800 VUs  4m56.0s/6m00.0s

running (1h04m58.7s), 779/800 VUs, 12503312 complete and 0 interrupted iterations
pool_saturation_recovery   [  82% ] 779/800 VUs  4m57.0s/6m00.0s

running (1h04m59.7s), 786/800 VUs, 12548626 complete and 0 interrupted iterations
pool_saturation_recovery   [  83% ] 786/800 VUs  4m58.0s/6m00.0s

running (1h05m00.7s), 793/800 VUs, 12596629 complete and 0 interrupted iterations
pool_saturation_recovery   [  83% ] 793/800 VUs  4m59.0s/6m00.0s

running (1h05m01.7s), 799/800 VUs, 12643416 complete and 0 interrupted iterations
pool_saturation_recovery   [  83% ] 799/800 VUs  5m00.0s/6m00.0s

running (1h05m02.7s), 788/800 VUs, 12690130 complete and 0 interrupted iterations
pool_saturation_recovery   [  84% ] 788/800 VUs  5m01.0s/6m00.0s

running (1h05m03.7s), 776/800 VUs, 12737064 complete and 0 interrupted iterations
pool_saturation_recovery   [  84% ] 776/800 VUs  5m02.0s/6m00.0s

running (1h05m04.7s), 763/800 VUs, 12783252 complete and 0 interrupted iterations
pool_saturation_recovery   [  84% ] 763/800 VUs  5m03.0s/6m00.0s

running (1h05m05.7s), 751/800 VUs, 12815036 complete and 0 interrupted iterations
pool_saturation_recovery   [  84% ] 751/800 VUs  5m04.0s/6m00.0s

running (1h05m06.7s), 738/800 VUs, 12843134 complete and 0 interrupted iterations
pool_saturation_recovery   [  85% ] 738/800 VUs  5m05.0s/6m00.0s

running (1h05m07.7s), 726/800 VUs, 12875263 complete and 0 interrupted iterations
pool_saturation_recovery   [  85% ] 726/800 VUs  5m06.0s/6m00.0s

running (1h05m08.7s), 713/800 VUs, 12914751 complete and 0 interrupted iterations
pool_saturation_recovery   [  85% ] 713/800 VUs  5m07.0s/6m00.0s

running (1h05m09.7s), 701/800 VUs, 12956813 complete and 0 interrupted iterations
pool_saturation_recovery   [  86% ] 701/800 VUs  5m08.0s/6m00.0s

running (1h05m10.7s), 689/800 VUs, 12998433 complete and 0 interrupted iterations
pool_saturation_recovery   [  86% ] 689/800 VUs  5m09.0s/6m00.0s

running (1h05m11.7s), 676/800 VUs, 13037707 complete and 0 interrupted iterations
pool_saturation_recovery   [  86% ] 676/800 VUs  5m10.0s/6m00.0s

running (1h05m12.7s), 664/800 VUs, 13070739 complete and 0 interrupted iterations
pool_saturation_recovery   [  86% ] 664/800 VUs  5m11.0s/6m00.0s

running (1h05m13.7s), 651/800 VUs, 13104607 complete and 0 interrupted iterations
pool_saturation_recovery   [  87% ] 651/800 VUs  5m12.0s/6m00.0s

running (1h05m14.7s), 638/800 VUs, 13134223 complete and 0 interrupted iterations
pool_saturation_recovery   [  87% ] 638/800 VUs  5m13.0s/6m00.0s

running (1h05m15.7s), 626/800 VUs, 13172852 complete and 0 interrupted iterations
pool_saturation_recovery   [  87% ] 626/800 VUs  5m14.0s/6m00.0s

running (1h05m16.7s), 614/800 VUs, 13211682 complete and 0 interrupted iterations
pool_saturation_recovery   [  87% ] 614/800 VUs  5m15.0s/6m00.0s

running (1h05m17.7s), 601/800 VUs, 13249743 complete and 0 interrupted iterations
pool_saturation_recovery   [  88% ] 601/800 VUs  5m16.0s/6m00.0s

running (1h05m18.7s), 588/800 VUs, 13288557 complete and 0 interrupted iterations
pool_saturation_recovery   [  88% ] 588/800 VUs  5m17.0s/6m00.0s

running (1h05m19.7s), 576/800 VUs, 13332280 complete and 0 interrupted iterations
pool_saturation_recovery   [  88% ] 576/800 VUs  5m18.0s/6m00.0s

running (1h05m20.7s), 563/800 VUs, 13377707 complete and 0 interrupted iterations
pool_saturation_recovery   [  89% ] 563/800 VUs  5m19.0s/6m00.0s

running (1h05m21.7s), 551/800 VUs, 13425098 complete and 0 interrupted iterations
pool_saturation_recovery   [  89% ] 551/800 VUs  5m20.0s/6m00.0s

running (1h05m22.7s), 538/800 VUs, 13471535 complete and 0 interrupted iterations
pool_saturation_recovery   [  89% ] 538/800 VUs  5m21.0s/6m00.0s

running (1h05m23.7s), 526/800 VUs, 13516704 complete and 0 interrupted iterations
pool_saturation_recovery   [  89% ] 526/800 VUs  5m22.0s/6m00.0s

running (1h05m24.7s), 513/800 VUs, 13563944 complete and 0 interrupted iterations
pool_saturation_recovery   [  90% ] 513/800 VUs  5m23.0s/6m00.0s

running (1h05m25.7s), 501/800 VUs, 13611422 complete and 0 interrupted iterations
pool_saturation_recovery   [  90% ] 501/800 VUs  5m24.0s/6m00.0s

running (1h05m26.7s), 488/800 VUs, 13657815 complete and 0 interrupted iterations
pool_saturation_recovery   [  90% ] 488/800 VUs  5m25.0s/6m00.0s

running (1h05m27.7s), 476/800 VUs, 13705691 complete and 0 interrupted iterations
pool_saturation_recovery   [  91% ] 476/800 VUs  5m26.0s/6m00.0s

running (1h05m28.7s), 463/800 VUs, 13752013 complete and 0 interrupted iterations
pool_saturation_recovery   [  91% ] 463/800 VUs  5m27.0s/6m00.0s

running (1h05m29.7s), 451/800 VUs, 13800208 complete and 0 interrupted iterations
pool_saturation_recovery   [  91% ] 451/800 VUs  5m28.0s/6m00.0s

running (1h05m30.7s), 438/800 VUs, 13848247 complete and 0 interrupted iterations
pool_saturation_recovery   [  91% ] 438/800 VUs  5m29.0s/6m00.0s

running (1h05m31.7s), 426/800 VUs, 13895388 complete and 0 interrupted iterations
pool_saturation_recovery   [  92% ] 426/800 VUs  5m30.0s/6m00.0s

running (1h05m32.7s), 413/800 VUs, 13942136 complete and 0 interrupted iterations
pool_saturation_recovery   [  92% ] 413/800 VUs  5m31.0s/6m00.0s

running (1h05m33.7s), 401/800 VUs, 13988820 complete and 0 interrupted iterations
pool_saturation_recovery   [  92% ] 401/800 VUs  5m32.0s/6m00.0s

running (1h05m34.7s), 388/800 VUs, 14033431 complete and 0 interrupted iterations
pool_saturation_recovery   [  92% ] 388/800 VUs  5m33.0s/6m00.0s

running (1h05m35.7s), 376/800 VUs, 14079433 complete and 0 interrupted iterations
pool_saturation_recovery   [  93% ] 376/800 VUs  5m34.0s/6m00.0s

running (1h05m36.7s), 363/800 VUs, 14126122 complete and 0 interrupted iterations
pool_saturation_recovery   [  93% ] 363/800 VUs  5m35.0s/6m00.0s

running (1h05m37.7s), 351/800 VUs, 14173218 complete and 0 interrupted iterations
pool_saturation_recovery   [  93% ] 351/800 VUs  5m36.0s/6m00.0s

running (1h05m38.7s), 338/800 VUs, 14219288 complete and 0 interrupted iterations
pool_saturation_recovery   [  94% ] 338/800 VUs  5m37.0s/6m00.0s

running (1h05m39.7s), 326/800 VUs, 14266957 complete and 0 interrupted iterations
pool_saturation_recovery   [  94% ] 326/800 VUs  5m38.0s/6m00.0s

running (1h05m40.7s), 313/800 VUs, 14313395 complete and 0 interrupted iterations
pool_saturation_recovery   [  94% ] 313/800 VUs  5m39.0s/6m00.0s

running (1h05m41.7s), 301/800 VUs, 14363056 complete and 0 interrupted iterations
pool_saturation_recovery   [  94% ] 301/800 VUs  5m40.0s/6m00.0s

running (1h05m42.7s), 288/800 VUs, 14410448 complete and 0 interrupted iterations
pool_saturation_recovery   [  95% ] 288/800 VUs  5m41.0s/6m00.0s

running (1h05m43.7s), 276/800 VUs, 14458554 complete and 0 interrupted iterations
pool_saturation_recovery   [  95% ] 276/800 VUs  5m42.0s/6m00.0s

running (1h05m44.7s), 263/800 VUs, 14507120 complete and 0 interrupted iterations
pool_saturation_recovery   [  95% ] 263/800 VUs  5m43.0s/6m00.0s

running (1h05m45.7s), 251/800 VUs, 14556362 complete and 0 interrupted iterations
pool_saturation_recovery   [  96% ] 251/800 VUs  5m44.0s/6m00.0s

running (1h05m46.7s), 238/800 VUs, 14602404 complete and 0 interrupted iterations
pool_saturation_recovery   [  96% ] 238/800 VUs  5m45.0s/6m00.0s

running (1h05m47.7s), 226/800 VUs, 14651575 complete and 0 interrupted iterations
pool_saturation_recovery   [  96% ] 226/800 VUs  5m46.0s/6m00.0s

running (1h05m48.7s), 213/800 VUs, 14699624 complete and 0 interrupted iterations
pool_saturation_recovery   [  96% ] 213/800 VUs  5m47.0s/6m00.0s

running (1h05m49.7s), 201/800 VUs, 14747984 complete and 0 interrupted iterations
pool_saturation_recovery   [  97% ] 201/800 VUs  5m48.0s/6m00.0s

running (1h05m50.7s), 188/800 VUs, 14794861 complete and 0 interrupted iterations
pool_saturation_recovery   [  97% ] 188/800 VUs  5m49.0s/6m00.0s

running (1h05m51.7s), 176/800 VUs, 14835184 complete and 0 interrupted iterations
pool_saturation_recovery   [  97% ] 176/800 VUs  5m50.0s/6m00.0s

running (1h05m52.7s), 163/800 VUs, 14866887 complete and 0 interrupted iterations
pool_saturation_recovery   [  97% ] 163/800 VUs  5m51.0s/6m00.0s

running (1h05m53.7s), 151/800 VUs, 14896303 complete and 0 interrupted iterations
pool_saturation_recovery   [  98% ] 151/800 VUs  5m52.0s/6m00.0s

running (1h05m54.7s), 138/800 VUs, 14934653 complete and 0 interrupted iterations
pool_saturation_recovery   [  98% ] 138/800 VUs  5m53.0s/6m00.0s

running (1h05m55.7s), 126/800 VUs, 14980246 complete and 0 interrupted iterations
pool_saturation_recovery   [  98% ] 126/800 VUs  5m54.0s/6m00.0s

running (1h05m56.7s), 113/800 VUs, 15022702 complete and 0 interrupted iterations
pool_saturation_recovery   [  99% ] 113/800 VUs  5m55.0s/6m00.0s

running (1h05m57.7s), 101/800 VUs, 15070473 complete and 0 interrupted iterations
pool_saturation_recovery   [  99% ] 101/800 VUs  5m56.0s/6m00.0s

running (1h05m58.7s), 088/800 VUs, 15115275 complete and 0 interrupted iterations
pool_saturation_recovery   [  99% ] 088/800 VUs  5m57.0s/6m00.0s

running (1h05m59.7s), 076/800 VUs, 15163872 complete and 0 interrupted iterations
pool_saturation_recovery   [  99% ] 076/800 VUs  5m58.0s/6m00.0s

running (1h06m00.7s), 063/800 VUs, 15210358 complete and 0 interrupted iterations
pool_saturation_recovery   [ 100% ] 063/800 VUs  5m59.0s/6m00.0s

running (1h06m01.7s), 051/800 VUs, 15259245 complete and 0 interrupted iterations
pool_saturation_recovery   [ 100% ] 051/800 VUs  6m00.0s/6m00.0s

running (1h06m01.7s), 000/800 VUs, 15260319 complete and 0 interrupted iterations
pool_saturation_recovery ✓ [ 100% ] 000/800 VUs  6m0s

running (1h06m01.7s), 000/800 VUs, 15260319 complete and 0 interrupted iterations
pool_saturation_recovery ✓ [ 100% ] 000/800 VUs  6m0s


  █ THRESHOLDS 

    http_req_duration
    ✓ 'p(99)<1500' p(99)=23.19ms

    http_req_failed
    ✗ 'rate<0.15' rate=100.00%


  █ TOTAL RESULTS 

    checks_total.......: 15260319 3851.963633/s
    checks_succeeded...: 100.00%  15260319 out of 15260319
    checks_failed......: 0.00%    0 out of 15260319

    ✓ status is 200 or 404

    HTTP
    http_req_duration....: avg=78.64ms med=4.13ms max=17m37s p(95)=16.82ms p(99)=23.19ms p(99.9)=62.74ms
    http_req_failed......: 100.00%  15260319 out of 15260319
    http_reqs............: 15260319 3851.963633/s

    EXECUTION
    iteration_duration...: avg=6.19ms  med=4.16ms max=1.4s   p(95)=16.85ms p(99)=23.23ms p(99.9)=62.8ms 
    iterations...........: 15260319 3851.963633/s
    vus..................: 51       min=10                   max=799
    vus_max..............: 800      min=800                  max=800

    NETWORK
    data_received........: 2.2 GB   543 kB/s
    data_sent............: 1.7 GB   431 kB/s




running (1h06m01.7s), 000/800 VUs, 15260319 complete and 0 interrupted iterations
pool_saturation_recovery ✓ [ 100% ] 000/800 VUs  6m0s
