
         /\      Grafana   /‾‾/  
    /\  /  \     |\  __   /  /   
   /  \/    \    | |/ /  /   ‾‾\ 
  /          \   |   (  |  (‾)  |
 / __________ \  |_|\_\  \_____/ 


     execution: local
        script: /Users/hrirks/video-gen/prod.garbagedestroyer/projects/rust-go-dotnet-microservice-2026/bench/k6/tail-latency.js
        output: -

     scenarios: (100.00%) 1 scenario, 3000 max VUs, 8m0s max duration (incl. graceful stop):
              * tail_open_loop: Up to 20000.00 iterations/s for 7m30s over 5 stages (maxVUs: 300-3000, gracefulStop: 30s)


running (0m01.0s), 0004/0300 VUs, 1945 complete and 0 interrupted iterations
tail_open_loop   [   0% ] 0004/0300 VUs  0m01.0s/7m30s  02000.00 iters/s

running (0m02.0s), 0016/0300 VUs, 3933 complete and 0 interrupted iterations
tail_open_loop   [   0% ] 0016/0300 VUs  0m02.0s/7m30s  02000.00 iters/s

running (0m03.0s), 0002/0300 VUs, 5947 complete and 0 interrupted iterations
tail_open_loop   [   1% ] 0002/0300 VUs  0m03.0s/7m30s  02000.00 iters/s

running (0m04.0s), 0010/0300 VUs, 7939 complete and 0 interrupted iterations
tail_open_loop   [   1% ] 0010/0300 VUs  0m04.0s/7m30s  02000.00 iters/s

running (0m05.0s), 0011/0300 VUs, 9884 complete and 0 interrupted iterations
tail_open_loop   [   1% ] 0011/0300 VUs  0m05.0s/7m30s  02000.00 iters/s

running (0m06.0s), 0003/0300 VUs, 11946 complete and 0 interrupted iterations
tail_open_loop   [   1% ] 0003/0300 VUs  0m06.0s/7m30s  02000.00 iters/s

running (0m07.0s), 0002/0300 VUs, 13947 complete and 0 interrupted iterations
tail_open_loop   [   2% ] 0002/0300 VUs  0m07.0s/7m30s  02000.00 iters/s

running (0m08.0s), 0014/0300 VUs, 15935 complete and 0 interrupted iterations
tail_open_loop   [   2% ] 0014/0300 VUs  0m08.0s/7m30s  02000.00 iters/s

running (0m09.0s), 0071/0300 VUs, 17878 complete and 0 interrupted iterations
tail_open_loop   [   2% ] 0071/0300 VUs  0m09.0s/7m30s  02000.00 iters/s

running (0m10.0s), 0103/0300 VUs, 19835 complete and 0 interrupted iterations
tail_open_loop   [   2% ] 0103/0300 VUs  0m10.0s/7m30s  02000.00 iters/s

running (0m11.0s), 0007/0325 VUs, 21737 complete and 0 interrupted iterations
tail_open_loop   [   2% ] 0007/0325 VUs  0m11.0s/7m30s  02000.00 iters/s

running (0m12.0s), 0017/0325 VUs, 23725 complete and 0 interrupted iterations
tail_open_loop   [   3% ] 0017/0325 VUs  0m12.0s/7m30s  02000.00 iters/s

running (0m13.0s), 0365/0366 VUs, 25008 complete and 0 interrupted iterations
tail_open_loop   [   3% ] 0365/0366 VUs  0m13.0s/7m30s  02000.00 iters/s

running (0m14.0s), 0004/0428 VUs, 26368 complete and 0 interrupted iterations
tail_open_loop   [   3% ] 0004/0428 VUs  0m14.0s/7m30s  02000.00 iters/s

running (0m15.0s), 0013/0428 VUs, 28358 complete and 0 interrupted iterations
tail_open_loop   [   3% ] 0013/0428 VUs  0m15.0s/7m30s  02000.00 iters/s

running (0m16.0s), 0010/0428 VUs, 30367 complete and 0 interrupted iterations
tail_open_loop   [   4% ] 0010/0428 VUs  0m16.0s/7m30s  02000.00 iters/s

running (0m17.0s), 0026/0428 VUs, 32354 complete and 0 interrupted iterations
tail_open_loop   [   4% ] 0026/0428 VUs  0m17.0s/7m30s  02000.00 iters/s

running (0m18.0s), 0005/0428 VUs, 34367 complete and 0 interrupted iterations
tail_open_loop   [   4% ] 0005/0428 VUs  0m18.0s/7m30s  02000.00 iters/s

running (0m19.0s), 0012/0428 VUs, 36368 complete and 0 interrupted iterations
tail_open_loop   [   4% ] 0012/0428 VUs  0m19.0s/7m30s  02000.00 iters/s

running (0m20.0s), 0155/0428 VUs, 38200 complete and 0 interrupted iterations
tail_open_loop   [   4% ] 0155/0428 VUs  0m20.0s/7m30s  02000.00 iters/s

running (0m21.0s), 0221/0453 VUs, 40090 complete and 0 interrupted iterations
tail_open_loop   [   5% ] 0221/0453 VUs  0m21.0s/7m30s  02000.00 iters/s

running (0m22.0s), 0004/0453 VUs, 42305 complete and 0 interrupted iterations
tail_open_loop   [   5% ] 0004/0453 VUs  0m22.0s/7m30s  02000.00 iters/s

running (0m23.0s), 0054/0453 VUs, 44262 complete and 0 interrupted iterations
tail_open_loop   [   5% ] 0054/0453 VUs  0m23.0s/7m30s  02000.00 iters/s

running (0m24.0s), 0008/0453 VUs, 46300 complete and 0 interrupted iterations
tail_open_loop   [   5% ] 0008/0453 VUs  0m24.0s/7m30s  02000.00 iters/s

running (0m25.0s), 0004/0453 VUs, 48305 complete and 0 interrupted iterations
tail_open_loop   [   6% ] 0004/0453 VUs  0m25.0s/7m30s  02000.00 iters/s

running (0m26.0s), 0013/0453 VUs, 50299 complete and 0 interrupted iterations
tail_open_loop   [   6% ] 0013/0453 VUs  0m26.0s/7m30s  02000.00 iters/s

running (0m27.0s), 0001/0453 VUs, 52308 complete and 0 interrupted iterations
tail_open_loop   [   6% ] 0001/0453 VUs  0m27.0s/7m30s  02000.00 iters/s

running (0m28.0s), 0093/0453 VUs, 54257 complete and 0 interrupted iterations
tail_open_loop   [   6% ] 0093/0453 VUs  0m28.0s/7m30s  02000.00 iters/s

running (0m29.0s), 0140/0453 VUs, 56185 complete and 0 interrupted iterations
tail_open_loop   [   6% ] 0140/0453 VUs  0m29.0s/7m30s  02000.00 iters/s

running (0m30.0s), 0003/0453 VUs, 58306 complete and 0 interrupted iterations
tail_open_loop   [   7% ] 0003/0453 VUs  0m30.0s/7m30s  02000.00 iters/s

running (0m31.0s), 0002/0453 VUs, 60307 complete and 0 interrupted iterations
tail_open_loop   [   7% ] 0002/0453 VUs  0m31.0s/7m30s  02000.00 iters/s

running (0m32.0s), 0002/0453 VUs, 62307 complete and 0 interrupted iterations
tail_open_loop   [   7% ] 0002/0453 VUs  0m32.0s/7m30s  02000.00 iters/s

running (0m33.0s), 0002/0453 VUs, 64307 complete and 0 interrupted iterations
tail_open_loop   [   7% ] 0002/0453 VUs  0m33.0s/7m30s  02000.00 iters/s

running (0m34.0s), 0002/0453 VUs, 66307 complete and 0 interrupted iterations
tail_open_loop   [   8% ] 0002/0453 VUs  0m34.0s/7m30s  02000.00 iters/s

running (0m35.0s), 0008/0453 VUs, 68305 complete and 0 interrupted iterations
tail_open_loop   [   8% ] 0008/0453 VUs  0m35.0s/7m30s  02000.00 iters/s

running (0m36.0s), 0003/0453 VUs, 70306 complete and 0 interrupted iterations
tail_open_loop   [   8% ] 0003/0453 VUs  0m36.0s/7m30s  02000.00 iters/s

running (0m37.0s), 0001/0453 VUs, 72307 complete and 0 interrupted iterations
tail_open_loop   [   8% ] 0001/0453 VUs  0m37.0s/7m30s  02000.00 iters/s

running (0m38.0s), 0003/0453 VUs, 74306 complete and 0 interrupted iterations
tail_open_loop   [   8% ] 0003/0453 VUs  0m38.0s/7m30s  02000.00 iters/s

running (0m39.0s), 0003/0453 VUs, 76305 complete and 0 interrupted iterations
tail_open_loop   [   9% ] 0003/0453 VUs  0m39.0s/7m30s  02000.00 iters/s

running (0m40.0s), 0003/0453 VUs, 78305 complete and 0 interrupted iterations
tail_open_loop   [   9% ] 0003/0453 VUs  0m40.0s/7m30s  02000.00 iters/s

running (0m41.0s), 0011/0453 VUs, 80299 complete and 0 interrupted iterations
tail_open_loop   [   9% ] 0011/0453 VUs  0m41.0s/7m30s  02000.00 iters/s

running (0m42.0s), 0004/0453 VUs, 82304 complete and 0 interrupted iterations
tail_open_loop   [   9% ] 0004/0453 VUs  0m42.0s/7m30s  02000.00 iters/s

running (0m43.0s), 0004/0453 VUs, 84304 complete and 0 interrupted iterations
tail_open_loop   [  10% ] 0004/0453 VUs  0m43.0s/7m30s  02000.00 iters/s

running (0m44.0s), 0007/0453 VUs, 86302 complete and 0 interrupted iterations
tail_open_loop   [  10% ] 0007/0453 VUs  0m44.0s/7m30s  02000.00 iters/s

running (0m45.0s), 0007/0453 VUs, 88301 complete and 0 interrupted iterations
tail_open_loop   [  10% ] 0007/0453 VUs  0m45.0s/7m30s  02000.00 iters/s

running (0m46.0s), 0002/0453 VUs, 90307 complete and 0 interrupted iterations
tail_open_loop   [  10% ] 0002/0453 VUs  0m46.0s/7m30s  02000.00 iters/s

running (0m47.0s), 0001/0453 VUs, 92308 complete and 0 interrupted iterations
tail_open_loop   [  10% ] 0001/0453 VUs  0m47.0s/7m30s  02000.00 iters/s

running (0m48.0s), 0001/0453 VUs, 94308 complete and 0 interrupted iterations
tail_open_loop   [  11% ] 0001/0453 VUs  0m48.0s/7m30s  02000.00 iters/s

running (0m49.0s), 0001/0453 VUs, 96308 complete and 0 interrupted iterations
tail_open_loop   [  11% ] 0001/0453 VUs  0m49.0s/7m30s  02000.00 iters/s

running (0m50.0s), 0001/0453 VUs, 98308 complete and 0 interrupted iterations
tail_open_loop   [  11% ] 0001/0453 VUs  0m50.0s/7m30s  02000.00 iters/s

running (0m51.0s), 0001/0453 VUs, 100308 complete and 0 interrupted iterations
tail_open_loop   [  11% ] 0001/0453 VUs  0m51.0s/7m30s  02000.00 iters/s

running (0m52.0s), 0001/0453 VUs, 102308 complete and 0 interrupted iterations
tail_open_loop   [  12% ] 0001/0453 VUs  0m52.0s/7m30s  02000.00 iters/s

running (0m53.0s), 0001/0453 VUs, 104308 complete and 0 interrupted iterations
tail_open_loop   [  12% ] 0001/0453 VUs  0m53.0s/7m30s  02000.00 iters/s

running (0m54.0s), 0001/0453 VUs, 106308 complete and 0 interrupted iterations
tail_open_loop   [  12% ] 0001/0453 VUs  0m54.0s/7m30s  02000.00 iters/s

running (0m55.0s), 0001/0453 VUs, 108308 complete and 0 interrupted iterations
tail_open_loop   [  12% ] 0001/0453 VUs  0m55.0s/7m30s  02000.00 iters/s

running (0m56.0s), 0001/0453 VUs, 110308 complete and 0 interrupted iterations
tail_open_loop   [  12% ] 0001/0453 VUs  0m56.0s/7m30s  02000.00 iters/s

running (0m57.0s), 0002/0453 VUs, 112307 complete and 0 interrupted iterations
tail_open_loop   [  13% ] 0002/0453 VUs  0m57.0s/7m30s  02000.00 iters/s

running (0m58.0s), 0002/0453 VUs, 114306 complete and 0 interrupted iterations
tail_open_loop   [  13% ] 0002/0453 VUs  0m58.0s/7m30s  02000.00 iters/s

running (0m59.0s), 0003/0453 VUs, 116306 complete and 0 interrupted iterations
tail_open_loop   [  13% ] 0003/0453 VUs  0m59.0s/7m30s  02000.00 iters/s

running (1m00.0s), 0003/0453 VUs, 118306 complete and 0 interrupted iterations
tail_open_loop   [  13% ] 0003/0453 VUs  1m00.0s/7m30s  02000.00 iters/s

running (1m01.0s), 0003/0453 VUs, 120306 complete and 0 interrupted iterations
tail_open_loop   [  14% ] 0003/0453 VUs  1m01.0s/7m30s  02000.00 iters/s

running (1m02.0s), 0001/0453 VUs, 122308 complete and 0 interrupted iterations
tail_open_loop   [  14% ] 0001/0453 VUs  1m02.0s/7m30s  02000.00 iters/s

running (1m03.0s), 0001/0453 VUs, 124308 complete and 0 interrupted iterations
tail_open_loop   [  14% ] 0001/0453 VUs  1m03.0s/7m30s  02000.00 iters/s

running (1m04.0s), 0001/0453 VUs, 126308 complete and 0 interrupted iterations
tail_open_loop   [  14% ] 0001/0453 VUs  1m04.0s/7m30s  02000.00 iters/s

running (1m05.0s), 0001/0453 VUs, 128308 complete and 0 interrupted iterations
tail_open_loop   [  14% ] 0001/0453 VUs  1m05.0s/7m30s  02000.00 iters/s

running (1m06.0s), 0001/0453 VUs, 130308 complete and 0 interrupted iterations
tail_open_loop   [  15% ] 0001/0453 VUs  1m06.0s/7m30s  02000.00 iters/s

running (1m07.0s), 0001/0453 VUs, 132308 complete and 0 interrupted iterations
tail_open_loop   [  15% ] 0001/0453 VUs  1m07.0s/7m30s  02000.00 iters/s

running (1m08.0s), 0001/0453 VUs, 134308 complete and 0 interrupted iterations
tail_open_loop   [  15% ] 0001/0453 VUs  1m08.0s/7m30s  02000.00 iters/s

running (1m09.0s), 0001/0453 VUs, 136308 complete and 0 interrupted iterations
tail_open_loop   [  15% ] 0001/0453 VUs  1m09.0s/7m30s  02000.00 iters/s

running (1m10.0s), 0001/0453 VUs, 138308 complete and 0 interrupted iterations
tail_open_loop   [  16% ] 0001/0453 VUs  1m10.0s/7m30s  02000.00 iters/s

running (1m11.0s), 0001/0453 VUs, 140308 complete and 0 interrupted iterations
tail_open_loop   [  16% ] 0001/0453 VUs  1m11.0s/7m30s  02000.00 iters/s

running (1m12.0s), 0001/0453 VUs, 142308 complete and 0 interrupted iterations
tail_open_loop   [  16% ] 0001/0453 VUs  1m12.0s/7m30s  02000.00 iters/s

running (1m13.0s), 0001/0453 VUs, 144308 complete and 0 interrupted iterations
tail_open_loop   [  16% ] 0001/0453 VUs  1m13.0s/7m30s  02000.00 iters/s

running (1m14.0s), 0001/0453 VUs, 146308 complete and 0 interrupted iterations
tail_open_loop   [  16% ] 0001/0453 VUs  1m14.0s/7m30s  02000.00 iters/s

running (1m15.0s), 0001/0453 VUs, 148308 complete and 0 interrupted iterations
tail_open_loop   [  17% ] 0001/0453 VUs  1m15.0s/7m30s  02000.00 iters/s

running (1m16.0s), 0001/0453 VUs, 150308 complete and 0 interrupted iterations
tail_open_loop   [  17% ] 0001/0453 VUs  1m16.0s/7m30s  02000.00 iters/s

running (1m17.0s), 0001/0453 VUs, 152308 complete and 0 interrupted iterations
tail_open_loop   [  17% ] 0001/0453 VUs  1m17.0s/7m30s  02000.00 iters/s

running (1m18.0s), 0001/0453 VUs, 154308 complete and 0 interrupted iterations
tail_open_loop   [  17% ] 0001/0453 VUs  1m18.0s/7m30s  02000.00 iters/s

running (1m19.0s), 0001/0453 VUs, 156308 complete and 0 interrupted iterations
tail_open_loop   [  18% ] 0001/0453 VUs  1m19.0s/7m30s  02000.00 iters/s

running (1m20.0s), 0001/0453 VUs, 158308 complete and 0 interrupted iterations
tail_open_loop   [  18% ] 0001/0453 VUs  1m20.0s/7m30s  02000.00 iters/s

running (1m21.0s), 0001/0453 VUs, 160308 complete and 0 interrupted iterations
tail_open_loop   [  18% ] 0001/0453 VUs  1m21.0s/7m30s  02000.00 iters/s

running (1m22.0s), 0001/0453 VUs, 162308 complete and 0 interrupted iterations
tail_open_loop   [  18% ] 0001/0453 VUs  1m22.0s/7m30s  02000.00 iters/s

running (1m23.0s), 0001/0453 VUs, 164308 complete and 0 interrupted iterations
tail_open_loop   [  18% ] 0001/0453 VUs  1m23.0s/7m30s  02000.00 iters/s

running (1m24.0s), 0001/0453 VUs, 166308 complete and 0 interrupted iterations
tail_open_loop   [  19% ] 0001/0453 VUs  1m24.0s/7m30s  02000.00 iters/s

running (1m25.0s), 0001/0453 VUs, 168308 complete and 0 interrupted iterations
tail_open_loop   [  19% ] 0001/0453 VUs  1m25.0s/7m30s  02000.00 iters/s

running (1m26.0s), 0001/0453 VUs, 170308 complete and 0 interrupted iterations
tail_open_loop   [  19% ] 0001/0453 VUs  1m26.0s/7m30s  02000.00 iters/s

running (1m27.0s), 0001/0453 VUs, 172308 complete and 0 interrupted iterations
tail_open_loop   [  19% ] 0001/0453 VUs  1m27.0s/7m30s  02000.00 iters/s

running (1m28.0s), 0001/0453 VUs, 174308 complete and 0 interrupted iterations
tail_open_loop   [  20% ] 0001/0453 VUs  1m28.0s/7m30s  02000.00 iters/s

running (1m29.0s), 0001/0453 VUs, 176308 complete and 0 interrupted iterations
tail_open_loop   [  20% ] 0001/0453 VUs  1m29.0s/7m30s  02000.00 iters/s

running (1m30.0s), 0001/0453 VUs, 178308 complete and 0 interrupted iterations
tail_open_loop   [  20% ] 0001/0453 VUs  1m30.0s/7m30s  02000.00 iters/s

running (1m31.0s), 0000/0453 VUs, 180324 complete and 0 interrupted iterations
tail_open_loop   [  20% ] 0000/0453 VUs  1m31.0s/7m30s  02032.48 iters/s

running (1m32.0s), 0001/0453 VUs, 182373 complete and 0 interrupted iterations
tail_open_loop   [  20% ] 0001/0453 VUs  1m32.0s/7m30s  02065.83 iters/s

running (1m33.0s), 0000/0453 VUs, 184456 complete and 0 interrupted iterations
tail_open_loop   [  21% ] 0000/0453 VUs  1m33.0s/7m30s  02099.15 iters/s

running (1m34.0s), 0001/0453 VUs, 186571 complete and 0 interrupted iterations
tail_open_loop   [  21% ] 0001/0453 VUs  1m34.0s/7m30s  02132.48 iters/s

running (1m35.0s), 0001/0453 VUs, 188720 complete and 0 interrupted iterations
tail_open_loop   [  21% ] 0001/0453 VUs  1m35.0s/7m30s  02165.81 iters/s

running (1m36.0s), 0001/0453 VUs, 190903 complete and 0 interrupted iterations
tail_open_loop   [  21% ] 0001/0453 VUs  1m36.0s/7m30s  02199.16 iters/s

running (1m37.0s), 0000/0453 VUs, 193119 complete and 0 interrupted iterations
tail_open_loop   [  22% ] 0000/0453 VUs  1m37.0s/7m30s  02232.48 iters/s

running (1m38.0s), 0001/0453 VUs, 195368 complete and 0 interrupted iterations
tail_open_loop   [  22% ] 0001/0453 VUs  1m38.0s/7m30s  02265.83 iters/s

running (1m39.0s), 0001/0453 VUs, 197650 complete and 0 interrupted iterations
tail_open_loop   [  22% ] 0001/0453 VUs  1m39.0s/7m30s  02299.15 iters/s

running (1m40.0s), 0001/0453 VUs, 199966 complete and 0 interrupted iterations
tail_open_loop   [  22% ] 0001/0453 VUs  1m40.0s/7m30s  02332.49 iters/s

running (1m41.0s), 0001/0453 VUs, 202315 complete and 0 interrupted iterations
tail_open_loop   [  22% ] 0001/0453 VUs  1m41.0s/7m30s  02365.82 iters/s

running (1m42.0s), 0001/0453 VUs, 204698 complete and 0 interrupted iterations
tail_open_loop   [  23% ] 0001/0453 VUs  1m42.0s/7m30s  02399.16 iters/s

running (1m43.0s), 0000/0453 VUs, 207114 complete and 0 interrupted iterations
tail_open_loop   [  23% ] 0000/0453 VUs  1m43.0s/7m30s  02432.49 iters/s

running (1m44.0s), 0001/0453 VUs, 209563 complete and 0 interrupted iterations
tail_open_loop   [  23% ] 0001/0453 VUs  1m44.0s/7m30s  02465.83 iters/s

running (1m45.0s), 0001/0453 VUs, 212045 complete and 0 interrupted iterations
tail_open_loop   [  23% ] 0001/0453 VUs  1m45.0s/7m30s  02499.16 iters/s

running (1m46.0s), 0001/0453 VUs, 214561 complete and 0 interrupted iterations
tail_open_loop   [  24% ] 0001/0453 VUs  1m46.0s/7m30s  02532.49 iters/s

running (1m47.0s), 0001/0453 VUs, 217110 complete and 0 interrupted iterations
tail_open_loop   [  24% ] 0001/0453 VUs  1m47.0s/7m30s  02565.82 iters/s

running (1m48.0s), 0005/0453 VUs, 219688 complete and 0 interrupted iterations
tail_open_loop   [  24% ] 0005/0453 VUs  1m48.0s/7m30s  02599.16 iters/s

running (1m49.0s), 0000/0453 VUs, 222309 complete and 0 interrupted iterations
tail_open_loop   [  24% ] 0000/0453 VUs  1m49.0s/7m30s  02632.49 iters/s

running (1m50.0s), 0022/0453 VUs, 224934 complete and 0 interrupted iterations
tail_open_loop   [  24% ] 0022/0453 VUs  1m50.0s/7m30s  02665.79 iters/s

running (1m51.0s), 0001/0453 VUs, 227640 complete and 0 interrupted iterations
tail_open_loop   [  25% ] 0001/0453 VUs  1m51.0s/7m30s  02699.15 iters/s

running (1m52.0s), 0001/0453 VUs, 230356 complete and 0 interrupted iterations
tail_open_loop   [  25% ] 0001/0453 VUs  1m52.0s/7m30s  02732.49 iters/s

running (1m53.0s), 0001/0453 VUs, 233105 complete and 0 interrupted iterations
tail_open_loop   [  25% ] 0001/0453 VUs  1m53.0s/7m30s  02765.82 iters/s

running (1m54.0s), 0000/0453 VUs, 235888 complete and 0 interrupted iterations
tail_open_loop   [  25% ] 0000/0453 VUs  1m54.0s/7m30s  02799.15 iters/s

running (1m55.0s), 0001/0453 VUs, 238703 complete and 0 interrupted iterations
tail_open_loop   [  26% ] 0001/0453 VUs  1m55.0s/7m30s  02832.48 iters/s

running (1m56.0s), 0000/0453 VUs, 241553 complete and 0 interrupted iterations
tail_open_loop   [  26% ] 0000/0453 VUs  1m56.0s/7m30s  02865.82 iters/s

running (1m57.0s), 0001/0453 VUs, 244435 complete and 0 interrupted iterations
tail_open_loop   [  26% ] 0001/0453 VUs  1m57.0s/7m30s  02899.16 iters/s

running (1m58.0s), 0001/0453 VUs, 247351 complete and 0 interrupted iterations
tail_open_loop   [  26% ] 0001/0453 VUs  1m58.0s/7m30s  02932.49 iters/s

running (1m59.0s), 0001/0453 VUs, 250300 complete and 0 interrupted iterations
tail_open_loop   [  26% ] 0001/0453 VUs  1m59.0s/7m30s  02965.83 iters/s

running (2m00.0s), 0000/0453 VUs, 253283 complete and 0 interrupted iterations
tail_open_loop   [  27% ] 0000/0453 VUs  2m00.0s/7m30s  02999.15 iters/s

running (2m01.0s), 0001/0453 VUs, 256298 complete and 0 interrupted iterations
tail_open_loop   [  27% ] 0001/0453 VUs  2m01.0s/7m30s  03032.49 iters/s

running (2m02.0s), 0001/0453 VUs, 259348 complete and 0 interrupted iterations
tail_open_loop   [  27% ] 0001/0453 VUs  2m02.0s/7m30s  03065.83 iters/s

running (2m03.0s), 0001/0453 VUs, 262430 complete and 0 interrupted iterations
tail_open_loop   [  27% ] 0001/0453 VUs  2m03.0s/7m30s  03099.15 iters/s

running (2m04.0s), 0000/0453 VUs, 265546 complete and 0 interrupted iterations
tail_open_loop   [  28% ] 0000/0453 VUs  2m04.0s/7m30s  03132.49 iters/s

running (2m05.0s), 0001/0453 VUs, 268695 complete and 0 interrupted iterations
tail_open_loop   [  28% ] 0001/0453 VUs  2m05.0s/7m30s  03165.82 iters/s

running (2m06.0s), 0001/0453 VUs, 271877 complete and 0 interrupted iterations
tail_open_loop   [  28% ] 0001/0453 VUs  2m06.0s/7m30s  03199.15 iters/s

running (2m07.0s), 0001/0453 VUs, 275093 complete and 0 interrupted iterations
tail_open_loop   [  28% ] 0001/0453 VUs  2m07.0s/7m30s  03232.49 iters/s

running (2m08.0s), 0001/0453 VUs, 278342 complete and 0 interrupted iterations
tail_open_loop   [  28% ] 0001/0453 VUs  2m08.0s/7m30s  03265.82 iters/s

running (2m09.0s), 0001/0453 VUs, 281625 complete and 0 interrupted iterations
tail_open_loop   [  29% ] 0001/0453 VUs  2m09.0s/7m30s  03299.15 iters/s

running (2m10.0s), 0001/0453 VUs, 284940 complete and 0 interrupted iterations
tail_open_loop   [  29% ] 0001/0453 VUs  2m10.0s/7m30s  03332.48 iters/s

running (2m11.0s), 0001/0453 VUs, 288290 complete and 0 interrupted iterations
tail_open_loop   [  29% ] 0001/0453 VUs  2m11.0s/7m30s  03365.82 iters/s

running (2m12.0s), 0001/0453 VUs, 291672 complete and 0 interrupted iterations
tail_open_loop   [  29% ] 0001/0453 VUs  2m12.0s/7m30s  03399.15 iters/s

running (2m13.0s), 0001/0453 VUs, 295088 complete and 0 interrupted iterations
tail_open_loop   [  30% ] 0001/0453 VUs  2m13.0s/7m30s  03432.49 iters/s

running (2m14.0s), 0001/0453 VUs, 298537 complete and 0 interrupted iterations
tail_open_loop   [  30% ] 0001/0453 VUs  2m14.0s/7m30s  03465.82 iters/s

running (2m15.0s), 0001/0453 VUs, 302020 complete and 0 interrupted iterations
tail_open_loop   [  30% ] 0001/0453 VUs  2m15.0s/7m30s  03499.16 iters/s

running (2m16.0s), 0001/0453 VUs, 305535 complete and 0 interrupted iterations
tail_open_loop   [  30% ] 0001/0453 VUs  2m16.0s/7m30s  03532.48 iters/s

running (2m17.0s), 0002/0453 VUs, 309084 complete and 0 interrupted iterations
tail_open_loop   [  30% ] 0002/0453 VUs  2m17.0s/7m30s  03565.83 iters/s

running (2m18.0s), 0002/0453 VUs, 312667 complete and 0 interrupted iterations
tail_open_loop   [  31% ] 0002/0453 VUs  2m18.0s/7m30s  03599.17 iters/s

running (2m19.0s), 0001/0453 VUs, 316283 complete and 0 interrupted iterations
tail_open_loop   [  31% ] 0001/0453 VUs  2m19.0s/7m30s  03632.49 iters/s

running (2m20.0s), 0002/0453 VUs, 319931 complete and 0 interrupted iterations
tail_open_loop   [  31% ] 0002/0453 VUs  2m20.0s/7m30s  03665.82 iters/s

running (2m21.0s), 0002/0453 VUs, 323614 complete and 0 interrupted iterations
tail_open_loop   [  31% ] 0002/0453 VUs  2m21.0s/7m30s  03699.16 iters/s

running (2m22.0s), 0001/0453 VUs, 327330 complete and 0 interrupted iterations
tail_open_loop   [  32% ] 0001/0453 VUs  2m22.0s/7m30s  03732.47 iters/s

running (2m23.0s), 0002/0453 VUs, 331079 complete and 0 interrupted iterations
tail_open_loop   [  32% ] 0002/0453 VUs  2m23.0s/7m30s  03765.81 iters/s

running (2m24.0s), 0007/0453 VUs, 334856 complete and 0 interrupted iterations
tail_open_loop   [  32% ] 0007/0453 VUs  2m24.0s/7m30s  03799.15 iters/s

running (2m25.0s), 0002/0453 VUs, 338677 complete and 0 interrupted iterations
tail_open_loop   [  32% ] 0002/0453 VUs  2m25.0s/7m30s  03832.49 iters/s

running (2m26.0s), 0001/0453 VUs, 342527 complete and 0 interrupted iterations
tail_open_loop   [  32% ] 0001/0453 VUs  2m26.0s/7m30s  03865.82 iters/s

running (2m27.0s), 0001/0453 VUs, 346409 complete and 0 interrupted iterations
tail_open_loop   [  33% ] 0001/0453 VUs  2m27.0s/7m30s  03899.17 iters/s

running (2m28.0s), 0001/0453 VUs, 350325 complete and 0 interrupted iterations
tail_open_loop   [  33% ] 0001/0453 VUs  2m28.0s/7m30s  03932.49 iters/s

running (2m29.0s), 0001/0453 VUs, 354274 complete and 0 interrupted iterations
tail_open_loop   [  33% ] 0001/0453 VUs  2m29.0s/7m30s  03965.81 iters/s

running (2m30.0s), 0002/0453 VUs, 358256 complete and 0 interrupted iterations
tail_open_loop   [  33% ] 0002/0453 VUs  2m30.0s/7m30s  03999.17 iters/s

running (2m31.0s), 0003/0453 VUs, 362271 complete and 0 interrupted iterations
tail_open_loop   [  34% ] 0003/0453 VUs  2m31.0s/7m30s  04032.49 iters/s

running (2m32.0s), 0002/0453 VUs, 366321 complete and 0 interrupted iterations
tail_open_loop   [  34% ] 0002/0453 VUs  2m32.0s/7m30s  04065.82 iters/s

running (2m33.0s), 0001/0453 VUs, 370404 complete and 0 interrupted iterations
tail_open_loop   [  34% ] 0001/0453 VUs  2m33.0s/7m30s  04099.15 iters/s

running (2m34.0s), 0001/0453 VUs, 374520 complete and 0 interrupted iterations
tail_open_loop   [  34% ] 0001/0453 VUs  2m34.0s/7m30s  04132.49 iters/s

running (2m35.0s), 0002/0453 VUs, 378668 complete and 0 interrupted iterations
tail_open_loop   [  34% ] 0002/0453 VUs  2m35.0s/7m30s  04165.83 iters/s

running (2m36.0s), 0001/0453 VUs, 382852 complete and 0 interrupted iterations
tail_open_loop   [  35% ] 0001/0453 VUs  2m36.0s/7m30s  04199.16 iters/s

running (2m37.0s), 0002/0453 VUs, 387067 complete and 0 interrupted iterations
tail_open_loop   [  35% ] 0002/0453 VUs  2m37.0s/7m30s  04232.50 iters/s

running (2m38.0s), 0001/0453 VUs, 391316 complete and 0 interrupted iterations
tail_open_loop   [  35% ] 0001/0453 VUs  2m38.0s/7m30s  04265.81 iters/s

running (2m39.0s), 0001/0453 VUs, 395599 complete and 0 interrupted iterations
tail_open_loop   [  35% ] 0001/0453 VUs  2m39.0s/7m30s  04299.15 iters/s

running (2m40.0s), 0003/0453 VUs, 399913 complete and 0 interrupted iterations
tail_open_loop   [  36% ] 0003/0453 VUs  2m40.0s/7m30s  04332.49 iters/s

running (2m41.0s), 0005/0453 VUs, 404260 complete and 0 interrupted iterations
tail_open_loop   [  36% ] 0005/0453 VUs  2m41.0s/7m30s  04365.82 iters/s

running (2m42.0s), 0002/0453 VUs, 408646 complete and 0 interrupted iterations
tail_open_loop   [  36% ] 0002/0453 VUs  2m42.0s/7m30s  04399.14 iters/s

running (2m43.0s), 0001/0453 VUs, 413062 complete and 0 interrupted iterations
tail_open_loop   [  36% ] 0001/0453 VUs  2m43.0s/7m30s  04432.49 iters/s

running (2m44.0s), 0002/0453 VUs, 417510 complete and 0 interrupted iterations
tail_open_loop   [  36% ] 0002/0453 VUs  2m44.0s/7m30s  04465.82 iters/s

running (2m45.0s), 0003/0453 VUs, 421992 complete and 0 interrupted iterations
tail_open_loop   [  37% ] 0003/0453 VUs  2m45.0s/7m30s  04499.15 iters/s

running (2m46.0s), 0001/0453 VUs, 426510 complete and 0 interrupted iterations
tail_open_loop   [  37% ] 0001/0453 VUs  2m46.0s/7m30s  04532.50 iters/s

running (2m47.0s), 0002/0453 VUs, 431059 complete and 0 interrupted iterations
tail_open_loop   [  37% ] 0002/0453 VUs  2m47.0s/7m30s  04565.83 iters/s

running (2m48.0s), 0001/0453 VUs, 435641 complete and 0 interrupted iterations
tail_open_loop   [  37% ] 0001/0453 VUs  2m48.0s/7m30s  04599.16 iters/s

running (2m49.0s), 0003/0453 VUs, 440256 complete and 0 interrupted iterations
tail_open_loop   [  38% ] 0003/0453 VUs  2m49.0s/7m30s  04632.50 iters/s

running (2m50.0s), 0001/0453 VUs, 444906 complete and 0 interrupted iterations
tail_open_loop   [  38% ] 0001/0453 VUs  2m50.0s/7m30s  04665.83 iters/s

running (2m51.0s), 0001/0453 VUs, 449589 complete and 0 interrupted iterations
tail_open_loop   [  38% ] 0001/0453 VUs  2m51.0s/7m30s  04699.16 iters/s

running (2m52.0s), 0001/0453 VUs, 454305 complete and 0 interrupted iterations
tail_open_loop   [  38% ] 0001/0453 VUs  2m52.0s/7m30s  04732.50 iters/s

running (2m53.0s), 0002/0453 VUs, 459053 complete and 0 interrupted iterations
tail_open_loop   [  38% ] 0001/0453 VUs  2m53.0s/7m30s  04765.83 iters/s

running (2m54.0s), 0001/0453 VUs, 463837 complete and 0 interrupted iterations
tail_open_loop   [  39% ] 0001/0453 VUs  2m54.0s/7m30s  04799.16 iters/s

running (2m55.0s), 0001/0453 VUs, 468652 complete and 0 interrupted iterations
tail_open_loop   [  39% ] 0001/0453 VUs  2m55.0s/7m30s  04832.48 iters/s

running (2m56.0s), 0002/0453 VUs, 473501 complete and 0 interrupted iterations
tail_open_loop   [  39% ] 0002/0453 VUs  2m56.0s/7m30s  04865.82 iters/s

running (2m57.0s), 0001/0453 VUs, 478384 complete and 0 interrupted iterations
tail_open_loop   [  39% ] 0001/0453 VUs  2m57.0s/7m30s  04899.17 iters/s

running (2m58.0s), 0002/0453 VUs, 483299 complete and 0 interrupted iterations
tail_open_loop   [  40% ] 0001/0453 VUs  2m58.0s/7m30s  04932.50 iters/s

running (2m59.0s), 0003/0453 VUs, 488247 complete and 0 interrupted iterations
tail_open_loop   [  40% ] 0003/0453 VUs  2m59.0s/7m30s  04965.84 iters/s

running (3m00.0s), 0003/0453 VUs, 493230 complete and 0 interrupted iterations
tail_open_loop   [  40% ] 0003/0453 VUs  3m00.0s/7m30s  04999.18 iters/s

running (3m01.0s), 0003/0453 VUs, 498256 complete and 0 interrupted iterations
tail_open_loop   [  40% ] 0003/0453 VUs  3m01.0s/7m30s  05054.16 iters/s

running (3m02.0s), 0003/0453 VUs, 503337 complete and 0 interrupted iterations
tail_open_loop   [  40% ] 0003/0453 VUs  3m02.0s/7m30s  05109.68 iters/s

running (3m03.0s), 0002/0453 VUs, 508476 complete and 0 interrupted iterations
tail_open_loop   [  41% ] 0002/0453 VUs  3m03.0s/7m30s  05165.24 iters/s

running (3m04.0s), 0001/0453 VUs, 513670 complete and 0 interrupted iterations
tail_open_loop   [  41% ] 0001/0453 VUs  3m04.0s/7m30s  05220.81 iters/s

running (3m05.0s), 0002/0453 VUs, 518918 complete and 0 interrupted iterations
tail_open_loop   [  41% ] 0002/0453 VUs  3m05.0s/7m30s  05276.38 iters/s

running (3m06.0s), 0002/0453 VUs, 524222 complete and 0 interrupted iterations
tail_open_loop   [  41% ] 0002/0453 VUs  3m06.0s/7m30s  05331.91 iters/s

running (3m07.0s), 0011/0453 VUs, 529573 complete and 0 interrupted iterations
tail_open_loop   [  42% ] 0011/0453 VUs  3m07.0s/7m30s  05387.50 iters/s

running (3m08.0s), 0002/0453 VUs, 534997 complete and 0 interrupted iterations
tail_open_loop   [  42% ] 0002/0453 VUs  3m08.0s/7m30s  05443.04 iters/s

running (3m09.0s), 0002/0453 VUs, 540468 complete and 0 interrupted iterations
tail_open_loop   [  42% ] 0002/0453 VUs  3m09.0s/7m30s  05498.58 iters/s

running (3m10.0s), 0001/0453 VUs, 545995 complete and 0 interrupted iterations
tail_open_loop   [  42% ] 0001/0453 VUs  3m10.0s/7m30s  05554.14 iters/s

running (3m11.0s), 0003/0453 VUs, 551575 complete and 0 interrupted iterations
tail_open_loop   [  42% ] 0003/0453 VUs  3m11.0s/7m30s  05609.69 iters/s

running (3m12.0s), 0009/0453 VUs, 557203 complete and 0 interrupted iterations
tail_open_loop   [  43% ] 0009/0453 VUs  3m12.0s/7m30s  05665.24 iters/s

running (3m13.0s), 0002/0453 VUs, 562907 complete and 0 interrupted iterations
tail_open_loop   [  43% ] 0002/0453 VUs  3m13.0s/7m30s  05720.82 iters/s

running (3m14.0s), 0001/0453 VUs, 568656 complete and 0 interrupted iterations
tail_open_loop   [  43% ] 0001/0453 VUs  3m14.0s/7m30s  05776.37 iters/s

running (3m15.0s), 0001/0453 VUs, 574460 complete and 0 interrupted iterations
tail_open_loop   [  43% ] 0001/0453 VUs  3m15.0s/7m30s  05831.92 iters/s

running (3m16.0s), 0002/0453 VUs, 580319 complete and 0 interrupted iterations
tail_open_loop   [  44% ] 0002/0453 VUs  3m16.0s/7m30s  05887.48 iters/s

running (3m17.0s), 0002/0453 VUs, 586234 complete and 0 interrupted iterations
tail_open_loop   [  44% ] 0002/0453 VUs  3m17.0s/7m30s  05943.04 iters/s

running (3m18.0s), 0002/0453 VUs, 592205 complete and 0 interrupted iterations
tail_open_loop   [  44% ] 0002/0453 VUs  3m18.0s/7m30s  05998.58 iters/s

running (3m19.0s), 0002/0453 VUs, 598232 complete and 0 interrupted iterations
tail_open_loop   [  44% ] 0002/0453 VUs  3m19.0s/7m30s  06054.15 iters/s

running (3m20.0s), 0002/0453 VUs, 604313 complete and 0 interrupted iterations
tail_open_loop   [  44% ] 0002/0453 VUs  3m20.0s/7m30s  06109.71 iters/s

running (3m21.0s), 0002/0453 VUs, 610451 complete and 0 interrupted iterations
tail_open_loop   [  45% ] 0002/0453 VUs  3m21.0s/7m30s  06165.27 iters/s

running (3m22.0s), 0002/0453 VUs, 616644 complete and 0 interrupted iterations
tail_open_loop   [  45% ] 0002/0453 VUs  3m22.0s/7m30s  06220.80 iters/s

running (3m23.0s), 0002/0453 VUs, 622892 complete and 0 interrupted iterations
tail_open_loop   [  45% ] 0002/0453 VUs  3m23.0s/7m30s  06276.40 iters/s

running (3m24.0s), 0002/0453 VUs, 629197 complete and 0 interrupted iterations
tail_open_loop   [  45% ] 0002/0453 VUs  3m24.0s/7m30s  06331.92 iters/s

running (3m25.0s), 0002/0453 VUs, 635557 complete and 0 interrupted iterations
tail_open_loop   [  46% ] 0002/0453 VUs  3m25.0s/7m30s  06387.49 iters/s

running (3m26.0s), 0014/0453 VUs, 641959 complete and 0 interrupted iterations
tail_open_loop   [  46% ] 0014/0453 VUs  3m26.0s/7m30s  06443.01 iters/s

running (3m27.0s), 0002/0453 VUs, 648442 complete and 0 interrupted iterations
tail_open_loop   [  46% ] 0002/0453 VUs  3m27.0s/7m30s  06498.57 iters/s

running (3m28.0s), 0003/0453 VUs, 654968 complete and 0 interrupted iterations
tail_open_loop   [  46% ] 0003/0453 VUs  3m28.0s/7m30s  06554.11 iters/s

running (3m29.0s), 0002/0453 VUs, 661550 complete and 0 interrupted iterations
tail_open_loop   [  46% ] 0002/0453 VUs  3m29.0s/7m30s  06609.73 iters/s

running (3m30.0s), 0003/0453 VUs, 668187 complete and 0 interrupted iterations
tail_open_loop   [  47% ] 0003/0453 VUs  3m30.0s/7m30s  06665.29 iters/s

running (3m31.0s), 0002/0453 VUs, 674881 complete and 0 interrupted iterations
tail_open_loop   [  47% ] 0002/0453 VUs  3m31.0s/7m30s  06720.84 iters/s

running (3m32.0s), 0002/0453 VUs, 681630 complete and 0 interrupted iterations
tail_open_loop   [  47% ] 0002/0453 VUs  3m32.0s/7m30s  06776.35 iters/s

running (3m33.0s), 0004/0453 VUs, 688432 complete and 0 interrupted iterations
tail_open_loop   [  47% ] 0004/0453 VUs  3m33.0s/7m30s  06831.95 iters/s

running (3m34.0s), 0002/0453 VUs, 695294 complete and 0 interrupted iterations
tail_open_loop   [  48% ] 0002/0453 VUs  3m34.0s/7m30s  06887.48 iters/s

running (3m35.0s), 0002/0453 VUs, 702209 complete and 0 interrupted iterations
tail_open_loop   [  48% ] 0002/0453 VUs  3m35.0s/7m30s  06943.05 iters/s

running (3m36.0s), 0003/0453 VUs, 709179 complete and 0 interrupted iterations
tail_open_loop   [  48% ] 0003/0453 VUs  3m36.0s/7m30s  06998.59 iters/s

running (3m37.0s), 0003/0453 VUs, 716205 complete and 0 interrupted iterations
tail_open_loop   [  48% ] 0003/0453 VUs  3m37.0s/7m30s  07054.13 iters/s

running (3m38.0s), 0004/0453 VUs, 723286 complete and 0 interrupted iterations
tail_open_loop   [  48% ] 0004/0453 VUs  3m38.0s/7m30s  07109.70 iters/s

running (3m39.0s), 0003/0453 VUs, 730424 complete and 0 interrupted iterations
tail_open_loop   [  49% ] 0004/0453 VUs  3m39.0s/7m30s  07165.22 iters/s

running (3m40.0s), 0003/0453 VUs, 737618 complete and 0 interrupted iterations
tail_open_loop   [  49% ] 0003/0453 VUs  3m40.0s/7m30s  07220.84 iters/s

running (3m41.0s), 0004/0453 VUs, 744865 complete and 0 interrupted iterations
tail_open_loop   [  49% ] 0004/0453 VUs  3m41.0s/7m30s  07276.38 iters/s

running (3m42.0s), 0003/0453 VUs, 752170 complete and 0 interrupted iterations
tail_open_loop   [  49% ] 0003/0453 VUs  3m42.0s/7m30s  07331.92 iters/s

running (3m43.0s), 0004/0453 VUs, 759529 complete and 0 interrupted iterations
tail_open_loop   [  50% ] 0004/0453 VUs  3m43.0s/7m30s  07387.49 iters/s

running (3m44.0s), 0003/0453 VUs, 766945 complete and 0 interrupted iterations
tail_open_loop   [  50% ] 0003/0453 VUs  3m44.0s/7m30s  07443.02 iters/s

running (3m45.0s), 0003/0453 VUs, 774416 complete and 0 interrupted iterations
tail_open_loop   [  50% ] 0003/0453 VUs  3m45.0s/7m30s  07498.56 iters/s

running (3m46.0s), 0004/0453 VUs, 781941 complete and 0 interrupted iterations
tail_open_loop   [  50% ] 0004/0453 VUs  3m46.0s/7m30s  07554.18 iters/s

running (3m47.0s), 0002/0453 VUs, 789525 complete and 0 interrupted iterations
tail_open_loop   [  50% ] 0002/0453 VUs  3m47.0s/7m30s  07609.71 iters/s

running (3m48.0s), 0003/0453 VUs, 797162 complete and 0 interrupted iterations
tail_open_loop   [  51% ] 0003/0453 VUs  3m48.0s/7m30s  07665.30 iters/s

running (3m49.0s), 0002/0453 VUs, 804855 complete and 0 interrupted iterations
tail_open_loop   [  51% ] 0002/0453 VUs  3m49.0s/7m30s  07720.82 iters/s

running (3m50.0s), 0003/0453 VUs, 812604 complete and 0 interrupted iterations
tail_open_loop   [  51% ] 0003/0453 VUs  3m50.0s/7m30s  07776.35 iters/s

running (3m51.0s), 0003/0453 VUs, 820408 complete and 0 interrupted iterations
tail_open_loop   [  51% ] 0003/0453 VUs  3m51.0s/7m30s  07831.90 iters/s

running (3m52.0s), 0004/0453 VUs, 828267 complete and 0 interrupted iterations
tail_open_loop   [  52% ] 0004/0453 VUs  3m52.0s/7m30s  07887.49 iters/s

running (3m53.0s), 0003/0453 VUs, 836182 complete and 0 interrupted iterations
tail_open_loop   [  52% ] 0003/0453 VUs  3m53.0s/7m30s  07943.06 iters/s

running (3m54.0s), 0003/0453 VUs, 844154 complete and 0 interrupted iterations
tail_open_loop   [  52% ] 0003/0453 VUs  3m54.0s/7m30s  07998.59 iters/s

running (3m55.0s), 0003/0453 VUs, 852179 complete and 0 interrupted iterations
tail_open_loop   [  52% ] 0003/0453 VUs  3m55.0s/7m30s  08054.12 iters/s

running (3m56.0s), 0010/0453 VUs, 860254 complete and 0 interrupted iterations
tail_open_loop   [  52% ] 0010/0453 VUs  3m56.0s/7m30s  08109.71 iters/s

running (3m57.0s), 0004/0453 VUs, 868398 complete and 0 interrupted iterations
tail_open_loop   [  53% ] 0004/0453 VUs  3m57.0s/7m30s  08165.26 iters/s

running (3m58.0s), 0003/0453 VUs, 876592 complete and 0 interrupted iterations
tail_open_loop   [  53% ] 0003/0453 VUs  3m58.0s/7m30s  08220.78 iters/s

running (3m59.0s), 0003/0453 VUs, 884841 complete and 0 interrupted iterations
tail_open_loop   [  53% ] 0003/0453 VUs  3m59.0s/7m30s  08276.36 iters/s

running (4m00.0s), 0006/0453 VUs, 893143 complete and 0 interrupted iterations
tail_open_loop   [  53% ] 0006/0453 VUs  4m00.0s/7m30s  08331.94 iters/s

running (4m01.0s), 0005/0453 VUs, 901503 complete and 0 interrupted iterations
tail_open_loop   [  54% ] 0005/0453 VUs  4m01.0s/7m30s  08387.50 iters/s

running (4m02.0s), 0005/0453 VUs, 909918 complete and 0 interrupted iterations
tail_open_loop   [  54% ] 0005/0453 VUs  4m02.0s/7m30s  08443.09 iters/s

running (4m03.0s), 0005/0453 VUs, 918390 complete and 0 interrupted iterations
tail_open_loop   [  54% ] 0005/0453 VUs  4m03.0s/7m30s  08498.63 iters/s

running (4m04.0s), 0003/0453 VUs, 926917 complete and 0 interrupted iterations
tail_open_loop   [  54% ] 0003/0453 VUs  4m04.0s/7m30s  08554.17 iters/s

running (4m05.0s), 0007/0453 VUs, 935494 complete and 0 interrupted iterations
tail_open_loop   [  54% ] 0007/0453 VUs  4m05.0s/7m30s  08609.70 iters/s

running (4m06.0s), 0004/0453 VUs, 944135 complete and 0 interrupted iterations
tail_open_loop   [  55% ] 0004/0453 VUs  4m06.0s/7m30s  08665.29 iters/s

running (4m07.0s), 0003/0453 VUs, 952829 complete and 0 interrupted iterations
tail_open_loop   [  55% ] 0003/0453 VUs  4m07.0s/7m30s  08720.83 iters/s

running (4m08.0s), 0005/0453 VUs, 961577 complete and 0 interrupted iterations
tail_open_loop   [  55% ] 0005/0453 VUs  4m08.0s/7m30s  08776.40 iters/s

running (4m09.0s), 0004/0453 VUs, 970381 complete and 0 interrupted iterations
tail_open_loop   [  55% ] 0004/0453 VUs  4m09.0s/7m30s  08831.97 iters/s

running (4m10.0s), 0004/0453 VUs, 979241 complete and 0 interrupted iterations
tail_open_loop   [  56% ] 0004/0453 VUs  4m10.0s/7m30s  08887.47 iters/s

running (4m11.0s), 0006/0453 VUs, 988155 complete and 0 interrupted iterations
tail_open_loop   [  56% ] 0006/0453 VUs  4m11.0s/7m30s  08943.10 iters/s

running (4m12.0s), 0004/0453 VUs, 997127 complete and 0 interrupted iterations
tail_open_loop   [  56% ] 0004/0453 VUs  4m12.0s/7m30s  08998.63 iters/s

running (4m13.0s), 0006/0453 VUs, 1006151 complete and 0 interrupted iterations
tail_open_loop   [  56% ] 0006/0453 VUs  4m13.0s/7m30s  09054.12 iters/s

running (4m14.0s), 0004/0453 VUs, 1015235 complete and 0 interrupted iterations
tail_open_loop   [  56% ] 0004/0453 VUs  4m14.0s/7m30s  09109.71 iters/s

running (4m15.0s), 0004/0453 VUs, 1024373 complete and 0 interrupted iterations
tail_open_loop   [  57% ] 0005/0453 VUs  4m15.0s/7m30s  09165.23 iters/s

running (4m16.0s), 0005/0453 VUs, 1033564 complete and 0 interrupted iterations
tail_open_loop   [  57% ] 0005/0453 VUs  4m16.0s/7m30s  09220.84 iters/s

running (4m17.0s), 0007/0453 VUs, 1042811 complete and 0 interrupted iterations
tail_open_loop   [  57% ] 0007/0453 VUs  4m17.0s/7m30s  09276.35 iters/s

running (4m18.0s), 0004/0453 VUs, 1052118 complete and 0 interrupted iterations
tail_open_loop   [  57% ] 0004/0453 VUs  4m18.0s/7m30s  09331.93 iters/s

running (4m19.0s), 0005/0453 VUs, 1061477 complete and 0 interrupted iterations
tail_open_loop   [  58% ] 0005/0453 VUs  4m19.0s/7m30s  09387.47 iters/s

running (4m20.0s), 0005/0453 VUs, 1070892 complete and 0 interrupted iterations
tail_open_loop   [  58% ] 0005/0453 VUs  4m20.0s/7m30s  09443.05 iters/s

running (4m21.0s), 0006/0453 VUs, 1080361 complete and 0 interrupted iterations
tail_open_loop   [  58% ] 0006/0453 VUs  4m21.0s/7m30s  09498.57 iters/s

running (4m22.0s), 0006/0453 VUs, 1089888 complete and 0 interrupted iterations
tail_open_loop   [  58% ] 0006/0453 VUs  4m22.0s/7m30s  09554.11 iters/s

running (4m23.0s), 0003/0453 VUs, 1099473 complete and 0 interrupted iterations
tail_open_loop   [  58% ] 0003/0453 VUs  4m23.0s/7m30s  09609.66 iters/s

running (4m24.0s), 0005/0453 VUs, 1109110 complete and 0 interrupted iterations
tail_open_loop   [  59% ] 0005/0453 VUs  4m24.0s/7m30s  09665.29 iters/s

running (4m25.0s), 0092/0566 VUs, 1118224 complete and 0 interrupted iterations
tail_open_loop   [  59% ] 0092/0566 VUs  4m25.0s/7m30s  09720.82 iters/s

running (4m26.0s), 0027/0566 VUs, 1128039 complete and 0 interrupted iterations
tail_open_loop   [  59% ] 0027/0566 VUs  4m26.0s/7m30s  09776.41 iters/s

running (4m27.0s), 0021/0566 VUs, 1137848 complete and 0 interrupted iterations
tail_open_loop   [  59% ] 0021/0566 VUs  4m27.0s/7m30s  09831.97 iters/s

running (4m28.0s), 0014/0566 VUs, 1147714 complete and 0 interrupted iterations
tail_open_loop   [  60% ] 0014/0566 VUs  4m28.0s/7m30s  09887.38 iters/s

running (4m29.0s), 0036/0566 VUs, 1157608 complete and 0 interrupted iterations
tail_open_loop   [  60% ] 0036/0566 VUs  4m29.0s/7m30s  09943.03 iters/s

running (4m30.0s), 0019/0566 VUs, 1167594 complete and 0 interrupted iterations
tail_open_loop   [  60% ] 0019/0566 VUs  4m30.0s/7m30s  09998.60 iters/s

running (4m31.0s), 0008/0566 VUs, 1177633 complete and 0 interrupted iterations
tail_open_loop   [  60% ] 0008/0566 VUs  4m31.0s/7m30s  10054.19 iters/s

running (4m32.0s), 0025/0566 VUs, 1187696 complete and 0 interrupted iterations
tail_open_loop   [  60% ] 0025/0566 VUs  4m32.0s/7m30s  10109.69 iters/s

running (4m33.0s), 0099/0566 VUs, 1197761 complete and 0 interrupted iterations
tail_open_loop   [  61% ] 0099/0566 VUs  4m33.0s/7m30s  10165.18 iters/s

running (4m34.0s), 0006/0567 VUs, 1208045 complete and 0 interrupted iterations
tail_open_loop   [  61% ] 0006/0567 VUs  4m34.0s/7m30s  10220.77 iters/s

running (4m35.0s), 0014/0567 VUs, 1218287 complete and 0 interrupted iterations
tail_open_loop   [  61% ] 0014/0567 VUs  4m35.0s/7m30s  10276.33 iters/s

running (4m36.0s), 0010/0567 VUs, 1228594 complete and 0 interrupted iterations
tail_open_loop   [  61% ] 0010/0567 VUs  4m36.0s/7m30s  10331.97 iters/s

running (4m37.0s), 0006/0610 VUs, 1238809 complete and 0 interrupted iterations
tail_open_loop   [  62% ] 0006/0610 VUs  4m37.0s/7m30s  10387.45 iters/s

running (4m38.0s), 0012/0610 VUs, 1249218 complete and 0 interrupted iterations
tail_open_loop   [  62% ] 0013/0610 VUs  4m38.0s/7m30s  10442.99 iters/s

running (4m39.0s), 0018/0610 VUs, 1259683 complete and 0 interrupted iterations
tail_open_loop   [  62% ] 0018/0610 VUs  4m39.0s/7m30s  10498.58 iters/s

running (4m40.0s), 0039/0610 VUs, 1270189 complete and 0 interrupted iterations
tail_open_loop   [  62% ] 0039/0610 VUs  4m40.0s/7m30s  10554.09 iters/s

running (4m41.0s), 0031/0706 VUs, 1280321 complete and 0 interrupted iterations
tail_open_loop   [  62% ] 0031/0706 VUs  4m41.0s/7m30s  10609.74 iters/s

running (4m42.0s), 0016/0706 VUs, 1290974 complete and 0 interrupted iterations
tail_open_loop   [  63% ] 0016/0706 VUs  4m42.0s/7m30s  10665.19 iters/s

running (4m43.0s), 0012/0706 VUs, 1301670 complete and 0 interrupted iterations
tail_open_loop   [  63% ] 0012/0706 VUs  4m43.0s/7m30s  10720.87 iters/s

running (4m44.0s), 0008/0706 VUs, 1312423 complete and 0 interrupted iterations
tail_open_loop   [  63% ] 0008/0706 VUs  4m44.0s/7m30s  10776.44 iters/s

running (4m45.0s), 0007/0706 VUs, 1323228 complete and 0 interrupted iterations
tail_open_loop   [  63% ] 0007/0706 VUs  4m45.0s/7m30s  10831.89 iters/s

running (4m46.0s), 0005/0706 VUs, 1334090 complete and 0 interrupted iterations
tail_open_loop   [  64% ] 0005/0706 VUs  4m46.0s/7m30s  10887.55 iters/s

running (4m47.0s), 0005/0706 VUs, 1345005 complete and 0 interrupted iterations
tail_open_loop   [  64% ] 0005/0706 VUs  4m47.0s/7m30s  10942.95 iters/s

running (4m48.0s), 0006/0706 VUs, 1355975 complete and 0 interrupted iterations
tail_open_loop   [  64% ] 0006/0706 VUs  4m48.0s/7m30s  10998.68 iters/s

running (4m49.0s), 0028/0706 VUs, 1366979 complete and 0 interrupted iterations
tail_open_loop   [  64% ] 0028/0706 VUs  4m49.0s/7m30s  11054.12 iters/s

running (4m50.0s), 0008/0706 VUs, 1378081 complete and 0 interrupted iterations
tail_open_loop   [  64% ] 0008/0706 VUs  4m50.0s/7m30s  11109.63 iters/s

running (4m51.0s), 0006/0706 VUs, 1389221 complete and 0 interrupted iterations
tail_open_loop   [  65% ] 0006/0706 VUs  4m51.0s/7m30s  11165.20 iters/s

running (4m52.0s), 0011/0706 VUs, 1400409 complete and 0 interrupted iterations
tail_open_loop   [  65% ] 0011/0706 VUs  4m52.0s/7m30s  11220.83 iters/s

running (4m53.0s), 0007/0706 VUs, 1411661 complete and 0 interrupted iterations
tail_open_loop   [  65% ] 0007/0706 VUs  4m53.0s/7m30s  11276.37 iters/s

running (4m54.0s), 0040/0706 VUs, 1422932 complete and 0 interrupted iterations
tail_open_loop   [  65% ] 0041/0706 VUs  4m54.0s/7m30s  11331.96 iters/s

running (4m55.0s), 0030/0706 VUs, 1434302 complete and 0 interrupted iterations
tail_open_loop   [  66% ] 0030/0706 VUs  4m55.0s/7m30s  11387.45 iters/s

running (4m56.0s), 0013/0706 VUs, 1445734 complete and 0 interrupted iterations
tail_open_loop   [  66% ] 0013/0706 VUs  4m56.0s/7m30s  11443.09 iters/s

running (4m57.0s), 0007/0706 VUs, 1457211 complete and 0 interrupted iterations
tail_open_loop   [  66% ] 0007/0706 VUs  4m57.0s/7m30s  11498.48 iters/s

running (4m58.0s), 0005/0706 VUs, 1468739 complete and 0 interrupted iterations
tail_open_loop   [  66% ] 0005/0706 VUs  4m58.0s/7m30s  11554.15 iters/s

running (4m59.0s), 0007/0706 VUs, 1480319 complete and 0 interrupted iterations
tail_open_loop   [  66% ] 0007/0706 VUs  4m59.0s/7m30s  11609.68 iters/s

running (5m00.0s), 0008/0706 VUs, 1491956 complete and 0 interrupted iterations
tail_open_loop   [  67% ] 0008/0706 VUs  5m00.0s/7m30s  11665.21 iters/s

running (5m01.0s), 0142/0706 VUs, 1503512 complete and 0 interrupted iterations
tail_open_loop   [  67% ] 0142/0706 VUs  5m01.0s/7m30s  11720.86 iters/s

running (5m02.0s), 0020/0706 VUs, 1515386 complete and 0 interrupted iterations
tail_open_loop   [  67% ] 0020/0706 VUs  5m02.0s/7m30s  11776.34 iters/s

running (5m03.0s), 0013/0706 VUs, 1527196 complete and 0 interrupted iterations
tail_open_loop   [  67% ] 0013/0706 VUs  5m03.0s/7m30s  11831.94 iters/s

running (5m04.0s), 0009/0706 VUs, 1539060 complete and 0 interrupted iterations
tail_open_loop   [  68% ] 0009/0706 VUs  5m04.0s/7m30s  11887.36 iters/s

running (5m05.0s), 0006/0706 VUs, 1550978 complete and 0 interrupted iterations
tail_open_loop   [  68% ] 0006/0706 VUs  5m05.0s/7m30s  11943.01 iters/s

running (5m06.0s), 0014/0706 VUs, 1562943 complete and 0 interrupted iterations
tail_open_loop   [  68% ] 0014/0706 VUs  5m06.0s/7m30s  11998.61 iters/s

running (5m07.0s), 0007/0706 VUs, 1574975 complete and 0 interrupted iterations
tail_open_loop   [  68% ] 0007/0706 VUs  5m07.0s/7m30s  12054.15 iters/s

running (5m08.0s), 0006/0706 VUs, 1587057 complete and 0 interrupted iterations
tail_open_loop   [  68% ] 0007/0706 VUs  5m08.0s/7m30s  12109.76 iters/s

running (5m09.0s), 0006/0706 VUs, 1599196 complete and 0 interrupted iterations
tail_open_loop   [  69% ] 0006/0706 VUs  5m09.0s/7m30s  12165.15 iters/s

running (5m10.0s), 0008/0706 VUs, 1611386 complete and 0 interrupted iterations
tail_open_loop   [  69% ] 0008/0706 VUs  5m10.0s/7m30s  12220.76 iters/s

running (5m11.0s), 0007/0706 VUs, 1623636 complete and 0 interrupted iterations
tail_open_loop   [  69% ] 0007/0706 VUs  5m11.0s/7m30s  12276.27 iters/s

running (5m12.0s), 0005/0706 VUs, 1635943 complete and 0 interrupted iterations
tail_open_loop   [  69% ] 0005/0706 VUs  5m12.0s/7m30s  12331.82 iters/s

running (5m13.0s), 0012/0706 VUs, 1648295 complete and 0 interrupted iterations
tail_open_loop   [  70% ] 0012/0706 VUs  5m13.0s/7m30s  12387.43 iters/s

running (5m14.0s), 0011/0706 VUs, 1660713 complete and 0 interrupted iterations
tail_open_loop   [  70% ] 0011/0706 VUs  5m14.0s/7m30s  12443.07 iters/s

running (5m15.0s), 0006/0706 VUs, 1673186 complete and 0 interrupted iterations
tail_open_loop   [  70% ] 0006/0706 VUs  5m15.0s/7m30s  12498.59 iters/s

running (5m16.0s), 0106/0706 VUs, 1685614 complete and 0 interrupted iterations
tail_open_loop   [  70% ] 0106/0706 VUs  5m16.0s/7m30s  12554.14 iters/s

running (5m17.0s), 0024/0706 VUs, 1698278 complete and 0 interrupted iterations
tail_open_loop   [  70% ] 0024/0706 VUs  5m17.0s/7m30s  12609.70 iters/s

running (5m18.0s), 0013/0706 VUs, 1710926 complete and 0 interrupted iterations
tail_open_loop   [  71% ] 0013/0706 VUs  5m18.0s/7m30s  12665.28 iters/s

running (5m19.0s), 0009/0706 VUs, 1723623 complete and 0 interrupted iterations
tail_open_loop   [  71% ] 0009/0706 VUs  5m19.0s/7m30s  12720.70 iters/s

running (5m20.0s), 0678/0706 VUs, 1735699 complete and 0 interrupted iterations
tail_open_loop   [  71% ] 0678/0706 VUs  5m20.0s/7m30s  12776.45 iters/s

running (5m21.0s), 0010/1289 VUs, 1746794 complete and 0 interrupted iterations
tail_open_loop   [  71% ] 0010/1289 VUs  5m21.0s/7m30s  12831.86 iters/s

running (5m22.0s), 0704/1289 VUs, 1758945 complete and 0 interrupted iterations
tail_open_loop   [  72% ] 0704/1289 VUs  5m22.0s/7m30s  12887.26 iters/s

running (5m23.0s), 0015/1301 VUs, 1772540 complete and 0 interrupted iterations
tail_open_loop   [  72% ] 0015/1301 VUs  5m23.0s/7m30s  12942.97 iters/s

running (5m24.0s), 0014/1301 VUs, 1785508 complete and 0 interrupted iterations
tail_open_loop   [  72% ] 0014/1301 VUs  5m24.0s/7m30s  12998.66 iters/s

running (5m25.0s), 0184/1301 VUs, 1798365 complete and 0 interrupted iterations
tail_open_loop   [  72% ] 0184/1301 VUs  5m25.0s/7m30s  13054.15 iters/s

running (5m26.0s), 0213/1301 VUs, 1811417 complete and 0 interrupted iterations
tail_open_loop   [  72% ] 0213/1301 VUs  5m26.0s/7m30s  13109.77 iters/s

running (5m27.0s), 0019/1301 VUs, 1824749 complete and 0 interrupted iterations
tail_open_loop   [  73% ] 0019/1301 VUs  5m27.0s/7m30s  13165.34 iters/s

running (5m28.0s), 0008/1301 VUs, 1837953 complete and 0 interrupted iterations
tail_open_loop   [  73% ] 0008/1301 VUs  5m28.0s/7m30s  13220.87 iters/s

running (5m29.0s), 0057/1301 VUs, 1851154 complete and 0 interrupted iterations
tail_open_loop   [  73% ] 0057/1301 VUs  5m29.0s/7m30s  13276.33 iters/s

running (5m30.0s), 0007/1301 VUs, 1864506 complete and 0 interrupted iterations
tail_open_loop   [  73% ] 0007/1301 VUs  5m30.0s/7m30s  13331.91 iters/s

running (5m31.0s), 0009/1301 VUs, 1877865 complete and 0 interrupted iterations
tail_open_loop   [  74% ] 0009/1301 VUs  5m31.0s/7m30s  13387.42 iters/s

running (5m32.0s), 0010/1301 VUs, 1891278 complete and 0 interrupted iterations
tail_open_loop   [  74% ] 0011/1301 VUs  5m32.0s/7m30s  13443.21 iters/s

running (5m33.0s), 0010/1301 VUs, 1904750 complete and 0 interrupted iterations
tail_open_loop   [  74% ] 0010/1301 VUs  5m33.0s/7m30s  13498.74 iters/s

running (5m34.0s), 0005/1301 VUs, 1918280 complete and 0 interrupted iterations
tail_open_loop   [  74% ] 0005/1301 VUs  5m34.0s/7m30s  13554.18 iters/s

running (5m35.0s), 0012/1301 VUs, 1931856 complete and 0 interrupted iterations
tail_open_loop   [  74% ] 0012/1301 VUs  5m35.0s/7m30s  13609.70 iters/s

running (5m36.0s), 0008/1301 VUs, 1945498 complete and 0 interrupted iterations
tail_open_loop   [  75% ] 0008/1301 VUs  5m36.0s/7m30s  13665.31 iters/s

running (5m37.0s), 0014/1301 VUs, 1959185 complete and 0 interrupted iterations
tail_open_loop   [  75% ] 0014/1301 VUs  5m37.0s/7m30s  13720.81 iters/s

running (5m38.0s), 0012/1301 VUs, 1972936 complete and 0 interrupted iterations
tail_open_loop   [  75% ] 0012/1301 VUs  5m38.0s/7m30s  13776.38 iters/s

running (5m39.0s), 0009/1301 VUs, 1986741 complete and 0 interrupted iterations
tail_open_loop   [  75% ] 0008/1301 VUs  5m39.0s/7m30s  13832.02 iters/s

running (5m40.0s), 0008/1301 VUs, 2000603 complete and 0 interrupted iterations
tail_open_loop   [  76% ] 0008/1301 VUs  5m40.0s/7m30s  13887.54 iters/s

running (5m41.0s), 0015/1301 VUs, 2014511 complete and 0 interrupted iterations
tail_open_loop   [  76% ] 0016/1301 VUs  5m41.0s/7m30s  13943.11 iters/s

running (5m42.0s), 0013/1301 VUs, 2028483 complete and 0 interrupted iterations
tail_open_loop   [  76% ] 0012/1301 VUs  5m42.0s/7m30s  13998.54 iters/s

running (5m43.0s), 0009/1301 VUs, 2042513 complete and 0 interrupted iterations
tail_open_loop   [  76% ] 0009/1301 VUs  5m43.0s/7m30s  14054.22 iters/s

running (5m44.0s), 0038/1301 VUs, 2056567 complete and 0 interrupted iterations
tail_open_loop   [  76% ] 0038/1301 VUs  5m44.0s/7m30s  14109.75 iters/s

running (5m45.0s), 0030/1301 VUs, 2070713 complete and 0 interrupted iterations
tail_open_loop   [  77% ] 0030/1301 VUs  5m45.0s/7m30s  14165.11 iters/s

running (5m46.0s), 0010/1301 VUs, 2084928 complete and 0 interrupted iterations
tail_open_loop   [  77% ] 0010/1301 VUs  5m46.0s/7m30s  14220.91 iters/s

running (5m47.0s), 0012/1301 VUs, 2099172 complete and 0 interrupted iterations
tail_open_loop   [  77% ] 0012/1301 VUs  5m47.0s/7m30s  14276.33 iters/s

running (5m48.0s), 0014/1301 VUs, 2113474 complete and 0 interrupted iterations
tail_open_loop   [  77% ] 0014/1301 VUs  5m48.0s/7m30s  14331.78 iters/s

running (5m49.0s), 0010/1301 VUs, 2127838 complete and 0 interrupted iterations
tail_open_loop   [  78% ] 0010/1301 VUs  5m49.0s/7m30s  14387.45 iters/s

running (5m50.0s), 0029/1301 VUs, 2142235 complete and 0 interrupted iterations
tail_open_loop   [  78% ] 0027/1301 VUs  5m50.0s/7m30s  14442.94 iters/s

running (5m51.0s), 0069/1301 VUs, 2156665 complete and 0 interrupted iterations
tail_open_loop   [  78% ] 0069/1301 VUs  5m51.0s/7m30s  14498.64 iters/s

running (5m52.0s), 0009/1301 VUs, 2171251 complete and 0 interrupted iterations
tail_open_loop   [  78% ] 0009/1301 VUs  5m52.0s/7m30s  14554.13 iters/s

running (5m53.0s), 0104/1301 VUs, 2185739 complete and 0 interrupted iterations
tail_open_loop   [  78% ] 0104/1301 VUs  5m53.0s/7m30s  14609.63 iters/s

running (5m54.0s), 0012/1301 VUs, 2200469 complete and 0 interrupted iterations
tail_open_loop   [  79% ] 0012/1301 VUs  5m54.0s/7m30s  14665.34 iters/s

running (5m55.0s), 0028/1301 VUs, 2215145 complete and 0 interrupted iterations
tail_open_loop   [  79% ] 0028/1301 VUs  5m55.0s/7m30s  14720.82 iters/s

running (5m56.0s), 0055/1301 VUs, 2229866 complete and 0 interrupted iterations
tail_open_loop   [  79% ] 0055/1301 VUs  5m56.0s/7m30s  14776.29 iters/s

running (5m57.0s), 0421/1301 VUs, 2244306 complete and 0 interrupted iterations
tail_open_loop   [  79% ] 0422/1301 VUs  5m57.0s/7m30s  14831.95 iters/s

running (5m58.0s), 0011/1301 VUs, 2259577 complete and 0 interrupted iterations
tail_open_loop   [  80% ] 0012/1301 VUs  5m58.0s/7m30s  14887.38 iters/s

running (5m59.0s), 0049/1301 VUs, 2274451 complete and 0 interrupted iterations
tail_open_loop   [  80% ] 0049/1301 VUs  5m59.0s/7m30s  14942.99 iters/s

running (6m00.0s), 0220/1301 VUs, 2289253 complete and 0 interrupted iterations
tail_open_loop   [  80% ] 0220/1301 VUs  6m00.0s/7m30s  14998.80 iters/s

running (6m01.0s), 0123/1301 VUs, 2304376 complete and 0 interrupted iterations
tail_open_loop   [  80% ] 0123/1301 VUs  6m01.0s/7m30s  15054.12 iters/s

running (6m02.0s), 0029/1301 VUs, 2319551 complete and 0 interrupted iterations
tail_open_loop   [  80% ] 0029/1301 VUs  6m02.0s/7m30s  15109.62 iters/s

running (6m03.0s), 0161/1301 VUs, 2334555 complete and 0 interrupted iterations
tail_open_loop   [  81% ] 0161/1301 VUs  6m03.0s/7m30s  15165.07 iters/s

running (6m04.0s), 0013/1301 VUs, 2349896 complete and 0 interrupted iterations
tail_open_loop   [  81% ] 0013/1301 VUs  6m04.0s/7m30s  15220.93 iters/s

running (6m05.0s), 0119/1301 VUs, 2365040 complete and 0 interrupted iterations
tail_open_loop   [  81% ] 0119/1301 VUs  6m05.0s/7m30s  15276.27 iters/s

running (6m06.0s), 0021/1301 VUs, 2380442 complete and 0 interrupted iterations
tail_open_loop   [  81% ] 0021/1301 VUs  6m06.0s/7m30s  15332.01 iters/s

running (6m07.0s), 0021/1301 VUs, 2395801 complete and 0 interrupted iterations
tail_open_loop   [  82% ] 0021/1301 VUs  6m07.0s/7m30s  15387.46 iters/s

running (6m08.0s), 0014/1301 VUs, 2411224 complete and 0 interrupted iterations
tail_open_loop   [  82% ] 0014/1301 VUs  6m08.0s/7m30s  15442.82 iters/s

running (6m09.0s), 0164/1301 VUs, 2426545 complete and 0 interrupted iterations
tail_open_loop   [  82% ] 0164/1301 VUs  6m09.0s/7m30s  15498.59 iters/s

running (6m10.0s), 0014/1301 VUs, 2442220 complete and 0 interrupted iterations
tail_open_loop   [  82% ] 0013/1301 VUs  6m10.0s/7m30s  15554.28 iters/s

running (6m11.0s), 0013/1301 VUs, 2457805 complete and 0 interrupted iterations
tail_open_loop   [  82% ] 0013/1301 VUs  6m11.0s/7m30s  15609.63 iters/s

running (6m12.0s), 0014/1301 VUs, 2473440 complete and 0 interrupted iterations
tail_open_loop   [  83% ] 0014/1301 VUs  6m12.0s/7m30s  15665.14 iters/s

running (6m13.0s), 0356/1301 VUs, 2488793 complete and 0 interrupted iterations
tail_open_loop   [  83% ] 0356/1301 VUs  6m13.0s/7m30s  15720.80 iters/s

running (6m14.0s), 0102/1301 VUs, 2504795 complete and 0 interrupted iterations
tail_open_loop   [  83% ] 0102/1301 VUs  6m14.0s/7m30s  15776.35 iters/s

running (6m15.0s), 0046/1301 VUs, 2520655 complete and 0 interrupted iterations
tail_open_loop   [  83% ] 0046/1301 VUs  6m15.0s/7m30s  15832.05 iters/s

running (6m16.0s), 0382/1301 VUs, 2536177 complete and 0 interrupted iterations
tail_open_loop   [  84% ] 0382/1301 VUs  6m16.0s/7m30s  15887.39 iters/s

running (6m17.0s), 0560/1301 VUs, 2551917 complete and 0 interrupted iterations
tail_open_loop   [  84% ] 0561/1301 VUs  6m17.0s/7m30s  15943.11 iters/s

running (6m18.0s), 0019/1301 VUs, 2568427 complete and 0 interrupted iterations
tail_open_loop   [  84% ] 0019/1301 VUs  6m18.0s/7m30s  15998.46 iters/s

running (6m19.0s), 0012/1301 VUs, 2584459 complete and 0 interrupted iterations
tail_open_loop   [  84% ] 0012/1301 VUs  6m19.0s/7m30s  16054.20 iters/s

running (6m20.0s), 0186/1301 VUs, 2600369 complete and 0 interrupted iterations
tail_open_loop   [  84% ] 0185/1301 VUs  6m20.0s/7m30s  16109.80 iters/s

running (6m21.0s), 0758/1301 VUs, 2615934 complete and 0 interrupted iterations
tail_open_loop   [  85% ] 0759/1301 VUs  6m21.0s/7m30s  16165.27 iters/s

running (6m22.0s), 0017/1322 VUs, 2632643 complete and 0 interrupted iterations
tail_open_loop   [  85% ] 0017/1322 VUs  6m22.0s/7m30s  16220.86 iters/s

running (6m23.0s), 0150/1322 VUs, 2648758 complete and 0 interrupted iterations
tail_open_loop   [  85% ] 0150/1322 VUs  6m23.0s/7m30s  16276.57 iters/s

running (6m24.0s), 0117/1322 VUs, 2665096 complete and 0 interrupted iterations
tail_open_loop   [  85% ] 0117/1322 VUs  6m24.0s/7m30s  16331.86 iters/s

running (6m25.0s), 1600/1628 VUs, 2679081 complete and 0 interrupted iterations
tail_open_loop   [  86% ] 1600/1628 VUs  6m25.0s/7m30s  16387.53 iters/s

running (6m26.0s), 0029/1679 VUs, 2696875 complete and 0 interrupted iterations
tail_open_loop   [  86% ] 0029/1679 VUs  6m26.0s/7m30s  16443.04 iters/s

running (6m27.0s), 0029/1679 VUs, 2713346 complete and 0 interrupted iterations
tail_open_loop   [  86% ] 0029/1679 VUs  6m27.0s/7m30s  16498.38 iters/s

running (6m28.0s), 0012/1679 VUs, 2729888 complete and 0 interrupted iterations
tail_open_loop   [  86% ] 0013/1679 VUs  6m28.0s/7m30s  16554.10 iters/s

running (6m29.0s), 0034/1679 VUs, 2746448 complete and 0 interrupted iterations
tail_open_loop   [  86% ] 0034/1679 VUs  6m29.0s/7m30s  16609.92 iters/s

running (6m30.0s), 0068/1679 VUs, 2763052 complete and 0 interrupted iterations
tail_open_loop   [  87% ] 0068/1679 VUs  6m30.0s/7m30s  16665.28 iters/s

running (6m31.0s), 0013/1679 VUs, 2779800 complete and 0 interrupted iterations
tail_open_loop   [  87% ] 0013/1679 VUs  6m31.0s/7m30s  16721.01 iters/s

running (6m32.0s), 0035/1679 VUs, 2796528 complete and 0 interrupted iterations
tail_open_loop   [  87% ] 0035/1679 VUs  6m32.0s/7m30s  16776.27 iters/s

running (6m33.0s), 1204/1679 VUs, 2812163 complete and 0 interrupted iterations
tail_open_loop   [  87% ] 1204/1679 VUs  6m33.0s/7m30s  16831.90 iters/s

running (6m34.0s), 0017/1679 VUs, 2830208 complete and 0 interrupted iterations
tail_open_loop   [  88% ] 0017/1679 VUs  6m34.0s/7m30s  16887.33 iters/s

running (6m35.0s), 0027/1679 VUs, 2847115 complete and 0 interrupted iterations
tail_open_loop   [  88% ] 0027/1679 VUs  6m35.0s/7m30s  16942.83 iters/s

running (6m36.0s), 0018/1679 VUs, 2864093 complete and 0 interrupted iterations
tail_open_loop   [  88% ] 0018/1679 VUs  6m36.0s/7m30s  16998.42 iters/s

running (6m37.0s), 1139/1797 VUs, 2879623 complete and 0 interrupted iterations
tail_open_loop   [  88% ] 1139/1797 VUs  6m37.0s/7m30s  17054.37 iters/s

running (6m38.0s), 0113/1966 VUs, 2897272 complete and 0 interrupted iterations
tail_open_loop   [  88% ] 0113/1966 VUs  6m38.0s/7m30s  17109.52 iters/s

running (6m39.0s), 0371/1966 VUs, 2914152 complete and 0 interrupted iterations
tail_open_loop   [  89% ] 0371/1966 VUs  6m39.0s/7m30s  17165.02 iters/s

running (6m40.0s), 0548/1966 VUs, 2931167 complete and 0 interrupted iterations
tail_open_loop   [  89% ] 0548/1966 VUs  6m40.0s/7m30s  17220.89 iters/s

running (6m41.0s), 2233/2248 VUs, 2945638 complete and 0 interrupted iterations
tail_open_loop   [  89% ] 2233/2248 VUs  6m41.0s/7m30s  17276.53 iters/s

running (6m42.0s), 1752/2930 VUs, 2960437 complete and 0 interrupted iterations
tail_open_loop   [  89% ] 1752/2930 VUs  6m42.0s/7m30s  17331.92 iters/s

running (6m43.0s), 1559/3000 VUs, 2977739 complete and 0 interrupted iterations
tail_open_loop   [  90% ] 1559/3000 VUs  6m43.0s/7m30s  17387.37 iters/s

running (6m44.0s), 2686/3000 VUs, 2994034 complete and 0 interrupted iterations
tail_open_loop   [  90% ] 2686/3000 VUs  6m44.0s/7m30s  17443.18 iters/s

running (6m45.0s), 2902/3000 VUs, 3007894 complete and 0 interrupted iterations
tail_open_loop   [  90% ] 2902/3000 VUs  6m45.0s/7m30s  17498.73 iters/s

running (6m46.0s), 2825/3000 VUs, 3022347 complete and 0 interrupted iterations
tail_open_loop   [  90% ] 2825/3000 VUs  6m46.0s/7m30s  17554.33 iters/s

running (6m47.0s), 0979/3000 VUs, 3041061 complete and 0 interrupted iterations
tail_open_loop   [  90% ] 0979/3000 VUs  6m47.0s/7m30s  17609.66 iters/s

running (6m48.0s), 0251/3000 VUs, 3059434 complete and 0 interrupted iterations
tail_open_loop   [  91% ] 0251/3000 VUs  6m48.0s/7m30s  17665.04 iters/s

running (6m49.0s), 0514/3000 VUs, 3076857 complete and 0 interrupted iterations
tail_open_loop   [  91% ] 0514/3000 VUs  6m49.0s/7m30s  17720.76 iters/s

running (6m50.0s), 2754/3000 VUs, 3092366 complete and 0 interrupted iterations
tail_open_loop   [  91% ] 2754/3000 VUs  6m50.0s/7m30s  17776.20 iters/s

running (6m51.0s), 0124/3000 VUs, 3111958 complete and 0 interrupted iterations
tail_open_loop   [  91% ] 0124/3000 VUs  6m51.0s/7m30s  17831.99 iters/s

running (6m52.0s), 0122/3000 VUs, 3129819 complete and 0 interrupted iterations
tail_open_loop   [  92% ] 0122/3000 VUs  6m52.0s/7m30s  17887.49 iters/s

running (6m53.0s), 1940/3000 VUs, 3145917 complete and 0 interrupted iterations
tail_open_loop   [  92% ] 1940/3000 VUs  6m53.0s/7m30s  17943.01 iters/s

running (6m54.0s), 1771/3000 VUs, 3163657 complete and 0 interrupted iterations
tail_open_loop   [  92% ] 1771/3000 VUs  6m54.0s/7m30s  17998.56 iters/s

running (6m55.0s), 2291/3000 VUs, 3181164 complete and 0 interrupted iterations
tail_open_loop   [  92% ] 2291/3000 VUs  6m55.0s/7m30s  18054.13 iters/s

running (6m56.0s), 1220/3000 VUs, 3200319 complete and 0 interrupted iterations
tail_open_loop   [  92% ] 1220/3000 VUs  6m56.0s/7m30s  18109.71 iters/s

running (6m57.0s), 2980/3000 VUs, 3215598 complete and 0 interrupted iterations
tail_open_loop   [  93% ] 2980/3000 VUs  6m57.0s/7m30s  18165.30 iters/s

running (6m58.0s), 2997/3000 VUs, 3232086 complete and 0 interrupted iterations
tail_open_loop   [  93% ] 2997/3000 VUs  6m58.0s/7m30s  18220.58 iters/s

running (6m59.0s), 0585/3000 VUs, 3252340 complete and 0 interrupted iterations
tail_open_loop   [  93% ] 0585/3000 VUs  6m59.0s/7m30s  18276.52 iters/s

running (7m00.0s), 0283/3000 VUs, 3270948 complete and 0 interrupted iterations
tail_open_loop   [  93% ] 0283/3000 VUs  7m00.0s/7m30s  18332.14 iters/s

running (7m01.0s), 2975/3000 VUs, 3286061 complete and 0 interrupted iterations
tail_open_loop   [  94% ] 2975/3000 VUs  7m01.0s/7m30s  18387.42 iters/s

running (7m02.0s), 2999/3000 VUs, 3303246 complete and 0 interrupted iterations
tail_open_loop   [  94% ] 2999/3000 VUs  7m02.0s/7m30s  18443.04 iters/s

running (7m03.0s), 2840/3000 VUs, 3319809 complete and 0 interrupted iterations
tail_open_loop   [  94% ] 2840/3000 VUs  7m03.0s/7m30s  18498.65 iters/s

running (7m04.0s), 2958/3000 VUs, 3337205 complete and 0 interrupted iterations
tail_open_loop   [  94% ] 2958/3000 VUs  7m04.0s/7m30s  18554.25 iters/s

running (7m05.0s), 2956/3000 VUs, 3354007 complete and 0 interrupted iterations
tail_open_loop   [  94% ] 2956/3000 VUs  7m05.0s/7m30s  18609.50 iters/s

running (7m06.0s), 1393/3000 VUs, 3371009 complete and 0 interrupted iterations
tail_open_loop   [  95% ] 1393/3000 VUs  7m06.0s/7m30s  18665.07 iters/s

running (7m07.0s), 1172/3000 VUs, 3389925 complete and 0 interrupted iterations
tail_open_loop   [  95% ] 1172/3000 VUs  7m07.0s/7m30s  18720.63 iters/s

running (7m08.0s), 2591/3000 VUs, 3406399 complete and 0 interrupted iterations
tail_open_loop   [  95% ] 2592/3000 VUs  7m08.0s/7m30s  18776.52 iters/s

running (7m09.0s), 2991/3000 VUs, 3419418 complete and 0 interrupted iterations
tail_open_loop   [  95% ] 2991/3000 VUs  7m09.0s/7m30s  18832.04 iters/s

running (7m10.0s), 1895/3000 VUs, 3438096 complete and 0 interrupted iterations
tail_open_loop   [  96% ] 1895/3000 VUs  7m10.0s/7m30s  18887.52 iters/s

running (7m11.0s), 3000/3000 VUs, 3455843 complete and 0 interrupted iterations
tail_open_loop   [  96% ] 3000/3000 VUs  7m11.0s/7m30s  18942.98 iters/s

running (7m12.0s), 2241/3000 VUs, 3474762 complete and 0 interrupted iterations
tail_open_loop   [  96% ] 2241/3000 VUs  7m12.0s/7m30s  18998.40 iters/s

running (7m13.0s), 2961/3000 VUs, 3491152 complete and 0 interrupted iterations
tail_open_loop   [  96% ] 2961/3000 VUs  7m13.0s/7m30s  19054.15 iters/s

running (7m14.0s), 2957/3000 VUs, 3508849 complete and 0 interrupted iterations
tail_open_loop   [  96% ] 2957/3000 VUs  7m14.0s/7m30s  19109.86 iters/s

running (7m15.0s), 2335/3000 VUs, 3526694 complete and 0 interrupted iterations
tail_open_loop   [  97% ] 2335/3000 VUs  7m15.0s/7m30s  19165.17 iters/s

running (7m16.0s), 2723/3000 VUs, 3544613 complete and 0 interrupted iterations
tail_open_loop   [  97% ] 2723/3000 VUs  7m16.0s/7m30s  19220.79 iters/s

running (7m17.0s), 2992/3000 VUs, 3560339 complete and 0 interrupted iterations
tail_open_loop   [  97% ] 2992/3000 VUs  7m17.0s/7m30s  19276.37 iters/s

running (7m18.0s), 2819/3000 VUs, 3577688 complete and 0 interrupted iterations
tail_open_loop   [  97% ] 2819/3000 VUs  7m18.0s/7m30s  19331.89 iters/s

running (7m19.0s), 2740/3000 VUs, 3595813 complete and 0 interrupted iterations
tail_open_loop   [  98% ] 2740/3000 VUs  7m19.0s/7m30s  19387.36 iters/s

running (7m20.0s), 2282/3000 VUs, 3615430 complete and 0 interrupted iterations
tail_open_loop   [  98% ] 2282/3000 VUs  7m20.0s/7m30s  19443.15 iters/s

running (7m21.0s), 2992/3000 VUs, 3630325 complete and 0 interrupted iterations
tail_open_loop   [  98% ] 2992/3000 VUs  7m21.0s/7m30s  19498.88 iters/s

running (7m22.0s), 2994/3000 VUs, 3647796 complete and 0 interrupted iterations
tail_open_loop   [  98% ] 2995/3000 VUs  7m22.0s/7m30s  19554.17 iters/s

running (7m23.0s), 2252/3000 VUs, 3667300 complete and 0 interrupted iterations
tail_open_loop   [  98% ] 2252/3000 VUs  7m23.0s/7m30s  19609.38 iters/s

running (7m24.0s), 2994/3000 VUs, 3683337 complete and 0 interrupted iterations
tail_open_loop   [  99% ] 2994/3000 VUs  7m24.0s/7m30s  19665.30 iters/s

running (7m25.0s), 2776/3000 VUs, 3699649 complete and 0 interrupted iterations
tail_open_loop   [  99% ] 2776/3000 VUs  7m25.0s/7m30s  19720.75 iters/s

running (7m26.0s), 2999/3000 VUs, 3717366 complete and 0 interrupted iterations
tail_open_loop   [  99% ] 2999/3000 VUs  7m26.0s/7m30s  19776.13 iters/s

running (7m27.0s), 3000/3000 VUs, 3734650 complete and 0 interrupted iterations
tail_open_loop   [  99% ] 3000/3000 VUs  7m27.0s/7m30s  19831.83 iters/s

running (7m28.0s), 1866/3000 VUs, 3753298 complete and 0 interrupted iterations
tail_open_loop   [ 100% ] 1866/3000 VUs  7m28.0s/7m30s  19887.44 iters/s

running (7m29.0s), 2961/3000 VUs, 3770073 complete and 0 interrupted iterations
tail_open_loop   [ 100% ] 2961/3000 VUs  7m29.0s/7m30s  19943.36 iters/s

running (7m30.0s), 2999/3000 VUs, 3786739 complete and 0 interrupted iterations
tail_open_loop   [ 100% ] 2998/3000 VUs  7m30.0s/7m30s  19998.80 iters/s


  █ THRESHOLDS 

    http_req_duration
    ✓ 'p(95)<250' p(95)=179.82ms
    ✓ 'p(99)<500' p(99)=215.98ms
    ✓ 'p(99.9)<1000' p(99.9)=260.49ms

    http_req_failed
    ✓ 'rate<0.05' rate=0.00%


  █ TOTAL RESULTS 

    checks_total.......: 3790062 8420.027746/s
    checks_succeeded...: 100.00% 3790062 out of 3790062
    checks_failed......: 0.00%   0 out of 3790062

    ✓ status is 200 or 404

    HTTP
    http_req_duration..............: avg=34.34ms min=175µs    med=932µs    max=791.12ms p(90)=153.54ms p(95)=179.82ms p(99)=215.98ms p(99.9)=260.49ms
      { expected_response:true }...: avg=34.34ms min=175µs    med=932µs    max=791.12ms p(90)=153.54ms p(95)=179.82ms p(99)=215.98ms p(99.9)=260.49ms
    http_req_failed................: 0.00%   0 out of 3790062
    http_reqs......................: 3790062 8420.027746/s

    EXECUTION
    dropped_iterations.............: 79898   177.501945/s
    iteration_duration.............: avg=34.38ms min=190.12µs med=972.83µs max=791.26ms p(90)=153.58ms p(95)=179.86ms p(99)=216.02ms p(99.9)=260.54ms
    iterations.....................: 3790062 8420.027746/s
    vus............................: 2998    min=0            max=3000
    vus_max........................: 3000    min=300          max=3000

    NETWORK
    data_received..................: 728 MB  1.6 MB/s
    data_sent......................: 425 MB  943 kB/s




running (7m30.1s), 0000/3000 VUs, 3790062 complete and 0 interrupted iterations
tail_open_loop ✓ [ 100% ] 0000/3000 VUs  7m30s  20000.00 iters/s
