
         /\      Grafana   /‾‾/  
    /\  /  \     |\  __   /  /   
   /  \/    \    | |/ /  /   ‾‾\ 
  /          \   |   (  |  (‾)  |
 / __________ \  |_|\_\  \_____/ 


     execution: local
        script: bench/k6/scenarios/pool-saturation-recovery.js
        output: -

     scenarios: (100.00%) 1 scenario, 800 max VUs, 6m30s max duration (incl. graceful stop):
              * pool_saturation_recovery: Up to 800 looping VUs for 6m0s over 6 stages (gracefulRampDown: 30s, gracefulStop: 30s)


running (0m00.9s), 010/800 VUs, 8907 complete and 0 interrupted iterations
pool_saturation_recovery   [   0% ] 010/800 VUs  0m00.9s/6m00.0s

running (0m01.9s), 011/800 VUs, 19023 complete and 0 interrupted iterations
pool_saturation_recovery   [   1% ] 011/800 VUs  0m01.9s/6m00.0s

running (0m02.9s), 011/800 VUs, 28758 complete and 0 interrupted iterations
pool_saturation_recovery   [   1% ] 011/800 VUs  0m02.9s/6m00.0s

running (0m03.9s), 012/800 VUs, 40372 complete and 0 interrupted iterations
pool_saturation_recovery   [   1% ] 012/800 VUs  0m03.9s/6m00.0s

running (0m04.9s), 013/800 VUs, 51198 complete and 0 interrupted iterations
pool_saturation_recovery   [   1% ] 013/800 VUs  0m04.9s/6m00.0s

running (0m05.9s), 013/800 VUs, 61760 complete and 0 interrupted iterations
pool_saturation_recovery   [   2% ] 013/800 VUs  0m05.9s/6m00.0s

running (0m06.9s), 014/800 VUs, 73579 complete and 0 interrupted iterations
pool_saturation_recovery   [   2% ] 014/800 VUs  0m06.9s/6m00.0s

running (0m07.9s), 015/800 VUs, 85294 complete and 0 interrupted iterations
pool_saturation_recovery   [   2% ] 015/800 VUs  0m07.9s/6m00.0s

running (0m09.0s), 015/800 VUs, 96648 complete and 0 interrupted iterations
pool_saturation_recovery   [   2% ] 015/800 VUs  0m09.0s/6m00.0s

running (0m09.9s), 016/800 VUs, 109032 complete and 0 interrupted iterations
pool_saturation_recovery   [   3% ] 016/800 VUs  0m09.9s/6m00.0s

running (0m10.9s), 017/800 VUs, 120816 complete and 0 interrupted iterations
pool_saturation_recovery   [   3% ] 017/800 VUs  0m10.9s/6m00.0s

running (0m11.9s), 017/800 VUs, 132734 complete and 0 interrupted iterations
pool_saturation_recovery   [   3% ] 017/800 VUs  0m11.9s/6m00.0s

running (0m12.9s), 018/800 VUs, 144741 complete and 0 interrupted iterations
pool_saturation_recovery   [   4% ] 018/800 VUs  0m12.9s/6m00.0s

running (0m13.9s), 019/800 VUs, 157120 complete and 0 interrupted iterations
pool_saturation_recovery   [   4% ] 019/800 VUs  0m13.9s/6m00.0s

running (0m14.9s), 019/800 VUs, 169763 complete and 0 interrupted iterations
pool_saturation_recovery   [   4% ] 019/800 VUs  0m14.9s/6m00.0s

running (0m15.9s), 020/800 VUs, 182709 complete and 0 interrupted iterations
pool_saturation_recovery   [   4% ] 020/800 VUs  0m15.9s/6m00.0s

running (0m16.9s), 021/800 VUs, 194339 complete and 0 interrupted iterations
pool_saturation_recovery   [   5% ] 021/800 VUs  0m16.9s/6m00.0s

running (0m17.9s), 021/800 VUs, 207123 complete and 0 interrupted iterations
pool_saturation_recovery   [   5% ] 021/800 VUs  0m17.9s/6m00.0s

running (0m18.9s), 022/800 VUs, 220219 complete and 0 interrupted iterations
pool_saturation_recovery   [   5% ] 022/800 VUs  0m18.9s/6m00.0s

running (0m19.9s), 023/800 VUs, 233219 complete and 0 interrupted iterations
pool_saturation_recovery   [   6% ] 023/800 VUs  0m19.9s/6m00.0s

running (0m20.9s), 023/800 VUs, 245890 complete and 0 interrupted iterations
pool_saturation_recovery   [   6% ] 023/800 VUs  0m20.9s/6m00.0s

running (0m21.9s), 024/800 VUs, 259174 complete and 0 interrupted iterations
pool_saturation_recovery   [   6% ] 024/800 VUs  0m21.9s/6m00.0s

running (0m22.9s), 025/800 VUs, 271671 complete and 0 interrupted iterations
pool_saturation_recovery   [   6% ] 025/800 VUs  0m22.9s/6m00.0s

running (0m23.9s), 025/800 VUs, 285201 complete and 0 interrupted iterations
pool_saturation_recovery   [   7% ] 025/800 VUs  0m23.9s/6m00.0s

running (0m24.9s), 026/800 VUs, 295796 complete and 0 interrupted iterations
pool_saturation_recovery   [   7% ] 026/800 VUs  0m24.9s/6m00.0s

running (0m25.9s), 027/800 VUs, 308934 complete and 0 interrupted iterations
pool_saturation_recovery   [   7% ] 027/800 VUs  0m25.9s/6m00.0s

running (0m26.9s), 027/800 VUs, 322267 complete and 0 interrupted iterations
pool_saturation_recovery   [   7% ] 027/800 VUs  0m26.9s/6m00.0s

running (0m27.9s), 028/800 VUs, 335969 complete and 0 interrupted iterations
pool_saturation_recovery   [   8% ] 028/800 VUs  0m27.9s/6m00.0s

running (0m28.9s), 029/800 VUs, 348733 complete and 0 interrupted iterations
pool_saturation_recovery   [   8% ] 029/800 VUs  0m28.9s/6m00.0s

running (0m29.9s), 029/800 VUs, 363586 complete and 0 interrupted iterations
pool_saturation_recovery   [   8% ] 029/800 VUs  0m29.9s/6m00.0s

running (0m30.9s), 030/800 VUs, 376641 complete and 0 interrupted iterations
pool_saturation_recovery   [   9% ] 030/800 VUs  0m30.9s/6m00.0s

running (0m31.9s), 031/800 VUs, 389594 complete and 0 interrupted iterations
pool_saturation_recovery   [   9% ] 031/800 VUs  0m31.9s/6m00.0s

running (0m32.9s), 031/800 VUs, 403125 complete and 0 interrupted iterations
pool_saturation_recovery   [   9% ] 031/800 VUs  0m32.9s/6m00.0s

running (0m33.9s), 032/800 VUs, 416323 complete and 0 interrupted iterations
pool_saturation_recovery   [   9% ] 032/800 VUs  0m33.9s/6m00.0s

running (0m34.9s), 033/800 VUs, 430231 complete and 0 interrupted iterations
pool_saturation_recovery   [  10% ] 033/800 VUs  0m34.9s/6m00.0s

running (0m35.9s), 033/800 VUs, 444461 complete and 0 interrupted iterations
pool_saturation_recovery   [  10% ] 033/800 VUs  0m35.9s/6m00.0s

running (0m36.9s), 034/800 VUs, 456481 complete and 0 interrupted iterations
pool_saturation_recovery   [  10% ] 034/800 VUs  0m36.9s/6m00.0s

running (0m37.9s), 035/800 VUs, 469283 complete and 0 interrupted iterations
pool_saturation_recovery   [  11% ] 035/800 VUs  0m37.9s/6m00.0s

running (0m38.9s), 035/800 VUs, 482521 complete and 0 interrupted iterations
pool_saturation_recovery   [  11% ] 035/800 VUs  0m38.9s/6m00.0s

running (0m39.9s), 036/800 VUs, 497266 complete and 0 interrupted iterations
pool_saturation_recovery   [  11% ] 036/800 VUs  0m39.9s/6m00.0s

running (0m40.9s), 037/800 VUs, 510249 complete and 0 interrupted iterations
pool_saturation_recovery   [  11% ] 037/800 VUs  0m40.9s/6m00.0s

running (0m41.9s), 037/800 VUs, 524457 complete and 0 interrupted iterations
pool_saturation_recovery   [  12% ] 037/800 VUs  0m41.9s/6m00.0s

running (0m42.9s), 038/800 VUs, 538588 complete and 0 interrupted iterations
pool_saturation_recovery   [  12% ] 038/800 VUs  0m42.9s/6m00.0s

running (0m43.9s), 039/800 VUs, 552275 complete and 0 interrupted iterations
pool_saturation_recovery   [  12% ] 039/800 VUs  0m43.9s/6m00.0s

running (0m44.9s), 039/800 VUs, 565490 complete and 0 interrupted iterations
pool_saturation_recovery   [  12% ] 039/800 VUs  0m44.9s/6m00.0s

running (0m45.9s), 040/800 VUs, 579522 complete and 0 interrupted iterations
pool_saturation_recovery   [  13% ] 040/800 VUs  0m45.9s/6m00.0s

running (0m46.9s), 041/800 VUs, 593461 complete and 0 interrupted iterations
pool_saturation_recovery   [  13% ] 041/800 VUs  0m46.9s/6m00.0s

running (0m47.9s), 041/800 VUs, 607195 complete and 0 interrupted iterations
pool_saturation_recovery   [  13% ] 041/800 VUs  0m47.9s/6m00.0s

running (0m48.9s), 042/800 VUs, 621588 complete and 0 interrupted iterations
pool_saturation_recovery   [  14% ] 042/800 VUs  0m48.9s/6m00.0s

running (0m49.9s), 043/800 VUs, 633076 complete and 0 interrupted iterations
pool_saturation_recovery   [  14% ] 043/800 VUs  0m49.9s/6m00.0s

running (0m50.9s), 043/800 VUs, 646783 complete and 0 interrupted iterations
pool_saturation_recovery   [  14% ] 043/800 VUs  0m50.9s/6m00.0s

running (0m51.9s), 044/800 VUs, 662452 complete and 0 interrupted iterations
pool_saturation_recovery   [  14% ] 044/800 VUs  0m51.9s/6m00.0s

running (0m52.9s), 045/800 VUs, 675882 complete and 0 interrupted iterations
pool_saturation_recovery   [  15% ] 045/800 VUs  0m52.9s/6m00.0s

running (0m53.9s), 045/800 VUs, 689671 complete and 0 interrupted iterations
pool_saturation_recovery   [  15% ] 045/800 VUs  0m53.9s/6m00.0s

running (0m54.9s), 046/800 VUs, 703938 complete and 0 interrupted iterations
pool_saturation_recovery   [  15% ] 046/800 VUs  0m54.9s/6m00.0s

running (0m55.9s), 047/800 VUs, 716934 complete and 0 interrupted iterations
pool_saturation_recovery   [  16% ] 047/800 VUs  0m55.9s/6m00.0s

running (0m56.9s), 047/800 VUs, 731317 complete and 0 interrupted iterations
pool_saturation_recovery   [  16% ] 047/800 VUs  0m56.9s/6m00.0s

running (0m57.9s), 048/800 VUs, 745962 complete and 0 interrupted iterations
pool_saturation_recovery   [  16% ] 048/800 VUs  0m57.9s/6m00.0s

running (0m58.9s), 049/800 VUs, 759828 complete and 0 interrupted iterations
pool_saturation_recovery   [  16% ] 049/800 VUs  0m58.9s/6m00.0s

running (0m59.9s), 049/800 VUs, 774840 complete and 0 interrupted iterations
pool_saturation_recovery   [  17% ] 049/800 VUs  0m59.9s/6m00.0s

running (1m00.9s), 050/800 VUs, 789716 complete and 0 interrupted iterations
pool_saturation_recovery   [  17% ] 050/800 VUs  1m00.9s/6m00.0s

running (1m01.9s), 051/800 VUs, 803630 complete and 0 interrupted iterations
pool_saturation_recovery   [  17% ] 051/800 VUs  1m01.9s/6m00.0s

running (1m02.9s), 052/800 VUs, 818474 complete and 0 interrupted iterations
pool_saturation_recovery   [  17% ] 052/800 VUs  1m02.9s/6m00.0s

running (1m03.9s), 053/800 VUs, 833035 complete and 0 interrupted iterations
pool_saturation_recovery   [  18% ] 053/800 VUs  1m03.9s/6m00.0s

running (1m04.9s), 054/800 VUs, 846187 complete and 0 interrupted iterations
pool_saturation_recovery   [  18% ] 054/800 VUs  1m04.9s/6m00.0s

running (1m05.9s), 054/800 VUs, 861246 complete and 0 interrupted iterations
pool_saturation_recovery   [  18% ] 054/800 VUs  1m05.9s/6m00.0s

running (1m06.9s), 055/800 VUs, 874906 complete and 0 interrupted iterations
pool_saturation_recovery   [  19% ] 055/800 VUs  1m06.9s/6m00.0s

running (1m07.9s), 056/800 VUs, 888801 complete and 0 interrupted iterations
pool_saturation_recovery   [  19% ] 056/800 VUs  1m07.9s/6m00.0s

running (1m08.9s), 057/800 VUs, 903911 complete and 0 interrupted iterations
pool_saturation_recovery   [  19% ] 057/800 VUs  1m08.9s/6m00.0s

running (1m09.9s), 058/800 VUs, 918525 complete and 0 interrupted iterations
pool_saturation_recovery   [  19% ] 058/800 VUs  1m09.9s/6m00.0s

running (1m10.9s), 059/800 VUs, 932255 complete and 0 interrupted iterations
pool_saturation_recovery   [  20% ] 059/800 VUs  1m10.9s/6m00.0s

running (1m11.9s), 059/800 VUs, 946784 complete and 0 interrupted iterations
pool_saturation_recovery   [  20% ] 059/800 VUs  1m11.9s/6m00.0s

running (1m12.9s), 060/800 VUs, 959636 complete and 0 interrupted iterations
pool_saturation_recovery   [  20% ] 060/800 VUs  1m12.9s/6m00.0s

running (1m13.9s), 061/800 VUs, 973585 complete and 0 interrupted iterations
pool_saturation_recovery   [  21% ] 061/800 VUs  1m13.9s/6m00.0s

running (1m14.9s), 062/800 VUs, 986085 complete and 0 interrupted iterations
pool_saturation_recovery   [  21% ] 062/800 VUs  1m14.9s/6m00.0s

running (1m15.9s), 063/800 VUs, 1001846 complete and 0 interrupted iterations
pool_saturation_recovery   [  21% ] 063/800 VUs  1m15.9s/6m00.0s

running (1m16.9s), 064/800 VUs, 1017988 complete and 0 interrupted iterations
pool_saturation_recovery   [  21% ] 064/800 VUs  1m16.9s/6m00.0s

running (1m17.9s), 064/800 VUs, 1034888 complete and 0 interrupted iterations
pool_saturation_recovery   [  22% ] 064/800 VUs  1m17.9s/6m00.0s

running (1m18.9s), 065/800 VUs, 1051054 complete and 0 interrupted iterations
pool_saturation_recovery   [  22% ] 065/800 VUs  1m18.9s/6m00.0s

running (1m19.9s), 066/800 VUs, 1066569 complete and 0 interrupted iterations
pool_saturation_recovery   [  22% ] 066/800 VUs  1m19.9s/6m00.0s

running (1m20.9s), 067/800 VUs, 1083052 complete and 0 interrupted iterations
pool_saturation_recovery   [  22% ] 067/800 VUs  1m20.9s/6m00.0s

running (1m21.9s), 068/800 VUs, 1099767 complete and 0 interrupted iterations
pool_saturation_recovery   [  23% ] 068/800 VUs  1m21.9s/6m00.0s

running (1m22.9s), 069/800 VUs, 1116236 complete and 0 interrupted iterations
pool_saturation_recovery   [  23% ] 069/800 VUs  1m22.9s/6m00.0s

running (1m23.9s), 069/800 VUs, 1133483 complete and 0 interrupted iterations
pool_saturation_recovery   [  23% ] 069/800 VUs  1m23.9s/6m00.0s

running (1m24.9s), 070/800 VUs, 1152034 complete and 0 interrupted iterations
pool_saturation_recovery   [  24% ] 070/800 VUs  1m24.9s/6m00.0s

running (1m25.9s), 071/800 VUs, 1168519 complete and 0 interrupted iterations
pool_saturation_recovery   [  24% ] 071/800 VUs  1m25.9s/6m00.0s

running (1m26.9s), 072/800 VUs, 1185113 complete and 0 interrupted iterations
pool_saturation_recovery   [  24% ] 072/800 VUs  1m26.9s/6m00.0s

running (1m27.9s), 073/800 VUs, 1201757 complete and 0 interrupted iterations
pool_saturation_recovery   [  24% ] 073/800 VUs  1m27.9s/6m00.0s

running (1m28.9s), 074/800 VUs, 1217743 complete and 0 interrupted iterations
pool_saturation_recovery   [  25% ] 074/800 VUs  1m28.9s/6m00.0s

running (1m29.9s), 074/800 VUs, 1232959 complete and 0 interrupted iterations
pool_saturation_recovery   [  25% ] 074/800 VUs  1m29.9s/6m00.0s

running (1m30.9s), 075/800 VUs, 1249926 complete and 0 interrupted iterations
pool_saturation_recovery   [  25% ] 075/800 VUs  1m30.9s/6m00.0s

running (1m31.9s), 076/800 VUs, 1265664 complete and 0 interrupted iterations
pool_saturation_recovery   [  26% ] 076/800 VUs  1m31.9s/6m00.0s

running (1m32.9s), 077/800 VUs, 1283340 complete and 0 interrupted iterations
pool_saturation_recovery   [  26% ] 077/800 VUs  1m32.9s/6m00.0s

running (1m33.9s), 078/800 VUs, 1300685 complete and 0 interrupted iterations
pool_saturation_recovery   [  26% ] 078/800 VUs  1m33.9s/6m00.0s

running (1m34.9s), 079/800 VUs, 1316915 complete and 0 interrupted iterations
pool_saturation_recovery   [  26% ] 079/800 VUs  1m34.9s/6m00.0s

running (1m35.9s), 079/800 VUs, 1333392 complete and 0 interrupted iterations
pool_saturation_recovery   [  27% ] 079/800 VUs  1m35.9s/6m00.0s

running (1m36.9s), 080/800 VUs, 1351012 complete and 0 interrupted iterations
pool_saturation_recovery   [  27% ] 080/800 VUs  1m36.9s/6m00.0s

running (1m37.9s), 081/800 VUs, 1366922 complete and 0 interrupted iterations
pool_saturation_recovery   [  27% ] 081/800 VUs  1m37.9s/6m00.0s

running (1m38.9s), 082/800 VUs, 1384676 complete and 0 interrupted iterations
pool_saturation_recovery   [  27% ] 082/800 VUs  1m38.9s/6m00.0s

running (1m39.9s), 083/800 VUs, 1399983 complete and 0 interrupted iterations
pool_saturation_recovery   [  28% ] 083/800 VUs  1m39.9s/6m00.0s

running (1m40.9s), 084/800 VUs, 1416732 complete and 0 interrupted iterations
pool_saturation_recovery   [  28% ] 084/800 VUs  1m40.9s/6m00.0s

running (1m41.9s), 084/800 VUs, 1434071 complete and 0 interrupted iterations
pool_saturation_recovery   [  28% ] 084/800 VUs  1m41.9s/6m00.0s

running (1m42.9s), 085/800 VUs, 1450148 complete and 0 interrupted iterations
pool_saturation_recovery   [  29% ] 085/800 VUs  1m42.9s/6m00.0s

running (1m43.9s), 086/800 VUs, 1466631 complete and 0 interrupted iterations
pool_saturation_recovery   [  29% ] 086/800 VUs  1m43.9s/6m00.0s

running (1m44.9s), 087/800 VUs, 1484152 complete and 0 interrupted iterations
pool_saturation_recovery   [  29% ] 087/800 VUs  1m44.9s/6m00.0s

running (1m45.9s), 088/800 VUs, 1500486 complete and 0 interrupted iterations
pool_saturation_recovery   [  29% ] 088/800 VUs  1m45.9s/6m00.0s

running (1m46.9s), 089/800 VUs, 1516012 complete and 0 interrupted iterations
pool_saturation_recovery   [  30% ] 089/800 VUs  1m46.9s/6m00.0s

running (1m47.9s), 089/800 VUs, 1531470 complete and 0 interrupted iterations
pool_saturation_recovery   [  30% ] 089/800 VUs  1m47.9s/6m00.0s

running (1m48.9s), 090/800 VUs, 1549133 complete and 0 interrupted iterations
pool_saturation_recovery   [  30% ] 090/800 VUs  1m48.9s/6m00.0s

running (1m49.9s), 091/800 VUs, 1565988 complete and 0 interrupted iterations
pool_saturation_recovery   [  31% ] 091/800 VUs  1m49.9s/6m00.0s

running (1m50.9s), 092/800 VUs, 1583453 complete and 0 interrupted iterations
pool_saturation_recovery   [  31% ] 092/800 VUs  1m50.9s/6m00.0s

running (1m51.9s), 093/800 VUs, 1600327 complete and 0 interrupted iterations
pool_saturation_recovery   [  31% ] 093/800 VUs  1m51.9s/6m00.0s

running (1m52.9s), 094/800 VUs, 1616941 complete and 0 interrupted iterations
pool_saturation_recovery   [  31% ] 094/800 VUs  1m52.9s/6m00.0s

running (1m53.9s), 094/800 VUs, 1634575 complete and 0 interrupted iterations
pool_saturation_recovery   [  32% ] 094/800 VUs  1m53.9s/6m00.0s

running (1m54.9s), 095/800 VUs, 1650362 complete and 0 interrupted iterations
pool_saturation_recovery   [  32% ] 095/800 VUs  1m54.9s/6m00.0s

running (1m55.9s), 096/800 VUs, 1665507 complete and 0 interrupted iterations
pool_saturation_recovery   [  32% ] 096/800 VUs  1m55.9s/6m00.0s

running (1m56.9s), 097/800 VUs, 1681854 complete and 0 interrupted iterations
pool_saturation_recovery   [  32% ] 097/800 VUs  1m56.9s/6m00.0s

running (1m57.9s), 098/800 VUs, 1701041 complete and 0 interrupted iterations
pool_saturation_recovery   [  33% ] 098/800 VUs  1m57.9s/6m00.0s

running (1m58.9s), 099/800 VUs, 1715365 complete and 0 interrupted iterations
pool_saturation_recovery   [  33% ] 099/800 VUs  1m58.9s/6m00.0s

running (1m59.9s), 099/800 VUs, 1732962 complete and 0 interrupted iterations
pool_saturation_recovery   [  33% ] 099/800 VUs  1m59.9s/6m00.0s

running (2m00.9s), 101/800 VUs, 1747673 complete and 0 interrupted iterations
pool_saturation_recovery   [  34% ] 101/800 VUs  2m00.9s/6m00.0s

running (2m01.9s), 103/800 VUs, 1760383 complete and 0 interrupted iterations
pool_saturation_recovery   [  34% ] 103/800 VUs  2m01.9s/6m00.0s

running (2m02.9s), 104/800 VUs, 1777839 complete and 0 interrupted iterations
pool_saturation_recovery   [  34% ] 104/800 VUs  2m02.9s/6m00.0s

running (2m03.9s), 106/800 VUs, 1797954 complete and 0 interrupted iterations
pool_saturation_recovery   [  34% ] 106/800 VUs  2m03.9s/6m00.0s

running (2m04.9s), 108/800 VUs, 1814872 complete and 0 interrupted iterations
pool_saturation_recovery   [  35% ] 108/800 VUs  2m04.9s/6m00.0s

running (2m05.9s), 109/800 VUs, 1834730 complete and 0 interrupted iterations
pool_saturation_recovery   [  35% ] 109/800 VUs  2m05.9s/6m00.0s

running (2m06.9s), 111/800 VUs, 1852087 complete and 0 interrupted iterations
pool_saturation_recovery   [  35% ] 111/800 VUs  2m06.9s/6m00.0s

running (2m07.9s), 113/800 VUs, 1868580 complete and 0 interrupted iterations
pool_saturation_recovery   [  36% ] 113/800 VUs  2m07.9s/6m00.0s

running (2m08.9s), 114/800 VUs, 1879760 complete and 0 interrupted iterations
pool_saturation_recovery   [  36% ] 114/800 VUs  2m08.9s/6m00.0s

running (2m09.9s), 116/800 VUs, 1890404 complete and 0 interrupted iterations
pool_saturation_recovery   [  36% ] 116/800 VUs  2m09.9s/6m00.0s

running (2m10.9s), 118/800 VUs, 1899249 complete and 0 interrupted iterations
pool_saturation_recovery   [  36% ] 118/800 VUs  2m10.9s/6m00.0s

running (2m12.0s), 119/800 VUs, 1903817 complete and 0 interrupted iterations
pool_saturation_recovery   [  37% ] 119/800 VUs  2m12.0s/6m00.0s

running (2m12.9s), 121/800 VUs, 1907158 complete and 0 interrupted iterations
pool_saturation_recovery   [  37% ] 121/800 VUs  2m12.9s/6m00.0s

running (2m13.9s), 123/800 VUs, 1910645 complete and 0 interrupted iterations
pool_saturation_recovery   [  37% ] 123/800 VUs  2m13.9s/6m00.0s

running (2m14.9s), 124/800 VUs, 1913412 complete and 0 interrupted iterations
pool_saturation_recovery   [  37% ] 124/800 VUs  2m14.9s/6m00.0s

running (2m15.9s), 126/800 VUs, 1917571 complete and 0 interrupted iterations
pool_saturation_recovery   [  38% ] 126/800 VUs  2m15.9s/6m00.0s

running (2m16.9s), 128/800 VUs, 1920850 complete and 0 interrupted iterations
pool_saturation_recovery   [  38% ] 128/800 VUs  2m16.9s/6m00.0s

running (2m18.0s), 129/800 VUs, 1925905 complete and 0 interrupted iterations
pool_saturation_recovery   [  38% ] 129/800 VUs  2m18.0s/6m00.0s

running (2m18.9s), 131/800 VUs, 1928697 complete and 0 interrupted iterations
pool_saturation_recovery   [  39% ] 131/800 VUs  2m18.9s/6m00.0s

running (2m19.9s), 133/800 VUs, 1933266 complete and 0 interrupted iterations
pool_saturation_recovery   [  39% ] 133/800 VUs  2m19.9s/6m00.0s

running (2m20.9s), 134/800 VUs, 1935862 complete and 0 interrupted iterations
pool_saturation_recovery   [  39% ] 134/800 VUs  2m20.9s/6m00.0s

running (2m22.0s), 136/800 VUs, 1940117 complete and 0 interrupted iterations
pool_saturation_recovery   [  39% ] 136/800 VUs  2m22.0s/6m00.0s

running (2m22.9s), 138/800 VUs, 1942637 complete and 0 interrupted iterations
pool_saturation_recovery   [  40% ] 138/800 VUs  2m22.9s/6m00.0s

running (2m23.9s), 139/800 VUs, 1947149 complete and 0 interrupted iterations
pool_saturation_recovery   [  40% ] 139/800 VUs  2m23.9s/6m00.0s

running (2m24.9s), 141/800 VUs, 1949717 complete and 0 interrupted iterations
pool_saturation_recovery   [  40% ] 141/800 VUs  2m24.9s/6m00.0s

running (2m25.9s), 143/800 VUs, 1953416 complete and 0 interrupted iterations
pool_saturation_recovery   [  41% ] 143/800 VUs  2m25.9s/6m00.0s

running (2m26.9s), 144/800 VUs, 1957983 complete and 0 interrupted iterations
pool_saturation_recovery   [  41% ] 144/800 VUs  2m26.9s/6m00.0s

running (2m27.9s), 146/800 VUs, 1961849 complete and 0 interrupted iterations
pool_saturation_recovery   [  41% ] 146/800 VUs  2m27.9s/6m00.0s

running (2m28.9s), 148/800 VUs, 1964613 complete and 0 interrupted iterations
pool_saturation_recovery   [  41% ] 148/800 VUs  2m28.9s/6m00.0s

running (2m29.9s), 149/800 VUs, 1968826 complete and 0 interrupted iterations
pool_saturation_recovery   [  42% ] 149/800 VUs  2m29.9s/6m00.0s

running (2m30.9s), 151/800 VUs, 1970789 complete and 0 interrupted iterations
pool_saturation_recovery   [  42% ] 151/800 VUs  2m30.9s/6m00.0s

running (2m31.9s), 153/800 VUs, 1974604 complete and 0 interrupted iterations
pool_saturation_recovery   [  42% ] 153/800 VUs  2m31.9s/6m00.0s

running (2m32.9s), 154/800 VUs, 1977592 complete and 0 interrupted iterations
pool_saturation_recovery   [  42% ] 154/800 VUs  2m32.9s/6m00.0s

running (2m34.0s), 156/800 VUs, 1981954 complete and 0 interrupted iterations
pool_saturation_recovery   [  43% ] 156/800 VUs  2m34.0s/6m00.0s

running (2m34.9s), 158/800 VUs, 1985478 complete and 0 interrupted iterations
pool_saturation_recovery   [  43% ] 158/800 VUs  2m34.9s/6m00.0s

running (2m35.9s), 159/800 VUs, 1988593 complete and 0 interrupted iterations
pool_saturation_recovery   [  43% ] 159/800 VUs  2m36.0s/6m00.0s

running (2m36.9s), 161/800 VUs, 1992589 complete and 0 interrupted iterations
pool_saturation_recovery   [  44% ] 161/800 VUs  2m36.9s/6m00.0s

running (2m37.9s), 163/800 VUs, 1997385 complete and 0 interrupted iterations
pool_saturation_recovery   [  44% ] 163/800 VUs  2m37.9s/6m00.0s

running (2m38.9s), 164/800 VUs, 2001340 complete and 0 interrupted iterations
pool_saturation_recovery   [  44% ] 164/800 VUs  2m38.9s/6m00.0s

running (2m39.9s), 166/800 VUs, 2005606 complete and 0 interrupted iterations
pool_saturation_recovery   [  44% ] 166/800 VUs  2m39.9s/6m00.0s

running (2m40.9s), 168/800 VUs, 2008713 complete and 0 interrupted iterations
pool_saturation_recovery   [  45% ] 168/800 VUs  2m40.9s/6m00.0s

running (2m41.9s), 169/800 VUs, 2011768 complete and 0 interrupted iterations
pool_saturation_recovery   [  45% ] 169/800 VUs  2m41.9s/6m00.0s

running (2m42.9s), 171/800 VUs, 2015141 complete and 0 interrupted iterations
pool_saturation_recovery   [  45% ] 171/800 VUs  2m42.9s/6m00.0s

running (2m43.9s), 173/800 VUs, 2018388 complete and 0 interrupted iterations
pool_saturation_recovery   [  46% ] 173/800 VUs  2m43.9s/6m00.0s

running (2m44.9s), 174/800 VUs, 2020889 complete and 0 interrupted iterations
pool_saturation_recovery   [  46% ] 174/800 VUs  2m44.9s/6m00.0s

running (2m45.9s), 176/800 VUs, 2025192 complete and 0 interrupted iterations
pool_saturation_recovery   [  46% ] 176/800 VUs  2m45.9s/6m00.0s

running (2m46.9s), 178/800 VUs, 2028332 complete and 0 interrupted iterations
pool_saturation_recovery   [  46% ] 178/800 VUs  2m46.9s/6m00.0s

running (2m47.9s), 179/800 VUs, 2034291 complete and 0 interrupted iterations
pool_saturation_recovery   [  47% ] 179/800 VUs  2m47.9s/6m00.0s

running (2m48.9s), 181/800 VUs, 2037308 complete and 0 interrupted iterations
pool_saturation_recovery   [  47% ] 181/800 VUs  2m48.9s/6m00.0s

running (2m49.9s), 183/800 VUs, 2041555 complete and 0 interrupted iterations
pool_saturation_recovery   [  47% ] 183/800 VUs  2m49.9s/6m00.0s

running (2m50.9s), 184/800 VUs, 2045874 complete and 0 interrupted iterations
pool_saturation_recovery   [  47% ] 184/800 VUs  2m50.9s/6m00.0s

running (2m51.9s), 186/800 VUs, 2049984 complete and 0 interrupted iterations
pool_saturation_recovery   [  48% ] 186/800 VUs  2m51.9s/6m00.0s

running (2m52.9s), 188/800 VUs, 2054050 complete and 0 interrupted iterations
pool_saturation_recovery   [  48% ] 188/800 VUs  2m52.9s/6m00.0s

running (2m53.9s), 189/800 VUs, 2057273 complete and 0 interrupted iterations
pool_saturation_recovery   [  48% ] 189/800 VUs  2m53.9s/6m00.0s

running (2m54.9s), 191/800 VUs, 2060585 complete and 0 interrupted iterations
pool_saturation_recovery   [  49% ] 191/800 VUs  2m54.9s/6m00.0s

running (2m55.9s), 193/800 VUs, 2071551 complete and 0 interrupted iterations
pool_saturation_recovery   [  49% ] 193/800 VUs  2m55.9s/6m00.0s

running (2m56.9s), 194/800 VUs, 2087456 complete and 0 interrupted iterations
pool_saturation_recovery   [  49% ] 194/800 VUs  2m56.9s/6m00.0s

running (2m57.9s), 196/800 VUs, 2107221 complete and 0 interrupted iterations
pool_saturation_recovery   [  49% ] 196/800 VUs  2m57.9s/6m00.0s

running (2m58.9s), 198/800 VUs, 2126397 complete and 0 interrupted iterations
pool_saturation_recovery   [  50% ] 198/800 VUs  2m58.9s/6m00.0s

running (2m59.9s), 199/800 VUs, 2145914 complete and 0 interrupted iterations
pool_saturation_recovery   [  50% ] 199/800 VUs  2m59.9s/6m00.0s

running (3m00.9s), 203/800 VUs, 2164327 complete and 0 interrupted iterations
pool_saturation_recovery   [  50% ] 203/800 VUs  3m00.9s/6m00.0s

running (3m01.9s), 206/800 VUs, 2184741 complete and 0 interrupted iterations
pool_saturation_recovery   [  51% ] 206/800 VUs  3m01.9s/6m00.0s

running (3m02.9s), 209/800 VUs, 2205122 complete and 0 interrupted iterations
pool_saturation_recovery   [  51% ] 209/800 VUs  3m02.9s/6m00.0s

running (3m03.9s), 213/800 VUs, 2226581 complete and 0 interrupted iterations
pool_saturation_recovery   [  51% ] 213/800 VUs  3m03.9s/6m00.0s

running (3m04.9s), 216/800 VUs, 2242628 complete and 0 interrupted iterations
pool_saturation_recovery   [  51% ] 216/800 VUs  3m04.9s/6m00.0s

running (3m05.9s), 219/800 VUs, 2263856 complete and 0 interrupted iterations
pool_saturation_recovery   [  52% ] 219/800 VUs  3m05.9s/6m00.0s

running (3m06.9s), 223/800 VUs, 2284304 complete and 0 interrupted iterations
pool_saturation_recovery   [  52% ] 223/800 VUs  3m06.9s/6m00.0s

running (3m07.9s), 226/800 VUs, 2304856 complete and 0 interrupted iterations
pool_saturation_recovery   [  52% ] 226/800 VUs  3m07.9s/6m00.0s

running (3m08.9s), 229/800 VUs, 2323106 complete and 0 interrupted iterations
pool_saturation_recovery   [  52% ] 229/800 VUs  3m08.9s/6m00.0s

running (3m09.9s), 233/800 VUs, 2343512 complete and 0 interrupted iterations
pool_saturation_recovery   [  53% ] 233/800 VUs  3m09.9s/6m00.0s

running (3m10.9s), 236/800 VUs, 2363615 complete and 0 interrupted iterations
pool_saturation_recovery   [  53% ] 236/800 VUs  3m10.9s/6m00.0s

running (3m11.9s), 239/800 VUs, 2382678 complete and 0 interrupted iterations
pool_saturation_recovery   [  53% ] 239/800 VUs  3m11.9s/6m00.0s

running (3m12.9s), 243/800 VUs, 2400812 complete and 0 interrupted iterations
pool_saturation_recovery   [  54% ] 243/800 VUs  3m12.9s/6m00.0s

running (3m13.9s), 246/800 VUs, 2420721 complete and 0 interrupted iterations
pool_saturation_recovery   [  54% ] 246/800 VUs  3m13.9s/6m00.0s

running (3m14.9s), 249/800 VUs, 2441102 complete and 0 interrupted iterations
pool_saturation_recovery   [  54% ] 249/800 VUs  3m14.9s/6m00.0s

running (3m15.9s), 253/800 VUs, 2460169 complete and 0 interrupted iterations
pool_saturation_recovery   [  54% ] 253/800 VUs  3m15.9s/6m00.0s

running (3m16.9s), 256/800 VUs, 2478299 complete and 0 interrupted iterations
pool_saturation_recovery   [  55% ] 256/800 VUs  3m16.9s/6m00.0s

running (3m17.9s), 259/800 VUs, 2497425 complete and 0 interrupted iterations
pool_saturation_recovery   [  55% ] 259/800 VUs  3m17.9s/6m00.0s

running (3m18.9s), 263/800 VUs, 2516923 complete and 0 interrupted iterations
pool_saturation_recovery   [  55% ] 263/800 VUs  3m18.9s/6m00.0s

running (3m19.9s), 266/800 VUs, 2536337 complete and 0 interrupted iterations
pool_saturation_recovery   [  56% ] 266/800 VUs  3m19.9s/6m00.0s

running (3m20.9s), 269/800 VUs, 2554315 complete and 0 interrupted iterations
pool_saturation_recovery   [  56% ] 269/800 VUs  3m20.9s/6m00.0s

running (3m21.9s), 273/800 VUs, 2575591 complete and 0 interrupted iterations
pool_saturation_recovery   [  56% ] 273/800 VUs  3m21.9s/6m00.0s

running (3m22.9s), 276/800 VUs, 2594900 complete and 0 interrupted iterations
pool_saturation_recovery   [  56% ] 276/800 VUs  3m22.9s/6m00.0s

running (3m23.9s), 279/800 VUs, 2615735 complete and 0 interrupted iterations
pool_saturation_recovery   [  57% ] 279/800 VUs  3m23.9s/6m00.0s

running (3m24.9s), 283/800 VUs, 2635047 complete and 0 interrupted iterations
pool_saturation_recovery   [  57% ] 283/800 VUs  3m24.9s/6m00.0s

running (3m25.9s), 286/800 VUs, 2655168 complete and 0 interrupted iterations
pool_saturation_recovery   [  57% ] 286/800 VUs  3m25.9s/6m00.0s

running (3m26.9s), 289/800 VUs, 2674412 complete and 0 interrupted iterations
pool_saturation_recovery   [  57% ] 289/800 VUs  3m26.9s/6m00.0s

running (3m27.9s), 293/800 VUs, 2695479 complete and 0 interrupted iterations
pool_saturation_recovery   [  58% ] 293/800 VUs  3m27.9s/6m00.0s

running (3m28.9s), 296/800 VUs, 2713124 complete and 0 interrupted iterations
pool_saturation_recovery   [  58% ] 296/800 VUs  3m28.9s/6m00.0s

running (3m29.9s), 299/800 VUs, 2732982 complete and 0 interrupted iterations
pool_saturation_recovery   [  58% ] 299/800 VUs  3m29.9s/6m00.0s

running (3m30.9s), 303/800 VUs, 2752732 complete and 0 interrupted iterations
pool_saturation_recovery   [  59% ] 303/800 VUs  3m30.9s/6m00.0s

running (3m31.9s), 306/800 VUs, 2772173 complete and 0 interrupted iterations
pool_saturation_recovery   [  59% ] 306/800 VUs  3m31.9s/6m00.0s

running (3m32.9s), 309/800 VUs, 2790684 complete and 0 interrupted iterations
pool_saturation_recovery   [  59% ] 309/800 VUs  3m32.9s/6m00.0s

running (3m33.9s), 313/800 VUs, 2810349 complete and 0 interrupted iterations
pool_saturation_recovery   [  59% ] 313/800 VUs  3m33.9s/6m00.0s

running (3m34.9s), 316/800 VUs, 2829677 complete and 0 interrupted iterations
pool_saturation_recovery   [  60% ] 316/800 VUs  3m34.9s/6m00.0s

running (3m35.9s), 319/800 VUs, 2849240 complete and 0 interrupted iterations
pool_saturation_recovery   [  60% ] 319/800 VUs  3m35.9s/6m00.0s

running (3m36.9s), 323/800 VUs, 2867039 complete and 0 interrupted iterations
pool_saturation_recovery   [  60% ] 323/800 VUs  3m36.9s/6m00.0s

running (3m37.9s), 326/800 VUs, 2885080 complete and 0 interrupted iterations
pool_saturation_recovery   [  61% ] 326/800 VUs  3m37.9s/6m00.0s

running (3m38.9s), 329/800 VUs, 2905305 complete and 0 interrupted iterations
pool_saturation_recovery   [  61% ] 329/800 VUs  3m38.9s/6m00.0s

running (3m39.9s), 333/800 VUs, 2926053 complete and 0 interrupted iterations
pool_saturation_recovery   [  61% ] 333/800 VUs  3m39.9s/6m00.0s

running (3m40.9s), 336/800 VUs, 2943887 complete and 0 interrupted iterations
pool_saturation_recovery   [  61% ] 336/800 VUs  3m40.9s/6m00.0s

running (3m41.9s), 339/800 VUs, 2963931 complete and 0 interrupted iterations
pool_saturation_recovery   [  62% ] 339/800 VUs  3m41.9s/6m00.0s

running (3m42.9s), 343/800 VUs, 2982476 complete and 0 interrupted iterations
pool_saturation_recovery   [  62% ] 343/800 VUs  3m42.9s/6m00.0s

running (3m43.9s), 346/800 VUs, 3003461 complete and 0 interrupted iterations
pool_saturation_recovery   [  62% ] 346/800 VUs  3m43.9s/6m00.0s

running (3m44.9s), 349/800 VUs, 3021706 complete and 0 interrupted iterations
pool_saturation_recovery   [  62% ] 349/800 VUs  3m44.9s/6m00.0s

running (3m45.9s), 353/800 VUs, 3040608 complete and 0 interrupted iterations
pool_saturation_recovery   [  63% ] 353/800 VUs  3m45.9s/6m00.0s

running (3m46.9s), 356/800 VUs, 3059014 complete and 0 interrupted iterations
pool_saturation_recovery   [  63% ] 356/800 VUs  3m46.9s/6m00.0s

running (3m47.9s), 359/800 VUs, 3079498 complete and 0 interrupted iterations
pool_saturation_recovery   [  63% ] 359/800 VUs  3m47.9s/6m00.0s

running (3m49.0s), 363/800 VUs, 3098585 complete and 0 interrupted iterations
pool_saturation_recovery   [  64% ] 363/800 VUs  3m49.0s/6m00.0s

running (3m49.9s), 366/800 VUs, 3118913 complete and 0 interrupted iterations
pool_saturation_recovery   [  64% ] 366/800 VUs  3m49.9s/6m00.0s

running (3m50.9s), 369/800 VUs, 3138354 complete and 0 interrupted iterations
pool_saturation_recovery   [  64% ] 369/800 VUs  3m50.9s/6m00.0s

running (3m51.9s), 373/800 VUs, 3158260 complete and 0 interrupted iterations
pool_saturation_recovery   [  64% ] 373/800 VUs  3m51.9s/6m00.0s

running (3m52.9s), 376/800 VUs, 3176255 complete and 0 interrupted iterations
pool_saturation_recovery   [  65% ] 376/800 VUs  3m52.9s/6m00.0s

running (3m53.9s), 379/800 VUs, 3196179 complete and 0 interrupted iterations
pool_saturation_recovery   [  65% ] 379/800 VUs  3m53.9s/6m00.0s

running (3m54.9s), 383/800 VUs, 3215370 complete and 0 interrupted iterations
pool_saturation_recovery   [  65% ] 383/800 VUs  3m54.9s/6m00.0s

running (3m55.9s), 386/800 VUs, 3229176 complete and 0 interrupted iterations
pool_saturation_recovery   [  66% ] 386/800 VUs  3m55.9s/6m00.0s

running (3m56.9s), 389/800 VUs, 3240451 complete and 0 interrupted iterations
pool_saturation_recovery   [  66% ] 389/800 VUs  3m56.9s/6m00.0s

running (3m57.9s), 393/800 VUs, 3251873 complete and 0 interrupted iterations
pool_saturation_recovery   [  66% ] 393/800 VUs  3m57.9s/6m00.0s

running (3m58.9s), 396/800 VUs, 3271702 complete and 0 interrupted iterations
pool_saturation_recovery   [  66% ] 396/800 VUs  3m58.9s/6m00.0s

running (3m59.9s), 399/800 VUs, 3292252 complete and 0 interrupted iterations
pool_saturation_recovery   [  67% ] 399/800 VUs  3m59.9s/6m00.0s

running (4m00.9s), 406/800 VUs, 3310951 complete and 0 interrupted iterations
pool_saturation_recovery   [  67% ] 406/800 VUs  4m00.9s/6m00.0s

running (4m01.9s), 412/800 VUs, 3332039 complete and 0 interrupted iterations
pool_saturation_recovery   [  67% ] 412/800 VUs  4m01.9s/6m00.0s

running (4m02.9s), 419/800 VUs, 3350758 complete and 0 interrupted iterations
pool_saturation_recovery   [  67% ] 419/800 VUs  4m02.9s/6m00.0s

running (4m03.9s), 426/800 VUs, 3372199 complete and 0 interrupted iterations
pool_saturation_recovery   [  68% ] 426/800 VUs  4m03.9s/6m00.0s

running (4m04.9s), 432/800 VUs, 3390621 complete and 0 interrupted iterations
pool_saturation_recovery   [  68% ] 432/800 VUs  4m04.9s/6m00.0s

running (4m05.9s), 439/800 VUs, 3410558 complete and 0 interrupted iterations
pool_saturation_recovery   [  68% ] 439/800 VUs  4m05.9s/6m00.0s

running (4m06.9s), 446/800 VUs, 3431234 complete and 0 interrupted iterations
pool_saturation_recovery   [  69% ] 446/800 VUs  4m06.9s/6m00.0s

running (4m07.9s), 452/800 VUs, 3452054 complete and 0 interrupted iterations
pool_saturation_recovery   [  69% ] 452/800 VUs  4m07.9s/6m00.0s

running (4m08.9s), 459/800 VUs, 3469674 complete and 0 interrupted iterations
pool_saturation_recovery   [  69% ] 459/800 VUs  4m08.9s/6m00.0s

running (4m09.9s), 466/800 VUs, 3488319 complete and 0 interrupted iterations
pool_saturation_recovery   [  69% ] 466/800 VUs  4m09.9s/6m00.0s

running (4m10.9s), 472/800 VUs, 3507656 complete and 0 interrupted iterations
pool_saturation_recovery   [  70% ] 472/800 VUs  4m10.9s/6m00.0s

running (4m11.9s), 479/800 VUs, 3528314 complete and 0 interrupted iterations
pool_saturation_recovery   [  70% ] 479/800 VUs  4m11.9s/6m00.0s

running (4m12.9s), 486/800 VUs, 3545250 complete and 0 interrupted iterations
pool_saturation_recovery   [  70% ] 486/800 VUs  4m12.9s/6m00.0s

running (4m13.9s), 492/800 VUs, 3564078 complete and 0 interrupted iterations
pool_saturation_recovery   [  71% ] 492/800 VUs  4m13.9s/6m00.0s

running (4m14.9s), 499/800 VUs, 3583540 complete and 0 interrupted iterations
pool_saturation_recovery   [  71% ] 499/800 VUs  4m14.9s/6m00.0s

running (4m15.9s), 506/800 VUs, 3605162 complete and 0 interrupted iterations
pool_saturation_recovery   [  71% ] 506/800 VUs  4m15.9s/6m00.0s

running (4m16.9s), 512/800 VUs, 3623139 complete and 0 interrupted iterations
pool_saturation_recovery   [  71% ] 512/800 VUs  4m16.9s/6m00.0s

running (4m17.9s), 519/800 VUs, 3643665 complete and 0 interrupted iterations
pool_saturation_recovery   [  72% ] 519/800 VUs  4m17.9s/6m00.0s

running (4m18.9s), 526/800 VUs, 3665193 complete and 0 interrupted iterations
pool_saturation_recovery   [  72% ] 526/800 VUs  4m18.9s/6m00.0s

running (4m19.9s), 532/800 VUs, 3684031 complete and 0 interrupted iterations
pool_saturation_recovery   [  72% ] 532/800 VUs  4m19.9s/6m00.0s

running (4m20.9s), 539/800 VUs, 3702996 complete and 0 interrupted iterations
pool_saturation_recovery   [  72% ] 539/800 VUs  4m20.9s/6m00.0s

running (4m21.9s), 546/800 VUs, 3723427 complete and 0 interrupted iterations
pool_saturation_recovery   [  73% ] 546/800 VUs  4m21.9s/6m00.0s

running (4m22.9s), 552/800 VUs, 3739871 complete and 0 interrupted iterations
pool_saturation_recovery   [  73% ] 552/800 VUs  4m22.9s/6m00.0s

running (4m23.9s), 559/800 VUs, 3759625 complete and 0 interrupted iterations
pool_saturation_recovery   [  73% ] 559/800 VUs  4m23.9s/6m00.0s

running (4m24.9s), 566/800 VUs, 3778832 complete and 0 interrupted iterations
pool_saturation_recovery   [  74% ] 566/800 VUs  4m24.9s/6m00.0s

running (4m25.9s), 572/800 VUs, 3798638 complete and 0 interrupted iterations
pool_saturation_recovery   [  74% ] 572/800 VUs  4m25.9s/6m00.0s

running (4m26.9s), 579/800 VUs, 3816990 complete and 0 interrupted iterations
pool_saturation_recovery   [  74% ] 579/800 VUs  4m26.9s/6m00.0s

running (4m27.9s), 586/800 VUs, 3837762 complete and 0 interrupted iterations
pool_saturation_recovery   [  74% ] 586/800 VUs  4m27.9s/6m00.0s

running (4m28.9s), 592/800 VUs, 3854464 complete and 0 interrupted iterations
pool_saturation_recovery   [  75% ] 592/800 VUs  4m28.9s/6m00.0s

running (4m29.9s), 599/800 VUs, 3873392 complete and 0 interrupted iterations
pool_saturation_recovery   [  75% ] 599/800 VUs  4m29.9s/6m00.0s

running (4m30.9s), 606/800 VUs, 3892631 complete and 0 interrupted iterations
pool_saturation_recovery   [  75% ] 606/800 VUs  4m30.9s/6m00.0s

running (4m31.9s), 612/800 VUs, 3911443 complete and 0 interrupted iterations
pool_saturation_recovery   [  76% ] 612/800 VUs  4m31.9s/6m00.0s

running (4m32.9s), 619/800 VUs, 3926163 complete and 0 interrupted iterations
pool_saturation_recovery   [  76% ] 619/800 VUs  4m33.0s/6m00.0s

running (4m33.9s), 626/800 VUs, 3947273 complete and 0 interrupted iterations
pool_saturation_recovery   [  76% ] 626/800 VUs  4m33.9s/6m00.0s

running (4m34.9s), 632/800 VUs, 3967885 complete and 0 interrupted iterations
pool_saturation_recovery   [  76% ] 632/800 VUs  4m34.9s/6m00.0s

running (4m35.9s), 639/800 VUs, 3989062 complete and 0 interrupted iterations
pool_saturation_recovery   [  77% ] 639/800 VUs  4m35.9s/6m00.0s

running (4m36.9s), 646/800 VUs, 4007941 complete and 0 interrupted iterations
pool_saturation_recovery   [  77% ] 646/800 VUs  4m36.9s/6m00.0s

running (4m37.9s), 652/800 VUs, 4024885 complete and 0 interrupted iterations
pool_saturation_recovery   [  77% ] 652/800 VUs  4m37.9s/6m00.0s

running (4m38.9s), 659/800 VUs, 4042173 complete and 0 interrupted iterations
pool_saturation_recovery   [  77% ] 659/800 VUs  4m38.9s/6m00.0s

running (4m39.9s), 666/800 VUs, 4061585 complete and 0 interrupted iterations
pool_saturation_recovery   [  78% ] 666/800 VUs  4m39.9s/6m00.0s

running (4m40.9s), 672/800 VUs, 4077658 complete and 0 interrupted iterations
pool_saturation_recovery   [  78% ] 672/800 VUs  4m40.9s/6m00.0s

running (4m41.9s), 679/800 VUs, 4099252 complete and 0 interrupted iterations
pool_saturation_recovery   [  78% ] 679/800 VUs  4m41.9s/6m00.0s

running (4m42.9s), 686/800 VUs, 4117834 complete and 0 interrupted iterations
pool_saturation_recovery   [  79% ] 686/800 VUs  4m42.9s/6m00.0s

running (4m43.9s), 692/800 VUs, 4135328 complete and 0 interrupted iterations
pool_saturation_recovery   [  79% ] 692/800 VUs  4m43.9s/6m00.0s

running (4m44.9s), 699/800 VUs, 4152589 complete and 0 interrupted iterations
pool_saturation_recovery   [  79% ] 699/800 VUs  4m44.9s/6m00.0s

running (4m45.9s), 706/800 VUs, 4172668 complete and 0 interrupted iterations
pool_saturation_recovery   [  79% ] 706/800 VUs  4m45.9s/6m00.0s

running (4m46.9s), 712/800 VUs, 4191549 complete and 0 interrupted iterations
pool_saturation_recovery   [  80% ] 712/800 VUs  4m47.0s/6m00.0s

running (4m47.9s), 719/800 VUs, 4213038 complete and 0 interrupted iterations
pool_saturation_recovery   [  80% ] 719/800 VUs  4m47.9s/6m00.0s

running (4m48.9s), 726/800 VUs, 4229667 complete and 0 interrupted iterations
pool_saturation_recovery   [  80% ] 726/800 VUs  4m48.9s/6m00.0s

running (4m49.9s), 732/800 VUs, 4250187 complete and 0 interrupted iterations
pool_saturation_recovery   [  81% ] 732/800 VUs  4m49.9s/6m00.0s

running (4m50.9s), 739/800 VUs, 4271010 complete and 0 interrupted iterations
pool_saturation_recovery   [  81% ] 739/800 VUs  4m50.9s/6m00.0s

running (4m51.9s), 746/800 VUs, 4290039 complete and 0 interrupted iterations
pool_saturation_recovery   [  81% ] 746/800 VUs  4m51.9s/6m00.0s

running (4m52.9s), 752/800 VUs, 4307063 complete and 0 interrupted iterations
pool_saturation_recovery   [  81% ] 752/800 VUs  4m52.9s/6m00.0s

running (4m53.9s), 759/800 VUs, 4327572 complete and 0 interrupted iterations
pool_saturation_recovery   [  82% ] 759/800 VUs  4m54.0s/6m00.0s

running (4m54.9s), 766/800 VUs, 4349054 complete and 0 interrupted iterations
pool_saturation_recovery   [  82% ] 766/800 VUs  4m54.9s/6m00.0s

running (4m55.9s), 772/800 VUs, 4368930 complete and 0 interrupted iterations
pool_saturation_recovery   [  82% ] 772/800 VUs  4m55.9s/6m00.0s

running (4m56.9s), 779/800 VUs, 4387990 complete and 0 interrupted iterations
pool_saturation_recovery   [  82% ] 779/800 VUs  4m56.9s/6m00.0s

running (4m57.9s), 786/800 VUs, 4409594 complete and 0 interrupted iterations
pool_saturation_recovery   [  83% ] 786/800 VUs  4m57.9s/6m00.0s

running (4m58.9s), 792/800 VUs, 4429395 complete and 0 interrupted iterations
pool_saturation_recovery   [  83% ] 792/800 VUs  4m58.9s/6m00.0s

running (4m59.9s), 799/800 VUs, 4447676 complete and 0 interrupted iterations
pool_saturation_recovery   [  83% ] 799/800 VUs  4m59.9s/6m00.0s

running (5m00.9s), 789/800 VUs, 4464589 complete and 0 interrupted iterations
pool_saturation_recovery   [  84% ] 789/800 VUs  5m00.9s/6m00.0s

running (5m01.9s), 776/800 VUs, 4483656 complete and 0 interrupted iterations
pool_saturation_recovery   [  84% ] 776/800 VUs  5m01.9s/6m00.0s

running (5m02.9s), 764/800 VUs, 4502697 complete and 0 interrupted iterations
pool_saturation_recovery   [  84% ] 764/800 VUs  5m02.9s/6m00.0s

running (5m03.9s), 751/800 VUs, 4522101 complete and 0 interrupted iterations
pool_saturation_recovery   [  84% ] 751/800 VUs  5m03.9s/6m00.0s

running (5m04.9s), 739/800 VUs, 4538841 complete and 0 interrupted iterations
pool_saturation_recovery   [  85% ] 739/800 VUs  5m04.9s/6m00.0s

running (5m05.9s), 726/800 VUs, 4557783 complete and 0 interrupted iterations
pool_saturation_recovery   [  85% ] 726/800 VUs  5m05.9s/6m00.0s

running (5m06.9s), 714/800 VUs, 4577056 complete and 0 interrupted iterations
pool_saturation_recovery   [  85% ] 714/800 VUs  5m06.9s/6m00.0s

running (5m07.9s), 701/800 VUs, 4596986 complete and 0 interrupted iterations
pool_saturation_recovery   [  86% ] 701/800 VUs  5m07.9s/6m00.0s

running (5m08.9s), 689/800 VUs, 4615054 complete and 0 interrupted iterations
pool_saturation_recovery   [  86% ] 689/800 VUs  5m08.9s/6m00.0s

running (5m09.9s), 676/800 VUs, 4635279 complete and 0 interrupted iterations
pool_saturation_recovery   [  86% ] 676/800 VUs  5m09.9s/6m00.0s

running (5m10.9s), 664/800 VUs, 4653580 complete and 0 interrupted iterations
pool_saturation_recovery   [  86% ] 664/800 VUs  5m10.9s/6m00.0s

running (5m11.9s), 651/800 VUs, 4674890 complete and 0 interrupted iterations
pool_saturation_recovery   [  87% ] 651/800 VUs  5m11.9s/6m00.0s

running (5m12.9s), 639/800 VUs, 4693439 complete and 0 interrupted iterations
pool_saturation_recovery   [  87% ] 639/800 VUs  5m12.9s/6m00.0s

running (5m13.9s), 626/800 VUs, 4714147 complete and 0 interrupted iterations
pool_saturation_recovery   [  87% ] 626/800 VUs  5m13.9s/6m00.0s

running (5m14.9s), 614/800 VUs, 4733509 complete and 0 interrupted iterations
pool_saturation_recovery   [  87% ] 614/800 VUs  5m14.9s/6m00.0s

running (5m15.9s), 601/800 VUs, 4754757 complete and 0 interrupted iterations
pool_saturation_recovery   [  88% ] 601/800 VUs  5m15.9s/6m00.0s

running (5m16.9s), 589/800 VUs, 4770158 complete and 0 interrupted iterations
pool_saturation_recovery   [  88% ] 589/800 VUs  5m16.9s/6m00.0s

running (5m17.9s), 576/800 VUs, 4790497 complete and 0 interrupted iterations
pool_saturation_recovery   [  88% ] 576/800 VUs  5m17.9s/6m00.0s

running (5m18.9s), 564/800 VUs, 4805542 complete and 0 interrupted iterations
pool_saturation_recovery   [  89% ] 564/800 VUs  5m18.9s/6m00.0s

running (5m19.9s), 551/800 VUs, 4821999 complete and 0 interrupted iterations
pool_saturation_recovery   [  89% ] 551/800 VUs  5m19.9s/6m00.0s

running (5m20.9s), 539/800 VUs, 4839830 complete and 0 interrupted iterations
pool_saturation_recovery   [  89% ] 539/800 VUs  5m20.9s/6m00.0s

running (5m21.9s), 526/800 VUs, 4860239 complete and 0 interrupted iterations
pool_saturation_recovery   [  89% ] 526/800 VUs  5m21.9s/6m00.0s

running (5m22.9s), 514/800 VUs, 4877871 complete and 0 interrupted iterations
pool_saturation_recovery   [  90% ] 514/800 VUs  5m22.9s/6m00.0s

running (5m23.9s), 501/800 VUs, 4895474 complete and 0 interrupted iterations
pool_saturation_recovery   [  90% ] 501/800 VUs  5m23.9s/6m00.0s

running (5m24.9s), 489/800 VUs, 4912278 complete and 0 interrupted iterations
pool_saturation_recovery   [  90% ] 489/800 VUs  5m24.9s/6m00.0s

running (5m25.9s), 476/800 VUs, 4931628 complete and 0 interrupted iterations
pool_saturation_recovery   [  91% ] 476/800 VUs  5m25.9s/6m00.0s

running (5m26.9s), 464/800 VUs, 4953632 complete and 0 interrupted iterations
pool_saturation_recovery   [  91% ] 464/800 VUs  5m26.9s/6m00.0s

running (5m27.9s), 451/800 VUs, 4973877 complete and 0 interrupted iterations
pool_saturation_recovery   [  91% ] 451/800 VUs  5m27.9s/6m00.0s

running (5m28.9s), 439/800 VUs, 4990014 complete and 0 interrupted iterations
pool_saturation_recovery   [  91% ] 439/800 VUs  5m28.9s/6m00.0s

running (5m29.9s), 426/800 VUs, 5012018 complete and 0 interrupted iterations
pool_saturation_recovery   [  92% ] 426/800 VUs  5m29.9s/6m00.0s

running (5m30.9s), 414/800 VUs, 5032186 complete and 0 interrupted iterations
pool_saturation_recovery   [  92% ] 414/800 VUs  5m30.9s/6m00.0s

running (5m31.9s), 401/800 VUs, 5052583 complete and 0 interrupted iterations
pool_saturation_recovery   [  92% ] 401/800 VUs  5m31.9s/6m00.0s

running (5m32.9s), 389/800 VUs, 5067211 complete and 0 interrupted iterations
pool_saturation_recovery   [  92% ] 389/800 VUs  5m32.9s/6m00.0s

running (5m33.9s), 376/800 VUs, 5087576 complete and 0 interrupted iterations
pool_saturation_recovery   [  93% ] 376/800 VUs  5m33.9s/6m00.0s

running (5m34.9s), 364/800 VUs, 5106543 complete and 0 interrupted iterations
pool_saturation_recovery   [  93% ] 364/800 VUs  5m34.9s/6m00.0s

running (5m35.9s), 351/800 VUs, 5127134 complete and 0 interrupted iterations
pool_saturation_recovery   [  93% ] 351/800 VUs  5m35.9s/6m00.0s

running (5m37.0s), 339/800 VUs, 5145513 complete and 0 interrupted iterations
pool_saturation_recovery   [  94% ] 339/800 VUs  5m37.0s/6m00.0s

running (5m37.9s), 326/800 VUs, 5165034 complete and 0 interrupted iterations
pool_saturation_recovery   [  94% ] 326/800 VUs  5m37.9s/6m00.0s

running (5m38.9s), 314/800 VUs, 5184167 complete and 0 interrupted iterations
pool_saturation_recovery   [  94% ] 314/800 VUs  5m38.9s/6m00.0s

running (5m39.9s), 301/800 VUs, 5204028 complete and 0 interrupted iterations
pool_saturation_recovery   [  94% ] 301/800 VUs  5m39.9s/6m00.0s

running (5m40.9s), 289/800 VUs, 5220837 complete and 0 interrupted iterations
pool_saturation_recovery   [  95% ] 289/800 VUs  5m40.9s/6m00.0s

running (5m41.9s), 276/800 VUs, 5240101 complete and 0 interrupted iterations
pool_saturation_recovery   [  95% ] 276/800 VUs  5m41.9s/6m00.0s

running (5m42.9s), 264/800 VUs, 5260998 complete and 0 interrupted iterations
pool_saturation_recovery   [  95% ] 264/800 VUs  5m42.9s/6m00.0s

running (5m43.9s), 251/800 VUs, 5281683 complete and 0 interrupted iterations
pool_saturation_recovery   [  96% ] 251/800 VUs  5m43.9s/6m00.0s

running (5m44.9s), 239/800 VUs, 5297446 complete and 0 interrupted iterations
pool_saturation_recovery   [  96% ] 239/800 VUs  5m44.9s/6m00.0s

running (5m45.9s), 226/800 VUs, 5316970 complete and 0 interrupted iterations
pool_saturation_recovery   [  96% ] 226/800 VUs  5m45.9s/6m00.0s

running (5m46.9s), 214/800 VUs, 5336579 complete and 0 interrupted iterations
pool_saturation_recovery   [  96% ] 214/800 VUs  5m46.9s/6m00.0s

running (5m47.9s), 201/800 VUs, 5358182 complete and 0 interrupted iterations
pool_saturation_recovery   [  97% ] 201/800 VUs  5m47.9s/6m00.0s

running (5m48.9s), 189/800 VUs, 5375971 complete and 0 interrupted iterations
pool_saturation_recovery   [  97% ] 189/800 VUs  5m48.9s/6m00.0s

running (5m49.9s), 176/800 VUs, 5397320 complete and 0 interrupted iterations
pool_saturation_recovery   [  97% ] 176/800 VUs  5m49.9s/6m00.0s

running (5m50.9s), 164/800 VUs, 5417396 complete and 0 interrupted iterations
pool_saturation_recovery   [  97% ] 164/800 VUs  5m50.9s/6m00.0s

running (5m51.9s), 151/800 VUs, 5438485 complete and 0 interrupted iterations
pool_saturation_recovery   [  98% ] 151/800 VUs  5m51.9s/6m00.0s

running (5m52.9s), 139/800 VUs, 5456311 complete and 0 interrupted iterations
pool_saturation_recovery   [  98% ] 139/800 VUs  5m52.9s/6m00.0s

running (5m53.9s), 126/800 VUs, 5477034 complete and 0 interrupted iterations
pool_saturation_recovery   [  98% ] 126/800 VUs  5m53.9s/6m00.0s

running (5m54.9s), 114/800 VUs, 5497680 complete and 0 interrupted iterations
pool_saturation_recovery   [  99% ] 114/800 VUs  5m54.9s/6m00.0s

running (5m55.9s), 101/800 VUs, 5518006 complete and 0 interrupted iterations
pool_saturation_recovery   [  99% ] 101/800 VUs  5m55.9s/6m00.0s

running (5m56.9s), 089/800 VUs, 5535716 complete and 0 interrupted iterations
pool_saturation_recovery   [  99% ] 089/800 VUs  5m56.9s/6m00.0s

running (5m57.9s), 076/800 VUs, 5556163 complete and 0 interrupted iterations
pool_saturation_recovery   [  99% ] 076/800 VUs  5m57.9s/6m00.0s

running (5m58.9s), 064/800 VUs, 5575825 complete and 0 interrupted iterations
pool_saturation_recovery   [ 100% ] 064/800 VUs  5m58.9s/6m00.0s

running (5m59.9s), 051/800 VUs, 5595949 complete and 0 interrupted iterations
pool_saturation_recovery   [ 100% ] 051/800 VUs  5m59.9s/6m00.0s

running (6m00.0s), 000/800 VUs, 5596929 complete and 0 interrupted iterations
pool_saturation_recovery ✓ [ 100% ] 000/800 VUs  6m0s


  █ THRESHOLDS 

    http_req_duration
    ✓ 'p(99)<1500' p(99)=60.25ms

    http_req_failed
    ✓ 'rate<0.15' rate=0.00%


  █ TOTAL RESULTS 

    checks_total.......: 5596929 15547.030657/s
    checks_succeeded...: 100.00% 5596929 out of 5596929
    checks_failed......: 0.00%   0 out of 5596929

    ✓ status is 200 or 404

    HTTP
    http_req_duration..............: avg=16.85ms med=13.62ms max=389.4ms  p(95)=42.6ms  p(99)=60.25ms p(99.9)=130.17ms
      { expected_response:true }...: avg=16.85ms med=13.62ms max=389.4ms  p(95)=42.6ms  p(99)=60.25ms p(99.9)=130.17ms
    http_req_failed................: 0.00%   0 out of 5596929
    http_reqs......................: 5596929 15547.030657/s

    EXECUTION
    iteration_duration.............: avg=16.9ms  med=13.67ms max=389.44ms p(95)=42.66ms p(99)=60.39ms p(99.9)=130.42ms
    iterations.....................: 5596929 15547.030657/s
    vus............................: 51      min=10           max=799
    vus_max........................: 800     min=800          max=800

    NETWORK
    data_received..................: 789 MB  2.2 MB/s
    data_sent......................: 627 MB  1.7 MB/s




running (6m00.0s), 000/800 VUs, 5596929 complete and 0 interrupted iterations
pool_saturation_recovery ✓ [ 100% ] 000/800 VUs  6m0s
