
         /\      Grafana   /‾‾/  
    /\  /  \     |\  __   /  /   
   /  \/    \    | |/ /  /   ‾‾\ 
  /          \   |   (  |  (‾)  |
 / __________ \  |_|\_\  \_____/ 


     execution: local
        script: bench/k6/tail-latency.js
        output: -

     scenarios: (100.00%) 1 scenario, 3000 max VUs, 8m0s max duration (incl. graceful stop):
              * tail_open_loop: Up to 20000.00 iterations/s for 7m30s over 5 stages (maxVUs: 300-3000, gracefulStop: 30s)


running (0m01.0s), 0000/0300 VUs, 1937 complete and 0 interrupted iterations
tail_open_loop   [   0% ] 0000/0300 VUs  0m01.0s/7m30s  02000.00 iters/s

running (0m02.0s), 0000/0300 VUs, 3937 complete and 0 interrupted iterations
tail_open_loop   [   0% ] 0000/0300 VUs  0m02.0s/7m30s  02000.00 iters/s

running (0m03.0s), 0001/0300 VUs, 5936 complete and 0 interrupted iterations
tail_open_loop   [   1% ] 0001/0300 VUs  0m03.0s/7m30s  02000.00 iters/s

running (0m04.0s), 0000/0300 VUs, 7937 complete and 0 interrupted iterations
tail_open_loop   [   1% ] 0000/0300 VUs  0m04.0s/7m30s  02000.00 iters/s

running (0m05.0s), 0002/0300 VUs, 9935 complete and 0 interrupted iterations
tail_open_loop   [   1% ] 0002/0300 VUs  0m05.0s/7m30s  02000.00 iters/s

running (0m06.0s), 0002/0300 VUs, 11935 complete and 0 interrupted iterations
tail_open_loop   [   1% ] 0002/0300 VUs  0m06.0s/7m30s  02000.00 iters/s

running (0m07.0s), 0001/0300 VUs, 13936 complete and 0 interrupted iterations
tail_open_loop   [   2% ] 0001/0300 VUs  0m07.0s/7m30s  02000.00 iters/s

running (0m08.0s), 0001/0300 VUs, 15936 complete and 0 interrupted iterations
tail_open_loop   [   2% ] 0001/0300 VUs  0m08.0s/7m30s  02000.00 iters/s

running (0m09.0s), 0000/0300 VUs, 17937 complete and 0 interrupted iterations
tail_open_loop   [   2% ] 0000/0300 VUs  0m09.0s/7m30s  02000.00 iters/s

running (0m10.0s), 0000/0300 VUs, 19937 complete and 0 interrupted iterations
tail_open_loop   [   2% ] 0000/0300 VUs  0m10.0s/7m30s  02000.00 iters/s

running (0m11.0s), 0000/0300 VUs, 21937 complete and 0 interrupted iterations
tail_open_loop   [   2% ] 0000/0300 VUs  0m11.0s/7m30s  02000.00 iters/s

running (0m12.0s), 0000/0300 VUs, 23937 complete and 0 interrupted iterations
tail_open_loop   [   3% ] 0000/0300 VUs  0m12.0s/7m30s  02000.00 iters/s

running (0m13.0s), 0000/0300 VUs, 25937 complete and 0 interrupted iterations
tail_open_loop   [   3% ] 0000/0300 VUs  0m13.0s/7m30s  02000.00 iters/s

running (0m14.0s), 0000/0300 VUs, 27937 complete and 0 interrupted iterations
tail_open_loop   [   3% ] 0000/0300 VUs  0m14.0s/7m30s  02000.00 iters/s

running (0m15.0s), 0000/0300 VUs, 29937 complete and 0 interrupted iterations
tail_open_loop   [   3% ] 0000/0300 VUs  0m15.0s/7m30s  02000.00 iters/s

running (0m16.0s), 0000/0300 VUs, 31937 complete and 0 interrupted iterations
tail_open_loop   [   4% ] 0000/0300 VUs  0m16.0s/7m30s  02000.00 iters/s

running (0m17.0s), 0000/0300 VUs, 33937 complete and 0 interrupted iterations
tail_open_loop   [   4% ] 0000/0300 VUs  0m17.0s/7m30s  02000.00 iters/s

running (0m18.0s), 0000/0300 VUs, 35937 complete and 0 interrupted iterations
tail_open_loop   [   4% ] 0000/0300 VUs  0m18.0s/7m30s  02000.00 iters/s

running (0m19.0s), 0000/0300 VUs, 37937 complete and 0 interrupted iterations
tail_open_loop   [   4% ] 0000/0300 VUs  0m19.0s/7m30s  02000.00 iters/s

running (0m20.0s), 0000/0300 VUs, 39937 complete and 0 interrupted iterations
tail_open_loop   [   4% ] 0000/0300 VUs  0m20.0s/7m30s  02000.00 iters/s

running (0m21.0s), 0000/0300 VUs, 41937 complete and 0 interrupted iterations
tail_open_loop   [   5% ] 0000/0300 VUs  0m21.0s/7m30s  02000.00 iters/s

running (0m22.0s), 0000/0300 VUs, 43937 complete and 0 interrupted iterations
tail_open_loop   [   5% ] 0000/0300 VUs  0m22.0s/7m30s  02000.00 iters/s

running (0m23.0s), 0001/0300 VUs, 45936 complete and 0 interrupted iterations
tail_open_loop   [   5% ] 0001/0300 VUs  0m23.0s/7m30s  02000.00 iters/s

running (0m24.0s), 0001/0300 VUs, 47936 complete and 0 interrupted iterations
tail_open_loop   [   5% ] 0001/0300 VUs  0m24.0s/7m30s  02000.00 iters/s

running (0m25.0s), 0002/0300 VUs, 49935 complete and 0 interrupted iterations
tail_open_loop   [   6% ] 0002/0300 VUs  0m25.0s/7m30s  02000.00 iters/s

running (0m26.0s), 0001/0300 VUs, 51936 complete and 0 interrupted iterations
tail_open_loop   [   6% ] 0001/0300 VUs  0m26.0s/7m30s  02000.00 iters/s

running (0m27.0s), 0002/0300 VUs, 53935 complete and 0 interrupted iterations
tail_open_loop   [   6% ] 0002/0300 VUs  0m27.0s/7m30s  02000.00 iters/s

running (0m28.0s), 0002/0300 VUs, 55935 complete and 0 interrupted iterations
tail_open_loop   [   6% ] 0002/0300 VUs  0m28.0s/7m30s  02000.00 iters/s

running (0m29.0s), 0000/0300 VUs, 57937 complete and 0 interrupted iterations
tail_open_loop   [   6% ] 0000/0300 VUs  0m29.0s/7m30s  02000.00 iters/s

running (0m30.0s), 0000/0300 VUs, 59937 complete and 0 interrupted iterations
tail_open_loop   [   7% ] 0000/0300 VUs  0m30.0s/7m30s  02000.00 iters/s

running (0m31.0s), 0001/0300 VUs, 61936 complete and 0 interrupted iterations
tail_open_loop   [   7% ] 0001/0300 VUs  0m31.0s/7m30s  02000.00 iters/s

running (0m32.0s), 0000/0300 VUs, 63937 complete and 0 interrupted iterations
tail_open_loop   [   7% ] 0000/0300 VUs  0m32.0s/7m30s  02000.00 iters/s

running (0m33.0s), 0000/0300 VUs, 65937 complete and 0 interrupted iterations
tail_open_loop   [   7% ] 0000/0300 VUs  0m33.0s/7m30s  02000.00 iters/s

running (0m34.0s), 0000/0300 VUs, 67937 complete and 0 interrupted iterations
tail_open_loop   [   8% ] 0000/0300 VUs  0m34.0s/7m30s  02000.00 iters/s

running (0m35.0s), 0005/0300 VUs, 69933 complete and 0 interrupted iterations
tail_open_loop   [   8% ] 0005/0300 VUs  0m35.0s/7m30s  02000.00 iters/s

running (0m36.0s), 0000/0300 VUs, 71937 complete and 0 interrupted iterations
tail_open_loop   [   8% ] 0000/0300 VUs  0m36.0s/7m30s  02000.00 iters/s

running (0m37.0s), 0000/0300 VUs, 73937 complete and 0 interrupted iterations
tail_open_loop   [   8% ] 0000/0300 VUs  0m37.0s/7m30s  02000.00 iters/s

running (0m38.0s), 0000/0300 VUs, 75937 complete and 0 interrupted iterations
tail_open_loop   [   8% ] 0000/0300 VUs  0m38.0s/7m30s  02000.00 iters/s

running (0m39.0s), 0000/0300 VUs, 77937 complete and 0 interrupted iterations
tail_open_loop   [   9% ] 0000/0300 VUs  0m39.0s/7m30s  02000.00 iters/s

running (0m40.0s), 0000/0300 VUs, 79937 complete and 0 interrupted iterations
tail_open_loop   [   9% ] 0000/0300 VUs  0m40.0s/7m30s  02000.00 iters/s

running (0m41.0s), 0000/0300 VUs, 81937 complete and 0 interrupted iterations
tail_open_loop   [   9% ] 0000/0300 VUs  0m41.0s/7m30s  02000.00 iters/s

running (0m42.0s), 0000/0300 VUs, 83937 complete and 0 interrupted iterations
tail_open_loop   [   9% ] 0000/0300 VUs  0m42.0s/7m30s  02000.00 iters/s

running (0m43.0s), 0000/0300 VUs, 85937 complete and 0 interrupted iterations
tail_open_loop   [  10% ] 0000/0300 VUs  0m43.0s/7m30s  02000.00 iters/s

running (0m44.0s), 0000/0300 VUs, 87937 complete and 0 interrupted iterations
tail_open_loop   [  10% ] 0000/0300 VUs  0m44.0s/7m30s  02000.00 iters/s

running (0m45.0s), 0000/0300 VUs, 89937 complete and 0 interrupted iterations
tail_open_loop   [  10% ] 0000/0300 VUs  0m45.0s/7m30s  02000.00 iters/s

running (0m46.0s), 0001/0300 VUs, 91936 complete and 0 interrupted iterations
tail_open_loop   [  10% ] 0001/0300 VUs  0m46.0s/7m30s  02000.00 iters/s

running (0m47.0s), 0002/0300 VUs, 93935 complete and 0 interrupted iterations
tail_open_loop   [  10% ] 0002/0300 VUs  0m47.0s/7m30s  02000.00 iters/s

running (0m48.0s), 0003/0300 VUs, 95934 complete and 0 interrupted iterations
tail_open_loop   [  11% ] 0003/0300 VUs  0m48.0s/7m30s  02000.00 iters/s

running (0m49.0s), 0000/0300 VUs, 97937 complete and 0 interrupted iterations
tail_open_loop   [  11% ] 0000/0300 VUs  0m49.0s/7m30s  02000.00 iters/s

running (0m50.0s), 0000/0300 VUs, 99937 complete and 0 interrupted iterations
tail_open_loop   [  11% ] 0000/0300 VUs  0m50.0s/7m30s  02000.00 iters/s

running (0m51.0s), 0000/0300 VUs, 101937 complete and 0 interrupted iterations
tail_open_loop   [  11% ] 0000/0300 VUs  0m51.0s/7m30s  02000.00 iters/s

running (0m52.0s), 0000/0300 VUs, 103937 complete and 0 interrupted iterations
tail_open_loop   [  12% ] 0000/0300 VUs  0m52.0s/7m30s  02000.00 iters/s

running (0m53.0s), 0000/0300 VUs, 105937 complete and 0 interrupted iterations
tail_open_loop   [  12% ] 0000/0300 VUs  0m53.0s/7m30s  02000.00 iters/s

running (0m54.0s), 0000/0300 VUs, 107937 complete and 0 interrupted iterations
tail_open_loop   [  12% ] 0000/0300 VUs  0m54.0s/7m30s  02000.00 iters/s

running (0m55.0s), 0000/0300 VUs, 109937 complete and 0 interrupted iterations
tail_open_loop   [  12% ] 0000/0300 VUs  0m55.0s/7m30s  02000.00 iters/s

running (0m56.0s), 0000/0300 VUs, 111937 complete and 0 interrupted iterations
tail_open_loop   [  12% ] 0000/0300 VUs  0m56.0s/7m30s  02000.00 iters/s

running (0m57.0s), 0000/0300 VUs, 113937 complete and 0 interrupted iterations
tail_open_loop   [  13% ] 0000/0300 VUs  0m57.0s/7m30s  02000.00 iters/s

running (0m58.0s), 0000/0300 VUs, 115937 complete and 0 interrupted iterations
tail_open_loop   [  13% ] 0000/0300 VUs  0m58.0s/7m30s  02000.00 iters/s

running (0m59.0s), 0000/0300 VUs, 117937 complete and 0 interrupted iterations
tail_open_loop   [  13% ] 0000/0300 VUs  0m59.0s/7m30s  02000.00 iters/s

running (1m00.0s), 0000/0300 VUs, 119937 complete and 0 interrupted iterations
tail_open_loop   [  13% ] 0000/0300 VUs  1m00.0s/7m30s  02000.00 iters/s

running (1m01.0s), 0000/0300 VUs, 121937 complete and 0 interrupted iterations
tail_open_loop   [  14% ] 0000/0300 VUs  1m01.0s/7m30s  02000.00 iters/s

running (1m02.0s), 0000/0300 VUs, 123937 complete and 0 interrupted iterations
tail_open_loop   [  14% ] 0000/0300 VUs  1m02.0s/7m30s  02000.00 iters/s

running (1m03.0s), 0045/0300 VUs, 125897 complete and 0 interrupted iterations
tail_open_loop   [  14% ] 0045/0300 VUs  1m03.0s/7m30s  02000.00 iters/s

running (1m04.0s), 0001/0300 VUs, 127936 complete and 0 interrupted iterations
tail_open_loop   [  14% ] 0001/0300 VUs  1m04.0s/7m30s  02000.00 iters/s

running (1m05.0s), 0000/0300 VUs, 129937 complete and 0 interrupted iterations
tail_open_loop   [  14% ] 0000/0300 VUs  1m05.0s/7m30s  02000.00 iters/s

running (1m06.0s), 0002/0300 VUs, 131935 complete and 0 interrupted iterations
tail_open_loop   [  15% ] 0001/0300 VUs  1m06.0s/7m30s  02000.00 iters/s

running (1m07.0s), 0001/0300 VUs, 133936 complete and 0 interrupted iterations
tail_open_loop   [  15% ] 0001/0300 VUs  1m07.0s/7m30s  02000.00 iters/s

running (1m08.0s), 0004/0300 VUs, 135933 complete and 0 interrupted iterations
tail_open_loop   [  15% ] 0004/0300 VUs  1m08.0s/7m30s  02000.00 iters/s

running (1m09.0s), 0000/0300 VUs, 137937 complete and 0 interrupted iterations
tail_open_loop   [  15% ] 0000/0300 VUs  1m09.0s/7m30s  02000.00 iters/s

running (1m10.0s), 0000/0300 VUs, 139937 complete and 0 interrupted iterations
tail_open_loop   [  16% ] 0000/0300 VUs  1m10.0s/7m30s  02000.00 iters/s

running (1m11.0s), 0000/0300 VUs, 141937 complete and 0 interrupted iterations
tail_open_loop   [  16% ] 0000/0300 VUs  1m11.0s/7m30s  02000.00 iters/s

running (1m12.0s), 0000/0300 VUs, 143937 complete and 0 interrupted iterations
tail_open_loop   [  16% ] 0000/0300 VUs  1m12.0s/7m30s  02000.00 iters/s

running (1m13.0s), 0000/0300 VUs, 145937 complete and 0 interrupted iterations
tail_open_loop   [  16% ] 0000/0300 VUs  1m13.0s/7m30s  02000.00 iters/s

running (1m14.0s), 0001/0300 VUs, 147936 complete and 0 interrupted iterations
tail_open_loop   [  16% ] 0001/0300 VUs  1m14.0s/7m30s  02000.00 iters/s

running (1m15.0s), 0001/0300 VUs, 149936 complete and 0 interrupted iterations
tail_open_loop   [  17% ] 0001/0300 VUs  1m15.0s/7m30s  02000.00 iters/s

running (1m16.0s), 0000/0300 VUs, 151937 complete and 0 interrupted iterations
tail_open_loop   [  17% ] 0000/0300 VUs  1m16.0s/7m30s  02000.00 iters/s

running (1m17.0s), 0000/0300 VUs, 153937 complete and 0 interrupted iterations
tail_open_loop   [  17% ] 0000/0300 VUs  1m17.0s/7m30s  02000.00 iters/s

running (1m18.0s), 0000/0300 VUs, 155937 complete and 0 interrupted iterations
tail_open_loop   [  17% ] 0000/0300 VUs  1m18.0s/7m30s  02000.00 iters/s

running (1m19.0s), 0000/0300 VUs, 157937 complete and 0 interrupted iterations
tail_open_loop   [  18% ] 0000/0300 VUs  1m19.0s/7m30s  02000.00 iters/s

running (1m20.0s), 0000/0300 VUs, 159937 complete and 0 interrupted iterations
tail_open_loop   [  18% ] 0000/0300 VUs  1m20.0s/7m30s  02000.00 iters/s

running (1m21.0s), 0000/0300 VUs, 161937 complete and 0 interrupted iterations
tail_open_loop   [  18% ] 0000/0300 VUs  1m21.0s/7m30s  02000.00 iters/s

running (1m22.0s), 0000/0300 VUs, 163937 complete and 0 interrupted iterations
tail_open_loop   [  18% ] 0000/0300 VUs  1m22.0s/7m30s  02000.00 iters/s

running (1m23.0s), 0000/0300 VUs, 165937 complete and 0 interrupted iterations
tail_open_loop   [  18% ] 0000/0300 VUs  1m23.0s/7m30s  02000.00 iters/s

running (1m24.0s), 0000/0300 VUs, 167937 complete and 0 interrupted iterations
tail_open_loop   [  19% ] 0000/0300 VUs  1m24.0s/7m30s  02000.00 iters/s

running (1m25.0s), 0001/0300 VUs, 169936 complete and 0 interrupted iterations
tail_open_loop   [  19% ] 0001/0300 VUs  1m25.0s/7m30s  02000.00 iters/s

running (1m26.0s), 0001/0300 VUs, 171936 complete and 0 interrupted iterations
tail_open_loop   [  19% ] 0001/0300 VUs  1m26.0s/7m30s  02000.00 iters/s

running (1m27.0s), 0000/0300 VUs, 173937 complete and 0 interrupted iterations
tail_open_loop   [  19% ] 0000/0300 VUs  1m27.0s/7m30s  02000.00 iters/s

running (1m28.0s), 0002/0300 VUs, 175935 complete and 0 interrupted iterations
tail_open_loop   [  20% ] 0002/0300 VUs  1m28.0s/7m30s  02000.00 iters/s

running (1m29.0s), 0001/0300 VUs, 177936 complete and 0 interrupted iterations
tail_open_loop   [  20% ] 0001/0300 VUs  1m29.0s/7m30s  02000.00 iters/s

running (1m30.0s), 0001/0300 VUs, 179936 complete and 0 interrupted iterations
tail_open_loop   [  20% ] 0001/0300 VUs  1m30.0s/7m30s  02000.00 iters/s

running (1m31.0s), 0001/0300 VUs, 181952 complete and 0 interrupted iterations
tail_open_loop   [  20% ] 0001/0300 VUs  1m31.0s/7m30s  02032.30 iters/s

running (1m32.0s), 0001/0300 VUs, 184001 complete and 0 interrupted iterations
tail_open_loop   [  20% ] 0001/0300 VUs  1m32.0s/7m30s  02065.63 iters/s

running (1m33.0s), 0001/0300 VUs, 186083 complete and 0 interrupted iterations
tail_open_loop   [  21% ] 0001/0300 VUs  1m33.0s/7m30s  02098.96 iters/s

running (1m34.0s), 0001/0300 VUs, 188199 complete and 0 interrupted iterations
tail_open_loop   [  21% ] 0001/0300 VUs  1m34.0s/7m30s  02132.30 iters/s

running (1m35.0s), 0001/0300 VUs, 190348 complete and 0 interrupted iterations
tail_open_loop   [  21% ] 0001/0300 VUs  1m35.0s/7m30s  02165.63 iters/s

running (1m36.0s), 0001/0300 VUs, 192530 complete and 0 interrupted iterations
tail_open_loop   [  21% ] 0001/0300 VUs  1m36.0s/7m30s  02198.96 iters/s

running (1m37.0s), 0001/0300 VUs, 194746 complete and 0 interrupted iterations
tail_open_loop   [  22% ] 0001/0300 VUs  1m37.0s/7m30s  02232.30 iters/s

running (1m38.0s), 0000/0300 VUs, 196995 complete and 0 interrupted iterations
tail_open_loop   [  22% ] 0000/0300 VUs  1m38.0s/7m30s  02265.62 iters/s

running (1m39.0s), 0001/0300 VUs, 199277 complete and 0 interrupted iterations
tail_open_loop   [  22% ] 0001/0300 VUs  1m39.0s/7m30s  02298.96 iters/s

running (1m40.0s), 0001/0300 VUs, 201593 complete and 0 interrupted iterations
tail_open_loop   [  22% ] 0001/0300 VUs  1m40.0s/7m30s  02332.31 iters/s

running (1m41.0s), 0000/0300 VUs, 203942 complete and 0 interrupted iterations
tail_open_loop   [  22% ] 0000/0300 VUs  1m41.0s/7m30s  02365.62 iters/s

running (1m42.0s), 0001/0300 VUs, 206324 complete and 0 interrupted iterations
tail_open_loop   [  23% ] 0001/0300 VUs  1m42.0s/7m30s  02398.97 iters/s

running (1m43.0s), 0000/0300 VUs, 208740 complete and 0 interrupted iterations
tail_open_loop   [  23% ] 0000/0300 VUs  1m43.0s/7m30s  02432.29 iters/s

running (1m44.0s), 0001/0300 VUs, 211188 complete and 0 interrupted iterations
tail_open_loop   [  23% ] 0001/0300 VUs  1m44.0s/7m30s  02465.63 iters/s

running (1m45.0s), 0001/0300 VUs, 213671 complete and 0 interrupted iterations
tail_open_loop   [  23% ] 0001/0300 VUs  1m45.0s/7m30s  02498.96 iters/s

running (1m46.0s), 0002/0300 VUs, 216185 complete and 0 interrupted iterations
tail_open_loop   [  24% ] 0002/0300 VUs  1m46.0s/7m30s  02532.29 iters/s

running (1m47.0s), 0001/0300 VUs, 218735 complete and 0 interrupted iterations
tail_open_loop   [  24% ] 0001/0300 VUs  1m47.0s/7m30s  02565.62 iters/s

running (1m48.0s), 0003/0300 VUs, 221316 complete and 0 interrupted iterations
tail_open_loop   [  24% ] 0003/0300 VUs  1m48.0s/7m30s  02598.97 iters/s

running (1m49.0s), 0003/0300 VUs, 223931 complete and 0 interrupted iterations
tail_open_loop   [  24% ] 0003/0300 VUs  1m49.0s/7m30s  02632.29 iters/s

running (1m50.0s), 0001/0300 VUs, 226582 complete and 0 interrupted iterations
tail_open_loop   [  24% ] 0001/0300 VUs  1m50.0s/7m30s  02665.63 iters/s

running (1m51.0s), 0001/0300 VUs, 229264 complete and 0 interrupted iterations
tail_open_loop   [  25% ] 0001/0300 VUs  1m51.0s/7m30s  02698.96 iters/s

running (1m52.0s), 0005/0300 VUs, 231976 complete and 0 interrupted iterations
tail_open_loop   [  25% ] 0005/0300 VUs  1m52.0s/7m30s  02732.29 iters/s

running (1m53.0s), 0001/0300 VUs, 234729 complete and 0 interrupted iterations
tail_open_loop   [  25% ] 0001/0300 VUs  1m53.0s/7m30s  02765.63 iters/s

running (1m54.0s), 0000/0300 VUs, 237512 complete and 0 interrupted iterations
tail_open_loop   [  25% ] 0000/0300 VUs  1m54.0s/7m30s  02798.96 iters/s

running (1m55.0s), 0001/0300 VUs, 240327 complete and 0 interrupted iterations
tail_open_loop   [  26% ] 0001/0300 VUs  1m55.0s/7m30s  02832.30 iters/s

running (1m56.0s), 0001/0300 VUs, 243176 complete and 0 interrupted iterations
tail_open_loop   [  26% ] 0001/0300 VUs  1m56.0s/7m30s  02865.63 iters/s

running (1m57.0s), 0001/0300 VUs, 246058 complete and 0 interrupted iterations
tail_open_loop   [  26% ] 0001/0300 VUs  1m57.0s/7m30s  02898.96 iters/s

running (1m58.0s), 0001/0300 VUs, 248974 complete and 0 interrupted iterations
tail_open_loop   [  26% ] 0001/0300 VUs  1m58.0s/7m30s  02932.30 iters/s

running (1m59.0s), 0001/0300 VUs, 251923 complete and 0 interrupted iterations
tail_open_loop   [  26% ] 0001/0300 VUs  1m59.0s/7m30s  02965.63 iters/s

running (2m00.0s), 0001/0300 VUs, 254905 complete and 0 interrupted iterations
tail_open_loop   [  27% ] 0001/0300 VUs  2m00.0s/7m30s  02998.96 iters/s

running (2m01.0s), 0001/0300 VUs, 257921 complete and 0 interrupted iterations
tail_open_loop   [  27% ] 0001/0300 VUs  2m01.0s/7m30s  03032.30 iters/s

running (2m02.0s), 0001/0300 VUs, 260970 complete and 0 interrupted iterations
tail_open_loop   [  27% ] 0001/0300 VUs  2m02.0s/7m30s  03065.63 iters/s

running (2m03.0s), 0001/0300 VUs, 264052 complete and 0 interrupted iterations
tail_open_loop   [  27% ] 0001/0300 VUs  2m03.0s/7m30s  03098.96 iters/s

running (2m04.0s), 0001/0300 VUs, 267168 complete and 0 interrupted iterations
tail_open_loop   [  28% ] 0001/0300 VUs  2m04.0s/7m30s  03132.30 iters/s

running (2m05.0s), 0000/0300 VUs, 270317 complete and 0 interrupted iterations
tail_open_loop   [  28% ] 0000/0300 VUs  2m05.0s/7m30s  03165.62 iters/s

running (2m06.0s), 0002/0300 VUs, 273498 complete and 0 interrupted iterations
tail_open_loop   [  28% ] 0002/0300 VUs  2m06.0s/7m30s  03198.97 iters/s

running (2m07.0s), 0002/0300 VUs, 276713 complete and 0 interrupted iterations
tail_open_loop   [  28% ] 0002/0300 VUs  2m07.0s/7m30s  03232.29 iters/s

running (2m08.0s), 0003/0300 VUs, 279961 complete and 0 interrupted iterations
tail_open_loop   [  28% ] 0003/0300 VUs  2m08.0s/7m30s  03265.63 iters/s

running (2m09.0s), 0003/0300 VUs, 283244 complete and 0 interrupted iterations
tail_open_loop   [  29% ] 0003/0300 VUs  2m09.0s/7m30s  03298.97 iters/s

running (2m10.0s), 0002/0300 VUs, 286560 complete and 0 interrupted iterations
tail_open_loop   [  29% ] 0001/0300 VUs  2m10.0s/7m30s  03332.29 iters/s

running (2m11.0s), 0000/0300 VUs, 289911 complete and 0 interrupted iterations
tail_open_loop   [  29% ] 0000/0300 VUs  2m11.0s/7m30s  03365.63 iters/s

running (2m12.0s), 0003/0300 VUs, 293290 complete and 0 interrupted iterations
tail_open_loop   [  29% ] 0003/0300 VUs  2m12.0s/7m30s  03398.97 iters/s

running (2m13.0s), 0001/0300 VUs, 296708 complete and 0 interrupted iterations
tail_open_loop   [  30% ] 0001/0300 VUs  2m13.0s/7m30s  03432.30 iters/s

running (2m14.0s), 0000/0300 VUs, 300158 complete and 0 interrupted iterations
tail_open_loop   [  30% ] 0000/0300 VUs  2m14.0s/7m30s  03465.63 iters/s

running (2m15.0s), 0001/0300 VUs, 303639 complete and 0 interrupted iterations
tail_open_loop   [  30% ] 0001/0300 VUs  2m15.0s/7m30s  03498.95 iters/s

running (2m16.0s), 0001/0300 VUs, 307155 complete and 0 interrupted iterations
tail_open_loop   [  30% ] 0001/0300 VUs  2m16.0s/7m30s  03532.30 iters/s

running (2m17.0s), 0001/0300 VUs, 310704 complete and 0 interrupted iterations
tail_open_loop   [  30% ] 0001/0300 VUs  2m17.0s/7m30s  03565.62 iters/s

running (2m18.0s), 0000/0300 VUs, 314287 complete and 0 interrupted iterations
tail_open_loop   [  31% ] 0000/0300 VUs  2m18.0s/7m30s  03598.96 iters/s

running (2m19.0s), 0001/0300 VUs, 317902 complete and 0 interrupted iterations
tail_open_loop   [  31% ] 0001/0300 VUs  2m19.0s/7m30s  03632.30 iters/s

running (2m20.0s), 0001/0300 VUs, 321551 complete and 0 interrupted iterations
tail_open_loop   [  31% ] 0001/0300 VUs  2m20.0s/7m30s  03665.64 iters/s

running (2m21.0s), 0001/0300 VUs, 325233 complete and 0 interrupted iterations
tail_open_loop   [  31% ] 0001/0300 VUs  2m21.0s/7m30s  03698.95 iters/s

running (2m22.0s), 0001/0300 VUs, 328949 complete and 0 interrupted iterations
tail_open_loop   [  32% ] 0001/0300 VUs  2m22.0s/7m30s  03732.30 iters/s

running (2m23.0s), 0001/0300 VUs, 332698 complete and 0 interrupted iterations
tail_open_loop   [  32% ] 0001/0300 VUs  2m23.0s/7m30s  03765.63 iters/s

running (2m24.0s), 0001/0300 VUs, 336480 complete and 0 interrupted iterations
tail_open_loop   [  32% ] 0001/0300 VUs  2m24.0s/7m30s  03798.96 iters/s

running (2m25.0s), 0001/0300 VUs, 340296 complete and 0 interrupted iterations
tail_open_loop   [  32% ] 0001/0300 VUs  2m25.0s/7m30s  03832.30 iters/s

running (2m26.0s), 0002/0300 VUs, 344144 complete and 0 interrupted iterations
tail_open_loop   [  32% ] 0002/0300 VUs  2m26.0s/7m30s  03865.63 iters/s

running (2m27.0s), 0003/0300 VUs, 348025 complete and 0 interrupted iterations
tail_open_loop   [  33% ] 0003/0300 VUs  2m27.0s/7m30s  03898.95 iters/s

running (2m28.0s), 0004/0300 VUs, 351940 complete and 0 interrupted iterations
tail_open_loop   [  33% ] 0004/0300 VUs  2m28.0s/7m30s  03932.30 iters/s

running (2m29.0s), 0003/0300 VUs, 355890 complete and 0 interrupted iterations
tail_open_loop   [  33% ] 0003/0300 VUs  2m29.0s/7m30s  03965.63 iters/s

running (2m30.0s), 0003/0300 VUs, 359872 complete and 0 interrupted iterations
tail_open_loop   [  33% ] 0003/0300 VUs  2m30.0s/7m30s  03998.96 iters/s

running (2m31.0s), 0002/0300 VUs, 363888 complete and 0 interrupted iterations
tail_open_loop   [  34% ] 0002/0300 VUs  2m31.0s/7m30s  04032.29 iters/s

running (2m32.0s), 0002/0300 VUs, 367938 complete and 0 interrupted iterations
tail_open_loop   [  34% ] 0002/0300 VUs  2m32.0s/7m30s  04065.62 iters/s

running (2m33.0s), 0002/0300 VUs, 372020 complete and 0 interrupted iterations
tail_open_loop   [  34% ] 0002/0300 VUs  2m33.0s/7m30s  04098.97 iters/s

running (2m34.0s), 0001/0300 VUs, 376137 complete and 0 interrupted iterations
tail_open_loop   [  34% ] 0001/0300 VUs  2m34.0s/7m30s  04132.30 iters/s

running (2m35.0s), 0001/0300 VUs, 380285 complete and 0 interrupted iterations
tail_open_loop   [  34% ] 0001/0300 VUs  2m35.0s/7m30s  04165.63 iters/s

running (2m36.0s), 0001/0300 VUs, 384468 complete and 0 interrupted iterations
tail_open_loop   [  35% ] 0001/0300 VUs  2m36.0s/7m30s  04198.96 iters/s

running (2m37.0s), 0000/0300 VUs, 388684 complete and 0 interrupted iterations
tail_open_loop   [  35% ] 0000/0300 VUs  2m37.0s/7m30s  04232.28 iters/s

running (2m38.0s), 0000/0300 VUs, 392933 complete and 0 interrupted iterations
tail_open_loop   [  35% ] 0000/0300 VUs  2m38.0s/7m30s  04265.63 iters/s

running (2m39.0s), 0000/0300 VUs, 397215 complete and 0 interrupted iterations
tail_open_loop   [  35% ] 0000/0300 VUs  2m39.0s/7m30s  04298.95 iters/s

running (2m40.0s), 0001/0300 VUs, 401530 complete and 0 interrupted iterations
tail_open_loop   [  36% ] 0001/0300 VUs  2m40.0s/7m30s  04332.29 iters/s

running (2m41.0s), 0001/0300 VUs, 405879 complete and 0 interrupted iterations
tail_open_loop   [  36% ] 0001/0300 VUs  2m41.0s/7m30s  04365.63 iters/s

running (2m42.0s), 0001/0300 VUs, 410261 complete and 0 interrupted iterations
tail_open_loop   [  36% ] 0001/0300 VUs  2m42.0s/7m30s  04398.95 iters/s

running (2m43.0s), 0001/0300 VUs, 414677 complete and 0 interrupted iterations
tail_open_loop   [  36% ] 0001/0300 VUs  2m43.0s/7m30s  04432.29 iters/s

running (2m44.0s), 0029/0300 VUs, 419098 complete and 0 interrupted iterations
tail_open_loop   [  36% ] 0029/0300 VUs  2m44.0s/7m30s  04465.64 iters/s

running (2m45.0s), 0001/0300 VUs, 423608 complete and 0 interrupted iterations
tail_open_loop   [  37% ] 0001/0300 VUs  2m45.0s/7m30s  04498.95 iters/s

running (2m46.0s), 0001/0300 VUs, 428124 complete and 0 interrupted iterations
tail_open_loop   [  37% ] 0001/0300 VUs  2m46.0s/7m30s  04532.29 iters/s

running (2m47.0s), 0003/0300 VUs, 432671 complete and 0 interrupted iterations
tail_open_loop   [  37% ] 0003/0300 VUs  2m47.0s/7m30s  04565.63 iters/s

running (2m48.0s), 0002/0300 VUs, 437254 complete and 0 interrupted iterations
tail_open_loop   [  37% ] 0002/0300 VUs  2m48.0s/7m30s  04598.95 iters/s

running (2m49.0s), 0004/0300 VUs, 441868 complete and 0 interrupted iterations
tail_open_loop   [  38% ] 0004/0300 VUs  2m49.0s/7m30s  04632.29 iters/s

running (2m50.0s), 0006/0300 VUs, 446515 complete and 0 interrupted iterations
tail_open_loop   [  38% ] 0006/0300 VUs  2m50.0s/7m30s  04665.62 iters/s

running (2m51.0s), 0004/0300 VUs, 451199 complete and 0 interrupted iterations
tail_open_loop   [  38% ] 0004/0300 VUs  2m51.0s/7m30s  04698.96 iters/s

running (2m52.0s), 0006/0300 VUs, 455913 complete and 0 interrupted iterations
tail_open_loop   [  38% ] 0006/0300 VUs  2m52.0s/7m30s  04732.29 iters/s

running (2m53.0s), 0005/0300 VUs, 460663 complete and 0 interrupted iterations
tail_open_loop   [  38% ] 0005/0300 VUs  2m53.0s/7m30s  04765.63 iters/s

running (2m54.0s), 0001/0300 VUs, 465448 complete and 0 interrupted iterations
tail_open_loop   [  39% ] 0001/0300 VUs  2m54.0s/7m30s  04798.95 iters/s

running (2m55.0s), 0003/0300 VUs, 470263 complete and 0 interrupted iterations
tail_open_loop   [  39% ] 0003/0300 VUs  2m55.0s/7m30s  04832.30 iters/s

running (2m56.0s), 0006/0300 VUs, 475109 complete and 0 interrupted iterations
tail_open_loop   [  39% ] 0006/0300 VUs  2m56.0s/7m30s  04865.64 iters/s

running (2m57.0s), 0001/0300 VUs, 479996 complete and 0 interrupted iterations
tail_open_loop   [  39% ] 0001/0300 VUs  2m57.0s/7m30s  04898.96 iters/s

running (2m58.0s), 0002/0300 VUs, 484911 complete and 0 interrupted iterations
tail_open_loop   [  40% ] 0002/0300 VUs  2m58.0s/7m30s  04932.28 iters/s

running (2m59.0s), 0001/0300 VUs, 489860 complete and 0 interrupted iterations
tail_open_loop   [  40% ] 0001/0300 VUs  2m59.0s/7m30s  04965.61 iters/s

running (3m00.0s), 0003/0300 VUs, 494841 complete and 0 interrupted iterations
tail_open_loop   [  40% ] 0003/0300 VUs  3m00.0s/7m30s  04998.95 iters/s

running (3m01.0s), 0002/0300 VUs, 499868 complete and 0 interrupted iterations
tail_open_loop   [  40% ] 0002/0300 VUs  3m01.0s/7m30s  05053.82 iters/s

running (3m02.0s), 0003/0300 VUs, 504948 complete and 0 interrupted iterations
tail_open_loop   [  40% ] 0003/0300 VUs  3m02.0s/7m30s  05109.37 iters/s

running (3m03.0s), 0002/0300 VUs, 510087 complete and 0 interrupted iterations
tail_open_loop   [  41% ] 0002/0300 VUs  3m03.0s/7m30s  05164.94 iters/s

running (3m04.0s), 0007/0335 VUs, 515162 complete and 0 interrupted iterations
tail_open_loop   [  41% ] 0007/0335 VUs  3m04.0s/7m30s  05220.49 iters/s

running (3m05.0s), 0002/0335 VUs, 520415 complete and 0 interrupted iterations
tail_open_loop   [  41% ] 0002/0335 VUs  3m05.0s/7m30s  05276.07 iters/s

running (3m06.0s), 0001/0335 VUs, 525719 complete and 0 interrupted iterations
tail_open_loop   [  41% ] 0001/0335 VUs  3m06.0s/7m30s  05331.60 iters/s

running (3m07.0s), 0002/0335 VUs, 531078 complete and 0 interrupted iterations
tail_open_loop   [  42% ] 0002/0335 VUs  3m07.0s/7m30s  05387.18 iters/s

running (3m08.0s), 0005/0335 VUs, 536490 complete and 0 interrupted iterations
tail_open_loop   [  42% ] 0005/0335 VUs  3m08.0s/7m30s  05442.71 iters/s

running (3m09.0s), 0267/0412 VUs, 538325 complete and 0 interrupted iterations
tail_open_loop   [  42% ] 0267/0412 VUs  3m09.0s/7m30s  05498.31 iters/s

running (3m10.0s), 0474/0480 VUs, 543045 complete and 0 interrupted iterations
tail_open_loop   [  42% ] 0474/0480 VUs  3m10.0s/7m30s  05553.74 iters/s

running (3m11.0s), 0115/0567 VUs, 548564 complete and 0 interrupted iterations
tail_open_loop   [  42% ] 0115/0567 VUs  3m11.0s/7m30s  05609.34 iters/s

running (3m12.0s), 0019/0567 VUs, 554299 complete and 0 interrupted iterations
tail_open_loop   [  43% ] 0019/0567 VUs  3m12.0s/7m30s  05664.92 iters/s

running (3m13.0s), 0005/0579 VUs, 559825 complete and 0 interrupted iterations
tail_open_loop   [  43% ] 0005/0579 VUs  3m13.0s/7m30s  05720.50 iters/s

running (3m14.0s), 0003/0579 VUs, 565575 complete and 0 interrupted iterations
tail_open_loop   [  43% ] 0003/0579 VUs  3m14.0s/7m30s  05776.07 iters/s

running (3m15.0s), 0007/0579 VUs, 571375 complete and 0 interrupted iterations
tail_open_loop   [  43% ] 0007/0579 VUs  3m15.0s/7m30s  05831.62 iters/s

running (3m16.0s), 0004/0579 VUs, 577237 complete and 0 interrupted iterations
tail_open_loop   [  44% ] 0004/0579 VUs  3m16.0s/7m30s  05887.17 iters/s

running (3m17.0s), 0021/0579 VUs, 583135 complete and 0 interrupted iterations
tail_open_loop   [  44% ] 0021/0579 VUs  3m17.0s/7m30s  05942.72 iters/s

running (3m18.0s), 0002/0596 VUs, 588970 complete and 0 interrupted iterations
tail_open_loop   [  44% ] 0002/0596 VUs  3m18.0s/7m30s  05998.26 iters/s

running (3m19.0s), 0005/0596 VUs, 594992 complete and 0 interrupted iterations
tail_open_loop   [  44% ] 0005/0596 VUs  3m19.0s/7m30s  06053.82 iters/s

running (3m20.0s), 0002/0596 VUs, 601077 complete and 0 interrupted iterations
tail_open_loop   [  44% ] 0002/0596 VUs  3m20.0s/7m30s  06109.41 iters/s

running (3m21.0s), 0002/0596 VUs, 607214 complete and 0 interrupted iterations
tail_open_loop   [  45% ] 0002/0596 VUs  3m21.0s/7m30s  06164.96 iters/s

running (3m22.0s), 0837/0838 VUs, 610476 complete and 0 interrupted iterations
tail_open_loop   [  45% ] 0837/0838 VUs  3m22.0s/7m30s  06220.45 iters/s

running (3m23.0s), 0934/0936 VUs, 615703 complete and 0 interrupted iterations
tail_open_loop   [  45% ] 0934/0936 VUs  3m23.0s/7m30s  06276.05 iters/s

running (3m24.0s), 1108/1112 VUs, 619952 complete and 0 interrupted iterations
tail_open_loop   [  45% ] 1108/1112 VUs  3m24.0s/7m30s  06331.64 iters/s

running (3m25.0s), 1244/1244 VUs, 624472 complete and 0 interrupted iterations
tail_open_loop   [  46% ] 1244/1244 VUs  3m25.0s/7m30s  06387.33 iters/s

running (3m26.0s), 0006/1258 VUs, 632026 complete and 0 interrupted iterations
tail_open_loop   [  46% ] 0006/1258 VUs  3m26.0s/7m30s  06442.72 iters/s

running (3m27.0s), 0002/1258 VUs, 638501 complete and 0 interrupted iterations
tail_open_loop   [  46% ] 0002/1258 VUs  3m27.0s/7m30s  06498.27 iters/s

running (3m28.0s), 0007/1258 VUs, 645024 complete and 0 interrupted iterations
tail_open_loop   [  46% ] 0007/1258 VUs  3m28.0s/7m30s  06553.85 iters/s

running (3m29.0s), 0006/1258 VUs, 651605 complete and 0 interrupted iterations
tail_open_loop   [  46% ] 0006/1258 VUs  3m29.0s/7m30s  06609.39 iters/s

running (3m30.0s), 0005/1258 VUs, 658243 complete and 0 interrupted iterations
tail_open_loop   [  47% ] 0005/1258 VUs  3m30.0s/7m30s  06664.93 iters/s

running (3m31.0s), 0005/1258 VUs, 664935 complete and 0 interrupted iterations
tail_open_loop   [  47% ] 0005/1258 VUs  3m31.0s/7m30s  06720.52 iters/s

running (3m32.0s), 0108/1258 VUs, 671581 complete and 0 interrupted iterations
tail_open_loop   [  47% ] 0108/1258 VUs  3m32.0s/7m30s  06776.03 iters/s

running (3m33.0s), 0020/1258 VUs, 678473 complete and 0 interrupted iterations
tail_open_loop   [  47% ] 0020/1258 VUs  3m33.0s/7m30s  06831.58 iters/s

running (3m34.0s), 0020/1258 VUs, 685332 complete and 0 interrupted iterations
tail_open_loop   [  48% ] 0020/1258 VUs  3m34.0s/7m30s  06887.15 iters/s

running (3m35.0s), 0005/1258 VUs, 692262 complete and 0 interrupted iterations
tail_open_loop   [  48% ] 0005/1258 VUs  3m35.0s/7m30s  06942.71 iters/s

running (3m36.0s), 0021/1258 VUs, 699216 complete and 0 interrupted iterations
tail_open_loop   [  48% ] 0021/1258 VUs  3m36.0s/7m30s  06998.24 iters/s

running (3m37.0s), 0003/1258 VUs, 706260 complete and 0 interrupted iterations
tail_open_loop   [  48% ] 0003/1258 VUs  3m37.0s/7m30s  07053.83 iters/s

running (3m38.0s), 0013/1258 VUs, 713334 complete and 0 interrupted iterations
tail_open_loop   [  48% ] 0013/1258 VUs  3m38.0s/7m30s  07109.39 iters/s

running (3m39.0s), 0006/1258 VUs, 720476 complete and 0 interrupted iterations
tail_open_loop   [  49% ] 0006/1258 VUs  3m39.0s/7m30s  07164.97 iters/s

running (3m40.0s), 0021/1258 VUs, 727656 complete and 0 interrupted iterations
tail_open_loop   [  49% ] 0021/1258 VUs  3m40.0s/7m30s  07220.53 iters/s

running (3m41.0s), 0004/1258 VUs, 734919 complete and 0 interrupted iterations
tail_open_loop   [  49% ] 0004/1258 VUs  3m41.0s/7m30s  07276.01 iters/s

running (3m42.0s), 0002/1258 VUs, 742225 complete and 0 interrupted iterations
tail_open_loop   [  49% ] 0002/1258 VUs  3m42.0s/7m30s  07331.59 iters/s

running (3m43.0s), 0005/1258 VUs, 749581 complete and 0 interrupted iterations
tail_open_loop   [  50% ] 0006/1258 VUs  3m43.0s/7m30s  07387.16 iters/s

running (3m44.0s), 0060/1258 VUs, 756942 complete and 0 interrupted iterations
tail_open_loop   [  50% ] 0060/1258 VUs  3m44.0s/7m30s  07442.69 iters/s

running (3m45.0s), 0005/1258 VUs, 764467 complete and 0 interrupted iterations
tail_open_loop   [  50% ] 0005/1258 VUs  3m45.0s/7m30s  07498.28 iters/s

running (3m46.0s), 0005/1258 VUs, 771993 complete and 0 interrupted iterations
tail_open_loop   [  50% ] 0005/1258 VUs  3m46.0s/7m30s  07553.84 iters/s

running (3m47.0s), 0003/1258 VUs, 779576 complete and 0 interrupted iterations
tail_open_loop   [  50% ] 0003/1258 VUs  3m47.0s/7m30s  07609.37 iters/s

running (3m48.0s), 0008/1258 VUs, 787209 complete and 0 interrupted iterations
tail_open_loop   [  51% ] 0008/1258 VUs  3m48.0s/7m30s  07664.95 iters/s

running (3m49.0s), 0008/1258 VUs, 794901 complete and 0 interrupted iterations
tail_open_loop   [  51% ] 0008/1258 VUs  3m49.0s/7m30s  07720.52 iters/s

running (3m50.0s), 0007/1258 VUs, 802651 complete and 0 interrupted iterations
tail_open_loop   [  51% ] 0007/1258 VUs  3m50.0s/7m30s  07776.05 iters/s

running (3m51.0s), 0010/1258 VUs, 810451 complete and 0 interrupted iterations
tail_open_loop   [  51% ] 0010/1258 VUs  3m51.0s/7m30s  07831.59 iters/s

running (3m52.0s), 0011/1258 VUs, 818309 complete and 0 interrupted iterations
tail_open_loop   [  52% ] 0012/1258 VUs  3m52.0s/7m30s  07887.18 iters/s

running (3m53.0s), 0008/1258 VUs, 826229 complete and 0 interrupted iterations
tail_open_loop   [  52% ] 0008/1258 VUs  3m53.0s/7m30s  07942.75 iters/s

running (3m54.0s), 0018/1258 VUs, 834188 complete and 0 interrupted iterations
tail_open_loop   [  52% ] 0018/1258 VUs  3m54.0s/7m30s  07998.27 iters/s

running (3m55.0s), 0008/1258 VUs, 842224 complete and 0 interrupted iterations
tail_open_loop   [  52% ] 0009/1258 VUs  3m55.0s/7m30s  08053.80 iters/s

running (3m56.0s), 0007/1258 VUs, 850307 complete and 0 interrupted iterations
tail_open_loop   [  52% ] 0007/1258 VUs  3m56.0s/7m30s  08109.38 iters/s

running (3m57.0s), 0021/1258 VUs, 858430 complete and 0 interrupted iterations
tail_open_loop   [  53% ] 0021/1258 VUs  3m57.0s/7m30s  08164.93 iters/s

running (3m58.0s), 0022/1258 VUs, 866622 complete and 0 interrupted iterations
tail_open_loop   [  53% ] 0022/1258 VUs  3m58.0s/7m30s  08220.51 iters/s

running (3m59.0s), 0004/1258 VUs, 874888 complete and 0 interrupted iterations
tail_open_loop   [  53% ] 0004/1258 VUs  3m59.0s/7m30s  08276.02 iters/s

running (4m00.0s), 0011/1258 VUs, 883185 complete and 0 interrupted iterations
tail_open_loop   [  53% ] 0011/1258 VUs  4m00.0s/7m30s  08331.60 iters/s

running (4m01.0s), 0004/1258 VUs, 891551 complete and 0 interrupted iterations
tail_open_loop   [  54% ] 0004/1258 VUs  4m01.0s/7m30s  08387.15 iters/s

running (4m02.0s), 0004/1258 VUs, 899966 complete and 0 interrupted iterations
tail_open_loop   [  54% ] 0004/1258 VUs  4m02.0s/7m30s  08442.74 iters/s

running (4m03.0s), 0004/1258 VUs, 908436 complete and 0 interrupted iterations
tail_open_loop   [  54% ] 0004/1258 VUs  4m03.0s/7m30s  08498.27 iters/s

running (4m04.0s), 0003/1258 VUs, 916964 complete and 0 interrupted iterations
tail_open_loop   [  54% ] 0003/1258 VUs  4m04.0s/7m30s  08553.81 iters/s

running (4m05.0s), 0005/1258 VUs, 925544 complete and 0 interrupted iterations
tail_open_loop   [  54% ] 0005/1258 VUs  4m05.0s/7m30s  08609.41 iters/s

running (4m06.0s), 0096/1258 VUs, 934089 complete and 0 interrupted iterations
tail_open_loop   [  55% ] 0096/1258 VUs  4m06.0s/7m30s  08664.91 iters/s

running (4m07.0s), 0006/1258 VUs, 942872 complete and 0 interrupted iterations
tail_open_loop   [  55% ] 0006/1258 VUs  4m07.0s/7m30s  08720.52 iters/s

running (4m08.0s), 0956/1292 VUs, 950509 complete and 0 interrupted iterations
tail_open_loop   [  55% ] 0956/1292 VUs  4m08.0s/7m30s  08776.09 iters/s

running (4m09.0s), 0005/1333 VUs, 960016 complete and 0 interrupted iterations
tail_open_loop   [  55% ] 0005/1333 VUs  4m09.0s/7m30s  08831.58 iters/s

running (4m10.0s), 0012/1333 VUs, 968870 complete and 0 interrupted iterations
tail_open_loop   [  56% ] 0012/1333 VUs  4m10.0s/7m30s  08887.23 iters/s

running (4m11.0s), 0018/1333 VUs, 977778 complete and 0 interrupted iterations
tail_open_loop   [  56% ] 0018/1333 VUs  4m11.0s/7m30s  08942.70 iters/s

running (4m12.0s), 0250/1333 VUs, 986516 complete and 0 interrupted iterations
tail_open_loop   [  56% ] 0250/1333 VUs  4m12.0s/7m30s  08998.31 iters/s

running (4m13.0s), 0008/1333 VUs, 995784 complete and 0 interrupted iterations
tail_open_loop   [  56% ] 0008/1333 VUs  4m13.0s/7m30s  09053.87 iters/s

running (4m14.0s), 0013/1333 VUs, 1004860 complete and 0 interrupted iterations
tail_open_loop   [  56% ] 0013/1333 VUs  4m14.0s/7m30s  09109.38 iters/s

running (4m15.0s), 0017/1333 VUs, 1013995 complete and 0 interrupted iterations
tail_open_loop   [  57% ] 0017/1333 VUs  4m15.0s/7m30s  09164.98 iters/s

running (4m16.0s), 0023/1333 VUs, 1023180 complete and 0 interrupted iterations
tail_open_loop   [  57% ] 0023/1333 VUs  4m16.0s/7m30s  09220.50 iters/s

running (4m17.0s), 0008/1333 VUs, 1032444 complete and 0 interrupted iterations
tail_open_loop   [  57% ] 0008/1333 VUs  4m17.0s/7m30s  09276.01 iters/s

running (4m18.0s), 0034/1333 VUs, 1041721 complete and 0 interrupted iterations
tail_open_loop   [  57% ] 0034/1333 VUs  4m18.0s/7m30s  09331.67 iters/s

running (4m19.0s), 0004/1344 VUs, 1050951 complete and 0 interrupted iterations
tail_open_loop   [  58% ] 0004/1344 VUs  4m19.0s/7m30s  09387.20 iters/s

running (4m20.0s), 0008/1344 VUs, 1060362 complete and 0 interrupted iterations
tail_open_loop   [  58% ] 0008/1344 VUs  4m20.0s/7m30s  09442.69 iters/s

running (4m21.0s), 0007/1344 VUs, 1069834 complete and 0 interrupted iterations
tail_open_loop   [  58% ] 0007/1344 VUs  4m21.0s/7m30s  09498.30 iters/s

running (4m22.0s), 0004/1344 VUs, 1079362 complete and 0 interrupted iterations
tail_open_loop   [  58% ] 0004/1344 VUs  4m22.0s/7m30s  09553.84 iters/s

running (4m23.0s), 0005/1344 VUs, 1088943 complete and 0 interrupted iterations
tail_open_loop   [  58% ] 0005/1344 VUs  4m23.0s/7m30s  09609.38 iters/s

running (4m24.0s), 0005/1344 VUs, 1098580 complete and 0 interrupted iterations
tail_open_loop   [  59% ] 0004/1344 VUs  4m24.0s/7m30s  09664.92 iters/s

running (4m25.0s), 0003/1344 VUs, 1108275 complete and 0 interrupted iterations
tail_open_loop   [  59% ] 0003/1344 VUs  4m25.0s/7m30s  09720.44 iters/s

running (4m26.0s), 0004/1344 VUs, 1118022 complete and 0 interrupted iterations
tail_open_loop   [  59% ] 0004/1344 VUs  4m26.0s/7m30s  09776.03 iters/s

running (4m27.0s), 0034/1344 VUs, 1127796 complete and 0 interrupted iterations
tail_open_loop   [  59% ] 0034/1344 VUs  4m27.0s/7m30s  09831.68 iters/s

running (4m28.0s), 0856/1344 VUs, 1136832 complete and 0 interrupted iterations
tail_open_loop   [  60% ] 0856/1344 VUs  4m28.0s/7m30s  09887.19 iters/s

running (4m29.0s), 0006/1344 VUs, 1147598 complete and 0 interrupted iterations
tail_open_loop   [  60% ] 0006/1344 VUs  4m29.0s/7m30s  09942.73 iters/s

running (4m30.0s), 0011/1344 VUs, 1157563 complete and 0 interrupted iterations
tail_open_loop   [  60% ] 0011/1344 VUs  4m30.0s/7m30s  09998.30 iters/s

running (4m31.0s), 0009/1344 VUs, 1167594 complete and 0 interrupted iterations
tail_open_loop   [  60% ] 0009/1344 VUs  4m31.0s/7m30s  10053.89 iters/s

running (4m32.0s), 0365/1344 VUs, 1177317 complete and 0 interrupted iterations
tail_open_loop   [  60% ] 0365/1344 VUs  4m32.0s/7m30s  10109.38 iters/s

running (4m33.0s), 0011/1344 VUs, 1187809 complete and 0 interrupted iterations
tail_open_loop   [  61% ] 0011/1344 VUs  4m33.0s/7m30s  10164.98 iters/s

running (4m34.0s), 0022/1344 VUs, 1197996 complete and 0 interrupted iterations
tail_open_loop   [  61% ] 0022/1344 VUs  4m34.0s/7m30s  10220.56 iters/s

running (4m35.0s), 0009/1344 VUs, 1208251 complete and 0 interrupted iterations
tail_open_loop   [  61% ] 0009/1344 VUs  4m35.0s/7m30s  10276.12 iters/s

running (4m36.0s), 0158/1344 VUs, 1218406 complete and 0 interrupted iterations
tail_open_loop   [  61% ] 0158/1344 VUs  4m36.0s/7m30s  10331.65 iters/s

running (4m37.0s), 0017/1419 VUs, 1227988 complete and 0 interrupted iterations
tail_open_loop   [  62% ] 0017/1419 VUs  4m37.0s/7m30s  10387.24 iters/s

running (4m38.0s), 0306/1509 VUs, 1236706 complete and 0 interrupted iterations
tail_open_loop   [  62% ] 0305/1509 VUs  4m38.0s/7m30s  10442.77 iters/s

running (4m39.0s), 1323/1606 VUs, 1245648 complete and 0 interrupted iterations
tail_open_loop   [  62% ] 1323/1606 VUs  4m39.0s/7m30s  10498.25 iters/s

running (4m40.0s), 2083/2084 VUs, 1249814 complete and 0 interrupted iterations
tail_open_loop   [  62% ] 2083/2084 VUs  4m40.0s/7m30s  10553.76 iters/s

running (4m41.0s), 2263/2263 VUs, 1258820 complete and 0 interrupted iterations
tail_open_loop   [  62% ] 2263/2263 VUs  4m41.0s/7m30s  10609.40 iters/s

running (4m42.0s), 1115/2293 VUs, 1270446 complete and 0 interrupted iterations
tail_open_loop   [  63% ] 1115/2293 VUs  4m42.0s/7m30s  10664.96 iters/s

running (4m43.0s), 0005/2293 VUs, 1282250 complete and 0 interrupted iterations
tail_open_loop   [  63% ] 0005/2293 VUs  4m43.0s/7m30s  10720.41 iters/s

running (4m44.0s), 1573/2293 VUs, 1291431 complete and 0 interrupted iterations
tail_open_loop   [  63% ] 1573/2293 VUs  4m44.0s/7m30s  10776.09 iters/s

running (4m45.0s), 1121/2395 VUs, 1301950 complete and 0 interrupted iterations
tail_open_loop   [  63% ] 1121/2395 VUs  4m45.0s/7m30s  10831.65 iters/s

running (4m46.0s), 0006/2395 VUs, 1313925 complete and 0 interrupted iterations
tail_open_loop   [  64% ] 0006/2395 VUs  4m46.0s/7m30s  10887.08 iters/s

running (4m47.0s), 0007/2395 VUs, 1324839 complete and 0 interrupted iterations
tail_open_loop   [  64% ] 0007/2395 VUs  4m47.0s/7m30s  10942.71 iters/s

running (4m48.0s), 0006/2395 VUs, 1335810 complete and 0 interrupted iterations
tail_open_loop   [  64% ] 0006/2395 VUs  4m48.0s/7m30s  10998.20 iters/s

running (4m49.0s), 0009/2395 VUs, 1346834 complete and 0 interrupted iterations
tail_open_loop   [  64% ] 0009/2395 VUs  4m49.0s/7m30s  11053.88 iters/s

running (4m50.0s), 0014/2395 VUs, 1357912 complete and 0 interrupted iterations
tail_open_loop   [  64% ] 0014/2395 VUs  4m50.0s/7m30s  11109.38 iters/s

running (4m51.0s), 0007/2395 VUs, 1369053 complete and 0 interrupted iterations
tail_open_loop   [  65% ] 0007/2395 VUs  4m51.0s/7m30s  11164.95 iters/s

running (4m52.0s), 0017/2395 VUs, 1380235 complete and 0 interrupted iterations
tail_open_loop   [  65% ] 0017/2395 VUs  4m52.0s/7m30s  11220.45 iters/s

running (4m53.0s), 0011/2395 VUs, 1391493 complete and 0 interrupted iterations
tail_open_loop   [  65% ] 0011/2395 VUs  4m53.0s/7m30s  11275.99 iters/s

running (4m54.0s), 0011/2395 VUs, 1402795 complete and 0 interrupted iterations
tail_open_loop   [  65% ] 0011/2395 VUs  4m54.0s/7m30s  11331.57 iters/s

running (4m55.0s), 0021/2395 VUs, 1414145 complete and 0 interrupted iterations
tail_open_loop   [  66% ] 0021/2395 VUs  4m55.0s/7m30s  11387.19 iters/s

running (4m56.0s), 0290/2395 VUs, 1425291 complete and 0 interrupted iterations
tail_open_loop   [  66% ] 0290/2395 VUs  4m56.0s/7m30s  11442.69 iters/s

running (4m57.0s), 1272/2412 VUs, 1435239 complete and 0 interrupted iterations
tail_open_loop   [  66% ] 1272/2412 VUs  4m57.0s/7m30s  11498.22 iters/s

running (4m58.0s), 0635/2412 VUs, 1447402 complete and 0 interrupted iterations
tail_open_loop   [  66% ] 0635/2412 VUs  4m58.0s/7m30s  11553.75 iters/s

running (4m59.0s), 0007/2412 VUs, 1459612 complete and 0 interrupted iterations
tail_open_loop   [  66% ] 0007/2412 VUs  4m59.0s/7m30s  11609.28 iters/s

running (5m00.0s), 0032/2412 VUs, 1471223 complete and 0 interrupted iterations
tail_open_loop   [  67% ] 0032/2412 VUs  5m00.0s/7m30s  11664.94 iters/s

running (5m01.0s), 1949/2412 VUs, 1481005 complete and 0 interrupted iterations
tail_open_loop   [  67% ] 1949/2412 VUs  5m01.0s/7m30s  11720.58 iters/s

running (5m02.0s), 0561/2412 VUs, 1494134 complete and 0 interrupted iterations
tail_open_loop   [  67% ] 0561/2412 VUs  5m02.0s/7m30s  11775.93 iters/s

running (5m03.0s), 1998/2779 VUs, 1502097 complete and 0 interrupted iterations
tail_open_loop   [  67% ] 1998/2779 VUs  5m03.0s/7m30s  11831.66 iters/s

running (5m04.0s), 2713/2882 VUs, 1512418 complete and 0 interrupted iterations
tail_open_loop   [  68% ] 2713/2882 VUs  5m04.0s/7m30s  11887.21 iters/s

running (5m05.0s), 2164/3000 VUs, 1523812 complete and 0 interrupted iterations
tail_open_loop   [  68% ] 2164/3000 VUs  5m05.0s/7m30s  11942.72 iters/s

running (5m06.0s), 2814/3000 VUs, 1533454 complete and 0 interrupted iterations
tail_open_loop   [  68% ] 2814/3000 VUs  5m06.0s/7m30s  11998.18 iters/s

running (5m07.0s), 0006/3000 VUs, 1547594 complete and 0 interrupted iterations
tail_open_loop   [  68% ] 0006/3000 VUs  5m07.0s/7m30s  12053.71 iters/s

running (5m08.0s), 0104/3000 VUs, 1559577 complete and 0 interrupted iterations
tail_open_loop   [  68% ] 0104/3000 VUs  5m08.0s/7m30s  12109.32 iters/s

running (5m09.0s), 0008/3000 VUs, 1571814 complete and 0 interrupted iterations
tail_open_loop   [  69% ] 0008/3000 VUs  5m09.0s/7m30s  12165.01 iters/s

running (5m10.0s), 0014/3000 VUs, 1583998 complete and 0 interrupted iterations
tail_open_loop   [  69% ] 0014/3000 VUs  5m10.0s/7m30s  12220.61 iters/s

running (5m11.0s), 1005/3000 VUs, 1595241 complete and 0 interrupted iterations
tail_open_loop   [  69% ] 1007/3000 VUs  5m11.0s/7m30s  12276.11 iters/s

running (5m12.0s), 2429/3000 VUs, 1606136 complete and 0 interrupted iterations
tail_open_loop   [  69% ] 2429/3000 VUs  5m12.0s/7m30s  12331.67 iters/s

running (5m13.0s), 0011/3000 VUs, 1620836 complete and 0 interrupted iterations
tail_open_loop   [  70% ] 0011/3000 VUs  5m13.0s/7m30s  12387.12 iters/s

running (5m14.0s), 0016/3000 VUs, 1633245 complete and 0 interrupted iterations
tail_open_loop   [  70% ] 0016/3000 VUs  5m14.0s/7m30s  12442.76 iters/s

running (5m15.0s), 2765/3000 VUs, 1642966 complete and 0 interrupted iterations
tail_open_loop   [  70% ] 2765/3000 VUs  5m15.0s/7m30s  12498.28 iters/s

running (5m16.0s), 3000/3000 VUs, 1652456 complete and 0 interrupted iterations
tail_open_loop   [  70% ] 3000/3000 VUs  5m16.0s/7m30s  12553.51 iters/s

running (5m17.0s), 1323/3000 VUs, 1664520 complete and 0 interrupted iterations
tail_open_loop   [  70% ] 1323/3000 VUs  5m17.0s/7m30s  12609.39 iters/s

running (5m18.0s), 0016/3000 VUs, 1678462 complete and 0 interrupted iterations
tail_open_loop   [  71% ] 0016/3000 VUs  5m18.0s/7m30s  12664.96 iters/s

running (5m19.0s), 0944/3000 VUs, 1690229 complete and 0 interrupted iterations
tail_open_loop   [  71% ] 0944/3000 VUs  5m19.0s/7m30s  12720.38 iters/s

running (5m20.0s), 1727/3000 VUs, 1702193 complete and 0 interrupted iterations
tail_open_loop   [  71% ] 1727/3000 VUs  5m20.0s/7m30s  12776.12 iters/s

running (5m21.0s), 2996/3000 VUs, 1711956 complete and 0 interrupted iterations
tail_open_loop   [  71% ] 2996/3000 VUs  5m21.0s/7m30s  12831.53 iters/s

running (5m22.0s), 1232/3000 VUs, 1726234 complete and 0 interrupted iterations
tail_open_loop   [  72% ] 1232/3000 VUs  5m22.0s/7m30s  12887.26 iters/s

running (5m23.0s), 0006/3000 VUs, 1740374 complete and 0 interrupted iterations
tail_open_loop   [  72% ] 0006/3000 VUs  5m23.0s/7m30s  12942.81 iters/s

running (5m24.0s), 2986/3000 VUs, 1748354 complete and 0 interrupted iterations
tail_open_loop   [  72% ] 2986/3000 VUs  5m24.0s/7m30s  12998.32 iters/s

running (5m25.0s), 2933/3000 VUs, 1759177 complete and 0 interrupted iterations
tail_open_loop   [  72% ] 2933/3000 VUs  5m25.0s/7m30s  13053.81 iters/s

running (5m26.0s), 2961/3000 VUs, 1770497 complete and 0 interrupted iterations
tail_open_loop   [  72% ] 2961/3000 VUs  5m26.0s/7m30s  13109.42 iters/s

running (5m27.0s), 1431/3000 VUs, 1783086 complete and 0 interrupted iterations
tail_open_loop   [  73% ] 1431/3000 VUs  5m27.0s/7m30s  13165.00 iters/s

running (5m28.0s), 2988/3000 VUs, 1791817 complete and 0 interrupted iterations
tail_open_loop   [  73% ] 2988/3000 VUs  5m28.0s/7m30s  13220.52 iters/s

running (5m29.0s), 2326/3000 VUs, 1799420 complete and 0 interrupted iterations
tail_open_loop   [  73% ] 2326/3000 VUs  5m29.0s/7m30s  13275.98 iters/s

running (5m30.0s), 2933/3000 VUs, 1810592 complete and 0 interrupted iterations
tail_open_loop   [  73% ] 2933/3000 VUs  5m30.0s/7m30s  13331.56 iters/s

running (5m31.0s), 3000/3000 VUs, 1819709 complete and 0 interrupted iterations
tail_open_loop   [  74% ] 3000/3000 VUs  5m31.0s/7m30s  13387.24 iters/s

running (5m32.0s), 3000/3000 VUs, 1827249 complete and 0 interrupted iterations
tail_open_loop   [  74% ] 3000/3000 VUs  5m32.0s/7m30s  13442.85 iters/s

running (5m33.0s), 2999/3000 VUs, 1835782 complete and 0 interrupted iterations
tail_open_loop   [  74% ] 3000/3000 VUs  5m33.0s/7m30s  13498.37 iters/s

running (5m34.0s), 3000/3000 VUs, 1847597 complete and 0 interrupted iterations
tail_open_loop   [  74% ] 3000/3000 VUs  5m34.0s/7m30s  13553.81 iters/s

running (5m35.0s), 3000/3000 VUs, 1856668 complete and 0 interrupted iterations
tail_open_loop   [  74% ] 3000/3000 VUs  5m35.0s/7m30s  13609.33 iters/s

running (5m36.0s), 2996/3000 VUs, 1864671 complete and 0 interrupted iterations
tail_open_loop   [  75% ] 2996/3000 VUs  5m36.0s/7m30s  13664.94 iters/s

running (5m37.0s), 2999/3000 VUs, 1872721 complete and 0 interrupted iterations
tail_open_loop   [  75% ] 2999/3000 VUs  5m37.0s/7m30s  13720.62 iters/s

running (5m38.0s), 2587/3000 VUs, 1884490 complete and 0 interrupted iterations
tail_open_loop   [  75% ] 2587/3000 VUs  5m38.0s/7m30s  13776.00 iters/s

running (5m39.0s), 2940/3000 VUs, 1894972 complete and 0 interrupted iterations
tail_open_loop   [  75% ] 2940/3000 VUs  5m39.0s/7m30s  13831.45 iters/s

running (5m40.0s), 3000/3000 VUs, 1905581 complete and 0 interrupted iterations
tail_open_loop   [  76% ] 3000/3000 VUs  5m40.0s/7m30s  13887.15 iters/s

running (5m41.0s), 3000/3000 VUs, 1914940 complete and 0 interrupted iterations
tail_open_loop   [  76% ] 3000/3000 VUs  5m41.0s/7m30s  13942.72 iters/s

running (5m42.0s), 3000/3000 VUs, 1926191 complete and 0 interrupted iterations
tail_open_loop   [  76% ] 3000/3000 VUs  5m42.0s/7m30s  13997.76 iters/s

running (5m43.0s), 2998/3000 VUs, 1935577 complete and 0 interrupted iterations
tail_open_loop   [  76% ] 2998/3000 VUs  5m43.0s/7m30s  14053.83 iters/s

running (5m44.0s), 2437/3000 VUs, 1943641 complete and 0 interrupted iterations
tail_open_loop   [  76% ] 2437/3000 VUs  5m44.0s/7m30s  14109.35 iters/s

running (5m45.0s), 2994/3000 VUs, 1956198 complete and 0 interrupted iterations
tail_open_loop   [  77% ] 2994/3000 VUs  5m45.0s/7m30s  14164.91 iters/s

running (5m46.0s), 2578/3000 VUs, 1963975 complete and 0 interrupted iterations
tail_open_loop   [  77% ] 2578/3000 VUs  5m46.0s/7m30s  14220.50 iters/s

running (5m47.0s), 2989/3000 VUs, 1976274 complete and 0 interrupted iterations
tail_open_loop   [  77% ] 2988/3000 VUs  5m47.0s/7m30s  14275.93 iters/s

running (5m48.0s), 2961/3000 VUs, 1986677 complete and 0 interrupted iterations
tail_open_loop   [  77% ] 2961/3000 VUs  5m48.0s/7m30s  14331.58 iters/s

running (5m49.0s), 3000/3000 VUs, 1998468 complete and 0 interrupted iterations
tail_open_loop   [  78% ] 3000/3000 VUs  5m49.0s/7m30s  14387.25 iters/s

running (5m50.0s), 2391/3000 VUs, 2009145 complete and 0 interrupted iterations
tail_open_loop   [  78% ] 2391/3000 VUs  5m50.0s/7m30s  14442.73 iters/s

running (5m51.0s), 2806/3000 VUs, 2021390 complete and 0 interrupted iterations
tail_open_loop   [  78% ] 2806/3000 VUs  5m51.0s/7m30s  14498.22 iters/s

running (5m52.0s), 3000/3000 VUs, 2032900 complete and 0 interrupted iterations
tail_open_loop   [  78% ] 3000/3000 VUs  5m52.0s/7m30s  14553.50 iters/s

running (5m53.0s), 2791/3000 VUs, 2045269 complete and 0 interrupted iterations
tail_open_loop   [  78% ] 2791/3000 VUs  5m53.0s/7m30s  14609.42 iters/s

running (5m54.0s), 3000/3000 VUs, 2058502 complete and 0 interrupted iterations
tail_open_loop   [  79% ] 3000/3000 VUs  5m54.0s/7m30s  14664.91 iters/s

running (5m55.0s), 2996/3000 VUs, 2065652 complete and 0 interrupted iterations
tail_open_loop   [  79% ] 2996/3000 VUs  5m55.0s/7m30s  14720.39 iters/s

running (5m56.0s), 2999/3000 VUs, 2078179 complete and 0 interrupted iterations
tail_open_loop   [  79% ] 2999/3000 VUs  5m56.0s/7m30s  14776.07 iters/s

running (5m57.0s), 2843/3000 VUs, 2089186 complete and 0 interrupted iterations
tail_open_loop   [  79% ] 2843/3000 VUs  5m57.0s/7m30s  14831.73 iters/s

running (5m58.0s), 2958/3000 VUs, 2101457 complete and 0 interrupted iterations
tail_open_loop   [  80% ] 2959/3000 VUs  5m58.0s/7m30s  14887.16 iters/s

running (5m59.0s), 2558/3000 VUs, 2113395 complete and 0 interrupted iterations
tail_open_loop   [  80% ] 2558/3000 VUs  5m59.0s/7m30s  14942.77 iters/s

running (6m00.0s), 3000/3000 VUs, 2124298 complete and 0 interrupted iterations
tail_open_loop   [  80% ] 3000/3000 VUs  6m00.0s/7m30s  14998.35 iters/s

running (6m01.0s), 2601/3000 VUs, 2138325 complete and 0 interrupted iterations
tail_open_loop   [  80% ] 2601/3000 VUs  6m01.0s/7m30s  15053.89 iters/s

running (6m02.0s), 2829/3000 VUs, 2153115 complete and 0 interrupted iterations
tail_open_loop   [  80% ] 2828/3000 VUs  6m02.0s/7m30s  15109.39 iters/s

running (6m03.0s), 2986/3000 VUs, 2166970 complete and 0 interrupted iterations
tail_open_loop   [  81% ] 2985/3000 VUs  6m03.0s/7m30s  15165.07 iters/s

running (6m04.0s), 3000/3000 VUs, 2178930 complete and 0 interrupted iterations
tail_open_loop   [  81% ] 3000/3000 VUs  6m04.0s/7m30s  15221.40 iters/s

running (6m05.0s), 2567/3000 VUs, 2193842 complete and 0 interrupted iterations
tail_open_loop   [  81% ] 2567/3000 VUs  6m05.0s/7m30s  15276.04 iters/s

running (6m06.0s), 2794/3000 VUs, 2207921 complete and 0 interrupted iterations
tail_open_loop   [  81% ] 2794/3000 VUs  6m06.0s/7m30s  15331.78 iters/s

running (6m07.0s), 2990/3000 VUs, 2219908 complete and 0 interrupted iterations
tail_open_loop   [  82% ] 2990/3000 VUs  6m07.0s/7m30s  15386.98 iters/s

running (6m08.0s), 3000/3000 VUs, 2230670 complete and 0 interrupted iterations
tail_open_loop   [  82% ] 3000/3000 VUs  6m08.0s/7m30s  15442.82 iters/s

running (6m09.0s), 2854/3000 VUs, 2241024 complete and 0 interrupted iterations
tail_open_loop   [  82% ] 2854/3000 VUs  6m09.0s/7m30s  15498.11 iters/s

running (6m10.0s), 2547/3000 VUs, 2254165 complete and 0 interrupted iterations
tail_open_loop   [  82% ] 2547/3000 VUs  6m10.0s/7m30s  15553.79 iters/s

running (6m11.0s), 3000/3000 VUs, 2268651 complete and 0 interrupted iterations
tail_open_loop   [  82% ] 3000/3000 VUs  6m11.0s/7m30s  15609.39 iters/s

running (6m12.0s), 2754/3000 VUs, 2280448 complete and 0 interrupted iterations
tail_open_loop   [  83% ] 2753/3000 VUs  6m12.0s/7m30s  15665.14 iters/s

running (6m13.0s), 2677/3000 VUs, 2292176 complete and 0 interrupted iterations
tail_open_loop   [  83% ] 2676/3000 VUs  6m13.0s/7m30s  15720.55 iters/s

running (6m14.0s), 2878/3000 VUs, 2305997 complete and 0 interrupted iterations
tail_open_loop   [  83% ] 2878/3000 VUs  6m14.0s/7m30s  15776.11 iters/s

running (6m15.0s), 2997/3000 VUs, 2314321 complete and 0 interrupted iterations
tail_open_loop   [  83% ] 2997/3000 VUs  6m15.0s/7m30s  15831.80 iters/s

running (6m16.0s), 2997/3000 VUs, 2326117 complete and 0 interrupted iterations
tail_open_loop   [  84% ] 2997/3000 VUs  6m16.0s/7m30s  15887.14 iters/s

running (6m17.0s), 2721/3000 VUs, 2338081 complete and 0 interrupted iterations
tail_open_loop   [  84% ] 2721/3000 VUs  6m17.0s/7m30s  15942.86 iters/s

running (6m18.0s), 2980/3000 VUs, 2350255 complete and 0 interrupted iterations
tail_open_loop   [  84% ] 2980/3000 VUs  6m18.0s/7m30s  15998.21 iters/s

running (6m19.0s), 3000/3000 VUs, 2360827 complete and 0 interrupted iterations
tail_open_loop   [  84% ] 3000/3000 VUs  6m19.0s/7m30s  16053.94 iters/s

running (6m20.0s), 2739/3000 VUs, 2374806 complete and 0 interrupted iterations
tail_open_loop   [  84% ] 2739/3000 VUs  6m20.0s/7m30s  16109.54 iters/s

running (6m21.0s), 2981/3000 VUs, 2386192 complete and 0 interrupted iterations
tail_open_loop   [  85% ] 2981/3000 VUs  6m21.0s/7m30s  16165.01 iters/s

running (6m22.1s), 2999/3000 VUs, 2400458 complete and 0 interrupted iterations
tail_open_loop   [  85% ] 2999/3000 VUs  6m22.1s/7m30s  16225.07 iters/s

running (6m23.0s), 2944/3000 VUs, 2411370 complete and 0 interrupted iterations
tail_open_loop   [  85% ] 2944/3000 VUs  6m23.0s/7m30s  16276.04 iters/s

running (6m24.0s), 2644/3000 VUs, 2424456 complete and 0 interrupted iterations
tail_open_loop   [  85% ] 2644/3000 VUs  6m24.0s/7m30s  16331.60 iters/s

running (6m25.0s), 2913/3000 VUs, 2438787 complete and 0 interrupted iterations
tail_open_loop   [  86% ] 2912/3000 VUs  6m25.0s/7m30s  16387.00 iters/s

running (6m26.0s), 2839/3000 VUs, 2451339 complete and 0 interrupted iterations
tail_open_loop   [  86% ] 2839/3000 VUs  6m26.0s/7m30s  16442.50 iters/s

running (6m27.0s), 3000/3000 VUs, 2464947 complete and 0 interrupted iterations
tail_open_loop   [  86% ] 3000/3000 VUs  6m27.0s/7m30s  16498.38 iters/s

running (6m28.0s), 2577/3000 VUs, 2478407 complete and 0 interrupted iterations
tail_open_loop   [  86% ] 2577/3000 VUs  6m28.0s/7m30s  16553.82 iters/s

running (6m29.0s), 3000/3000 VUs, 2489943 complete and 0 interrupted iterations
tail_open_loop   [  86% ] 3000/3000 VUs  6m29.0s/7m30s  16609.36 iters/s

running (6m30.0s), 2320/3000 VUs, 2504063 complete and 0 interrupted iterations
tail_open_loop   [  87% ] 2320/3000 VUs  6m30.0s/7m30s  16665.00 iters/s

running (6m31.0s), 2999/3000 VUs, 2517621 complete and 0 interrupted iterations
tail_open_loop   [  87% ] 2999/3000 VUs  6m31.0s/7m30s  16720.45 iters/s

running (6m32.0s), 2996/3000 VUs, 2531660 complete and 0 interrupted iterations
tail_open_loop   [  87% ] 2996/3000 VUs  6m32.0s/7m30s  16775.99 iters/s

running (6m33.0s), 2909/3000 VUs, 2544740 complete and 0 interrupted iterations
tail_open_loop   [  87% ] 2909/3000 VUs  6m33.0s/7m30s  16831.62 iters/s

running (6m34.0s), 3000/3000 VUs, 2557568 complete and 0 interrupted iterations
tail_open_loop   [  88% ] 3000/3000 VUs  6m34.0s/7m30s  16887.04 iters/s

running (6m35.0s), 2996/3000 VUs, 2570149 complete and 0 interrupted iterations
tail_open_loop   [  88% ] 2996/3000 VUs  6m35.0s/7m30s  16942.55 iters/s

running (6m36.0s), 3000/3000 VUs, 2582265 complete and 0 interrupted iterations
tail_open_loop   [  88% ] 3000/3000 VUs  6m36.0s/7m30s  16998.13 iters/s

running (6m37.0s), 2515/3000 VUs, 2594371 complete and 0 interrupted iterations
tail_open_loop   [  88% ] 2515/3000 VUs  6m37.0s/7m30s  17054.08 iters/s

running (6m38.0s), 2996/3000 VUs, 2608156 complete and 0 interrupted iterations
tail_open_loop   [  88% ] 2996/3000 VUs  6m38.0s/7m30s  17109.23 iters/s

running (6m39.0s), 3000/3000 VUs, 2620359 complete and 0 interrupted iterations
tail_open_loop   [  89% ] 3000/3000 VUs  6m39.0s/7m30s  17164.73 iters/s

running (6m40.0s), 2804/3000 VUs, 2633631 complete and 0 interrupted iterations
tail_open_loop   [  89% ] 2804/3000 VUs  6m40.0s/7m30s  17220.60 iters/s

running (6m41.0s), 3000/3000 VUs, 2647462 complete and 0 interrupted iterations
tail_open_loop   [  89% ] 3000/3000 VUs  6m41.0s/7m30s  17276.23 iters/s

running (6m42.0s), 2717/3000 VUs, 2659777 complete and 0 interrupted iterations
tail_open_loop   [  89% ] 2717/3000 VUs  6m42.0s/7m30s  17331.62 iters/s

running (6m43.0s), 2747/3000 VUs, 2672853 complete and 0 interrupted iterations
tail_open_loop   [  90% ] 2747/3000 VUs  6m43.0s/7m30s  17387.07 iters/s

running (6m44.0s), 2812/3000 VUs, 2686739 complete and 0 interrupted iterations
tail_open_loop   [  90% ] 2812/3000 VUs  6m44.0s/7m30s  17442.57 iters/s

running (6m45.0s), 2995/3000 VUs, 2697781 complete and 0 interrupted iterations
tail_open_loop   [  90% ] 2996/3000 VUs  6m45.0s/7m30s  17498.12 iters/s

running (6m46.0s), 2760/3000 VUs, 2712205 complete and 0 interrupted iterations
tail_open_loop   [  90% ] 2760/3000 VUs  6m46.0s/7m30s  17554.02 iters/s

running (6m47.0s), 2962/3000 VUs, 2724341 complete and 0 interrupted iterations
tail_open_loop   [  90% ] 2962/3000 VUs  6m47.0s/7m30s  17609.35 iters/s

running (6m48.0s), 2995/3000 VUs, 2737643 complete and 0 interrupted iterations
tail_open_loop   [  91% ] 2995/3000 VUs  6m48.0s/7m30s  17665.04 iters/s

running (6m49.0s), 2674/3000 VUs, 2753289 complete and 0 interrupted iterations
tail_open_loop   [  91% ] 2674/3000 VUs  6m49.0s/7m30s  17720.76 iters/s

running (6m50.0s), 3000/3000 VUs, 2764520 complete and 0 interrupted iterations
tail_open_loop   [  91% ] 3000/3000 VUs  6m50.0s/7m30s  17775.88 iters/s

running (6m51.0s), 3000/3000 VUs, 2778018 complete and 0 interrupted iterations
tail_open_loop   [  91% ] 3000/3000 VUs  6m51.0s/7m30s  17831.67 iters/s

running (6m52.0s), 3000/3000 VUs, 2791325 complete and 0 interrupted iterations
tail_open_loop   [  92% ] 3000/3000 VUs  6m52.0s/7m30s  17887.17 iters/s

running (6m53.0s), 2975/3000 VUs, 2802631 complete and 0 interrupted iterations
tail_open_loop   [  92% ] 2975/3000 VUs  6m53.0s/7m30s  17942.69 iters/s

running (6m54.0s), 2822/3000 VUs, 2815515 complete and 0 interrupted iterations
tail_open_loop   [  92% ] 2822/3000 VUs  6m54.0s/7m30s  17998.24 iters/s

running (6m55.0s), 2983/3000 VUs, 2829197 complete and 0 interrupted iterations
tail_open_loop   [  92% ] 2983/3000 VUs  6m55.0s/7m30s  18053.80 iters/s

running (6m56.0s), 3000/3000 VUs, 2842224 complete and 0 interrupted iterations
tail_open_loop   [  92% ] 3000/3000 VUs  6m56.0s/7m30s  18109.38 iters/s

running (6m57.0s), 2935/3000 VUs, 2855233 complete and 0 interrupted iterations
tail_open_loop   [  93% ] 2935/3000 VUs  6m57.0s/7m30s  18164.97 iters/s

running (6m58.0s), 2995/3000 VUs, 2868377 complete and 0 interrupted iterations
tail_open_loop   [  93% ] 2995/3000 VUs  6m58.0s/7m30s  18220.58 iters/s

running (6m59.0s), 3000/3000 VUs, 2881011 complete and 0 interrupted iterations
tail_open_loop   [  93% ] 3000/3000 VUs  6m59.0s/7m30s  18276.19 iters/s

running (7m00.0s), 3000/3000 VUs, 2890348 complete and 0 interrupted iterations
tail_open_loop   [  93% ] 3000/3000 VUs  7m00.0s/7m30s  18331.81 iters/s

running (7m01.0s), 2899/3000 VUs, 2903070 complete and 0 interrupted iterations
tail_open_loop   [  94% ] 2899/3000 VUs  7m01.0s/7m30s  18387.08 iters/s

running (7m02.0s), 2985/3000 VUs, 2916324 complete and 0 interrupted iterations
tail_open_loop   [  94% ] 2985/3000 VUs  7m02.0s/7m30s  18442.70 iters/s

running (7m03.0s), 3000/3000 VUs, 2921352 complete and 0 interrupted iterations
tail_open_loop   [  94% ] 3000/3000 VUs  7m03.0s/7m30s  18498.31 iters/s

running (7m04.0s), 2907/3000 VUs, 2929438 complete and 0 interrupted iterations
tail_open_loop   [  94% ] 2907/3000 VUs  7m04.0s/7m30s  18553.56 iters/s

running (7m05.0s), 3000/3000 VUs, 2941700 complete and 0 interrupted iterations
tail_open_loop   [  94% ] 3000/3000 VUs  7m05.0s/7m30s  18609.50 iters/s

running (7m06.0s), 3000/3000 VUs, 2952681 complete and 0 interrupted iterations
tail_open_loop   [  95% ] 3000/3000 VUs  7m06.0s/7m30s  18665.07 iters/s

running (7m07.0s), 2999/3000 VUs, 2964818 complete and 0 interrupted iterations
tail_open_loop   [  95% ] 2999/3000 VUs  7m07.0s/7m30s  18720.28 iters/s

running (7m08.0s), 3000/3000 VUs, 2976086 complete and 0 interrupted iterations
tail_open_loop   [  95% ] 3000/3000 VUs  7m08.0s/7m30s  18776.17 iters/s

running (7m09.0s), 3000/3000 VUs, 2988751 complete and 0 interrupted iterations
tail_open_loop   [  95% ] 3000/3000 VUs  7m09.0s/7m30s  18831.68 iters/s

running (7m10.0s), 3000/3000 VUs, 3001459 complete and 0 interrupted iterations
tail_open_loop   [  96% ] 3000/3000 VUs  7m10.0s/7m30s  18887.17 iters/s

running (7m11.0s), 3000/3000 VUs, 3013937 complete and 0 interrupted iterations
tail_open_loop   [  96% ] 3000/3000 VUs  7m11.0s/7m30s  18942.62 iters/s

running (7m12.0s), 2999/3000 VUs, 3027061 complete and 0 interrupted iterations
tail_open_loop   [  96% ] 2998/3000 VUs  7m12.0s/7m30s  18998.40 iters/s

running (7m13.0s), 3000/3000 VUs, 3041292 complete and 0 interrupted iterations
tail_open_loop   [  96% ] 3000/3000 VUs  7m13.0s/7m30s  19053.79 iters/s

running (7m14.0s), 3000/3000 VUs, 3054190 complete and 0 interrupted iterations
tail_open_loop   [  96% ] 3000/3000 VUs  7m14.0s/7m30s  19109.13 iters/s

running (7m15.0s), 3000/3000 VUs, 3067277 complete and 0 interrupted iterations
tail_open_loop   [  97% ] 3000/3000 VUs  7m15.0s/7m30s  19165.17 iters/s

running (7m16.0s), 3000/3000 VUs, 3079931 complete and 0 interrupted iterations
tail_open_loop   [  97% ] 3000/3000 VUs  7m16.0s/7m30s  19220.42 iters/s

running (7m17.0s), 3000/3000 VUs, 3090865 complete and 0 interrupted iterations
tail_open_loop   [  97% ] 3000/3000 VUs  7m17.0s/7m30s  19275.99 iters/s

running (7m18.0s), 2993/3000 VUs, 3104687 complete and 0 interrupted iterations
tail_open_loop   [  97% ] 2993/3000 VUs  7m18.0s/7m30s  19331.89 iters/s

running (7m19.0s), 2998/3000 VUs, 3118279 complete and 0 interrupted iterations
tail_open_loop   [  98% ] 2998/3000 VUs  7m19.0s/7m30s  19387.36 iters/s

running (7m20.0s), 3000/3000 VUs, 3130859 complete and 0 interrupted iterations
tail_open_loop   [  98% ] 3000/3000 VUs  7m20.0s/7m30s  19442.39 iters/s

running (7m21.0s), 2999/3000 VUs, 3144018 complete and 0 interrupted iterations
tail_open_loop   [  98% ] 2999/3000 VUs  7m21.0s/7m30s  19498.12 iters/s

running (7m22.0s), 2998/3000 VUs, 3157217 complete and 0 interrupted iterations
tail_open_loop   [  98% ] 2999/3000 VUs  7m22.0s/7m30s  19553.78 iters/s

running (7m23.0s), 2997/3000 VUs, 3170326 complete and 0 interrupted iterations
tail_open_loop   [  98% ] 2997/3000 VUs  7m23.0s/7m30s  19609.38 iters/s

running (7m24.0s), 2997/3000 VUs, 3181051 complete and 0 interrupted iterations
tail_open_loop   [  99% ] 2997/3000 VUs  7m24.0s/7m30s  19664.91 iters/s

running (7m25.0s), 2999/3000 VUs, 3193973 complete and 0 interrupted iterations
tail_open_loop   [  99% ] 2999/3000 VUs  7m25.0s/7m30s  19720.37 iters/s

running (7m26.0s), 2990/3000 VUs, 3206664 complete and 0 interrupted iterations
tail_open_loop   [  99% ] 2990/3000 VUs  7m26.0s/7m30s  19775.74 iters/s

running (7m27.0s), 2994/3000 VUs, 3216895 complete and 0 interrupted iterations
tail_open_loop   [  99% ] 2994/3000 VUs  7m27.0s/7m30s  19831.43 iters/s

running (7m28.0s), 2993/3000 VUs, 3229577 complete and 0 interrupted iterations
tail_open_loop   [ 100% ] 2993/3000 VUs  7m28.0s/7m30s  19887.04 iters/s

running (7m29.0s), 3000/3000 VUs, 3240225 complete and 0 interrupted iterations
tail_open_loop   [ 100% ] 3000/3000 VUs  7m29.0s/7m30s  19942.57 iters/s

running (7m30.0s), 2947/3000 VUs, 3255064 complete and 0 interrupted iterations
tail_open_loop   [ 100% ] 2947/3000 VUs  7m30.0s/7m30s  19998.40 iters/s

running (7m30.2s), 0000/3000 VUs, 3258410 complete and 0 interrupted iterations
tail_open_loop ✓ [ 100% ] 0000/3000 VUs  7m30s  20000.00 iters/s


  █ THRESHOLDS 

    http_req_duration
    ✗ 'p(95)<250' p(95)=332.14ms
    ✓ 'p(99)<500' p(99)=446.85ms
    ✓ 'p(99.9)<1000' p(99.9)=691.62ms

    http_req_failed
    ✓ 'rate<0.05' rate=0.00%


  █ TOTAL RESULTS 

    checks_total.......: 3258410 7237.925965/s
    checks_succeeded...: 100.00% 3258410 out of 3258410
    checks_failed......: 0.00%   0 out of 3258410

    ✓ status is 200 or 404

    HTTP
    http_req_duration..............: avg=126.67ms min=118µs    med=122.14ms max=999.46ms p(90)=279.42ms p(95)=332.14ms p(99)=446.85ms p(99.9)=691.62ms
      { expected_response:true }...: avg=126.67ms min=118µs    med=122.14ms max=999.46ms p(90)=279.42ms p(95)=332.14ms p(99)=446.85ms p(99.9)=691.62ms
    http_req_failed................: 0.00%   0 out of 3258410
    http_reqs......................: 3258410 7237.925965/s

    EXECUTION
    dropped_iterations.............: 611558  1358.457508/s
    iteration_duration.............: avg=126.77ms min=134.29µs med=122.27ms max=1.13s    p(90)=279.54ms p(95)=332.36ms p(99)=447.02ms p(99.9)=693.19ms
    iterations.....................: 3258410 7237.925965/s
    vus............................: 2944    min=0            max=3000
    vus_max........................: 3000    min=300          max=3000

    NETWORK
    data_received..................: 459 MB  1.0 MB/s
    data_sent......................: 365 MB  811 kB/s




running (7m30.2s), 0000/3000 VUs, 3258410 complete and 0 interrupted iterations
tail_open_loop ✓ [ 100% ] 0000/3000 VUs  7m30s  20000.00 iters/s
