
         /\      Grafana   /‾‾/  
    /\  /  \     |\  __   /  /   
   /  \/    \    | |/ /  /   ‾‾\ 
  /          \   |   (  |  (‾)  |
 / __________ \  |_|\_\  \_____/ 


     execution: local
        script: /work/bench/k6/scenarios/pool-saturation-recovery.js
        output: -

     scenarios: (100.00%) 1 scenario, 800 max VUs, 6m30s max duration (incl. graceful stop):
              * pool_saturation_recovery: Up to 800 looping VUs for 6m0s over 6 stages (gracefulRampDown: 30s, gracefulStop: 30s)


running (0m00.9s), 010/800 VUs, 3906 complete and 0 interrupted iterations
pool_saturation_recovery   [   0% ] 010/800 VUs  0m00.9s/6m00.0s

running (0m01.9s), 011/800 VUs, 7956 complete and 0 interrupted iterations
pool_saturation_recovery   [   1% ] 011/800 VUs  0m01.9s/6m00.0s

running (0m02.9s), 011/800 VUs, 12208 complete and 0 interrupted iterations
pool_saturation_recovery   [   1% ] 011/800 VUs  0m02.9s/6m00.0s

running (0m03.9s), 012/800 VUs, 16347 complete and 0 interrupted iterations
pool_saturation_recovery   [   1% ] 012/800 VUs  0m03.9s/6m00.0s

running (0m04.9s), 013/800 VUs, 20195 complete and 0 interrupted iterations
pool_saturation_recovery   [   1% ] 013/800 VUs  0m04.9s/6m00.0s

running (0m05.9s), 013/800 VUs, 24688 complete and 0 interrupted iterations
pool_saturation_recovery   [   2% ] 013/800 VUs  0m05.9s/6m00.0s

running (0m06.9s), 014/800 VUs, 29684 complete and 0 interrupted iterations
pool_saturation_recovery   [   2% ] 014/800 VUs  0m06.9s/6m00.0s

running (0m07.9s), 015/800 VUs, 33615 complete and 0 interrupted iterations
pool_saturation_recovery   [   2% ] 015/800 VUs  0m07.9s/6m00.0s

running (0m08.9s), 015/800 VUs, 37534 complete and 0 interrupted iterations
pool_saturation_recovery   [   2% ] 015/800 VUs  0m08.9s/6m00.0s

running (0m09.9s), 016/800 VUs, 42217 complete and 0 interrupted iterations
pool_saturation_recovery   [   3% ] 016/800 VUs  0m09.9s/6m00.0s

running (0m10.9s), 017/800 VUs, 47301 complete and 0 interrupted iterations
pool_saturation_recovery   [   3% ] 017/800 VUs  0m10.9s/6m00.0s

running (0m11.9s), 017/800 VUs, 51970 complete and 0 interrupted iterations
pool_saturation_recovery   [   3% ] 017/800 VUs  0m11.9s/6m00.0s

running (0m12.9s), 018/800 VUs, 56835 complete and 0 interrupted iterations
pool_saturation_recovery   [   4% ] 018/800 VUs  0m12.9s/6m00.0s

running (0m13.9s), 019/800 VUs, 61889 complete and 0 interrupted iterations
pool_saturation_recovery   [   4% ] 019/800 VUs  0m13.9s/6m00.0s

running (0m14.9s), 019/800 VUs, 67094 complete and 0 interrupted iterations
pool_saturation_recovery   [   4% ] 019/800 VUs  0m14.9s/6m00.0s

running (0m15.9s), 020/800 VUs, 71764 complete and 0 interrupted iterations
pool_saturation_recovery   [   4% ] 020/800 VUs  0m15.9s/6m00.0s

running (0m16.9s), 021/800 VUs, 77187 complete and 0 interrupted iterations
pool_saturation_recovery   [   5% ] 021/800 VUs  0m16.9s/6m00.0s

running (0m17.9s), 021/800 VUs, 82343 complete and 0 interrupted iterations
pool_saturation_recovery   [   5% ] 021/800 VUs  0m17.9s/6m00.0s

running (0m18.9s), 022/800 VUs, 87402 complete and 0 interrupted iterations
pool_saturation_recovery   [   5% ] 022/800 VUs  0m18.9s/6m00.0s

running (0m19.9s), 023/800 VUs, 92603 complete and 0 interrupted iterations
pool_saturation_recovery   [   6% ] 023/800 VUs  0m19.9s/6m00.0s

running (0m20.9s), 023/800 VUs, 97819 complete and 0 interrupted iterations
pool_saturation_recovery   [   6% ] 023/800 VUs  0m20.9s/6m00.0s

running (0m21.9s), 024/800 VUs, 103040 complete and 0 interrupted iterations
pool_saturation_recovery   [   6% ] 024/800 VUs  0m21.9s/6m00.0s

running (0m22.9s), 025/800 VUs, 107748 complete and 0 interrupted iterations
pool_saturation_recovery   [   6% ] 025/800 VUs  0m22.9s/6m00.0s

running (0m23.9s), 025/800 VUs, 113130 complete and 0 interrupted iterations
pool_saturation_recovery   [   7% ] 025/800 VUs  0m23.9s/6m00.0s

running (0m24.9s), 026/800 VUs, 118606 complete and 0 interrupted iterations
pool_saturation_recovery   [   7% ] 026/800 VUs  0m24.9s/6m00.0s

running (0m25.9s), 027/800 VUs, 123577 complete and 0 interrupted iterations
pool_saturation_recovery   [   7% ] 027/800 VUs  0m25.9s/6m00.0s

running (0m26.9s), 027/800 VUs, 129330 complete and 0 interrupted iterations
pool_saturation_recovery   [   7% ] 027/800 VUs  0m26.9s/6m00.0s

running (0m27.9s), 028/800 VUs, 135041 complete and 0 interrupted iterations
pool_saturation_recovery   [   8% ] 028/800 VUs  0m27.9s/6m00.0s

running (0m28.9s), 029/800 VUs, 140412 complete and 0 interrupted iterations
pool_saturation_recovery   [   8% ] 029/800 VUs  0m28.9s/6m00.0s

running (0m29.9s), 029/800 VUs, 145662 complete and 0 interrupted iterations
pool_saturation_recovery   [   8% ] 029/800 VUs  0m29.9s/6m00.0s

running (0m30.9s), 030/800 VUs, 150034 complete and 0 interrupted iterations
pool_saturation_recovery   [   9% ] 030/800 VUs  0m30.9s/6m00.0s

running (0m31.9s), 031/800 VUs, 154182 complete and 0 interrupted iterations
pool_saturation_recovery   [   9% ] 031/800 VUs  0m31.9s/6m00.0s

running (0m32.9s), 031/800 VUs, 159295 complete and 0 interrupted iterations
pool_saturation_recovery   [   9% ] 031/800 VUs  0m32.9s/6m00.0s

running (0m33.9s), 032/800 VUs, 165126 complete and 0 interrupted iterations
pool_saturation_recovery   [   9% ] 032/800 VUs  0m33.9s/6m00.0s

running (0m34.9s), 033/800 VUs, 170562 complete and 0 interrupted iterations
pool_saturation_recovery   [  10% ] 033/800 VUs  0m34.9s/6m00.0s

running (0m35.9s), 033/800 VUs, 176138 complete and 0 interrupted iterations
pool_saturation_recovery   [  10% ] 033/800 VUs  0m35.9s/6m00.0s

running (0m36.9s), 034/800 VUs, 181447 complete and 0 interrupted iterations
pool_saturation_recovery   [  10% ] 034/800 VUs  0m36.9s/6m00.0s

running (0m37.9s), 035/800 VUs, 187259 complete and 0 interrupted iterations
pool_saturation_recovery   [  11% ] 035/800 VUs  0m37.9s/6m00.0s

running (0m38.9s), 035/800 VUs, 192834 complete and 0 interrupted iterations
pool_saturation_recovery   [  11% ] 035/800 VUs  0m38.9s/6m00.0s

running (0m39.9s), 036/800 VUs, 198130 complete and 0 interrupted iterations
pool_saturation_recovery   [  11% ] 036/800 VUs  0m39.9s/6m00.0s

running (0m40.9s), 037/800 VUs, 203649 complete and 0 interrupted iterations
pool_saturation_recovery   [  11% ] 037/800 VUs  0m40.9s/6m00.0s

running (0m41.9s), 037/800 VUs, 209324 complete and 0 interrupted iterations
pool_saturation_recovery   [  12% ] 037/800 VUs  0m41.9s/6m00.0s

running (0m42.9s), 038/800 VUs, 215357 complete and 0 interrupted iterations
pool_saturation_recovery   [  12% ] 038/800 VUs  0m42.9s/6m00.0s

running (0m43.9s), 039/800 VUs, 221237 complete and 0 interrupted iterations
pool_saturation_recovery   [  12% ] 039/800 VUs  0m43.9s/6m00.0s

running (0m44.9s), 039/800 VUs, 227145 complete and 0 interrupted iterations
pool_saturation_recovery   [  12% ] 039/800 VUs  0m44.9s/6m00.0s

running (0m45.9s), 040/800 VUs, 233010 complete and 0 interrupted iterations
pool_saturation_recovery   [  13% ] 040/800 VUs  0m45.9s/6m00.0s

running (0m46.9s), 041/800 VUs, 239097 complete and 0 interrupted iterations
pool_saturation_recovery   [  13% ] 041/800 VUs  0m46.9s/6m00.0s

running (0m47.9s), 041/800 VUs, 244047 complete and 0 interrupted iterations
pool_saturation_recovery   [  13% ] 041/800 VUs  0m47.9s/6m00.0s

running (0m48.9s), 042/800 VUs, 249700 complete and 0 interrupted iterations
pool_saturation_recovery   [  14% ] 042/800 VUs  0m48.9s/6m00.0s

running (0m49.9s), 043/800 VUs, 255382 complete and 0 interrupted iterations
pool_saturation_recovery   [  14% ] 043/800 VUs  0m49.9s/6m00.0s

running (0m50.9s), 043/800 VUs, 261463 complete and 0 interrupted iterations
pool_saturation_recovery   [  14% ] 043/800 VUs  0m50.9s/6m00.0s

running (0m51.9s), 044/800 VUs, 267591 complete and 0 interrupted iterations
pool_saturation_recovery   [  14% ] 044/800 VUs  0m51.9s/6m00.0s

running (0m52.9s), 045/800 VUs, 273374 complete and 0 interrupted iterations
pool_saturation_recovery   [  15% ] 045/800 VUs  0m52.9s/6m00.0s

running (0m53.9s), 045/800 VUs, 279371 complete and 0 interrupted iterations
pool_saturation_recovery   [  15% ] 045/800 VUs  0m53.9s/6m00.0s

running (0m54.9s), 046/800 VUs, 285467 complete and 0 interrupted iterations
pool_saturation_recovery   [  15% ] 046/800 VUs  0m54.9s/6m00.0s

running (0m55.9s), 047/800 VUs, 291493 complete and 0 interrupted iterations
pool_saturation_recovery   [  16% ] 047/800 VUs  0m55.9s/6m00.0s

running (0m56.9s), 047/800 VUs, 297549 complete and 0 interrupted iterations
pool_saturation_recovery   [  16% ] 047/800 VUs  0m56.9s/6m00.0s

running (0m57.9s), 048/800 VUs, 302609 complete and 0 interrupted iterations
pool_saturation_recovery   [  16% ] 048/800 VUs  0m57.9s/6m00.0s

running (0m58.9s), 049/800 VUs, 308621 complete and 0 interrupted iterations
pool_saturation_recovery   [  16% ] 049/800 VUs  0m58.9s/6m00.0s

running (0m59.9s), 049/800 VUs, 314774 complete and 0 interrupted iterations
pool_saturation_recovery   [  17% ] 049/800 VUs  0m59.9s/6m00.0s

running (1m00.9s), 050/800 VUs, 320734 complete and 0 interrupted iterations
pool_saturation_recovery   [  17% ] 050/800 VUs  1m00.9s/6m00.0s

running (1m01.9s), 051/800 VUs, 326778 complete and 0 interrupted iterations
pool_saturation_recovery   [  17% ] 051/800 VUs  1m01.9s/6m00.0s

running (1m02.9s), 052/800 VUs, 332927 complete and 0 interrupted iterations
pool_saturation_recovery   [  17% ] 052/800 VUs  1m02.9s/6m00.0s

running (1m03.9s), 053/800 VUs, 338793 complete and 0 interrupted iterations
pool_saturation_recovery   [  18% ] 053/800 VUs  1m03.9s/6m00.0s

running (1m04.9s), 054/800 VUs, 344805 complete and 0 interrupted iterations
pool_saturation_recovery   [  18% ] 054/800 VUs  1m04.9s/6m00.0s

running (1m05.9s), 054/800 VUs, 350875 complete and 0 interrupted iterations
pool_saturation_recovery   [  18% ] 054/800 VUs  1m05.9s/6m00.0s

running (1m06.9s), 055/800 VUs, 356967 complete and 0 interrupted iterations
pool_saturation_recovery   [  19% ] 055/800 VUs  1m06.9s/6m00.0s

running (1m07.9s), 056/800 VUs, 363049 complete and 0 interrupted iterations
pool_saturation_recovery   [  19% ] 056/800 VUs  1m07.9s/6m00.0s

running (1m08.9s), 057/800 VUs, 368134 complete and 0 interrupted iterations
pool_saturation_recovery   [  19% ] 057/800 VUs  1m08.9s/6m00.0s

running (1m09.9s), 058/800 VUs, 374197 complete and 0 interrupted iterations
pool_saturation_recovery   [  19% ] 058/800 VUs  1m09.9s/6m00.0s

running (1m10.9s), 059/800 VUs, 380328 complete and 0 interrupted iterations
pool_saturation_recovery   [  20% ] 059/800 VUs  1m10.9s/6m00.0s

running (1m11.9s), 059/800 VUs, 386625 complete and 0 interrupted iterations
pool_saturation_recovery   [  20% ] 059/800 VUs  1m11.9s/6m00.0s

running (1m12.9s), 060/800 VUs, 392628 complete and 0 interrupted iterations
pool_saturation_recovery   [  20% ] 060/800 VUs  1m12.9s/6m00.0s

running (1m13.9s), 061/800 VUs, 398439 complete and 0 interrupted iterations
pool_saturation_recovery   [  21% ] 061/800 VUs  1m13.9s/6m00.0s

running (1m14.9s), 062/800 VUs, 404673 complete and 0 interrupted iterations
pool_saturation_recovery   [  21% ] 062/800 VUs  1m14.9s/6m00.0s

running (1m15.9s), 063/800 VUs, 410893 complete and 0 interrupted iterations
pool_saturation_recovery   [  21% ] 063/800 VUs  1m15.9s/6m00.0s

running (1m16.9s), 064/800 VUs, 417032 complete and 0 interrupted iterations
pool_saturation_recovery   [  21% ] 064/800 VUs  1m16.9s/6m00.0s

running (1m17.9s), 064/800 VUs, 423123 complete and 0 interrupted iterations
pool_saturation_recovery   [  22% ] 064/800 VUs  1m17.9s/6m00.0s

running (1m18.9s), 065/800 VUs, 429092 complete and 0 interrupted iterations
pool_saturation_recovery   [  22% ] 065/800 VUs  1m18.9s/6m00.0s

running (1m19.9s), 066/800 VUs, 434562 complete and 0 interrupted iterations
pool_saturation_recovery   [  22% ] 066/800 VUs  1m19.9s/6m00.0s

running (1m20.9s), 067/800 VUs, 440072 complete and 0 interrupted iterations
pool_saturation_recovery   [  22% ] 067/800 VUs  1m20.9s/6m00.0s

running (1m21.9s), 068/800 VUs, 445166 complete and 0 interrupted iterations
pool_saturation_recovery   [  23% ] 068/800 VUs  1m21.9s/6m00.0s

running (1m22.9s), 069/800 VUs, 451172 complete and 0 interrupted iterations
pool_saturation_recovery   [  23% ] 069/800 VUs  1m22.9s/6m00.0s

running (1m23.9s), 069/800 VUs, 457124 complete and 0 interrupted iterations
pool_saturation_recovery   [  23% ] 069/800 VUs  1m23.9s/6m00.0s

running (1m24.9s), 070/800 VUs, 462584 complete and 0 interrupted iterations
pool_saturation_recovery   [  24% ] 070/800 VUs  1m24.9s/6m00.0s

running (1m25.9s), 071/800 VUs, 466866 complete and 0 interrupted iterations
pool_saturation_recovery   [  24% ] 071/800 VUs  1m25.9s/6m00.0s

running (1m26.9s), 072/800 VUs, 472298 complete and 0 interrupted iterations
pool_saturation_recovery   [  24% ] 072/800 VUs  1m26.9s/6m00.0s

running (1m27.9s), 073/800 VUs, 478149 complete and 0 interrupted iterations
pool_saturation_recovery   [  24% ] 073/800 VUs  1m27.9s/6m00.0s

running (1m28.9s), 074/800 VUs, 483931 complete and 0 interrupted iterations
pool_saturation_recovery   [  25% ] 074/800 VUs  1m28.9s/6m00.0s

running (1m29.9s), 074/800 VUs, 489556 complete and 0 interrupted iterations
pool_saturation_recovery   [  25% ] 074/800 VUs  1m29.9s/6m00.0s

running (1m30.9s), 075/800 VUs, 494802 complete and 0 interrupted iterations
pool_saturation_recovery   [  25% ] 075/800 VUs  1m30.9s/6m00.0s

running (1m31.9s), 076/800 VUs, 499175 complete and 0 interrupted iterations
pool_saturation_recovery   [  26% ] 076/800 VUs  1m31.9s/6m00.0s

running (1m32.9s), 077/800 VUs, 504139 complete and 0 interrupted iterations
pool_saturation_recovery   [  26% ] 077/800 VUs  1m32.9s/6m00.0s

running (1m33.9s), 078/800 VUs, 509960 complete and 0 interrupted iterations
pool_saturation_recovery   [  26% ] 078/800 VUs  1m33.9s/6m00.0s

running (1m34.9s), 079/800 VUs, 515910 complete and 0 interrupted iterations
pool_saturation_recovery   [  26% ] 079/800 VUs  1m34.9s/6m00.0s

running (1m35.9s), 079/800 VUs, 521124 complete and 0 interrupted iterations
pool_saturation_recovery   [  27% ] 079/800 VUs  1m35.9s/6m00.0s

running (1m36.9s), 080/800 VUs, 526772 complete and 0 interrupted iterations
pool_saturation_recovery   [  27% ] 080/800 VUs  1m36.9s/6m00.0s

running (1m37.9s), 081/800 VUs, 532550 complete and 0 interrupted iterations
pool_saturation_recovery   [  27% ] 081/800 VUs  1m37.9s/6m00.0s

running (1m38.9s), 082/800 VUs, 537481 complete and 0 interrupted iterations
pool_saturation_recovery   [  27% ] 082/800 VUs  1m38.9s/6m00.0s

running (1m39.9s), 083/800 VUs, 542402 complete and 0 interrupted iterations
pool_saturation_recovery   [  28% ] 083/800 VUs  1m39.9s/6m00.0s

running (1m40.9s), 084/800 VUs, 548224 complete and 0 interrupted iterations
pool_saturation_recovery   [  28% ] 084/800 VUs  1m40.9s/6m00.0s

running (1m41.9s), 084/800 VUs, 554151 complete and 0 interrupted iterations
pool_saturation_recovery   [  28% ] 084/800 VUs  1m41.9s/6m00.0s

running (1m42.9s), 085/800 VUs, 559689 complete and 0 interrupted iterations
pool_saturation_recovery   [  29% ] 085/800 VUs  1m42.9s/6m00.0s

running (1m43.9s), 086/800 VUs, 565590 complete and 0 interrupted iterations
pool_saturation_recovery   [  29% ] 086/800 VUs  1m43.9s/6m00.0s

running (1m44.9s), 087/800 VUs, 571141 complete and 0 interrupted iterations
pool_saturation_recovery   [  29% ] 087/800 VUs  1m44.9s/6m00.0s

running (1m45.9s), 088/800 VUs, 574895 complete and 0 interrupted iterations
pool_saturation_recovery   [  29% ] 088/800 VUs  1m45.9s/6m00.0s

running (1m46.9s), 089/800 VUs, 580102 complete and 0 interrupted iterations
pool_saturation_recovery   [  30% ] 089/800 VUs  1m46.9s/6m00.0s

running (1m47.9s), 089/800 VUs, 586132 complete and 0 interrupted iterations
pool_saturation_recovery   [  30% ] 089/800 VUs  1m47.9s/6m00.0s

running (1m48.9s), 090/800 VUs, 591986 complete and 0 interrupted iterations
pool_saturation_recovery   [  30% ] 090/800 VUs  1m48.9s/6m00.0s

running (1m49.9s), 091/800 VUs, 597931 complete and 0 interrupted iterations
pool_saturation_recovery   [  31% ] 091/800 VUs  1m49.9s/6m00.0s

running (1m50.9s), 092/800 VUs, 604056 complete and 0 interrupted iterations
pool_saturation_recovery   [  31% ] 092/800 VUs  1m50.9s/6m00.0s

running (1m51.9s), 093/800 VUs, 609871 complete and 0 interrupted iterations
pool_saturation_recovery   [  31% ] 093/800 VUs  1m51.9s/6m00.0s

running (1m52.9s), 094/800 VUs, 615370 complete and 0 interrupted iterations
pool_saturation_recovery   [  31% ] 094/800 VUs  1m52.9s/6m00.0s

running (1m53.9s), 094/800 VUs, 619984 complete and 0 interrupted iterations
pool_saturation_recovery   [  32% ] 094/800 VUs  1m53.9s/6m00.0s

running (1m54.9s), 095/800 VUs, 625507 complete and 0 interrupted iterations
pool_saturation_recovery   [  32% ] 095/800 VUs  1m54.9s/6m00.0s

running (1m55.9s), 096/800 VUs, 631119 complete and 0 interrupted iterations
pool_saturation_recovery   [  32% ] 096/800 VUs  1m55.9s/6m00.0s

running (1m56.9s), 097/800 VUs, 636559 complete and 0 interrupted iterations
pool_saturation_recovery   [  32% ] 097/800 VUs  1m56.9s/6m00.0s

running (1m57.9s), 098/800 VUs, 642510 complete and 0 interrupted iterations
pool_saturation_recovery   [  33% ] 098/800 VUs  1m57.9s/6m00.0s

running (1m59.0s), 099/800 VUs, 648655 complete and 0 interrupted iterations
pool_saturation_recovery   [  33% ] 099/800 VUs  1m59.0s/6m00.0s

running (1m59.9s), 099/800 VUs, 654586 complete and 0 interrupted iterations
pool_saturation_recovery   [  33% ] 099/800 VUs  1m59.9s/6m00.0s

running (2m00.9s), 101/800 VUs, 659800 complete and 0 interrupted iterations
pool_saturation_recovery   [  34% ] 101/800 VUs  2m00.9s/6m00.0s

running (2m01.9s), 103/800 VUs, 665103 complete and 0 interrupted iterations
pool_saturation_recovery   [  34% ] 103/800 VUs  2m01.9s/6m00.0s

running (2m02.9s), 104/800 VUs, 670674 complete and 0 interrupted iterations
pool_saturation_recovery   [  34% ] 104/800 VUs  2m02.9s/6m00.0s

running (2m03.9s), 106/800 VUs, 676787 complete and 0 interrupted iterations
pool_saturation_recovery   [  34% ] 106/800 VUs  2m03.9s/6m00.0s

running (2m04.9s), 108/800 VUs, 682889 complete and 0 interrupted iterations
pool_saturation_recovery   [  35% ] 108/800 VUs  2m04.9s/6m00.0s

running (2m05.9s), 109/800 VUs, 689003 complete and 0 interrupted iterations
pool_saturation_recovery   [  35% ] 109/800 VUs  2m05.9s/6m00.0s

running (2m06.9s), 111/800 VUs, 694978 complete and 0 interrupted iterations
pool_saturation_recovery   [  35% ] 111/800 VUs  2m06.9s/6m00.0s

running (2m07.9s), 113/800 VUs, 700996 complete and 0 interrupted iterations
pool_saturation_recovery   [  36% ] 113/800 VUs  2m07.9s/6m00.0s

running (2m08.9s), 114/800 VUs, 706628 complete and 0 interrupted iterations
pool_saturation_recovery   [  36% ] 114/800 VUs  2m08.9s/6m00.0s

running (2m09.9s), 116/800 VUs, 711959 complete and 0 interrupted iterations
pool_saturation_recovery   [  36% ] 116/800 VUs  2m09.9s/6m00.0s

running (2m10.9s), 118/800 VUs, 717347 complete and 0 interrupted iterations
pool_saturation_recovery   [  36% ] 118/800 VUs  2m10.9s/6m00.0s

running (2m11.9s), 119/800 VUs, 723126 complete and 0 interrupted iterations
pool_saturation_recovery   [  37% ] 119/800 VUs  2m11.9s/6m00.0s

running (2m12.9s), 121/800 VUs, 728630 complete and 0 interrupted iterations
pool_saturation_recovery   [  37% ] 121/800 VUs  2m12.9s/6m00.0s

running (2m13.9s), 123/800 VUs, 734614 complete and 0 interrupted iterations
pool_saturation_recovery   [  37% ] 123/800 VUs  2m13.9s/6m00.0s

running (2m14.9s), 124/800 VUs, 740518 complete and 0 interrupted iterations
pool_saturation_recovery   [  37% ] 124/800 VUs  2m14.9s/6m00.0s

running (2m15.9s), 126/800 VUs, 746552 complete and 0 interrupted iterations
pool_saturation_recovery   [  38% ] 126/800 VUs  2m15.9s/6m00.0s

running (2m16.9s), 128/800 VUs, 752337 complete and 0 interrupted iterations
pool_saturation_recovery   [  38% ] 128/800 VUs  2m16.9s/6m00.0s

running (2m17.9s), 129/800 VUs, 757800 complete and 0 interrupted iterations
pool_saturation_recovery   [  38% ] 129/800 VUs  2m17.9s/6m00.0s

running (2m18.9s), 131/800 VUs, 763602 complete and 0 interrupted iterations
pool_saturation_recovery   [  39% ] 131/800 VUs  2m18.9s/6m00.0s

running (2m19.9s), 133/800 VUs, 769409 complete and 0 interrupted iterations
pool_saturation_recovery   [  39% ] 133/800 VUs  2m19.9s/6m00.0s

running (2m20.9s), 134/800 VUs, 775289 complete and 0 interrupted iterations
pool_saturation_recovery   [  39% ] 134/800 VUs  2m20.9s/6m00.0s

running (2m21.9s), 136/800 VUs, 781247 complete and 0 interrupted iterations
pool_saturation_recovery   [  39% ] 136/800 VUs  2m21.9s/6m00.0s

running (2m22.9s), 138/800 VUs, 787041 complete and 0 interrupted iterations
pool_saturation_recovery   [  40% ] 138/800 VUs  2m22.9s/6m00.0s

running (2m23.9s), 139/800 VUs, 792803 complete and 0 interrupted iterations
pool_saturation_recovery   [  40% ] 139/800 VUs  2m23.9s/6m00.0s

running (2m24.9s), 141/800 VUs, 798770 complete and 0 interrupted iterations
pool_saturation_recovery   [  40% ] 141/800 VUs  2m24.9s/6m00.0s

running (2m25.9s), 143/800 VUs, 804711 complete and 0 interrupted iterations
pool_saturation_recovery   [  41% ] 143/800 VUs  2m25.9s/6m00.0s

running (2m26.9s), 144/800 VUs, 810640 complete and 0 interrupted iterations
pool_saturation_recovery   [  41% ] 144/800 VUs  2m26.9s/6m00.0s

running (2m27.9s), 146/800 VUs, 816748 complete and 0 interrupted iterations
pool_saturation_recovery   [  41% ] 146/800 VUs  2m27.9s/6m00.0s

running (2m28.9s), 148/800 VUs, 822266 complete and 0 interrupted iterations
pool_saturation_recovery   [  41% ] 148/800 VUs  2m28.9s/6m00.0s

running (2m29.9s), 149/800 VUs, 828217 complete and 0 interrupted iterations
pool_saturation_recovery   [  42% ] 149/800 VUs  2m29.9s/6m00.0s

running (2m30.9s), 151/800 VUs, 833834 complete and 0 interrupted iterations
pool_saturation_recovery   [  42% ] 151/800 VUs  2m30.9s/6m00.0s

running (2m31.9s), 153/800 VUs, 839926 complete and 0 interrupted iterations
pool_saturation_recovery   [  42% ] 153/800 VUs  2m31.9s/6m00.0s

running (2m32.9s), 154/800 VUs, 845836 complete and 0 interrupted iterations
pool_saturation_recovery   [  42% ] 154/800 VUs  2m32.9s/6m00.0s

running (2m33.9s), 156/800 VUs, 851670 complete and 0 interrupted iterations
pool_saturation_recovery   [  43% ] 156/800 VUs  2m33.9s/6m00.0s

running (2m34.9s), 158/800 VUs, 857283 complete and 0 interrupted iterations
pool_saturation_recovery   [  43% ] 158/800 VUs  2m34.9s/6m00.0s

running (2m35.9s), 159/800 VUs, 863357 complete and 0 interrupted iterations
pool_saturation_recovery   [  43% ] 159/800 VUs  2m35.9s/6m00.0s

running (2m36.9s), 161/800 VUs, 869393 complete and 0 interrupted iterations
pool_saturation_recovery   [  44% ] 161/800 VUs  2m36.9s/6m00.0s

running (2m37.9s), 163/800 VUs, 875302 complete and 0 interrupted iterations
pool_saturation_recovery   [  44% ] 163/800 VUs  2m37.9s/6m00.0s

running (2m38.9s), 164/800 VUs, 880820 complete and 0 interrupted iterations
pool_saturation_recovery   [  44% ] 164/800 VUs  2m38.9s/6m00.0s

running (2m39.9s), 166/800 VUs, 886546 complete and 0 interrupted iterations
pool_saturation_recovery   [  44% ] 166/800 VUs  2m39.9s/6m00.0s

running (2m40.9s), 168/800 VUs, 892434 complete and 0 interrupted iterations
pool_saturation_recovery   [  45% ] 168/800 VUs  2m40.9s/6m00.0s

running (2m41.9s), 169/800 VUs, 898417 complete and 0 interrupted iterations
pool_saturation_recovery   [  45% ] 169/800 VUs  2m41.9s/6m00.0s

running (2m42.9s), 171/800 VUs, 904400 complete and 0 interrupted iterations
pool_saturation_recovery   [  45% ] 171/800 VUs  2m42.9s/6m00.0s

running (2m43.9s), 173/800 VUs, 909869 complete and 0 interrupted iterations
pool_saturation_recovery   [  46% ] 173/800 VUs  2m43.9s/6m00.0s

running (2m44.9s), 174/800 VUs, 914888 complete and 0 interrupted iterations
pool_saturation_recovery   [  46% ] 174/800 VUs  2m44.9s/6m00.0s

running (2m45.9s), 176/800 VUs, 920545 complete and 0 interrupted iterations
pool_saturation_recovery   [  46% ] 176/800 VUs  2m45.9s/6m00.0s

running (2m46.9s), 178/800 VUs, 926313 complete and 0 interrupted iterations
pool_saturation_recovery   [  46% ] 178/800 VUs  2m46.9s/6m00.0s

running (2m47.9s), 179/800 VUs, 931914 complete and 0 interrupted iterations
pool_saturation_recovery   [  47% ] 179/800 VUs  2m47.9s/6m00.0s

running (2m48.9s), 181/800 VUs, 937468 complete and 0 interrupted iterations
pool_saturation_recovery   [  47% ] 181/800 VUs  2m48.9s/6m00.0s

running (2m49.9s), 183/800 VUs, 942710 complete and 0 interrupted iterations
pool_saturation_recovery   [  47% ] 183/800 VUs  2m49.9s/6m00.0s

running (2m50.9s), 184/800 VUs, 948403 complete and 0 interrupted iterations
pool_saturation_recovery   [  47% ] 184/800 VUs  2m50.9s/6m00.0s

running (2m51.9s), 186/800 VUs, 954016 complete and 0 interrupted iterations
pool_saturation_recovery   [  48% ] 186/800 VUs  2m51.9s/6m00.0s

running (2m52.9s), 188/800 VUs, 959605 complete and 0 interrupted iterations
pool_saturation_recovery   [  48% ] 188/800 VUs  2m52.9s/6m00.0s

running (2m53.9s), 189/800 VUs, 965126 complete and 0 interrupted iterations
pool_saturation_recovery   [  48% ] 189/800 VUs  2m53.9s/6m00.0s

running (2m54.9s), 191/800 VUs, 970527 complete and 0 interrupted iterations
pool_saturation_recovery   [  49% ] 191/800 VUs  2m54.9s/6m00.0s

running (2m55.9s), 193/800 VUs, 976116 complete and 0 interrupted iterations
pool_saturation_recovery   [  49% ] 193/800 VUs  2m55.9s/6m00.0s

running (2m56.9s), 194/800 VUs, 981945 complete and 0 interrupted iterations
pool_saturation_recovery   [  49% ] 194/800 VUs  2m56.9s/6m00.0s

running (2m58.0s), 196/800 VUs, 987672 complete and 0 interrupted iterations
pool_saturation_recovery   [  49% ] 196/800 VUs  2m58.0s/6m00.0s

running (2m58.9s), 198/800 VUs, 993443 complete and 0 interrupted iterations
pool_saturation_recovery   [  50% ] 198/800 VUs  2m58.9s/6m00.0s

running (2m59.9s), 199/800 VUs, 999268 complete and 0 interrupted iterations
pool_saturation_recovery   [  50% ] 199/800 VUs  2m59.9s/6m00.0s

running (3m00.9s), 203/800 VUs, 1004671 complete and 0 interrupted iterations
pool_saturation_recovery   [  50% ] 203/800 VUs  3m00.9s/6m00.0s

running (3m01.9s), 206/800 VUs, 1010562 complete and 0 interrupted iterations
pool_saturation_recovery   [  51% ] 206/800 VUs  3m01.9s/6m00.0s

running (3m02.9s), 209/800 VUs, 1015665 complete and 0 interrupted iterations
pool_saturation_recovery   [  51% ] 209/800 VUs  3m02.9s/6m00.0s

running (3m03.9s), 213/800 VUs, 1021401 complete and 0 interrupted iterations
pool_saturation_recovery   [  51% ] 213/800 VUs  3m03.9s/6m00.0s

running (3m04.9s), 216/800 VUs, 1027225 complete and 0 interrupted iterations
pool_saturation_recovery   [  51% ] 216/800 VUs  3m04.9s/6m00.0s

running (3m05.9s), 219/800 VUs, 1032647 complete and 0 interrupted iterations
pool_saturation_recovery   [  52% ] 219/800 VUs  3m05.9s/6m00.0s

running (3m06.9s), 223/800 VUs, 1037788 complete and 0 interrupted iterations
pool_saturation_recovery   [  52% ] 223/800 VUs  3m06.9s/6m00.0s

running (3m07.9s), 226/800 VUs, 1043563 complete and 0 interrupted iterations
pool_saturation_recovery   [  52% ] 226/800 VUs  3m07.9s/6m00.0s

running (3m08.9s), 229/800 VUs, 1049399 complete and 0 interrupted iterations
pool_saturation_recovery   [  52% ] 229/800 VUs  3m08.9s/6m00.0s

running (3m09.9s), 233/800 VUs, 1055005 complete and 0 interrupted iterations
pool_saturation_recovery   [  53% ] 233/800 VUs  3m09.9s/6m00.0s

running (3m10.9s), 236/800 VUs, 1060527 complete and 0 interrupted iterations
pool_saturation_recovery   [  53% ] 236/800 VUs  3m10.9s/6m00.0s

running (3m11.9s), 239/800 VUs, 1066005 complete and 0 interrupted iterations
pool_saturation_recovery   [  53% ] 239/800 VUs  3m11.9s/6m00.0s

running (3m12.9s), 243/800 VUs, 1071669 complete and 0 interrupted iterations
pool_saturation_recovery   [  54% ] 243/800 VUs  3m12.9s/6m00.0s

running (3m13.9s), 246/800 VUs, 1077461 complete and 0 interrupted iterations
pool_saturation_recovery   [  54% ] 246/800 VUs  3m13.9s/6m00.0s

running (3m14.9s), 249/800 VUs, 1083192 complete and 0 interrupted iterations
pool_saturation_recovery   [  54% ] 249/800 VUs  3m14.9s/6m00.0s

running (3m15.9s), 253/800 VUs, 1088986 complete and 0 interrupted iterations
pool_saturation_recovery   [  54% ] 253/800 VUs  3m15.9s/6m00.0s

running (3m16.9s), 256/800 VUs, 1094521 complete and 0 interrupted iterations
pool_saturation_recovery   [  55% ] 256/800 VUs  3m16.9s/6m00.0s

running (3m17.9s), 259/800 VUs, 1100518 complete and 0 interrupted iterations
pool_saturation_recovery   [  55% ] 259/800 VUs  3m17.9s/6m00.0s

running (3m18.9s), 263/800 VUs, 1105961 complete and 0 interrupted iterations
pool_saturation_recovery   [  55% ] 263/800 VUs  3m18.9s/6m00.0s

running (3m19.9s), 266/800 VUs, 1111437 complete and 0 interrupted iterations
pool_saturation_recovery   [  56% ] 266/800 VUs  3m19.9s/6m00.0s

running (3m20.9s), 269/800 VUs, 1117191 complete and 0 interrupted iterations
pool_saturation_recovery   [  56% ] 269/800 VUs  3m20.9s/6m00.0s

running (3m21.9s), 273/800 VUs, 1122731 complete and 0 interrupted iterations
pool_saturation_recovery   [  56% ] 273/800 VUs  3m21.9s/6m00.0s

running (3m22.9s), 276/800 VUs, 1128531 complete and 0 interrupted iterations
pool_saturation_recovery   [  56% ] 276/800 VUs  3m22.9s/6m00.0s

running (3m23.9s), 279/800 VUs, 1134306 complete and 0 interrupted iterations
pool_saturation_recovery   [  57% ] 279/800 VUs  3m23.9s/6m00.0s

running (3m24.9s), 283/800 VUs, 1139904 complete and 0 interrupted iterations
pool_saturation_recovery   [  57% ] 283/800 VUs  3m24.9s/6m00.0s

running (3m25.9s), 286/800 VUs, 1145760 complete and 0 interrupted iterations
pool_saturation_recovery   [  57% ] 286/800 VUs  3m25.9s/6m00.0s

running (3m26.9s), 289/800 VUs, 1151406 complete and 0 interrupted iterations
pool_saturation_recovery   [  57% ] 289/800 VUs  3m26.9s/6m00.0s

running (3m27.9s), 293/800 VUs, 1156942 complete and 0 interrupted iterations
pool_saturation_recovery   [  58% ] 293/800 VUs  3m27.9s/6m00.0s

running (3m28.9s), 296/800 VUs, 1162733 complete and 0 interrupted iterations
pool_saturation_recovery   [  58% ] 296/800 VUs  3m28.9s/6m00.0s

running (3m29.9s), 299/800 VUs, 1168308 complete and 0 interrupted iterations
pool_saturation_recovery   [  58% ] 299/800 VUs  3m29.9s/6m00.0s

running (3m30.9s), 303/800 VUs, 1174209 complete and 0 interrupted iterations
pool_saturation_recovery   [  59% ] 303/800 VUs  3m30.9s/6m00.0s

running (3m31.9s), 306/800 VUs, 1179911 complete and 0 interrupted iterations
pool_saturation_recovery   [  59% ] 306/800 VUs  3m31.9s/6m00.0s

running (3m33.0s), 309/800 VUs, 1185178 complete and 0 interrupted iterations
pool_saturation_recovery   [  59% ] 309/800 VUs  3m33.0s/6m00.0s

running (3m33.9s), 313/800 VUs, 1191080 complete and 0 interrupted iterations
pool_saturation_recovery   [  59% ] 313/800 VUs  3m33.9s/6m00.0s

running (3m34.9s), 316/800 VUs, 1196618 complete and 0 interrupted iterations
pool_saturation_recovery   [  60% ] 316/800 VUs  3m34.9s/6m00.0s

running (3m35.9s), 319/800 VUs, 1202271 complete and 0 interrupted iterations
pool_saturation_recovery   [  60% ] 319/800 VUs  3m35.9s/6m00.0s

running (3m36.9s), 323/800 VUs, 1208034 complete and 0 interrupted iterations
pool_saturation_recovery   [  60% ] 323/800 VUs  3m36.9s/6m00.0s

running (3m37.9s), 326/800 VUs, 1213596 complete and 0 interrupted iterations
pool_saturation_recovery   [  61% ] 326/800 VUs  3m37.9s/6m00.0s

running (3m38.9s), 329/800 VUs, 1218830 complete and 0 interrupted iterations
pool_saturation_recovery   [  61% ] 329/800 VUs  3m38.9s/6m00.0s

running (3m39.9s), 333/800 VUs, 1224650 complete and 0 interrupted iterations
pool_saturation_recovery   [  61% ] 333/800 VUs  3m39.9s/6m00.0s

running (3m40.9s), 336/800 VUs, 1230334 complete and 0 interrupted iterations
pool_saturation_recovery   [  61% ] 336/800 VUs  3m40.9s/6m00.0s

running (3m41.9s), 339/800 VUs, 1236125 complete and 0 interrupted iterations
pool_saturation_recovery   [  62% ] 339/800 VUs  3m41.9s/6m00.0s

running (3m42.9s), 343/800 VUs, 1241619 complete and 0 interrupted iterations
pool_saturation_recovery   [  62% ] 343/800 VUs  3m42.9s/6m00.0s

running (3m43.9s), 346/800 VUs, 1247294 complete and 0 interrupted iterations
pool_saturation_recovery   [  62% ] 346/800 VUs  3m43.9s/6m00.0s

running (3m44.9s), 349/800 VUs, 1252973 complete and 0 interrupted iterations
pool_saturation_recovery   [  62% ] 349/800 VUs  3m44.9s/6m00.0s

running (3m45.9s), 353/800 VUs, 1258772 complete and 0 interrupted iterations
pool_saturation_recovery   [  63% ] 353/800 VUs  3m45.9s/6m00.0s

running (3m46.9s), 356/800 VUs, 1264448 complete and 0 interrupted iterations
pool_saturation_recovery   [  63% ] 356/800 VUs  3m46.9s/6m00.0s

running (3m47.9s), 359/800 VUs, 1270217 complete and 0 interrupted iterations
pool_saturation_recovery   [  63% ] 359/800 VUs  3m47.9s/6m00.0s

running (3m48.9s), 363/800 VUs, 1275312 complete and 0 interrupted iterations
pool_saturation_recovery   [  64% ] 363/800 VUs  3m48.9s/6m00.0s

running (3m49.9s), 366/800 VUs, 1280555 complete and 0 interrupted iterations
pool_saturation_recovery   [  64% ] 366/800 VUs  3m49.9s/6m00.0s

running (3m50.9s), 369/800 VUs, 1286199 complete and 0 interrupted iterations
pool_saturation_recovery   [  64% ] 369/800 VUs  3m50.9s/6m00.0s

running (3m51.9s), 373/800 VUs, 1292022 complete and 0 interrupted iterations
pool_saturation_recovery   [  64% ] 373/800 VUs  3m51.9s/6m00.0s

running (3m52.9s), 376/800 VUs, 1297831 complete and 0 interrupted iterations
pool_saturation_recovery   [  65% ] 376/800 VUs  3m52.9s/6m00.0s

running (3m53.9s), 379/800 VUs, 1303210 complete and 0 interrupted iterations
pool_saturation_recovery   [  65% ] 379/800 VUs  3m53.9s/6m00.0s

running (3m54.9s), 383/800 VUs, 1308985 complete and 0 interrupted iterations
pool_saturation_recovery   [  65% ] 383/800 VUs  3m54.9s/6m00.0s

running (3m55.9s), 386/800 VUs, 1314655 complete and 0 interrupted iterations
pool_saturation_recovery   [  66% ] 386/800 VUs  3m55.9s/6m00.0s

running (3m56.9s), 389/800 VUs, 1320414 complete and 0 interrupted iterations
pool_saturation_recovery   [  66% ] 389/800 VUs  3m56.9s/6m00.0s

running (3m57.9s), 393/800 VUs, 1326051 complete and 0 interrupted iterations
pool_saturation_recovery   [  66% ] 393/800 VUs  3m57.9s/6m00.0s

running (3m58.9s), 396/800 VUs, 1331520 complete and 0 interrupted iterations
pool_saturation_recovery   [  66% ] 396/800 VUs  3m58.9s/6m00.0s

running (3m59.9s), 399/800 VUs, 1337149 complete and 0 interrupted iterations
pool_saturation_recovery   [  67% ] 399/800 VUs  3m59.9s/6m00.0s

running (4m00.9s), 406/800 VUs, 1342806 complete and 0 interrupted iterations
pool_saturation_recovery   [  67% ] 406/800 VUs  4m00.9s/6m00.0s

running (4m01.9s), 412/800 VUs, 1348462 complete and 0 interrupted iterations
pool_saturation_recovery   [  67% ] 412/800 VUs  4m01.9s/6m00.0s

running (4m02.9s), 419/800 VUs, 1354176 complete and 0 interrupted iterations
pool_saturation_recovery   [  67% ] 419/800 VUs  4m02.9s/6m00.0s

running (4m03.9s), 426/800 VUs, 1359910 complete and 0 interrupted iterations
pool_saturation_recovery   [  68% ] 426/800 VUs  4m03.9s/6m00.0s

running (4m04.9s), 432/800 VUs, 1365306 complete and 0 interrupted iterations
pool_saturation_recovery   [  68% ] 432/800 VUs  4m04.9s/6m00.0s

running (4m05.9s), 439/800 VUs, 1370906 complete and 0 interrupted iterations
pool_saturation_recovery   [  68% ] 439/800 VUs  4m05.9s/6m00.0s

running (4m06.9s), 446/800 VUs, 1376623 complete and 0 interrupted iterations
pool_saturation_recovery   [  69% ] 446/800 VUs  4m06.9s/6m00.0s

running (4m07.9s), 452/800 VUs, 1382091 complete and 0 interrupted iterations
pool_saturation_recovery   [  69% ] 452/800 VUs  4m07.9s/6m00.0s

running (4m08.9s), 459/800 VUs, 1387621 complete and 0 interrupted iterations
pool_saturation_recovery   [  69% ] 459/800 VUs  4m08.9s/6m00.0s

running (4m10.0s), 466/800 VUs, 1393305 complete and 0 interrupted iterations
pool_saturation_recovery   [  69% ] 466/800 VUs  4m10.0s/6m00.0s

running (4m10.9s), 472/800 VUs, 1398866 complete and 0 interrupted iterations
pool_saturation_recovery   [  70% ] 472/800 VUs  4m10.9s/6m00.0s

running (4m11.9s), 479/800 VUs, 1404562 complete and 0 interrupted iterations
pool_saturation_recovery   [  70% ] 479/800 VUs  4m11.9s/6m00.0s

running (4m12.9s), 486/800 VUs, 1409750 complete and 0 interrupted iterations
pool_saturation_recovery   [  70% ] 486/800 VUs  4m12.9s/6m00.0s

running (4m13.9s), 492/800 VUs, 1415435 complete and 0 interrupted iterations
pool_saturation_recovery   [  71% ] 492/800 VUs  4m13.9s/6m00.0s

running (4m14.9s), 499/800 VUs, 1420911 complete and 0 interrupted iterations
pool_saturation_recovery   [  71% ] 499/800 VUs  4m14.9s/6m00.0s

running (4m15.9s), 506/800 VUs, 1426564 complete and 0 interrupted iterations
pool_saturation_recovery   [  71% ] 506/800 VUs  4m15.9s/6m00.0s

running (4m16.9s), 512/800 VUs, 1432312 complete and 0 interrupted iterations
pool_saturation_recovery   [  71% ] 512/800 VUs  4m16.9s/6m00.0s

running (4m17.9s), 519/800 VUs, 1438049 complete and 0 interrupted iterations
pool_saturation_recovery   [  72% ] 519/800 VUs  4m17.9s/6m00.0s

running (4m18.9s), 526/800 VUs, 1443548 complete and 0 interrupted iterations
pool_saturation_recovery   [  72% ] 526/800 VUs  4m18.9s/6m00.0s

running (4m19.9s), 532/800 VUs, 1449201 complete and 0 interrupted iterations
pool_saturation_recovery   [  72% ] 532/800 VUs  4m19.9s/6m00.0s

running (4m20.9s), 539/800 VUs, 1454583 complete and 0 interrupted iterations
pool_saturation_recovery   [  72% ] 539/800 VUs  4m20.9s/6m00.0s

running (4m21.9s), 546/800 VUs, 1460257 complete and 0 interrupted iterations
pool_saturation_recovery   [  73% ] 546/800 VUs  4m21.9s/6m00.0s

running (4m22.9s), 552/800 VUs, 1465979 complete and 0 interrupted iterations
pool_saturation_recovery   [  73% ] 552/800 VUs  4m22.9s/6m00.0s

running (4m23.9s), 559/800 VUs, 1471594 complete and 0 interrupted iterations
pool_saturation_recovery   [  73% ] 559/800 VUs  4m23.9s/6m00.0s

running (4m24.9s), 566/800 VUs, 1477295 complete and 0 interrupted iterations
pool_saturation_recovery   [  74% ] 566/800 VUs  4m24.9s/6m00.0s

running (4m25.9s), 572/800 VUs, 1482610 complete and 0 interrupted iterations
pool_saturation_recovery   [  74% ] 572/800 VUs  4m25.9s/6m00.0s

running (4m26.9s), 579/800 VUs, 1488274 complete and 0 interrupted iterations
pool_saturation_recovery   [  74% ] 579/800 VUs  4m26.9s/6m00.0s

running (4m27.9s), 586/800 VUs, 1494021 complete and 0 interrupted iterations
pool_saturation_recovery   [  74% ] 586/800 VUs  4m27.9s/6m00.0s

running (4m28.9s), 592/800 VUs, 1499683 complete and 0 interrupted iterations
pool_saturation_recovery   [  75% ] 592/800 VUs  4m28.9s/6m00.0s

running (4m29.9s), 599/800 VUs, 1505355 complete and 0 interrupted iterations
pool_saturation_recovery   [  75% ] 599/800 VUs  4m29.9s/6m00.0s

running (4m30.9s), 606/800 VUs, 1510934 complete and 0 interrupted iterations
pool_saturation_recovery   [  75% ] 606/800 VUs  4m30.9s/6m00.0s

running (4m31.9s), 612/800 VUs, 1516482 complete and 0 interrupted iterations
pool_saturation_recovery   [  76% ] 612/800 VUs  4m31.9s/6m00.0s

running (4m32.9s), 619/800 VUs, 1522276 complete and 0 interrupted iterations
pool_saturation_recovery   [  76% ] 619/800 VUs  4m32.9s/6m00.0s

running (4m33.9s), 626/800 VUs, 1528190 complete and 0 interrupted iterations
pool_saturation_recovery   [  76% ] 626/800 VUs  4m33.9s/6m00.0s

running (4m34.9s), 632/800 VUs, 1534020 complete and 0 interrupted iterations
pool_saturation_recovery   [  76% ] 632/800 VUs  4m34.9s/6m00.0s

running (4m35.9s), 639/800 VUs, 1539919 complete and 0 interrupted iterations
pool_saturation_recovery   [  77% ] 639/800 VUs  4m35.9s/6m00.0s

running (4m36.9s), 646/800 VUs, 1545315 complete and 0 interrupted iterations
pool_saturation_recovery   [  77% ] 646/800 VUs  4m36.9s/6m00.0s

running (4m37.9s), 652/800 VUs, 1551066 complete and 0 interrupted iterations
pool_saturation_recovery   [  77% ] 652/800 VUs  4m37.9s/6m00.0s

running (4m38.9s), 659/800 VUs, 1556727 complete and 0 interrupted iterations
pool_saturation_recovery   [  77% ] 659/800 VUs  4m38.9s/6m00.0s

running (4m39.9s), 666/800 VUs, 1562650 complete and 0 interrupted iterations
pool_saturation_recovery   [  78% ] 666/800 VUs  4m39.9s/6m00.0s

running (4m40.9s), 672/800 VUs, 1568338 complete and 0 interrupted iterations
pool_saturation_recovery   [  78% ] 672/800 VUs  4m40.9s/6m00.0s

running (4m41.9s), 679/800 VUs, 1573542 complete and 0 interrupted iterations
pool_saturation_recovery   [  78% ] 679/800 VUs  4m41.9s/6m00.0s

running (4m42.9s), 686/800 VUs, 1578944 complete and 0 interrupted iterations
pool_saturation_recovery   [  79% ] 686/800 VUs  4m42.9s/6m00.0s

running (4m43.9s), 692/800 VUs, 1584361 complete and 0 interrupted iterations
pool_saturation_recovery   [  79% ] 692/800 VUs  4m43.9s/6m00.0s

running (4m44.9s), 699/800 VUs, 1590107 complete and 0 interrupted iterations
pool_saturation_recovery   [  79% ] 699/800 VUs  4m44.9s/6m00.0s

running (4m45.9s), 706/800 VUs, 1595646 complete and 0 interrupted iterations
pool_saturation_recovery   [  79% ] 706/800 VUs  4m45.9s/6m00.0s

running (4m46.9s), 712/800 VUs, 1601095 complete and 0 interrupted iterations
pool_saturation_recovery   [  80% ] 712/800 VUs  4m46.9s/6m00.0s

running (4m47.9s), 719/800 VUs, 1606350 complete and 0 interrupted iterations
pool_saturation_recovery   [  80% ] 719/800 VUs  4m47.9s/6m00.0s

running (4m48.9s), 726/800 VUs, 1611995 complete and 0 interrupted iterations
pool_saturation_recovery   [  80% ] 726/800 VUs  4m48.9s/6m00.0s

running (4m49.9s), 732/800 VUs, 1617020 complete and 0 interrupted iterations
pool_saturation_recovery   [  81% ] 732/800 VUs  4m49.9s/6m00.0s

running (4m50.9s), 739/800 VUs, 1622843 complete and 0 interrupted iterations
pool_saturation_recovery   [  81% ] 739/800 VUs  4m50.9s/6m00.0s

running (4m51.9s), 746/800 VUs, 1628451 complete and 0 interrupted iterations
pool_saturation_recovery   [  81% ] 746/800 VUs  4m51.9s/6m00.0s

running (4m52.9s), 752/800 VUs, 1634000 complete and 0 interrupted iterations
pool_saturation_recovery   [  81% ] 752/800 VUs  4m52.9s/6m00.0s

running (4m53.9s), 759/800 VUs, 1639686 complete and 0 interrupted iterations
pool_saturation_recovery   [  82% ] 759/800 VUs  4m53.9s/6m00.0s

running (4m54.9s), 766/800 VUs, 1645386 complete and 0 interrupted iterations
pool_saturation_recovery   [  82% ] 766/800 VUs  4m54.9s/6m00.0s

running (4m56.0s), 773/800 VUs, 1651488 complete and 0 interrupted iterations
pool_saturation_recovery   [  82% ] 773/800 VUs  4m56.0s/6m00.0s

running (4m56.9s), 779/800 VUs, 1656672 complete and 0 interrupted iterations
pool_saturation_recovery   [  82% ] 779/800 VUs  4m56.9s/6m00.0s

running (4m57.9s), 786/800 VUs, 1661942 complete and 0 interrupted iterations
pool_saturation_recovery   [  83% ] 786/800 VUs  4m57.9s/6m00.0s

running (4m58.9s), 792/800 VUs, 1667692 complete and 0 interrupted iterations
pool_saturation_recovery   [  83% ] 792/800 VUs  4m58.9s/6m00.0s

running (4m59.9s), 799/800 VUs, 1673255 complete and 0 interrupted iterations
pool_saturation_recovery   [  83% ] 799/800 VUs  4m59.9s/6m00.0s

running (5m00.9s), 789/800 VUs, 1679051 complete and 0 interrupted iterations
pool_saturation_recovery   [  84% ] 789/800 VUs  5m00.9s/6m00.0s

running (5m01.9s), 777/800 VUs, 1684521 complete and 0 interrupted iterations
pool_saturation_recovery   [  84% ] 777/800 VUs  5m01.9s/6m00.0s

running (5m02.9s), 765/800 VUs, 1690002 complete and 0 interrupted iterations
pool_saturation_recovery   [  84% ] 765/800 VUs  5m02.9s/6m00.0s

running (5m03.9s), 752/800 VUs, 1695631 complete and 0 interrupted iterations
pool_saturation_recovery   [  84% ] 752/800 VUs  5m03.9s/6m00.0s

running (5m04.9s), 740/800 VUs, 1701377 complete and 0 interrupted iterations
pool_saturation_recovery   [  85% ] 740/800 VUs  5m04.9s/6m00.0s

running (5m05.9s), 727/800 VUs, 1707011 complete and 0 interrupted iterations
pool_saturation_recovery   [  85% ] 727/800 VUs  5m05.9s/6m00.0s

running (5m06.9s), 714/800 VUs, 1712538 complete and 0 interrupted iterations
pool_saturation_recovery   [  85% ] 714/800 VUs  5m06.9s/6m00.0s

running (5m07.9s), 702/800 VUs, 1718185 complete and 0 interrupted iterations
pool_saturation_recovery   [  86% ] 702/800 VUs  5m07.9s/6m00.0s

running (5m08.9s), 689/800 VUs, 1723706 complete and 0 interrupted iterations
pool_saturation_recovery   [  86% ] 689/800 VUs  5m08.9s/6m00.0s

running (5m09.9s), 677/800 VUs, 1729367 complete and 0 interrupted iterations
pool_saturation_recovery   [  86% ] 677/800 VUs  5m09.9s/6m00.0s

running (5m10.9s), 664/800 VUs, 1734593 complete and 0 interrupted iterations
pool_saturation_recovery   [  86% ] 664/800 VUs  5m10.9s/6m00.0s

running (5m11.9s), 652/800 VUs, 1740371 complete and 0 interrupted iterations
pool_saturation_recovery   [  87% ] 652/800 VUs  5m11.9s/6m00.0s

running (5m12.9s), 639/800 VUs, 1746110 complete and 0 interrupted iterations
pool_saturation_recovery   [  87% ] 639/800 VUs  5m12.9s/6m00.0s

running (5m13.9s), 626/800 VUs, 1751539 complete and 0 interrupted iterations
pool_saturation_recovery   [  87% ] 626/800 VUs  5m13.9s/6m00.0s

running (5m14.9s), 614/800 VUs, 1757138 complete and 0 interrupted iterations
pool_saturation_recovery   [  87% ] 614/800 VUs  5m14.9s/6m00.0s

running (5m15.9s), 602/800 VUs, 1762860 complete and 0 interrupted iterations
pool_saturation_recovery   [  88% ] 602/800 VUs  5m15.9s/6m00.0s

running (5m16.9s), 590/800 VUs, 1768597 complete and 0 interrupted iterations
pool_saturation_recovery   [  88% ] 590/800 VUs  5m16.9s/6m00.0s

running (5m17.9s), 576/800 VUs, 1774304 complete and 0 interrupted iterations
pool_saturation_recovery   [  88% ] 576/800 VUs  5m17.9s/6m00.0s

running (5m18.9s), 565/800 VUs, 1779589 complete and 0 interrupted iterations
pool_saturation_recovery   [  89% ] 565/800 VUs  5m18.9s/6m00.0s

running (5m19.9s), 552/800 VUs, 1785113 complete and 0 interrupted iterations
pool_saturation_recovery   [  89% ] 552/800 VUs  5m19.9s/6m00.0s

running (5m20.9s), 539/800 VUs, 1790763 complete and 0 interrupted iterations
pool_saturation_recovery   [  89% ] 539/800 VUs  5m20.9s/6m00.0s

running (5m21.9s), 527/800 VUs, 1796667 complete and 0 interrupted iterations
pool_saturation_recovery   [  89% ] 527/800 VUs  5m21.9s/6m00.0s

running (5m22.9s), 514/800 VUs, 1802236 complete and 0 interrupted iterations
pool_saturation_recovery   [  90% ] 514/800 VUs  5m22.9s/6m00.0s

running (5m23.9s), 501/800 VUs, 1808136 complete and 0 interrupted iterations
pool_saturation_recovery   [  90% ] 501/800 VUs  5m23.9s/6m00.0s

running (5m24.9s), 489/800 VUs, 1813657 complete and 0 interrupted iterations
pool_saturation_recovery   [  90% ] 489/800 VUs  5m24.9s/6m00.0s

running (5m25.9s), 476/800 VUs, 1819395 complete and 0 interrupted iterations
pool_saturation_recovery   [  91% ] 476/800 VUs  5m25.9s/6m00.0s

running (5m26.9s), 464/800 VUs, 1825140 complete and 0 interrupted iterations
pool_saturation_recovery   [  91% ] 464/800 VUs  5m26.9s/6m00.0s

running (5m27.9s), 452/800 VUs, 1830726 complete and 0 interrupted iterations
pool_saturation_recovery   [  91% ] 452/800 VUs  5m27.9s/6m00.0s

running (5m28.9s), 440/800 VUs, 1836581 complete and 0 interrupted iterations
pool_saturation_recovery   [  91% ] 440/800 VUs  5m28.9s/6m00.0s

running (5m29.9s), 427/800 VUs, 1841896 complete and 0 interrupted iterations
pool_saturation_recovery   [  92% ] 427/800 VUs  5m29.9s/6m00.0s

running (5m30.9s), 414/800 VUs, 1847784 complete and 0 interrupted iterations
pool_saturation_recovery   [  92% ] 414/800 VUs  5m30.9s/6m00.0s

running (5m31.9s), 401/800 VUs, 1853443 complete and 0 interrupted iterations
pool_saturation_recovery   [  92% ] 401/800 VUs  5m31.9s/6m00.0s

running (5m32.9s), 389/800 VUs, 1859101 complete and 0 interrupted iterations
pool_saturation_recovery   [  92% ] 389/800 VUs  5m32.9s/6m00.0s

running (5m33.9s), 376/800 VUs, 1864792 complete and 0 interrupted iterations
pool_saturation_recovery   [  93% ] 376/800 VUs  5m33.9s/6m00.0s

running (5m34.9s), 364/800 VUs, 1870299 complete and 0 interrupted iterations
pool_saturation_recovery   [  93% ] 364/800 VUs  5m34.9s/6m00.0s

running (5m35.9s), 352/800 VUs, 1876114 complete and 0 interrupted iterations
pool_saturation_recovery   [  93% ] 352/800 VUs  5m35.9s/6m00.0s

running (5m36.9s), 339/800 VUs, 1881767 complete and 0 interrupted iterations
pool_saturation_recovery   [  94% ] 339/800 VUs  5m36.9s/6m00.0s

running (5m37.9s), 326/800 VUs, 1887202 complete and 0 interrupted iterations
pool_saturation_recovery   [  94% ] 326/800 VUs  5m37.9s/6m00.0s

running (5m38.9s), 314/800 VUs, 1892767 complete and 0 interrupted iterations
pool_saturation_recovery   [  94% ] 314/800 VUs  5m38.9s/6m00.0s

running (5m39.9s), 302/800 VUs, 1898497 complete and 0 interrupted iterations
pool_saturation_recovery   [  94% ] 302/800 VUs  5m39.9s/6m00.0s

running (5m40.9s), 290/800 VUs, 1903951 complete and 0 interrupted iterations
pool_saturation_recovery   [  95% ] 290/800 VUs  5m40.9s/6m00.0s

running (5m41.9s), 276/800 VUs, 1909111 complete and 0 interrupted iterations
pool_saturation_recovery   [  95% ] 276/800 VUs  5m41.9s/6m00.0s

running (5m42.9s), 264/800 VUs, 1914907 complete and 0 interrupted iterations
pool_saturation_recovery   [  95% ] 264/800 VUs  5m42.9s/6m00.0s

running (5m43.9s), 251/800 VUs, 1920608 complete and 0 interrupted iterations
pool_saturation_recovery   [  96% ] 251/800 VUs  5m43.9s/6m00.0s

running (5m44.9s), 239/800 VUs, 1925856 complete and 0 interrupted iterations
pool_saturation_recovery   [  96% ] 239/800 VUs  5m44.9s/6m00.0s

running (5m45.9s), 227/800 VUs, 1931221 complete and 0 interrupted iterations
pool_saturation_recovery   [  96% ] 227/800 VUs  5m45.9s/6m00.0s

running (5m46.9s), 214/800 VUs, 1936857 complete and 0 interrupted iterations
pool_saturation_recovery   [  96% ] 214/800 VUs  5m46.9s/6m00.0s

running (5m47.9s), 201/800 VUs, 1942670 complete and 0 interrupted iterations
pool_saturation_recovery   [  97% ] 201/800 VUs  5m47.9s/6m00.0s

running (5m48.9s), 189/800 VUs, 1948226 complete and 0 interrupted iterations
pool_saturation_recovery   [  97% ] 189/800 VUs  5m48.9s/6m00.0s

running (5m49.9s), 176/800 VUs, 1953956 complete and 0 interrupted iterations
pool_saturation_recovery   [  97% ] 176/800 VUs  5m49.9s/6m00.0s

running (5m50.9s), 164/800 VUs, 1959204 complete and 0 interrupted iterations
pool_saturation_recovery   [  97% ] 164/800 VUs  5m50.9s/6m00.0s

running (5m51.9s), 151/800 VUs, 1964506 complete and 0 interrupted iterations
pool_saturation_recovery   [  98% ] 151/800 VUs  5m51.9s/6m00.0s

running (5m52.9s), 139/800 VUs, 1970156 complete and 0 interrupted iterations
pool_saturation_recovery   [  98% ] 139/800 VUs  5m52.9s/6m00.0s

running (5m53.9s), 126/800 VUs, 1975650 complete and 0 interrupted iterations
pool_saturation_recovery   [  98% ] 126/800 VUs  5m53.9s/6m00.0s

running (5m54.9s), 114/800 VUs, 1981406 complete and 0 interrupted iterations
pool_saturation_recovery   [  99% ] 114/800 VUs  5m54.9s/6m00.0s

running (5m55.9s), 102/800 VUs, 1987198 complete and 0 interrupted iterations
pool_saturation_recovery   [  99% ] 102/800 VUs  5m55.9s/6m00.0s

running (5m56.9s), 089/800 VUs, 1992521 complete and 0 interrupted iterations
pool_saturation_recovery   [  99% ] 089/800 VUs  5m56.9s/6m00.0s

running (5m57.9s), 076/800 VUs, 1998259 complete and 0 interrupted iterations
pool_saturation_recovery   [  99% ] 076/800 VUs  5m57.9s/6m00.0s

running (5m58.9s), 064/800 VUs, 2003896 complete and 0 interrupted iterations
pool_saturation_recovery   [ 100% ] 064/800 VUs  5m58.9s/6m00.0s

running (5m59.9s), 051/800 VUs, 2009578 complete and 0 interrupted iterations
pool_saturation_recovery   [ 100% ] 051/800 VUs  5m59.9s/6m00.0s


  █ THRESHOLDS 

    http_req_duration
    ✓ 'p(99)<1500' p(99)=141.12ms

    http_req_failed
    ✗ 'rate<0.15' rate=100.00%


  █ TOTAL RESULTS 

    checks_total.......: 2009922 5582.987943/s
    checks_succeeded...: 99.99%  2009811 out of 2009922
    checks_failed......: 0.00%   111 out of 2009922

    ✗ status is 200 or 404
      ↳  99% — ✓ 2009811 / ✗ 111

    HTTP
    http_req_duration....: avg=45.27ms med=31.84ms max=245.58ms p(95)=123.37ms p(99)=141.12ms p(99.9)=184.13ms
    http_req_failed......: 100.00% 2009922 out of 2009922
    http_reqs............: 2009922 5582.987943/s

    EXECUTION
    iteration_duration...: avg=47.09ms med=32.01ms max=30.01s   p(95)=123.57ms p(99)=141.41ms p(99.9)=186.4ms 
    iterations...........: 2009922 5582.987943/s
    vus..................: 51      min=10                 max=799
    vus_max..............: 800     min=800                max=800

    NETWORK
    data_received........: 283 MB  787 kB/s
    data_sent............: 263 MB  731 kB/s




running (6m00.0s), 000/800 VUs, 2009922 complete and 0 interrupted iterations
pool_saturation_recovery ✓ [ 100% ] 000/800 VUs  6m0s
