
         /\      Grafana   /‾‾/  
    /\  /  \     |\  __   /  /   
   /  \/    \    | |/ /  /   ‾‾\ 
  /          \   |   (  |  (‾)  |
 / __________ \  |_|\_\  \_____/ 


     execution: local
        script: /work/bench/k6/tail-latency.js
        output: -

     scenarios: (100.00%) 1 scenario, 3000 max VUs, 8m0s max duration (incl. graceful stop):
              * tail_open_loop: Up to 20000.00 iterations/s for 7m30s over 5 stages (maxVUs: 300-3000, gracefulStop: 30s)


running (0m01.0s), 0015/0300 VUs, 1926 complete and 0 interrupted iterations
tail_open_loop   [   0% ] 0015/0300 VUs  0m01.0s/7m30s  02000.00 iters/s

running (0m02.0s), 0003/0300 VUs, 3938 complete and 0 interrupted iterations
tail_open_loop   [   0% ] 0003/0300 VUs  0m02.0s/7m30s  02000.00 iters/s

running (0m03.0s), 0002/0300 VUs, 5940 complete and 0 interrupted iterations
tail_open_loop   [   1% ] 0002/0300 VUs  0m03.0s/7m30s  02000.00 iters/s

running (0m04.0s), 0003/0300 VUs, 7939 complete and 0 interrupted iterations
tail_open_loop   [   1% ] 0003/0300 VUs  0m04.0s/7m30s  02000.00 iters/s

running (0m05.0s), 0002/0300 VUs, 9937 complete and 0 interrupted iterations
tail_open_loop   [   1% ] 0002/0300 VUs  0m05.0s/7m30s  02000.00 iters/s

running (0m06.0s), 0004/0300 VUs, 11937 complete and 0 interrupted iterations
tail_open_loop   [   1% ] 0004/0300 VUs  0m06.0s/7m30s  02000.00 iters/s

running (0m07.0s), 0003/0300 VUs, 13938 complete and 0 interrupted iterations
tail_open_loop   [   2% ] 0003/0300 VUs  0m07.0s/7m30s  02000.00 iters/s

running (0m08.0s), 0003/0300 VUs, 15938 complete and 0 interrupted iterations
tail_open_loop   [   2% ] 0003/0300 VUs  0m08.0s/7m30s  02000.00 iters/s

running (0m09.0s), 0004/0300 VUs, 17937 complete and 0 interrupted iterations
tail_open_loop   [   2% ] 0004/0300 VUs  0m09.0s/7m30s  02000.00 iters/s

running (0m10.0s), 0005/0300 VUs, 19935 complete and 0 interrupted iterations
tail_open_loop   [   2% ] 0005/0300 VUs  0m10.0s/7m30s  02000.00 iters/s

running (0m11.0s), 0006/0300 VUs, 21935 complete and 0 interrupted iterations
tail_open_loop   [   2% ] 0006/0300 VUs  0m11.0s/7m30s  02000.00 iters/s

running (0m12.0s), 0003/0300 VUs, 23937 complete and 0 interrupted iterations
tail_open_loop   [   3% ] 0003/0300 VUs  0m12.0s/7m30s  02000.00 iters/s

running (0m13.0s), 0003/0300 VUs, 25938 complete and 0 interrupted iterations
tail_open_loop   [   3% ] 0003/0300 VUs  0m13.0s/7m30s  02000.00 iters/s

running (0m14.0s), 0003/0300 VUs, 27938 complete and 0 interrupted iterations
tail_open_loop   [   3% ] 0003/0300 VUs  0m14.0s/7m30s  02000.00 iters/s

running (0m15.0s), 0003/0300 VUs, 29938 complete and 0 interrupted iterations
tail_open_loop   [   3% ] 0003/0300 VUs  0m15.0s/7m30s  02000.00 iters/s

running (0m16.0s), 0002/0300 VUs, 31939 complete and 0 interrupted iterations
tail_open_loop   [   4% ] 0002/0300 VUs  0m16.0s/7m30s  02000.00 iters/s

running (0m17.0s), 0003/0300 VUs, 33938 complete and 0 interrupted iterations
tail_open_loop   [   4% ] 0003/0300 VUs  0m17.0s/7m30s  02000.00 iters/s

running (0m18.0s), 0002/0300 VUs, 35939 complete and 0 interrupted iterations
tail_open_loop   [   4% ] 0002/0300 VUs  0m18.0s/7m30s  02000.00 iters/s

running (0m19.0s), 0002/0300 VUs, 37940 complete and 0 interrupted iterations
tail_open_loop   [   4% ] 0002/0300 VUs  0m19.0s/7m30s  02000.00 iters/s

running (0m20.0s), 0002/0300 VUs, 39939 complete and 0 interrupted iterations
tail_open_loop   [   4% ] 0002/0300 VUs  0m20.0s/7m30s  02000.00 iters/s

running (0m21.0s), 0002/0300 VUs, 41939 complete and 0 interrupted iterations
tail_open_loop   [   5% ] 0002/0300 VUs  0m21.0s/7m30s  02000.00 iters/s

running (0m22.0s), 0002/0300 VUs, 43939 complete and 0 interrupted iterations
tail_open_loop   [   5% ] 0002/0300 VUs  0m22.0s/7m30s  02000.00 iters/s

running (0m23.0s), 0006/0300 VUs, 45939 complete and 0 interrupted iterations
tail_open_loop   [   5% ] 0006/0300 VUs  0m23.0s/7m30s  02000.00 iters/s

running (0m24.0s), 0002/0300 VUs, 47940 complete and 0 interrupted iterations
tail_open_loop   [   5% ] 0002/0300 VUs  0m24.0s/7m30s  02000.00 iters/s

running (0m25.0s), 0003/0300 VUs, 49939 complete and 0 interrupted iterations
tail_open_loop   [   6% ] 0003/0300 VUs  0m25.0s/7m30s  02000.00 iters/s

running (0m26.0s), 0003/0300 VUs, 51938 complete and 0 interrupted iterations
tail_open_loop   [   6% ] 0003/0300 VUs  0m26.0s/7m30s  02000.00 iters/s

running (0m27.0s), 0004/0300 VUs, 53937 complete and 0 interrupted iterations
tail_open_loop   [   6% ] 0004/0300 VUs  0m27.0s/7m30s  02000.00 iters/s

running (0m28.0s), 0003/0300 VUs, 55939 complete and 0 interrupted iterations
tail_open_loop   [   6% ] 0003/0300 VUs  0m28.0s/7m30s  02000.00 iters/s

running (0m29.0s), 0005/0300 VUs, 57936 complete and 0 interrupted iterations
tail_open_loop   [   6% ] 0005/0300 VUs  0m29.0s/7m30s  02000.00 iters/s

running (0m30.0s), 0003/0300 VUs, 59938 complete and 0 interrupted iterations
tail_open_loop   [   7% ] 0003/0300 VUs  0m30.0s/7m30s  02000.00 iters/s

running (0m31.0s), 0005/0300 VUs, 61936 complete and 0 interrupted iterations
tail_open_loop   [   7% ] 0005/0300 VUs  0m31.0s/7m30s  02000.00 iters/s

running (0m32.0s), 0002/0300 VUs, 63939 complete and 0 interrupted iterations
tail_open_loop   [   7% ] 0002/0300 VUs  0m32.0s/7m30s  02000.00 iters/s

running (0m33.0s), 0003/0300 VUs, 65938 complete and 0 interrupted iterations
tail_open_loop   [   7% ] 0003/0300 VUs  0m33.0s/7m30s  02000.00 iters/s

running (0m34.0s), 0002/0300 VUs, 67940 complete and 0 interrupted iterations
tail_open_loop   [   8% ] 0002/0300 VUs  0m34.0s/7m30s  02000.00 iters/s

running (0m35.0s), 0003/0300 VUs, 69937 complete and 0 interrupted iterations
tail_open_loop   [   8% ] 0003/0300 VUs  0m35.0s/7m30s  02000.00 iters/s

running (0m36.0s), 0003/0300 VUs, 71938 complete and 0 interrupted iterations
tail_open_loop   [   8% ] 0003/0300 VUs  0m36.0s/7m30s  02000.00 iters/s

running (0m37.0s), 0003/0300 VUs, 73938 complete and 0 interrupted iterations
tail_open_loop   [   8% ] 0003/0300 VUs  0m37.0s/7m30s  02000.00 iters/s

running (0m38.0s), 0002/0300 VUs, 75941 complete and 0 interrupted iterations
tail_open_loop   [   8% ] 0002/0300 VUs  0m38.0s/7m30s  02000.00 iters/s

running (0m39.0s), 0002/0300 VUs, 77940 complete and 0 interrupted iterations
tail_open_loop   [   9% ] 0002/0300 VUs  0m39.0s/7m30s  02000.00 iters/s

running (0m40.0s), 0003/0300 VUs, 79938 complete and 0 interrupted iterations
tail_open_loop   [   9% ] 0003/0300 VUs  0m40.0s/7m30s  02000.00 iters/s

running (0m41.0s), 0003/0300 VUs, 81938 complete and 0 interrupted iterations
tail_open_loop   [   9% ] 0003/0300 VUs  0m41.0s/7m30s  02000.00 iters/s

running (0m42.0s), 0002/0300 VUs, 83940 complete and 0 interrupted iterations
tail_open_loop   [   9% ] 0002/0300 VUs  0m42.0s/7m30s  02000.00 iters/s

running (0m43.0s), 0001/0300 VUs, 85940 complete and 0 interrupted iterations
tail_open_loop   [  10% ] 0001/0300 VUs  0m43.0s/7m30s  02000.00 iters/s

running (0m44.0s), 0003/0300 VUs, 87938 complete and 0 interrupted iterations
tail_open_loop   [  10% ] 0003/0300 VUs  0m44.0s/7m30s  02000.00 iters/s

running (0m45.0s), 0003/0300 VUs, 89938 complete and 0 interrupted iterations
tail_open_loop   [  10% ] 0003/0300 VUs  0m45.0s/7m30s  02000.00 iters/s

running (0m46.0s), 0003/0300 VUs, 91939 complete and 0 interrupted iterations
tail_open_loop   [  10% ] 0003/0300 VUs  0m46.0s/7m30s  02000.00 iters/s

running (0m47.0s), 0017/0300 VUs, 93924 complete and 0 interrupted iterations
tail_open_loop   [  10% ] 0017/0300 VUs  0m47.0s/7m30s  02000.00 iters/s

running (0m48.0s), 0005/0300 VUs, 95936 complete and 0 interrupted iterations
tail_open_loop   [  11% ] 0005/0300 VUs  0m48.0s/7m30s  02000.00 iters/s

running (0m49.0s), 0005/0300 VUs, 97936 complete and 0 interrupted iterations
tail_open_loop   [  11% ] 0005/0300 VUs  0m49.0s/7m30s  02000.00 iters/s

running (0m50.0s), 0006/0300 VUs, 99935 complete and 0 interrupted iterations
tail_open_loop   [  11% ] 0006/0300 VUs  0m50.0s/7m30s  02000.00 iters/s

running (0m51.0s), 0006/0300 VUs, 101936 complete and 0 interrupted iterations
tail_open_loop   [  11% ] 0006/0300 VUs  0m51.0s/7m30s  02000.00 iters/s

running (0m52.0s), 0005/0300 VUs, 103935 complete and 0 interrupted iterations
tail_open_loop   [  12% ] 0005/0300 VUs  0m52.0s/7m30s  02000.00 iters/s

running (0m53.0s), 0004/0300 VUs, 105936 complete and 0 interrupted iterations
tail_open_loop   [  12% ] 0004/0300 VUs  0m53.0s/7m30s  02000.00 iters/s

running (0m54.0s), 0002/0300 VUs, 107938 complete and 0 interrupted iterations
tail_open_loop   [  12% ] 0002/0300 VUs  0m54.0s/7m30s  02000.00 iters/s

running (0m55.0s), 0005/0300 VUs, 109937 complete and 0 interrupted iterations
tail_open_loop   [  12% ] 0005/0300 VUs  0m55.0s/7m30s  02000.00 iters/s

running (0m56.0s), 0003/0300 VUs, 111938 complete and 0 interrupted iterations
tail_open_loop   [  12% ] 0003/0300 VUs  0m56.0s/7m30s  02000.00 iters/s

running (0m57.0s), 0004/0300 VUs, 113938 complete and 0 interrupted iterations
tail_open_loop   [  13% ] 0004/0300 VUs  0m57.0s/7m30s  02000.00 iters/s

running (0m58.0s), 0004/0300 VUs, 115937 complete and 0 interrupted iterations
tail_open_loop   [  13% ] 0004/0300 VUs  0m58.0s/7m30s  02000.00 iters/s

running (0m59.0s), 0003/0300 VUs, 117938 complete and 0 interrupted iterations
tail_open_loop   [  13% ] 0003/0300 VUs  0m59.0s/7m30s  02000.00 iters/s

running (1m00.0s), 0003/0300 VUs, 119939 complete and 0 interrupted iterations
tail_open_loop   [  13% ] 0003/0300 VUs  1m00.0s/7m30s  02000.00 iters/s

running (1m01.0s), 0001/0300 VUs, 121940 complete and 0 interrupted iterations
tail_open_loop   [  14% ] 0001/0300 VUs  1m01.0s/7m30s  02000.00 iters/s

running (1m02.0s), 0001/0300 VUs, 123941 complete and 0 interrupted iterations
tail_open_loop   [  14% ] 0001/0300 VUs  1m02.0s/7m30s  02000.00 iters/s

running (1m03.0s), 0002/0300 VUs, 125941 complete and 0 interrupted iterations
tail_open_loop   [  14% ] 0002/0300 VUs  1m03.0s/7m30s  02000.00 iters/s

running (1m04.0s), 0003/0300 VUs, 127939 complete and 0 interrupted iterations
tail_open_loop   [  14% ] 0003/0300 VUs  1m04.0s/7m30s  02000.00 iters/s

running (1m05.0s), 0002/0300 VUs, 129938 complete and 0 interrupted iterations
tail_open_loop   [  14% ] 0002/0300 VUs  1m05.0s/7m30s  02000.00 iters/s

running (1m06.0s), 0003/0300 VUs, 131938 complete and 0 interrupted iterations
tail_open_loop   [  15% ] 0003/0300 VUs  1m06.0s/7m30s  02000.00 iters/s

running (1m07.0s), 0005/0300 VUs, 133937 complete and 0 interrupted iterations
tail_open_loop   [  15% ] 0004/0300 VUs  1m07.0s/7m30s  02000.00 iters/s

running (1m08.0s), 0004/0300 VUs, 135937 complete and 0 interrupted iterations
tail_open_loop   [  15% ] 0004/0300 VUs  1m08.0s/7m30s  02000.00 iters/s

running (1m09.0s), 0005/0300 VUs, 137938 complete and 0 interrupted iterations
tail_open_loop   [  15% ] 0005/0300 VUs  1m09.0s/7m30s  02000.00 iters/s

running (1m10.0s), 0003/0300 VUs, 139938 complete and 0 interrupted iterations
tail_open_loop   [  16% ] 0004/0300 VUs  1m10.0s/7m30s  02000.00 iters/s

running (1m11.0s), 0002/0300 VUs, 141938 complete and 0 interrupted iterations
tail_open_loop   [  16% ] 0002/0300 VUs  1m11.0s/7m30s  02000.00 iters/s

running (1m12.0s), 0004/0300 VUs, 143937 complete and 0 interrupted iterations
tail_open_loop   [  16% ] 0004/0300 VUs  1m12.0s/7m30s  02000.00 iters/s

running (1m13.0s), 0003/0300 VUs, 145937 complete and 0 interrupted iterations
tail_open_loop   [  16% ] 0001/0300 VUs  1m13.0s/7m30s  02000.00 iters/s

running (1m14.0s), 0003/0300 VUs, 147940 complete and 0 interrupted iterations
tail_open_loop   [  16% ] 0003/0300 VUs  1m14.0s/7m30s  02000.00 iters/s

running (1m15.0s), 0004/0300 VUs, 149937 complete and 0 interrupted iterations
tail_open_loop   [  17% ] 0004/0300 VUs  1m15.0s/7m30s  02000.00 iters/s

running (1m16.0s), 0002/0300 VUs, 151938 complete and 0 interrupted iterations
tail_open_loop   [  17% ] 0002/0300 VUs  1m16.0s/7m30s  02000.00 iters/s

running (1m17.0s), 0002/0300 VUs, 153940 complete and 0 interrupted iterations
tail_open_loop   [  17% ] 0002/0300 VUs  1m17.0s/7m30s  02000.00 iters/s

running (1m18.0s), 0002/0300 VUs, 155939 complete and 0 interrupted iterations
tail_open_loop   [  17% ] 0002/0300 VUs  1m18.0s/7m30s  02000.00 iters/s

running (1m19.0s), 0002/0300 VUs, 157939 complete and 0 interrupted iterations
tail_open_loop   [  18% ] 0002/0300 VUs  1m19.0s/7m30s  02000.00 iters/s

running (1m20.0s), 0002/0300 VUs, 159939 complete and 0 interrupted iterations
tail_open_loop   [  18% ] 0002/0300 VUs  1m20.0s/7m30s  02000.00 iters/s

running (1m21.0s), 0002/0300 VUs, 161939 complete and 0 interrupted iterations
tail_open_loop   [  18% ] 0002/0300 VUs  1m21.0s/7m30s  02000.00 iters/s

running (1m22.0s), 0007/0300 VUs, 163934 complete and 0 interrupted iterations
tail_open_loop   [  18% ] 0006/0300 VUs  1m22.0s/7m30s  02000.00 iters/s

running (1m23.0s), 0002/0300 VUs, 165939 complete and 0 interrupted iterations
tail_open_loop   [  18% ] 0002/0300 VUs  1m23.0s/7m30s  02000.00 iters/s

running (1m24.0s), 0003/0300 VUs, 167939 complete and 0 interrupted iterations
tail_open_loop   [  19% ] 0003/0300 VUs  1m24.0s/7m30s  02000.00 iters/s

running (1m25.0s), 0003/0300 VUs, 169939 complete and 0 interrupted iterations
tail_open_loop   [  19% ] 0003/0300 VUs  1m25.0s/7m30s  02000.00 iters/s

running (1m26.0s), 0003/0300 VUs, 171938 complete and 0 interrupted iterations
tail_open_loop   [  19% ] 0003/0300 VUs  1m26.0s/7m30s  02000.00 iters/s

running (1m27.0s), 0001/0300 VUs, 173939 complete and 0 interrupted iterations
tail_open_loop   [  19% ] 0001/0300 VUs  1m27.0s/7m30s  02000.00 iters/s

running (1m28.0s), 0003/0300 VUs, 175938 complete and 0 interrupted iterations
tail_open_loop   [  20% ] 0003/0300 VUs  1m28.0s/7m30s  02000.00 iters/s

running (1m29.0s), 0003/0300 VUs, 177937 complete and 0 interrupted iterations
tail_open_loop   [  20% ] 0003/0300 VUs  1m29.0s/7m30s  02000.00 iters/s

running (1m30.0s), 0004/0300 VUs, 179936 complete and 0 interrupted iterations
tail_open_loop   [  20% ] 0005/0300 VUs  1m30.0s/7m30s  02000.00 iters/s

running (1m31.0s), 0004/0300 VUs, 181954 complete and 0 interrupted iterations
tail_open_loop   [  20% ] 0004/0300 VUs  1m31.0s/7m30s  02032.38 iters/s

running (1m32.0s), 0006/0300 VUs, 184000 complete and 0 interrupted iterations
tail_open_loop   [  20% ] 0006/0300 VUs  1m32.0s/7m30s  02065.69 iters/s

running (1m33.0s), 0005/0300 VUs, 186083 complete and 0 interrupted iterations
tail_open_loop   [  21% ] 0005/0300 VUs  1m33.0s/7m30s  02099.02 iters/s

running (1m34.0s), 0003/0300 VUs, 188200 complete and 0 interrupted iterations
tail_open_loop   [  21% ] 0003/0300 VUs  1m34.0s/7m30s  02132.35 iters/s

running (1m35.0s), 0006/0300 VUs, 190347 complete and 0 interrupted iterations
tail_open_loop   [  21% ] 0006/0300 VUs  1m35.0s/7m30s  02165.69 iters/s

running (1m36.0s), 0004/0300 VUs, 192531 complete and 0 interrupted iterations
tail_open_loop   [  21% ] 0004/0300 VUs  1m36.0s/7m30s  02199.02 iters/s

running (1m37.0s), 0003/0300 VUs, 194748 complete and 0 interrupted iterations
tail_open_loop   [  22% ] 0003/0300 VUs  1m37.0s/7m30s  02232.36 iters/s

running (1m38.0s), 0007/0300 VUs, 196990 complete and 0 interrupted iterations
tail_open_loop   [  22% ] 0007/0300 VUs  1m38.0s/7m30s  02265.65 iters/s

running (1m39.0s), 0002/0300 VUs, 199280 complete and 0 interrupted iterations
tail_open_loop   [  22% ] 0002/0300 VUs  1m39.0s/7m30s  02299.02 iters/s

running (1m40.0s), 0003/0300 VUs, 201595 complete and 0 interrupted iterations
tail_open_loop   [  22% ] 0003/0300 VUs  1m40.0s/7m30s  02332.36 iters/s

running (1m41.0s), 0004/0300 VUs, 203943 complete and 0 interrupted iterations
tail_open_loop   [  22% ] 0004/0300 VUs  1m41.0s/7m30s  02365.69 iters/s

running (1m42.0s), 0004/0300 VUs, 206327 complete and 0 interrupted iterations
tail_open_loop   [  23% ] 0004/0300 VUs  1m42.0s/7m30s  02399.05 iters/s

running (1m43.0s), 0004/0300 VUs, 208741 complete and 0 interrupted iterations
tail_open_loop   [  23% ] 0004/0300 VUs  1m43.0s/7m30s  02432.36 iters/s

running (1m44.0s), 0003/0300 VUs, 211191 complete and 0 interrupted iterations
tail_open_loop   [  23% ] 0003/0300 VUs  1m44.0s/7m30s  02465.69 iters/s

running (1m45.0s), 0002/0300 VUs, 213673 complete and 0 interrupted iterations
tail_open_loop   [  23% ] 0002/0300 VUs  1m45.0s/7m30s  02499.01 iters/s

running (1m46.0s), 0005/0300 VUs, 216187 complete and 0 interrupted iterations
tail_open_loop   [  24% ] 0004/0300 VUs  1m46.0s/7m30s  02532.36 iters/s

running (1m47.0s), 0004/0300 VUs, 218736 complete and 0 interrupted iterations
tail_open_loop   [  24% ] 0004/0300 VUs  1m47.0s/7m30s  02565.68 iters/s

running (1m48.0s), 0004/0300 VUs, 221318 complete and 0 interrupted iterations
tail_open_loop   [  24% ] 0004/0300 VUs  1m48.0s/7m30s  02599.01 iters/s

running (1m49.0s), 0007/0300 VUs, 223932 complete and 0 interrupted iterations
tail_open_loop   [  24% ] 0007/0300 VUs  1m49.0s/7m30s  02632.35 iters/s

running (1m50.0s), 0007/0300 VUs, 226582 complete and 0 interrupted iterations
tail_open_loop   [  24% ] 0007/0300 VUs  1m50.0s/7m30s  02665.70 iters/s

running (1m51.0s), 0007/0300 VUs, 229263 complete and 0 interrupted iterations
tail_open_loop   [  25% ] 0007/0300 VUs  1m51.0s/7m30s  02699.03 iters/s

running (1m52.0s), 0005/0300 VUs, 231978 complete and 0 interrupted iterations
tail_open_loop   [  25% ] 0005/0300 VUs  1m52.0s/7m30s  02732.32 iters/s

running (1m53.0s), 0006/0300 VUs, 234729 complete and 0 interrupted iterations
tail_open_loop   [  25% ] 0006/0300 VUs  1m53.0s/7m30s  02765.69 iters/s

running (1m54.0s), 0006/0300 VUs, 237512 complete and 0 interrupted iterations
tail_open_loop   [  25% ] 0006/0300 VUs  1m54.0s/7m30s  02799.03 iters/s

running (1m55.0s), 0005/0300 VUs, 240329 complete and 0 interrupted iterations
tail_open_loop   [  26% ] 0005/0300 VUs  1m55.0s/7m30s  02832.37 iters/s

running (1m56.0s), 0004/0300 VUs, 243178 complete and 0 interrupted iterations
tail_open_loop   [  26% ] 0004/0300 VUs  1m56.0s/7m30s  02865.68 iters/s

running (1m57.0s), 0006/0300 VUs, 246059 complete and 0 interrupted iterations
tail_open_loop   [  26% ] 0006/0300 VUs  1m57.0s/7m30s  02899.03 iters/s

running (1m58.0s), 0006/0300 VUs, 248974 complete and 0 interrupted iterations
tail_open_loop   [  26% ] 0006/0300 VUs  1m58.0s/7m30s  02932.35 iters/s

running (1m59.0s), 0004/0300 VUs, 251923 complete and 0 interrupted iterations
tail_open_loop   [  26% ] 0004/0300 VUs  1m59.0s/7m30s  02965.66 iters/s

running (2m00.0s), 0006/0301 VUs, 254905 complete and 0 interrupted iterations
tail_open_loop   [  27% ] 0006/0301 VUs  2m00.0s/7m30s  02999.02 iters/s

running (2m01.0s), 0005/0301 VUs, 257921 complete and 0 interrupted iterations
tail_open_loop   [  27% ] 0005/0301 VUs  2m01.0s/7m30s  03032.35 iters/s

running (2m02.0s), 0006/0301 VUs, 260970 complete and 0 interrupted iterations
tail_open_loop   [  27% ] 0006/0301 VUs  2m02.0s/7m30s  03065.70 iters/s

running (2m03.0s), 0006/0301 VUs, 264052 complete and 0 interrupted iterations
tail_open_loop   [  27% ] 0006/0301 VUs  2m03.0s/7m30s  03099.03 iters/s

running (2m04.0s), 0005/0301 VUs, 267171 complete and 0 interrupted iterations
tail_open_loop   [  28% ] 0005/0301 VUs  2m04.0s/7m30s  03132.39 iters/s

running (2m05.0s), 0005/0301 VUs, 270320 complete and 0 interrupted iterations
tail_open_loop   [  28% ] 0005/0301 VUs  2m05.0s/7m30s  03165.72 iters/s

running (2m06.0s), 0005/0301 VUs, 273500 complete and 0 interrupted iterations
tail_open_loop   [  28% ] 0005/0301 VUs  2m06.0s/7m30s  03199.04 iters/s

running (2m07.0s), 0009/0301 VUs, 276712 complete and 0 interrupted iterations
tail_open_loop   [  28% ] 0009/0301 VUs  2m07.0s/7m30s  03232.37 iters/s

running (2m08.0s), 0006/0301 VUs, 279964 complete and 0 interrupted iterations
tail_open_loop   [  28% ] 0006/0301 VUs  2m08.0s/7m30s  03265.69 iters/s

running (2m09.0s), 0007/0301 VUs, 283245 complete and 0 interrupted iterations
tail_open_loop   [  29% ] 0007/0301 VUs  2m09.0s/7m30s  03299.02 iters/s

running (2m10.0s), 0006/0301 VUs, 286563 complete and 0 interrupted iterations
tail_open_loop   [  29% ] 0006/0301 VUs  2m10.0s/7m30s  03332.37 iters/s

running (2m11.0s), 0007/0301 VUs, 289909 complete and 0 interrupted iterations
tail_open_loop   [  29% ] 0007/0301 VUs  2m11.0s/7m30s  03365.70 iters/s

running (2m12.0s), 0010/0301 VUs, 293289 complete and 0 interrupted iterations
tail_open_loop   [  29% ] 0010/0301 VUs  2m12.0s/7m30s  03399.03 iters/s

running (2m13.0s), 0008/0301 VUs, 296707 complete and 0 interrupted iterations
tail_open_loop   [  30% ] 0008/0301 VUs  2m13.0s/7m30s  03432.37 iters/s

running (2m14.0s), 0006/0301 VUs, 300156 complete and 0 interrupted iterations
tail_open_loop   [  30% ] 0006/0301 VUs  2m14.0s/7m30s  03465.68 iters/s

running (2m15.0s), 0010/0301 VUs, 303636 complete and 0 interrupted iterations
tail_open_loop   [  30% ] 0010/0301 VUs  2m15.0s/7m30s  03499.02 iters/s

running (2m16.0s), 0005/0301 VUs, 307155 complete and 0 interrupted iterations
tail_open_loop   [  30% ] 0005/0301 VUs  2m16.0s/7m30s  03532.33 iters/s

running (2m17.0s), 0010/0301 VUs, 310700 complete and 0 interrupted iterations
tail_open_loop   [  30% ] 0010/0301 VUs  2m17.0s/7m30s  03565.69 iters/s

running (2m18.0s), 0012/0301 VUs, 314281 complete and 0 interrupted iterations
tail_open_loop   [  31% ] 0012/0301 VUs  2m18.0s/7m30s  03599.03 iters/s

running (2m19.0s), 0010/0301 VUs, 317899 complete and 0 interrupted iterations
tail_open_loop   [  31% ] 0010/0301 VUs  2m19.0s/7m30s  03632.36 iters/s

running (2m20.0s), 0010/0301 VUs, 321548 complete and 0 interrupted iterations
tail_open_loop   [  31% ] 0011/0301 VUs  2m20.0s/7m30s  03665.72 iters/s

running (2m21.0s), 0006/0301 VUs, 325235 complete and 0 interrupted iterations
tail_open_loop   [  31% ] 0006/0301 VUs  2m21.0s/7m30s  03699.03 iters/s

running (2m22.0s), 0009/0301 VUs, 328948 complete and 0 interrupted iterations
tail_open_loop   [  32% ] 0009/0301 VUs  2m22.0s/7m30s  03732.36 iters/s

running (2m23.0s), 0008/0301 VUs, 332697 complete and 0 interrupted iterations
tail_open_loop   [  32% ] 0008/0301 VUs  2m23.0s/7m30s  03765.70 iters/s

running (2m24.0s), 0007/0301 VUs, 336479 complete and 0 interrupted iterations
tail_open_loop   [  32% ] 0007/0301 VUs  2m24.0s/7m30s  03799.02 iters/s

running (2m25.0s), 0010/0301 VUs, 340292 complete and 0 interrupted iterations
tail_open_loop   [  32% ] 0010/0301 VUs  2m25.0s/7m30s  03832.36 iters/s

running (2m26.0s), 0017/0301 VUs, 344135 complete and 0 interrupted iterations
tail_open_loop   [  32% ] 0017/0301 VUs  2m26.0s/7m30s  03865.69 iters/s

running (2m27.0s), 0009/0301 VUs, 348022 complete and 0 interrupted iterations
tail_open_loop   [  33% ] 0009/0301 VUs  2m27.0s/7m30s  03899.00 iters/s

running (2m28.0s), 0011/0301 VUs, 351940 complete and 0 interrupted iterations
tail_open_loop   [  33% ] 0011/0301 VUs  2m28.0s/7m30s  03932.36 iters/s

running (2m29.0s), 0009/0301 VUs, 355890 complete and 0 interrupted iterations
tail_open_loop   [  33% ] 0009/0301 VUs  2m29.0s/7m30s  03965.69 iters/s

running (2m30.0s), 0010/0301 VUs, 359870 complete and 0 interrupted iterations
tail_open_loop   [  33% ] 0010/0301 VUs  2m30.0s/7m30s  03999.01 iters/s

running (2m31.0s), 0012/0301 VUs, 363885 complete and 0 interrupted iterations
tail_open_loop   [  34% ] 0012/0301 VUs  2m31.0s/7m30s  04032.36 iters/s

running (2m32.0s), 0010/0301 VUs, 367936 complete and 0 interrupted iterations
tail_open_loop   [  34% ] 0010/0301 VUs  2m32.0s/7m30s  04065.69 iters/s

running (2m33.0s), 0163/0301 VUs, 371829 complete and 0 interrupted iterations
tail_open_loop   [  34% ] 0163/0301 VUs  2m33.0s/7m30s  04098.81 iters/s

running (2m34.0s), 0009/0305 VUs, 376084 complete and 0 interrupted iterations
tail_open_loop   [  34% ] 0009/0305 VUs  2m34.0s/7m30s  04132.33 iters/s

running (2m35.0s), 0015/0305 VUs, 380230 complete and 0 interrupted iterations
tail_open_loop   [  34% ] 0015/0305 VUs  2m35.0s/7m30s  04165.69 iters/s

running (2m36.0s), 0011/0305 VUs, 384417 complete and 0 interrupted iterations
tail_open_loop   [  35% ] 0011/0305 VUs  2m36.0s/7m30s  04199.03 iters/s

running (2m37.0s), 0012/0305 VUs, 388631 complete and 0 interrupted iterations
tail_open_loop   [  35% ] 0012/0305 VUs  2m37.0s/7m30s  04232.36 iters/s

running (2m38.0s), 0014/0305 VUs, 392881 complete and 0 interrupted iterations
tail_open_loop   [  35% ] 0014/0305 VUs  2m38.0s/7m30s  04265.72 iters/s

running (2m39.0s), 0027/0305 VUs, 397148 complete and 0 interrupted iterations
tail_open_loop   [  35% ] 0027/0305 VUs  2m39.0s/7m30s  04299.02 iters/s

running (2m40.0s), 0014/0305 VUs, 401474 complete and 0 interrupted iterations
tail_open_loop   [  36% ] 0014/0305 VUs  2m40.0s/7m30s  04332.34 iters/s

running (2m41.0s), 0011/0305 VUs, 405828 complete and 0 interrupted iterations
tail_open_loop   [  36% ] 0011/0305 VUs  2m41.0s/7m30s  04365.69 iters/s

running (2m42.0s), 0018/0305 VUs, 410200 complete and 0 interrupted iterations
tail_open_loop   [  36% ] 0017/0305 VUs  2m42.0s/7m30s  04398.99 iters/s

running (2m43.0s), 0008/0305 VUs, 414629 complete and 0 interrupted iterations
tail_open_loop   [  36% ] 0008/0305 VUs  2m43.0s/7m30s  04432.35 iters/s

running (2m44.0s), 0008/0305 VUs, 419080 complete and 0 interrupted iterations
tail_open_loop   [  36% ] 0008/0305 VUs  2m44.0s/7m30s  04465.72 iters/s

running (2m45.0s), 0011/0305 VUs, 423558 complete and 0 interrupted iterations
tail_open_loop   [  37% ] 0011/0305 VUs  2m45.0s/7m30s  04499.03 iters/s

running (2m46.0s), 0009/0305 VUs, 428075 complete and 0 interrupted iterations
tail_open_loop   [  37% ] 0009/0305 VUs  2m46.0s/7m30s  04532.35 iters/s

running (2m47.0s), 0009/0305 VUs, 432624 complete and 0 interrupted iterations
tail_open_loop   [  37% ] 0008/0305 VUs  2m47.0s/7m30s  04565.69 iters/s

running (2m48.0s), 0013/0305 VUs, 437204 complete and 0 interrupted iterations
tail_open_loop   [  37% ] 0013/0305 VUs  2m48.0s/7m30s  04599.01 iters/s

running (2m49.0s), 0010/0305 VUs, 441823 complete and 0 interrupted iterations
tail_open_loop   [  38% ] 0010/0305 VUs  2m49.0s/7m30s  04632.37 iters/s

running (2m50.0s), 0013/0305 VUs, 446468 complete and 0 interrupted iterations
tail_open_loop   [  38% ] 0013/0305 VUs  2m50.0s/7m30s  04665.70 iters/s

running (2m51.0s), 0011/0305 VUs, 451152 complete and 0 interrupted iterations
tail_open_loop   [  38% ] 0011/0305 VUs  2m51.0s/7m30s  04699.03 iters/s

running (2m52.0s), 0007/0305 VUs, 455864 complete and 0 interrupted iterations
tail_open_loop   [  38% ] 0007/0305 VUs  2m52.0s/7m30s  04732.32 iters/s

running (2m53.0s), 0018/0305 VUs, 460610 complete and 0 interrupted iterations
tail_open_loop   [  38% ] 0018/0305 VUs  2m53.0s/7m30s  04765.69 iters/s

running (2m54.0s), 0020/0305 VUs, 465389 complete and 0 interrupted iterations
tail_open_loop   [  39% ] 0020/0305 VUs  2m54.0s/7m30s  04799.02 iters/s

running (2m55.0s), 0048/0305 VUs, 470177 complete and 0 interrupted iterations
tail_open_loop   [  39% ] 0048/0305 VUs  2m55.0s/7m30s  04832.37 iters/s

running (2m56.0s), 0018/0305 VUs, 475057 complete and 0 interrupted iterations
tail_open_loop   [  39% ] 0018/0305 VUs  2m56.0s/7m30s  04865.68 iters/s

running (2m57.0s), 0015/0305 VUs, 479945 complete and 0 interrupted iterations
tail_open_loop   [  39% ] 0015/0305 VUs  2m57.0s/7m30s  04899.03 iters/s

running (2m58.0s), 0011/0305 VUs, 484860 complete and 0 interrupted iterations
tail_open_loop   [  40% ] 0011/0305 VUs  2m58.0s/7m30s  04932.35 iters/s

running (2m59.0s), 0009/0305 VUs, 489819 complete and 0 interrupted iterations
tail_open_loop   [  40% ] 0009/0305 VUs  2m59.0s/7m30s  04965.74 iters/s

running (3m00.0s), 0022/0305 VUs, 494782 complete and 0 interrupted iterations
tail_open_loop   [  40% ] 0022/0305 VUs  3m00.0s/7m30s  04999.03 iters/s

running (3m01.0s), 0015/0305 VUs, 499810 complete and 0 interrupted iterations
tail_open_loop   [  40% ] 0015/0305 VUs  3m01.0s/7m30s  05053.87 iters/s

running (3m02.0s), 0016/0305 VUs, 504896 complete and 0 interrupted iterations
tail_open_loop   [  40% ] 0016/0305 VUs  3m02.0s/7m30s  05109.50 iters/s

running (3m03.0s), 0017/0305 VUs, 510032 complete and 0 interrupted iterations
tail_open_loop   [  41% ] 0017/0305 VUs  3m03.0s/7m30s  05165.05 iters/s

running (3m04.0s), 0019/0305 VUs, 515227 complete and 0 interrupted iterations
tail_open_loop   [  41% ] 0019/0305 VUs  3m04.0s/7m30s  05220.65 iters/s

running (3m05.0s), 0014/0305 VUs, 520472 complete and 0 interrupted iterations
tail_open_loop   [  41% ] 0014/0305 VUs  3m05.0s/7m30s  05276.10 iters/s

running (3m06.0s), 0276/0312 VUs, 525139 complete and 0 interrupted iterations
tail_open_loop   [  41% ] 0276/0312 VUs  3m06.0s/7m30s  05331.71 iters/s

running (3m07.0s), 0035/0325 VUs, 530468 complete and 0 interrupted iterations
tail_open_loop   [  42% ] 0034/0325 VUs  3m07.0s/7m30s  05387.09 iters/s

running (3m08.0s), 0088/0325 VUs, 535852 complete and 0 interrupted iterations
tail_open_loop   [  42% ] 0088/0325 VUs  3m08.0s/7m30s  05442.89 iters/s

running (3m09.0s), 0122/0325 VUs, 541285 complete and 0 interrupted iterations
tail_open_loop   [  42% ] 0122/0325 VUs  3m09.0s/7m30s  05498.37 iters/s

running (3m10.0s), 0009/0325 VUs, 546921 complete and 0 interrupted iterations
tail_open_loop   [  42% ] 0009/0325 VUs  3m10.0s/7m30s  05554.07 iters/s

running (3m11.0s), 0172/0325 VUs, 552340 complete and 0 interrupted iterations
tail_open_loop   [  42% ] 0172/0325 VUs  3m11.0s/7m30s  05609.50 iters/s

running (3m12.0s), 0178/0351 VUs, 557799 complete and 0 interrupted iterations
tail_open_loop   [  43% ] 0178/0351 VUs  3m12.0s/7m30s  05665.02 iters/s

running (3m13.0s), 0162/0351 VUs, 563500 complete and 0 interrupted iterations
tail_open_loop   [  43% ] 0162/0351 VUs  3m13.0s/7m30s  05720.56 iters/s

running (3m14.0s), 0220/0351 VUs, 569197 complete and 0 interrupted iterations
tail_open_loop   [  43% ] 0220/0351 VUs  3m14.0s/7m30s  05776.14 iters/s

running (3m15.0s), 0342/0370 VUs, 574768 complete and 0 interrupted iterations
tail_open_loop   [  43% ] 0341/0370 VUs  3m15.0s/7m30s  05831.69 iters/s

running (3m16.0s), 0354/0388 VUs, 580509 complete and 0 interrupted iterations
tail_open_loop   [  44% ] 0354/0388 VUs  3m16.0s/7m30s  05887.27 iters/s

running (3m17.0s), 0420/0463 VUs, 585870 complete and 0 interrupted iterations
tail_open_loop   [  44% ] 0420/0463 VUs  3m17.0s/7m30s  05942.83 iters/s

running (3m18.0s), 0503/0505 VUs, 591514 complete and 0 interrupted iterations
tail_open_loop   [  44% ] 0503/0505 VUs  3m18.0s/7m30s  05998.40 iters/s

running (3m19.0s), 0587/0624 VUs, 596962 complete and 0 interrupted iterations
tail_open_loop   [  44% ] 0588/0624 VUs  3m19.0s/7m30s  06054.07 iters/s

running (3m20.0s), 0776/0781 VUs, 602224 complete and 0 interrupted iterations
tail_open_loop   [  44% ] 0776/0781 VUs  3m20.0s/7m30s  06109.59 iters/s

running (3m21.0s), 0910/0920 VUs, 607477 complete and 0 interrupted iterations
tail_open_loop   [  45% ] 0910/0920 VUs  3m21.0s/7m30s  06165.04 iters/s

running (3m22.0s), 1062/1084 VUs, 612532 complete and 0 interrupted iterations
tail_open_loop   [  45% ] 1062/1084 VUs  3m22.0s/7m30s  06220.69 iters/s

running (3m23.0s), 1177/1190 VUs, 618071 complete and 0 interrupted iterations
tail_open_loop   [  45% ] 1174/1190 VUs  3m23.0s/7m30s  06276.20 iters/s

running (3m24.0s), 1259/1297 VUs, 623743 complete and 0 interrupted iterations
tail_open_loop   [  45% ] 1259/1297 VUs  3m24.0s/7m30s  06331.60 iters/s

running (3m25.0s), 1439/1457 VUs, 629011 complete and 0 interrupted iterations
tail_open_loop   [  46% ] 1439/1457 VUs  3m25.0s/7m30s  06387.21 iters/s

running (3m26.0s), 1570/1591 VUs, 634652 complete and 0 interrupted iterations
tail_open_loop   [  46% ] 1570/1591 VUs  3m26.0s/7m30s  06442.80 iters/s

running (3m27.0s), 1696/1723 VUs, 639926 complete and 0 interrupted iterations
tail_open_loop   [  46% ] 1696/1723 VUs  3m27.0s/7m30s  06498.36 iters/s

running (3m28.0s), 1940/1947 VUs, 645125 complete and 0 interrupted iterations
tail_open_loop   [  46% ] 1940/1947 VUs  3m28.0s/7m30s  06554.15 iters/s

running (3m29.0s), 2141/2144 VUs, 650096 complete and 0 interrupted iterations
tail_open_loop   [  46% ] 2141/2144 VUs  3m29.0s/7m30s  06609.56 iters/s

running (3m30.0s), 2347/2355 VUs, 655600 complete and 0 interrupted iterations
tail_open_loop   [  47% ] 2347/2355 VUs  3m30.0s/7m30s  06665.07 iters/s

running (3m31.0s), 2492/2557 VUs, 660830 complete and 0 interrupted iterations
tail_open_loop   [  47% ] 2492/2557 VUs  3m31.0s/7m30s  06719.35 iters/s

running (3m32.0s), 2797/2800 VUs, 665304 complete and 0 interrupted iterations
tail_open_loop   [  47% ] 2797/2800 VUs  3m32.0s/7m30s  06776.17 iters/s

running (3m33.0s), 2984/3000 VUs, 670443 complete and 0 interrupted iterations
tail_open_loop   [  47% ] 2984/3000 VUs  3m33.0s/7m30s  06831.67 iters/s

running (3m34.0s), 2983/3000 VUs, 675584 complete and 0 interrupted iterations
tail_open_loop   [  48% ] 2983/3000 VUs  3m34.0s/7m30s  06887.29 iters/s

running (3m35.0s), 2986/3000 VUs, 681266 complete and 0 interrupted iterations
tail_open_loop   [  48% ] 2986/3000 VUs  3m35.0s/7m30s  06942.85 iters/s

running (3m36.0s), 3000/3000 VUs, 687050 complete and 0 interrupted iterations
tail_open_loop   [  48% ] 3000/3000 VUs  3m36.0s/7m30s  06998.39 iters/s

running (3m37.0s), 2991/3000 VUs, 692319 complete and 0 interrupted iterations
tail_open_loop   [  48% ] 2991/3000 VUs  3m37.0s/7m30s  07053.93 iters/s

running (3m38.0s), 2999/3000 VUs, 697573 complete and 0 interrupted iterations
tail_open_loop   [  48% ] 2999/3000 VUs  3m38.0s/7m30s  07109.44 iters/s

running (3m39.0s), 2998/3000 VUs, 702784 complete and 0 interrupted iterations
tail_open_loop   [  49% ] 2998/3000 VUs  3m39.0s/7m30s  07165.02 iters/s

running (3m40.0s), 3000/3000 VUs, 707404 complete and 0 interrupted iterations
tail_open_loop   [  49% ] 3000/3000 VUs  3m40.0s/7m30s  07220.58 iters/s

running (3m41.0s), 2974/3000 VUs, 713210 complete and 0 interrupted iterations
tail_open_loop   [  49% ] 2974/3000 VUs  3m41.0s/7m30s  07276.22 iters/s

running (3m42.0s), 3000/3000 VUs, 718919 complete and 0 interrupted iterations
tail_open_loop   [  49% ] 3000/3000 VUs  3m42.0s/7m30s  07331.70 iters/s

running (3m43.0s), 2998/3000 VUs, 724618 complete and 0 interrupted iterations
tail_open_loop   [  50% ] 2998/3000 VUs  3m43.0s/7m30s  07387.32 iters/s

running (3m44.0s), 2998/3000 VUs, 729697 complete and 0 interrupted iterations
tail_open_loop   [  50% ] 2998/3000 VUs  3m44.0s/7m30s  07442.80 iters/s

running (3m45.0s), 2992/3000 VUs, 735360 complete and 0 interrupted iterations
tail_open_loop   [  50% ] 2992/3000 VUs  3m45.0s/7m30s  07498.39 iters/s

running (3m46.0s), 3000/3000 VUs, 741065 complete and 0 interrupted iterations
tail_open_loop   [  50% ] 3000/3000 VUs  3m46.0s/7m30s  07553.90 iters/s

running (3m47.0s), 2976/3000 VUs, 746779 complete and 0 interrupted iterations
tail_open_loop   [  50% ] 2977/3000 VUs  3m47.0s/7m30s  07609.54 iters/s

running (3m48.0s), 2684/3000 VUs, 752261 complete and 0 interrupted iterations
tail_open_loop   [  51% ] 2684/3000 VUs  3m48.0s/7m30s  07660.72 iters/s

running (3m49.0s), 2996/3000 VUs, 757129 complete and 0 interrupted iterations
tail_open_loop   [  51% ] 2996/3000 VUs  3m49.0s/7m30s  07720.58 iters/s

running (3m50.0s), 2984/3000 VUs, 762715 complete and 0 interrupted iterations
tail_open_loop   [  51% ] 2984/3000 VUs  3m50.0s/7m30s  07776.11 iters/s

running (3m51.0s), 3000/3000 VUs, 768390 complete and 0 interrupted iterations
tail_open_loop   [  51% ] 3000/3000 VUs  3m51.0s/7m30s  07831.77 iters/s

running (3m52.0s), 2999/3000 VUs, 774069 complete and 0 interrupted iterations
tail_open_loop   [  52% ] 2999/3000 VUs  3m52.0s/7m30s  07887.24 iters/s

running (3m53.0s), 3000/3000 VUs, 779222 complete and 0 interrupted iterations
tail_open_loop   [  52% ] 3000/3000 VUs  3m53.0s/7m30s  07942.81 iters/s

running (3m54.0s), 2997/3000 VUs, 784007 complete and 0 interrupted iterations
tail_open_loop   [  52% ] 2996/3000 VUs  3m54.0s/7m30s  07998.40 iters/s

running (3m55.0s), 2974/3000 VUs, 789627 complete and 0 interrupted iterations
tail_open_loop   [  52% ] 2973/3000 VUs  3m55.0s/7m30s  08053.86 iters/s

running (3m56.0s), 2992/3000 VUs, 795271 complete and 0 interrupted iterations
tail_open_loop   [  52% ] 2992/3000 VUs  3m56.0s/7m30s  08109.51 iters/s

running (3m57.0s), 2991/3000 VUs, 800742 complete and 0 interrupted iterations
tail_open_loop   [  53% ] 2991/3000 VUs  3m57.0s/7m30s  08164.93 iters/s

running (3m58.0s), 3000/3000 VUs, 806038 complete and 0 interrupted iterations
tail_open_loop   [  53% ] 3000/3000 VUs  3m58.0s/7m30s  08220.64 iters/s

running (3m59.0s), 2975/3000 VUs, 811424 complete and 0 interrupted iterations
tail_open_loop   [  53% ] 2975/3000 VUs  3m59.0s/7m30s  08276.16 iters/s

running (4m00.0s), 2965/3000 VUs, 816802 complete and 0 interrupted iterations
tail_open_loop   [  53% ] 2965/3000 VUs  4m00.0s/7m30s  08331.74 iters/s

running (4m01.0s), 2998/3000 VUs, 821822 complete and 0 interrupted iterations
tail_open_loop   [  54% ] 2998/3000 VUs  4m01.0s/7m30s  08388.14 iters/s

running (4m02.0s), 2991/3000 VUs, 826598 complete and 0 interrupted iterations
tail_open_loop   [  54% ] 2991/3000 VUs  4m02.0s/7m30s  08442.88 iters/s

running (4m03.0s), 2970/3000 VUs, 832294 complete and 0 interrupted iterations
tail_open_loop   [  54% ] 2970/3000 VUs  4m03.0s/7m30s  08498.34 iters/s

running (4m04.0s), 2998/3000 VUs, 837954 complete and 0 interrupted iterations
tail_open_loop   [  54% ] 2998/3000 VUs  4m04.0s/7m30s  08554.03 iters/s

running (4m05.0s), 2992/3000 VUs, 843315 complete and 0 interrupted iterations
tail_open_loop   [  54% ] 2992/3000 VUs  4m05.0s/7m30s  08609.48 iters/s

running (4m06.0s), 3000/3000 VUs, 848766 complete and 0 interrupted iterations
tail_open_loop   [  55% ] 3000/3000 VUs  4m06.0s/7m30s  08665.06 iters/s

running (4m07.0s), 2968/3000 VUs, 854448 complete and 0 interrupted iterations
tail_open_loop   [  55% ] 2968/3000 VUs  4m07.0s/7m30s  08720.30 iters/s

running (4m08.0s), 3000/3000 VUs, 860236 complete and 0 interrupted iterations
tail_open_loop   [  55% ] 3000/3000 VUs  4m08.0s/7m30s  08776.32 iters/s

running (4m09.0s), 2995/3000 VUs, 865982 complete and 0 interrupted iterations
tail_open_loop   [  55% ] 2995/3000 VUs  4m09.0s/7m30s  08831.74 iters/s

running (4m10.0s), 2985/3000 VUs, 871402 complete and 0 interrupted iterations
tail_open_loop   [  56% ] 2985/3000 VUs  4m10.0s/7m30s  08887.23 iters/s

running (4m11.0s), 2985/3000 VUs, 876754 complete and 0 interrupted iterations
tail_open_loop   [  56% ] 2985/3000 VUs  4m11.0s/7m30s  08942.86 iters/s

running (4m12.0s), 2998/3000 VUs, 882376 complete and 0 interrupted iterations
tail_open_loop   [  56% ] 2998/3000 VUs  4m12.0s/7m30s  08998.31 iters/s

running (4m13.0s), 2978/3000 VUs, 888112 complete and 0 interrupted iterations
tail_open_loop   [  56% ] 2978/3000 VUs  4m13.0s/7m30s  09053.79 iters/s

running (4m14.0s), 2997/3000 VUs, 893647 complete and 0 interrupted iterations
tail_open_loop   [  56% ] 2998/3000 VUs  4m14.0s/7m30s  09109.54 iters/s

running (4m15.0s), 3000/3000 VUs, 899333 complete and 0 interrupted iterations
tail_open_loop   [  57% ] 3000/3000 VUs  4m15.0s/7m30s  09165.06 iters/s

running (4m16.0s), 2994/3000 VUs, 904545 complete and 0 interrupted iterations
tail_open_loop   [  57% ] 2994/3000 VUs  4m16.0s/7m30s  09220.50 iters/s

running (4m17.0s), 2989/3000 VUs, 910368 complete and 0 interrupted iterations
tail_open_loop   [  57% ] 2989/3000 VUs  4m17.0s/7m30s  09276.09 iters/s

running (4m18.0s), 3000/3000 VUs, 916022 complete and 0 interrupted iterations
tail_open_loop   [  57% ] 3000/3000 VUs  4m18.0s/7m30s  09331.75 iters/s

running (4m19.0s), 3000/3000 VUs, 921672 complete and 0 interrupted iterations
tail_open_loop   [  58% ] 3000/3000 VUs  4m19.0s/7m30s  09387.29 iters/s

running (4m20.0s), 3000/3000 VUs, 927077 complete and 0 interrupted iterations
tail_open_loop   [  58% ] 3000/3000 VUs  4m20.0s/7m30s  09442.78 iters/s

running (4m21.0s), 2999/3000 VUs, 931912 complete and 0 interrupted iterations
tail_open_loop   [  58% ] 2999/3000 VUs  4m21.0s/7m30s  09498.39 iters/s

running (4m22.0s), 2997/3000 VUs, 937479 complete and 0 interrupted iterations
tail_open_loop   [  58% ] 2997/3000 VUs  4m22.0s/7m30s  09553.93 iters/s

running (4m23.0s), 2997/3000 VUs, 943050 complete and 0 interrupted iterations
tail_open_loop   [  58% ] 2997/3000 VUs  4m23.0s/7m30s  09609.38 iters/s

running (4m24.0s), 3000/3000 VUs, 948474 complete and 0 interrupted iterations
tail_open_loop   [  59% ] 3000/3000 VUs  4m24.0s/7m30s  09665.10 iters/s

running (4m25.0s), 2995/3000 VUs, 954023 complete and 0 interrupted iterations
tail_open_loop   [  59% ] 2995/3000 VUs  4m25.0s/7m30s  09720.63 iters/s

running (4m26.0s), 3000/3000 VUs, 958359 complete and 0 interrupted iterations
tail_open_loop   [  59% ] 3000/3000 VUs  4m26.0s/7m30s  09776.22 iters/s

running (4m27.0s), 2989/3000 VUs, 963954 complete and 0 interrupted iterations
tail_open_loop   [  59% ] 2989/3000 VUs  4m27.0s/7m30s  09831.78 iters/s

running (4m28.0s), 3000/3000 VUs, 969323 complete and 0 interrupted iterations
tail_open_loop   [  60% ] 3000/3000 VUs  4m28.0s/7m30s  09887.38 iters/s

running (4m29.0s), 2998/3000 VUs, 974361 complete and 0 interrupted iterations
tail_open_loop   [  60% ] 2998/3000 VUs  4m29.0s/7m30s  09942.83 iters/s

running (4m30.0s), 3000/3000 VUs, 979643 complete and 0 interrupted iterations
tail_open_loop   [  60% ] 3000/3000 VUs  4m30.0s/7m30s  09998.30 iters/s

running (4m31.0s), 2999/3000 VUs, 984369 complete and 0 interrupted iterations
tail_open_loop   [  60% ] 2999/3000 VUs  4m31.0s/7m30s  10053.89 iters/s

running (4m32.0s), 2996/3000 VUs, 989419 complete and 0 interrupted iterations
tail_open_loop   [  60% ] 2996/3000 VUs  4m32.0s/7m30s  10109.38 iters/s

running (4m33.0s), 2998/3000 VUs, 994908 complete and 0 interrupted iterations
tail_open_loop   [  61% ] 2998/3000 VUs  4m33.0s/7m30s  10164.98 iters/s

running (4m34.0s), 2999/3000 VUs, 1000680 complete and 0 interrupted iterations
tail_open_loop   [  61% ] 2999/3000 VUs  4m34.0s/7m30s  10220.56 iters/s

running (4m35.0s), 2997/3000 VUs, 1005639 complete and 0 interrupted iterations
tail_open_loop   [  61% ] 2997/3000 VUs  4m35.0s/7m30s  10276.12 iters/s

running (4m36.0s), 3000/3000 VUs, 1010468 complete and 0 interrupted iterations
tail_open_loop   [  61% ] 3000/3000 VUs  4m36.0s/7m30s  10331.65 iters/s

running (4m37.0s), 3000/3000 VUs, 1015451 complete and 0 interrupted iterations
tail_open_loop   [  62% ] 3000/3000 VUs  4m37.0s/7m30s  10387.24 iters/s

running (4m38.0s), 2995/3000 VUs, 1020882 complete and 0 interrupted iterations
tail_open_loop   [  62% ] 2995/3000 VUs  4m38.0s/7m30s  10442.77 iters/s

running (4m39.0s), 2993/3000 VUs, 1025904 complete and 0 interrupted iterations
tail_open_loop   [  62% ] 2993/3000 VUs  4m39.0s/7m30s  10498.36 iters/s

running (4m40.0s), 2978/3000 VUs, 1031324 complete and 0 interrupted iterations
tail_open_loop   [  62% ] 2978/3000 VUs  4m40.0s/7m30s  10553.87 iters/s

running (4m41.0s), 2995/3000 VUs, 1036651 complete and 0 interrupted iterations
tail_open_loop   [  62% ] 2995/3000 VUs  4m41.0s/7m30s  10609.52 iters/s

running (4m42.0s), 2995/3000 VUs, 1041352 complete and 0 interrupted iterations
tail_open_loop   [  63% ] 2995/3000 VUs  4m42.0s/7m30s  10664.96 iters/s

running (4m43.0s), 2983/3000 VUs, 1046616 complete and 0 interrupted iterations
tail_open_loop   [  63% ] 2983/3000 VUs  4m43.0s/7m30s  10720.41 iters/s

running (4m44.0s), 2999/3000 VUs, 1052035 complete and 0 interrupted iterations
tail_open_loop   [  63% ] 2999/3000 VUs  4m44.0s/7m30s  10776.09 iters/s

running (4m45.0s), 2998/3000 VUs, 1057591 complete and 0 interrupted iterations
tail_open_loop   [  63% ] 2998/3000 VUs  4m45.0s/7m30s  10831.77 iters/s

running (4m46.0s), 2968/3000 VUs, 1063040 complete and 0 interrupted iterations
tail_open_loop   [  64% ] 2968/3000 VUs  4m46.0s/7m30s  10887.20 iters/s

running (4m47.0s), 2995/3000 VUs, 1068402 complete and 0 interrupted iterations
tail_open_loop   [  64% ] 2995/3000 VUs  4m47.0s/7m30s  10942.83 iters/s

running (4m48.0s), 2999/3000 VUs, 1073769 complete and 0 interrupted iterations
tail_open_loop   [  64% ] 2999/3000 VUs  4m48.0s/7m30s  10998.44 iters/s

running (4m49.0s), 2998/3000 VUs, 1079219 complete and 0 interrupted iterations
tail_open_loop   [  64% ] 2998/3000 VUs  4m49.0s/7m30s  11053.88 iters/s

running (4m50.0s), 2999/3000 VUs, 1084869 complete and 0 interrupted iterations
tail_open_loop   [  64% ] 2999/3000 VUs  4m50.0s/7m30s  11109.51 iters/s

running (4m51.0s), 3000/3000 VUs, 1090017 complete and 0 interrupted iterations
tail_open_loop   [  65% ] 3000/3000 VUs  4m51.0s/7m30s  11165.08 iters/s

running (4m52.0s), 2946/3000 VUs, 1094719 complete and 0 interrupted iterations
tail_open_loop   [  65% ] 2946/3000 VUs  4m52.0s/7m30s  11220.32 iters/s

running (4m53.0s), 2984/3000 VUs, 1098520 complete and 0 interrupted iterations
tail_open_loop   [  65% ] 2984/3000 VUs  4m53.0s/7m30s  11276.12 iters/s

running (4m54.0s), 2999/3000 VUs, 1102984 complete and 0 interrupted iterations
tail_open_loop   [  65% ] 2999/3000 VUs  4m54.0s/7m30s  11331.70 iters/s

running (4m55.0s), 2997/3000 VUs, 1106174 complete and 0 interrupted iterations
tail_open_loop   [  66% ] 2996/3000 VUs  4m55.0s/7m30s  11387.19 iters/s

running (4m56.0s), 3000/3000 VUs, 1110736 complete and 0 interrupted iterations
tail_open_loop   [  66% ] 3000/3000 VUs  4m56.0s/7m30s  11442.83 iters/s

running (4m57.0s), 2999/3000 VUs, 1115611 complete and 0 interrupted iterations
tail_open_loop   [  66% ] 2999/3000 VUs  4m57.0s/7m30s  11498.48 iters/s

running (4m58.0s), 2994/3000 VUs, 1119677 complete and 0 interrupted iterations
tail_open_loop   [  66% ] 2994/3000 VUs  4m58.0s/7m30s  11553.88 iters/s

running (4m59.0s), 2969/3000 VUs, 1125109 complete and 0 interrupted iterations
tail_open_loop   [  66% ] 2969/3000 VUs  4m59.0s/7m30s  11609.41 iters/s

running (5m00.0s), 3000/3000 VUs, 1130618 complete and 0 interrupted iterations
tail_open_loop   [  67% ] 3000/3000 VUs  5m00.0s/7m30s  11665.07 iters/s

running (5m01.0s), 2997/3000 VUs, 1135201 complete and 0 interrupted iterations
tail_open_loop   [  67% ] 2997/3000 VUs  5m01.0s/7m30s  11720.58 iters/s

running (5m02.0s), 2994/3000 VUs, 1140310 complete and 0 interrupted iterations
tail_open_loop   [  67% ] 2994/3000 VUs  5m02.0s/7m30s  11776.21 iters/s

running (5m03.0s), 2999/3000 VUs, 1145693 complete and 0 interrupted iterations
tail_open_loop   [  67% ] 2999/3000 VUs  5m03.0s/7m30s  11831.66 iters/s

running (5m04.0s), 2998/3000 VUs, 1151551 complete and 0 interrupted iterations
tail_open_loop   [  68% ] 2998/3000 VUs  5m04.0s/7m30s  11887.21 iters/s

running (5m05.0s), 2993/3000 VUs, 1156289 complete and 0 interrupted iterations
tail_open_loop   [  68% ] 2993/3000 VUs  5m05.0s/7m30s  11942.87 iters/s

running (5m06.0s), 3000/3000 VUs, 1161866 complete and 0 interrupted iterations
tail_open_loop   [  68% ] 3000/3000 VUs  5m06.0s/7m30s  11998.46 iters/s

running (5m07.0s), 3000/3000 VUs, 1167582 complete and 0 interrupted iterations
tail_open_loop   [  68% ] 3000/3000 VUs  5m07.0s/7m30s  12054.00 iters/s

running (5m08.0s), 2999/3000 VUs, 1171771 complete and 0 interrupted iterations
tail_open_loop   [  68% ] 2999/3000 VUs  5m08.0s/7m30s  12109.47 iters/s

running (5m09.0s), 2997/3000 VUs, 1176773 complete and 0 interrupted iterations
tail_open_loop   [  69% ] 2997/3000 VUs  5m09.0s/7m30s  12165.01 iters/s

running (5m10.0s), 2999/3000 VUs, 1181678 complete and 0 interrupted iterations
tail_open_loop   [  69% ] 2999/3000 VUs  5m10.0s/7m30s  12220.61 iters/s

running (5m11.0s), 2999/3000 VUs, 1187448 complete and 0 interrupted iterations
tail_open_loop   [  69% ] 2999/3000 VUs  5m11.0s/7m30s  12276.11 iters/s

running (5m12.0s), 2995/3000 VUs, 1193425 complete and 0 interrupted iterations
tail_open_loop   [  69% ] 2995/3000 VUs  5m12.0s/7m30s  12332.13 iters/s

running (5m13.0s), 2854/3000 VUs, 1199285 complete and 0 interrupted iterations
tail_open_loop   [  70% ] 2854/3000 VUs  5m13.0s/7m30s  12385.43 iters/s

running (5m14.0s), 2997/3000 VUs, 1204833 complete and 0 interrupted iterations
tail_open_loop   [  70% ] 2997/3000 VUs  5m14.0s/7m30s  12442.76 iters/s

running (5m15.0s), 2996/3000 VUs, 1210075 complete and 0 interrupted iterations
tail_open_loop   [  70% ] 2997/3000 VUs  5m15.0s/7m30s  12498.44 iters/s

running (5m16.0s), 2964/3000 VUs, 1215375 complete and 0 interrupted iterations
tail_open_loop   [  70% ] 2964/3000 VUs  5m16.0s/7m30s  12553.82 iters/s

running (5m17.0s), 3000/3000 VUs, 1220706 complete and 0 interrupted iterations
tail_open_loop   [  70% ] 3000/3000 VUs  5m17.0s/7m30s  12609.39 iters/s

running (5m18.0s), 3000/3000 VUs, 1226097 complete and 0 interrupted iterations
tail_open_loop   [  71% ] 3000/3000 VUs  5m18.0s/7m30s  12665.12 iters/s

running (5m19.0s), 3000/3000 VUs, 1231374 complete and 0 interrupted iterations
tail_open_loop   [  71% ] 3000/3000 VUs  5m19.0s/7m30s  12720.54 iters/s

running (5m20.0s), 2996/3000 VUs, 1236656 complete and 0 interrupted iterations
tail_open_loop   [  71% ] 2996/3000 VUs  5m20.0s/7m30s  12776.12 iters/s

running (5m21.0s), 2994/3000 VUs, 1241799 complete and 0 interrupted iterations
tail_open_loop   [  71% ] 2994/3000 VUs  5m21.0s/7m30s  12831.70 iters/s

running (5m22.0s), 2996/3000 VUs, 1246923 complete and 0 interrupted iterations
tail_open_loop   [  72% ] 2996/3000 VUs  5m22.0s/7m30s  12887.43 iters/s

running (5m23.0s), 2996/3000 VUs, 1251867 complete and 0 interrupted iterations
tail_open_loop   [  72% ] 2995/3000 VUs  5m23.0s/7m30s  12942.81 iters/s

running (5m24.0s), 2999/3000 VUs, 1257280 complete and 0 interrupted iterations
tail_open_loop   [  72% ] 2999/3000 VUs  5m24.0s/7m30s  12998.32 iters/s

running (5m25.0s), 2998/3000 VUs, 1262503 complete and 0 interrupted iterations
tail_open_loop   [  72% ] 2998/3000 VUs  5m25.0s/7m30s  13053.98 iters/s

running (5m26.0s), 2997/3000 VUs, 1267504 complete and 0 interrupted iterations
tail_open_loop   [  72% ] 2997/3000 VUs  5m26.0s/7m30s  13109.42 iters/s

running (5m27.0s), 2927/3000 VUs, 1272892 complete and 0 interrupted iterations
tail_open_loop   [  73% ] 2927/3000 VUs  5m27.0s/7m30s  13164.82 iters/s

running (5m28.0s), 2991/3000 VUs, 1277436 complete and 0 interrupted iterations
tail_open_loop   [  73% ] 2991/3000 VUs  5m28.0s/7m30s  13220.69 iters/s

running (5m29.0s), 3000/3000 VUs, 1283085 complete and 0 interrupted iterations
tail_open_loop   [  73% ] 3000/3000 VUs  5m29.0s/7m30s  13276.33 iters/s

running (5m30.0s), 3000/3000 VUs, 1288290 complete and 0 interrupted iterations
tail_open_loop   [  73% ] 3000/3000 VUs  5m30.0s/7m30s  13331.73 iters/s

running (5m31.0s), 3000/3000 VUs, 1293840 complete and 0 interrupted iterations
tail_open_loop   [  74% ] 3000/3000 VUs  5m31.0s/7m30s  13387.24 iters/s

running (5m32.0s), 2999/3000 VUs, 1298883 complete and 0 interrupted iterations
tail_open_loop   [  74% ] 2999/3000 VUs  5m32.0s/7m30s  13442.85 iters/s

running (5m33.0s), 2992/3000 VUs, 1304373 complete and 0 interrupted iterations
tail_open_loop   [  74% ] 2992/3000 VUs  5m33.0s/7m30s  13498.37 iters/s

running (5m34.0s), 2976/3000 VUs, 1310012 complete and 0 interrupted iterations
tail_open_loop   [  74% ] 2976/3000 VUs  5m34.0s/7m30s  13554.18 iters/s

running (5m35.0s), 3000/3000 VUs, 1315498 complete and 0 interrupted iterations
tail_open_loop   [  74% ] 3000/3000 VUs  5m35.0s/7m30s  13609.52 iters/s

running (5m36.0s), 3000/3000 VUs, 1320828 complete and 0 interrupted iterations
tail_open_loop   [  75% ] 3000/3000 VUs  5m36.0s/7m30s  13665.12 iters/s

running (5m37.0s), 2978/3000 VUs, 1326290 complete and 0 interrupted iterations
tail_open_loop   [  75% ] 2978/3000 VUs  5m37.0s/7m30s  13720.43 iters/s

running (5m38.0s), 2983/3000 VUs, 1332036 complete and 0 interrupted iterations
tail_open_loop   [  75% ] 2983/3000 VUs  5m38.0s/7m30s  13776.19 iters/s

running (5m39.0s), 2998/3000 VUs, 1337701 complete and 0 interrupted iterations
tail_open_loop   [  75% ] 2995/3000 VUs  5m39.0s/7m30s  13831.64 iters/s

running (5m40.0s), 2993/3000 VUs, 1343575 complete and 0 interrupted iterations
tail_open_loop   [  76% ] 2993/3000 VUs  5m40.0s/7m30s  13887.35 iters/s

running (5m41.0s), 2995/3000 VUs, 1348416 complete and 0 interrupted iterations
tail_open_loop   [  76% ] 2995/3000 VUs  5m41.0s/7m30s  13942.72 iters/s

running (5m42.0s), 2995/3000 VUs, 1353971 complete and 0 interrupted iterations
tail_open_loop   [  76% ] 2995/3000 VUs  5m42.0s/7m30s  13998.35 iters/s

running (5m43.0s), 3000/3000 VUs, 1359727 complete and 0 interrupted iterations
tail_open_loop   [  76% ] 3000/3000 VUs  5m43.0s/7m30s  14053.83 iters/s

running (5m44.0s), 3000/3000 VUs, 1365112 complete and 0 interrupted iterations
tail_open_loop   [  76% ] 3000/3000 VUs  5m44.0s/7m30s  14109.55 iters/s

running (5m45.0s), 2995/3000 VUs, 1370771 complete and 0 interrupted iterations
tail_open_loop   [  77% ] 2995/3000 VUs  5m45.0s/7m30s  14164.91 iters/s

running (5m46.0s), 2999/3000 VUs, 1376251 complete and 0 interrupted iterations
tail_open_loop   [  77% ] 2999/3000 VUs  5m46.0s/7m30s  14220.71 iters/s

running (5m47.0s), 2999/3000 VUs, 1382264 complete and 0 interrupted iterations
tail_open_loop   [  77% ] 2999/3000 VUs  5m47.0s/7m30s  14276.13 iters/s

running (5m48.0s), 2998/3000 VUs, 1388175 complete and 0 interrupted iterations
tail_open_loop   [  77% ] 2998/3000 VUs  5m48.0s/7m30s  14331.58 iters/s

running (5m49.0s), 3000/3000 VUs, 1394063 complete and 0 interrupted iterations
tail_open_loop   [  78% ] 3000/3000 VUs  5m49.0s/7m30s  14387.25 iters/s

running (5m50.0s), 3000/3000 VUs, 1399031 complete and 0 interrupted iterations
tail_open_loop   [  78% ] 3000/3000 VUs  5m50.0s/7m30s  14442.94 iters/s

running (5m51.0s), 3000/3000 VUs, 1404562 complete and 0 interrupted iterations
tail_open_loop   [  78% ] 3000/3000 VUs  5m51.0s/7m30s  14498.43 iters/s

running (5m52.0s), 2998/3000 VUs, 1410449 complete and 0 interrupted iterations
tail_open_loop   [  78% ] 2998/3000 VUs  5m52.0s/7m30s  14553.92 iters/s

running (5m53.0s), 2998/3000 VUs, 1415490 complete and 0 interrupted iterations
tail_open_loop   [  78% ] 2998/3000 VUs  5m53.0s/7m30s  14609.42 iters/s

running (5m54.0s), 3000/3000 VUs, 1420323 complete and 0 interrupted iterations
tail_open_loop   [  79% ] 3000/3000 VUs  5m54.0s/7m30s  14665.12 iters/s

running (5m55.0s), 3000/3000 VUs, 1426049 complete and 0 interrupted iterations
tail_open_loop   [  79% ] 3000/3000 VUs  5m55.0s/7m30s  14720.60 iters/s

running (5m56.0s), 2999/3000 VUs, 1431916 complete and 0 interrupted iterations
tail_open_loop   [  79% ] 2999/3000 VUs  5m56.0s/7m30s  14776.07 iters/s

running (5m57.0s), 3000/3000 VUs, 1437493 complete and 0 interrupted iterations
tail_open_loop   [  79% ] 3000/3000 VUs  5m57.0s/7m30s  14831.73 iters/s

running (5m58.0s), 3000/3000 VUs, 1443199 complete and 0 interrupted iterations
tail_open_loop   [  80% ] 3000/3000 VUs  5m58.0s/7m30s  14887.60 iters/s

running (5m59.0s), 3000/3000 VUs, 1448970 complete and 0 interrupted iterations
tail_open_loop   [  80% ] 3000/3000 VUs  5m59.0s/7m30s  14942.77 iters/s

running (6m00.0s), 2999/3000 VUs, 1454804 complete and 0 interrupted iterations
tail_open_loop   [  80% ] 2999/3000 VUs  6m00.0s/7m30s  14998.35 iters/s

running (6m01.0s), 3000/3000 VUs, 1460568 complete and 0 interrupted iterations
tail_open_loop   [  80% ] 3000/3000 VUs  6m01.0s/7m30s  15053.89 iters/s

running (6m02.0s), 2999/3000 VUs, 1466158 complete and 0 interrupted iterations
tail_open_loop   [  80% ] 2999/3000 VUs  6m02.0s/7m30s  15109.39 iters/s

running (6m03.0s), 3000/3000 VUs, 1470985 complete and 0 interrupted iterations
tail_open_loop   [  81% ] 3000/3000 VUs  6m03.0s/7m30s  15165.07 iters/s

running (6m04.0s), 2995/3000 VUs, 1476583 complete and 0 interrupted iterations
tail_open_loop   [  81% ] 2995/3000 VUs  6m04.0s/7m30s  15220.47 iters/s

running (6m05.0s), 2990/3000 VUs, 1482259 complete and 0 interrupted iterations
tail_open_loop   [  81% ] 2990/3000 VUs  6m05.0s/7m30s  15276.04 iters/s

running (6m06.0s), 3000/3000 VUs, 1488141 complete and 0 interrupted iterations
tail_open_loop   [  81% ] 3000/3000 VUs  6m06.0s/7m30s  15331.78 iters/s

running (6m07.0s), 3000/3000 VUs, 1493601 complete and 0 interrupted iterations
tail_open_loop   [  82% ] 3000/3000 VUs  6m07.0s/7m30s  15387.22 iters/s

running (6m08.0s), 2993/3000 VUs, 1499051 complete and 0 interrupted iterations
tail_open_loop   [  82% ] 2993/3000 VUs  6m08.0s/7m30s  15442.58 iters/s

running (6m09.0s), 2990/3000 VUs, 1504481 complete and 0 interrupted iterations
tail_open_loop   [  82% ] 2989/3000 VUs  6m09.0s/7m30s  15498.35 iters/s

running (6m10.0s), 2998/3000 VUs, 1510204 complete and 0 interrupted iterations
tail_open_loop   [  82% ] 2999/3000 VUs  6m10.0s/7m30s  15554.03 iters/s

running (6m11.0s), 2994/3000 VUs, 1515823 complete and 0 interrupted iterations
tail_open_loop   [  82% ] 2994/3000 VUs  6m11.0s/7m30s  15609.39 iters/s

running (6m12.0s), 3000/3000 VUs, 1521688 complete and 0 interrupted iterations
tail_open_loop   [  83% ] 3000/3000 VUs  6m12.0s/7m30s  15664.90 iters/s

running (6m13.0s), 2935/3000 VUs, 1527005 complete and 0 interrupted iterations
tail_open_loop   [  83% ] 2935/3000 VUs  6m13.0s/7m30s  15719.81 iters/s

running (6m14.0s), 3000/3000 VUs, 1532411 complete and 0 interrupted iterations
tail_open_loop   [  83% ] 3000/3000 VUs  6m14.0s/7m30s  15776.11 iters/s

running (6m15.0s), 2993/3000 VUs, 1538075 complete and 0 interrupted iterations
tail_open_loop   [  83% ] 2993/3000 VUs  6m15.0s/7m30s  15831.80 iters/s

running (6m16.0s), 3000/3000 VUs, 1543886 complete and 0 interrupted iterations
tail_open_loop   [  84% ] 3000/3000 VUs  6m16.0s/7m30s  15887.14 iters/s

running (6m17.0s), 2999/3000 VUs, 1549708 complete and 0 interrupted iterations
tail_open_loop   [  84% ] 2999/3000 VUs  6m17.0s/7m30s  15942.86 iters/s

running (6m18.0s), 3000/3000 VUs, 1555225 complete and 0 interrupted iterations
tail_open_loop   [  84% ] 3000/3000 VUs  6m18.0s/7m30s  15998.46 iters/s

running (6m19.0s), 2995/3000 VUs, 1559830 complete and 0 interrupted iterations
tail_open_loop   [  84% ] 2995/3000 VUs  6m19.0s/7m30s  16053.94 iters/s

running (6m20.0s), 2989/3000 VUs, 1565679 complete and 0 interrupted iterations
tail_open_loop   [  84% ] 2989/3000 VUs  6m20.0s/7m30s  16109.54 iters/s

running (6m21.0s), 3000/3000 VUs, 1571417 complete and 0 interrupted iterations
tail_open_loop   [  85% ] 3000/3000 VUs  6m21.0s/7m30s  16165.01 iters/s

running (6m22.0s), 2997/3000 VUs, 1577147 complete and 0 interrupted iterations
tail_open_loop   [  85% ] 2997/3000 VUs  6m22.0s/7m30s  16220.60 iters/s

running (6m23.0s), 3000/3000 VUs, 1582614 complete and 0 interrupted iterations
tail_open_loop   [  85% ] 3000/3000 VUs  6m23.0s/7m30s  16276.31 iters/s

running (6m24.0s), 2999/3000 VUs, 1587817 complete and 0 interrupted iterations
tail_open_loop   [  85% ] 2999/3000 VUs  6m24.0s/7m30s  16331.60 iters/s

running (6m25.0s), 3000/3000 VUs, 1593462 complete and 0 interrupted iterations
tail_open_loop   [  86% ] 3000/3000 VUs  6m25.0s/7m30s  16387.26 iters/s

running (6m26.0s), 2999/3000 VUs, 1599296 complete and 0 interrupted iterations
tail_open_loop   [  86% ] 2999/3000 VUs  6m26.0s/7m30s  16443.04 iters/s

running (6m27.0s), 2985/3000 VUs, 1605114 complete and 0 interrupted iterations
tail_open_loop   [  86% ] 2985/3000 VUs  6m27.0s/7m30s  16498.11 iters/s

running (6m28.0s), 3000/3000 VUs, 1610766 complete and 0 interrupted iterations
tail_open_loop   [  86% ] 3000/3000 VUs  6m28.0s/7m30s  16554.10 iters/s

running (6m29.0s), 2724/3000 VUs, 1615957 complete and 0 interrupted iterations
tail_open_loop   [  86% ] 2724/3000 VUs  6m29.0s/7m30s  16605.50 iters/s

running (6m30.0s), 3000/3000 VUs, 1621258 complete and 0 interrupted iterations
tail_open_loop   [  87% ] 3000/3000 VUs  6m30.0s/7m30s  16665.00 iters/s

running (6m31.0s), 2987/3000 VUs, 1626877 complete and 0 interrupted iterations
tail_open_loop   [  87% ] 2987/3000 VUs  6m31.0s/7m30s  16720.73 iters/s

running (6m32.0s), 2998/3000 VUs, 1632680 complete and 0 interrupted iterations
tail_open_loop   [  87% ] 2998/3000 VUs  6m32.0s/7m30s  16776.27 iters/s

running (6m33.0s), 2997/3000 VUs, 1638550 complete and 0 interrupted iterations
tail_open_loop   [  87% ] 2997/3000 VUs  6m33.0s/7m30s  16831.90 iters/s

running (6m34.0s), 3000/3000 VUs, 1644172 complete and 0 interrupted iterations
tail_open_loop   [  88% ] 3000/3000 VUs  6m34.0s/7m30s  16887.33 iters/s

running (6m35.0s), 3000/3000 VUs, 1649732 complete and 0 interrupted iterations
tail_open_loop   [  88% ] 3000/3000 VUs  6m35.0s/7m30s  16942.83 iters/s

running (6m36.0s), 2999/3000 VUs, 1655510 complete and 0 interrupted iterations
tail_open_loop   [  88% ] 2999/3000 VUs  6m36.0s/7m30s  16998.42 iters/s

running (6m37.0s), 3000/3000 VUs, 1661418 complete and 0 interrupted iterations
tail_open_loop   [  88% ] 3000/3000 VUs  6m37.0s/7m30s  17054.08 iters/s

running (6m38.0s), 2996/3000 VUs, 1667078 complete and 0 interrupted iterations
tail_open_loop   [  88% ] 2996/3000 VUs  6m38.0s/7m30s  17109.52 iters/s

running (6m39.0s), 3000/3000 VUs, 1672577 complete and 0 interrupted iterations
tail_open_loop   [  89% ] 3000/3000 VUs  6m39.0s/7m30s  17165.02 iters/s

running (6m40.0s), 3000/3000 VUs, 1678382 complete and 0 interrupted iterations
tail_open_loop   [  89% ] 3000/3000 VUs  6m40.0s/7m30s  17220.60 iters/s

running (6m41.0s), 2999/3000 VUs, 1684392 complete and 0 interrupted iterations
tail_open_loop   [  89% ] 2999/3000 VUs  6m41.0s/7m30s  17276.23 iters/s

running (6m42.0s), 3000/3000 VUs, 1690259 complete and 0 interrupted iterations
tail_open_loop   [  89% ] 3000/3000 VUs  6m42.0s/7m30s  17331.92 iters/s

running (6m43.0s), 3000/3000 VUs, 1696189 complete and 0 interrupted iterations
tail_open_loop   [  90% ] 3000/3000 VUs  6m43.0s/7m30s  17387.37 iters/s

running (6m44.0s), 3000/3000 VUs, 1701993 complete and 0 interrupted iterations
tail_open_loop   [  90% ] 3000/3000 VUs  6m44.0s/7m30s  17442.57 iters/s

running (6m45.0s), 3000/3000 VUs, 1707381 complete and 0 interrupted iterations
tail_open_loop   [  90% ] 3000/3000 VUs  6m45.0s/7m30s  17498.43 iters/s

running (6m46.0s), 2999/3000 VUs, 1713511 complete and 0 interrupted iterations
tail_open_loop   [  90% ] 2999/3000 VUs  6m46.0s/7m30s  17553.71 iters/s

running (6m47.0s), 2987/3000 VUs, 1719442 complete and 0 interrupted iterations
tail_open_loop   [  90% ] 2987/3000 VUs  6m47.0s/7m30s  17609.35 iters/s

running (6m48.0s), 2991/3000 VUs, 1725393 complete and 0 interrupted iterations
tail_open_loop   [  91% ] 2991/3000 VUs  6m48.0s/7m30s  17665.04 iters/s

running (6m49.0s), 3000/3000 VUs, 1730802 complete and 0 interrupted iterations
tail_open_loop   [  91% ] 3000/3000 VUs  6m49.0s/7m30s  17720.76 iters/s

running (6m50.0s), 3000/3000 VUs, 1736399 complete and 0 interrupted iterations
tail_open_loop   [  91% ] 3000/3000 VUs  6m50.0s/7m30s  17776.20 iters/s

running (6m51.0s), 3000/3000 VUs, 1742480 complete and 0 interrupted iterations
tail_open_loop   [  91% ] 3000/3000 VUs  6m51.0s/7m30s  17831.67 iters/s

running (6m52.0s), 3000/3000 VUs, 1748462 complete and 0 interrupted iterations
tail_open_loop   [  92% ] 3000/3000 VUs  6m52.0s/7m30s  17887.49 iters/s

running (6m53.0s), 2997/3000 VUs, 1753853 complete and 0 interrupted iterations
tail_open_loop   [  92% ] 2997/3000 VUs  6m53.0s/7m30s  17942.69 iters/s

running (6m54.0s), 2994/3000 VUs, 1759509 complete and 0 interrupted iterations
tail_open_loop   [  92% ] 2994/3000 VUs  6m54.0s/7m30s  17985.61 iters/s

running (6m55.0s), 2999/3000 VUs, 1764592 complete and 0 interrupted iterations
tail_open_loop   [  92% ] 2999/3000 VUs  6m55.0s/7m30s  18054.13 iters/s

running (6m56.0s), 2990/3000 VUs, 1770518 complete and 0 interrupted iterations
tail_open_loop   [  92% ] 2989/3000 VUs  6m56.0s/7m30s  18109.71 iters/s

running (6m57.0s), 2985/3000 VUs, 1776280 complete and 0 interrupted iterations
tail_open_loop   [  93% ] 2985/3000 VUs  6m57.0s/7m30s  18164.97 iters/s

running (6m58.0s), 2999/3000 VUs, 1782128 complete and 0 interrupted iterations
tail_open_loop   [  93% ] 2999/3000 VUs  6m58.0s/7m30s  18220.58 iters/s

running (6m59.0s), 2959/3000 VUs, 1787754 complete and 0 interrupted iterations
tail_open_loop   [  93% ] 2959/3000 VUs  6m59.0s/7m30s  18276.19 iters/s

running (7m00.0s), 3000/3000 VUs, 1793591 complete and 0 interrupted iterations
tail_open_loop   [  93% ] 3000/3000 VUs  7m00.0s/7m30s  18331.81 iters/s

running (7m01.0s), 2985/3000 VUs, 1799204 complete and 0 interrupted iterations
tail_open_loop   [  94% ] 2985/3000 VUs  7m01.0s/7m30s  18387.08 iters/s

running (7m02.0s), 3000/3000 VUs, 1805110 complete and 0 interrupted iterations
tail_open_loop   [  94% ] 3000/3000 VUs  7m02.0s/7m30s  18443.04 iters/s

running (7m03.0s), 2997/3000 VUs, 1810881 complete and 0 interrupted iterations
tail_open_loop   [  94% ] 2997/3000 VUs  7m03.0s/7m30s  18498.31 iters/s

running (7m04.0s), 2997/3000 VUs, 1816474 complete and 0 interrupted iterations
tail_open_loop   [  94% ] 2997/3000 VUs  7m04.0s/7m30s  18553.91 iters/s

running (7m05.0s), 2998/3000 VUs, 1822452 complete and 0 interrupted iterations
tail_open_loop   [  94% ] 2996/3000 VUs  7m05.0s/7m30s  18609.50 iters/s

running (7m06.0s), 3000/3000 VUs, 1828080 complete and 0 interrupted iterations
tail_open_loop   [  95% ] 3000/3000 VUs  7m06.0s/7m30s  18665.07 iters/s

running (7m07.0s), 2999/3000 VUs, 1832665 complete and 0 interrupted iterations
tail_open_loop   [  95% ] 2999/3000 VUs  7m07.0s/7m30s  18720.63 iters/s

running (7m08.0s), 3000/3000 VUs, 1838193 complete and 0 interrupted iterations
tail_open_loop   [  95% ] 3000/3000 VUs  7m08.0s/7m30s  18776.17 iters/s

running (7m09.0s), 3000/3000 VUs, 1843143 complete and 0 interrupted iterations
tail_open_loop   [  95% ] 3000/3000 VUs  7m09.0s/7m30s  18831.68 iters/s

running (7m10.0s), 2998/3000 VUs, 1847369 complete and 0 interrupted iterations
tail_open_loop   [  96% ] 2998/3000 VUs  7m10.0s/7m30s  18887.17 iters/s

running (7m11.0s), 2998/3000 VUs, 1851493 complete and 0 interrupted iterations
tail_open_loop   [  96% ] 2997/3000 VUs  7m11.0s/7m30s  18942.62 iters/s

running (7m12.0s), 2996/3000 VUs, 1855760 complete and 0 interrupted iterations
tail_open_loop   [  96% ] 2997/3000 VUs  7m12.0s/7m30s  18998.40 iters/s

running (7m13.0s), 3000/3000 VUs, 1860430 complete and 0 interrupted iterations
tail_open_loop   [  96% ] 3000/3000 VUs  7m13.0s/7m30s  19053.79 iters/s

running (7m14.0s), 3000/3000 VUs, 1865821 complete and 0 interrupted iterations
tail_open_loop   [  96% ] 3000/3000 VUs  7m14.0s/7m30s  19109.50 iters/s

running (7m15.0s), 2995/3000 VUs, 1870933 complete and 0 interrupted iterations
tail_open_loop   [  97% ] 2995/3000 VUs  7m15.0s/7m30s  19164.80 iters/s

running (7m16.0s), 3000/3000 VUs, 1876283 complete and 0 interrupted iterations
tail_open_loop   [  97% ] 3000/3000 VUs  7m16.0s/7m30s  19220.79 iters/s

running (7m17.0s), 3000/3000 VUs, 1881418 complete and 0 interrupted iterations
tail_open_loop   [  97% ] 3000/3000 VUs  7m17.0s/7m30s  19276.37 iters/s

running (7m18.0s), 3000/3000 VUs, 1886946 complete and 0 interrupted iterations
tail_open_loop   [  97% ] 3000/3000 VUs  7m18.0s/7m30s  19331.52 iters/s

running (7m19.0s), 2998/3000 VUs, 1892413 complete and 0 interrupted iterations
tail_open_loop   [  98% ] 2998/3000 VUs  7m19.0s/7m30s  19386.98 iters/s

running (7m20.0s), 3000/3000 VUs, 1897461 complete and 0 interrupted iterations
tail_open_loop   [  98% ] 3000/3000 VUs  7m20.0s/7m30s  19442.77 iters/s

running (7m21.0s), 2987/3000 VUs, 1902654 complete and 0 interrupted iterations
tail_open_loop   [  98% ] 2987/3000 VUs  7m21.0s/7m30s  19498.12 iters/s

running (7m22.0s), 2995/3000 VUs, 1907746 complete and 0 interrupted iterations
tail_open_loop   [  98% ] 2995/3000 VUs  7m22.0s/7m30s  19553.78 iters/s

running (7m23.0s), 3000/3000 VUs, 1913296 complete and 0 interrupted iterations
tail_open_loop   [  98% ] 3000/3000 VUs  7m23.0s/7m30s  19609.77 iters/s

running (7m24.0s), 3000/3000 VUs, 1918844 complete and 0 interrupted iterations
tail_open_loop   [  99% ] 3000/3000 VUs  7m24.0s/7m30s  19664.91 iters/s

running (7m25.0s), 2999/3000 VUs, 1924570 complete and 0 interrupted iterations
tail_open_loop   [  99% ] 2999/3000 VUs  7m25.0s/7m30s  19720.37 iters/s

running (7m26.0s), 3000/3000 VUs, 1930012 complete and 0 interrupted iterations
tail_open_loop   [  99% ] 3000/3000 VUs  7m26.0s/7m30s  19776.13 iters/s

running (7m27.0s), 3000/3000 VUs, 1935558 complete and 0 interrupted iterations
tail_open_loop   [  99% ] 3000/3000 VUs  7m27.0s/7m30s  19831.83 iters/s

running (7m28.0s), 3000/3000 VUs, 1940792 complete and 0 interrupted iterations
tail_open_loop   [ 100% ] 3000/3000 VUs  7m28.0s/7m30s  19887.04 iters/s

running (7m29.0s), 3000/3000 VUs, 1946512 complete and 0 interrupted iterations
tail_open_loop   [ 100% ] 3000/3000 VUs  7m29.0s/7m30s  19942.57 iters/s

running (7m30.0s), 2982/3000 VUs, 1951861 complete and 0 interrupted iterations
tail_open_loop   [ 100% ] 2982/3000 VUs  7m30.0s/7m30s  19998.40 iters/s

running (7m30.6s), 0000/3000 VUs, 1954976 complete and 0 interrupted iterations
tail_open_loop ✓ [ 100% ] 0000/3000 VUs  7m30s  20000.00 iters/s


  █ THRESHOLDS 

    http_req_duration
    ✗ 'p(95)<250' p(95)=631.02ms
    ✗ 'p(99)<500' p(99)=730.8ms
    ✓ 'p(99.9)<1000' p(99.9)=846.12ms

    http_req_failed
    ✗ 'rate<0.05' rate=100.00%


  █ TOTAL RESULTS 

    checks_total.......: 1954976 4338.70814/s
    checks_succeeded...: 99.99%  1954869 out of 1954976
    checks_failed......: 0.00%   107 out of 1954976

    ✗ status is 200 or 404
      ↳  99% — ✓ 1954869 / ✗ 107

    HTTP
    http_req_duration....: avg=375.63ms min=0s       med=515.82ms max=964.39ms p(90)=593.76ms p(95)=631.02ms p(99)=730.8ms  p(99.9)=846.12ms
    http_req_failed......: 100.00% 1954976 out of 1954976
    http_reqs............: 1954976 4338.70814/s

    EXECUTION
    dropped_iterations...: 1914982 4249.948844/s
    iteration_duration...: avg=377.47ms min=478.33µs med=516.01ms max=30.11s   p(90)=594.02ms p(95)=631.33ms p(99)=731.52ms p(99.9)=848.67ms
    iterations...........: 1954976 4338.70814/s
    vus..................: 2988    min=1                  max=3000
    vus_max..............: 3000    min=300                max=3000

    NETWORK
    data_received........: 276 MB  612 kB/s
    data_sent............: 256 MB  568 kB/s




running (7m30.6s), 0000/3000 VUs, 1954976 complete and 0 interrupted iterations
tail_open_loop ✓ [ 100% ] 0000/3000 VUs  7m30s  20000.00 iters/s
