
         /\      Grafana   /‾‾/  
    /\  /  \     |\  __   /  /   
   /  \/    \    | |/ /  /   ‾‾\ 
  /          \   |   (  |  (‾)  |
 / __________ \  |_|\_\  \_____/ 


     execution: local
        script: bench/k6/scenarios/pool-saturation-recovery.js
        output: -

     scenarios: (100.00%) 1 scenario, 800 max VUs, 6m30s max duration (incl. graceful stop):
              * pool_saturation_recovery: Up to 800 looping VUs for 6m0s over 6 stages (gracefulRampDown: 30s, gracefulStop: 30s)


running (0m01.0s), 010/800 VUs, 18491 complete and 0 interrupted iterations
pool_saturation_recovery   [   0% ] 010/800 VUs  0m01.0s/6m00.0s

running (0m02.0s), 011/800 VUs, 37754 complete and 0 interrupted iterations
pool_saturation_recovery   [   1% ] 011/800 VUs  0m02.0s/6m00.0s

running (0m03.0s), 011/800 VUs, 57895 complete and 0 interrupted iterations
pool_saturation_recovery   [   1% ] 011/800 VUs  0m03.0s/6m00.0s

running (0m04.0s), 012/800 VUs, 78874 complete and 0 interrupted iterations
pool_saturation_recovery   [   1% ] 012/800 VUs  0m04.0s/6m00.0s

running (0m05.0s), 013/800 VUs, 100361 complete and 0 interrupted iterations
pool_saturation_recovery   [   1% ] 013/800 VUs  0m05.0s/6m00.0s

running (0m06.0s), 013/800 VUs, 120546 complete and 0 interrupted iterations
pool_saturation_recovery   [   2% ] 013/800 VUs  0m06.0s/6m00.0s

running (0m07.0s), 014/800 VUs, 141423 complete and 0 interrupted iterations
pool_saturation_recovery   [   2% ] 014/800 VUs  0m07.0s/6m00.0s

running (0m08.0s), 015/800 VUs, 162881 complete and 0 interrupted iterations
pool_saturation_recovery   [   2% ] 015/800 VUs  0m08.0s/6m00.0s

running (0m09.0s), 015/800 VUs, 183408 complete and 0 interrupted iterations
pool_saturation_recovery   [   2% ] 015/800 VUs  0m09.0s/6m00.0s

running (0m10.0s), 016/800 VUs, 206064 complete and 0 interrupted iterations
pool_saturation_recovery   [   3% ] 016/800 VUs  0m10.0s/6m00.0s

running (0m11.0s), 017/800 VUs, 225614 complete and 0 interrupted iterations
pool_saturation_recovery   [   3% ] 017/800 VUs  0m11.0s/6m00.0s

running (0m12.0s), 017/800 VUs, 242077 complete and 0 interrupted iterations
pool_saturation_recovery   [   3% ] 017/800 VUs  0m12.0s/6m00.0s

running (0m13.0s), 018/800 VUs, 256031 complete and 0 interrupted iterations
pool_saturation_recovery   [   4% ] 018/800 VUs  0m13.0s/6m00.0s

running (0m14.0s), 019/800 VUs, 272283 complete and 0 interrupted iterations
pool_saturation_recovery   [   4% ] 019/800 VUs  0m14.0s/6m00.0s

running (0m15.0s), 019/800 VUs, 283892 complete and 0 interrupted iterations
pool_saturation_recovery   [   4% ] 019/800 VUs  0m15.0s/6m00.0s

running (0m16.0s), 020/800 VUs, 300895 complete and 0 interrupted iterations
pool_saturation_recovery   [   4% ] 020/800 VUs  0m16.0s/6m00.0s

running (0m17.0s), 021/800 VUs, 314971 complete and 0 interrupted iterations
pool_saturation_recovery   [   5% ] 021/800 VUs  0m17.0s/6m00.0s

running (0m18.0s), 021/800 VUs, 333641 complete and 0 interrupted iterations
pool_saturation_recovery   [   5% ] 021/800 VUs  0m18.0s/6m00.0s

running (0m19.0s), 022/800 VUs, 351877 complete and 0 interrupted iterations
pool_saturation_recovery   [   5% ] 022/800 VUs  0m19.0s/6m00.0s

running (0m20.0s), 023/800 VUs, 367777 complete and 0 interrupted iterations
pool_saturation_recovery   [   6% ] 023/800 VUs  0m20.0s/6m00.0s

running (0m21.0s), 023/800 VUs, 384570 complete and 0 interrupted iterations
pool_saturation_recovery   [   6% ] 023/800 VUs  0m21.0s/6m00.0s

running (0m22.0s), 024/800 VUs, 399043 complete and 0 interrupted iterations
pool_saturation_recovery   [   6% ] 024/800 VUs  0m22.0s/6m00.0s

running (0m23.0s), 025/800 VUs, 416078 complete and 0 interrupted iterations
pool_saturation_recovery   [   6% ] 025/800 VUs  0m23.0s/6m00.0s

running (0m24.0s), 025/800 VUs, 437173 complete and 0 interrupted iterations
pool_saturation_recovery   [   7% ] 025/800 VUs  0m24.0s/6m00.0s

running (0m25.0s), 026/800 VUs, 454795 complete and 0 interrupted iterations
pool_saturation_recovery   [   7% ] 026/800 VUs  0m25.0s/6m00.0s

running (0m26.0s), 027/800 VUs, 470444 complete and 0 interrupted iterations
pool_saturation_recovery   [   7% ] 027/800 VUs  0m26.0s/6m00.0s

running (0m27.0s), 027/800 VUs, 491734 complete and 0 interrupted iterations
pool_saturation_recovery   [   7% ] 027/800 VUs  0m27.0s/6m00.0s

running (0m28.0s), 028/800 VUs, 512297 complete and 0 interrupted iterations
pool_saturation_recovery   [   8% ] 028/800 VUs  0m28.0s/6m00.0s

running (0m29.0s), 029/800 VUs, 533321 complete and 0 interrupted iterations
pool_saturation_recovery   [   8% ] 029/800 VUs  0m29.0s/6m00.0s

running (0m30.0s), 029/800 VUs, 553144 complete and 0 interrupted iterations
pool_saturation_recovery   [   8% ] 029/800 VUs  0m30.0s/6m00.0s

running (0m31.0s), 030/800 VUs, 574429 complete and 0 interrupted iterations
pool_saturation_recovery   [   9% ] 030/800 VUs  0m31.0s/6m00.0s

running (0m32.0s), 031/800 VUs, 597338 complete and 0 interrupted iterations
pool_saturation_recovery   [   9% ] 031/800 VUs  0m32.0s/6m00.0s

running (0m33.0s), 031/800 VUs, 621195 complete and 0 interrupted iterations
pool_saturation_recovery   [   9% ] 031/800 VUs  0m33.0s/6m00.0s

running (0m34.0s), 032/800 VUs, 640744 complete and 0 interrupted iterations
pool_saturation_recovery   [   9% ] 032/800 VUs  0m34.0s/6m00.0s

running (0m35.0s), 033/800 VUs, 664852 complete and 0 interrupted iterations
pool_saturation_recovery   [  10% ] 033/800 VUs  0m35.0s/6m00.0s

running (0m36.0s), 033/800 VUs, 691329 complete and 0 interrupted iterations
pool_saturation_recovery   [  10% ] 033/800 VUs  0m36.0s/6m00.0s

running (0m37.0s), 034/800 VUs, 718530 complete and 0 interrupted iterations
pool_saturation_recovery   [  10% ] 034/800 VUs  0m37.0s/6m00.0s

running (0m38.0s), 035/800 VUs, 745942 complete and 0 interrupted iterations
pool_saturation_recovery   [  11% ] 035/800 VUs  0m38.0s/6m00.0s

running (0m39.0s), 035/800 VUs, 774111 complete and 0 interrupted iterations
pool_saturation_recovery   [  11% ] 035/800 VUs  0m39.0s/6m00.0s

running (0m40.0s), 036/800 VUs, 800761 complete and 0 interrupted iterations
pool_saturation_recovery   [  11% ] 036/800 VUs  0m40.0s/6m00.0s

running (0m41.0s), 037/800 VUs, 823874 complete and 0 interrupted iterations
pool_saturation_recovery   [  11% ] 037/800 VUs  0m41.0s/6m00.0s

running (0m42.0s), 037/800 VUs, 851337 complete and 0 interrupted iterations
pool_saturation_recovery   [  12% ] 037/800 VUs  0m42.0s/6m00.0s

running (0m43.0s), 038/800 VUs, 877654 complete and 0 interrupted iterations
pool_saturation_recovery   [  12% ] 038/800 VUs  0m43.0s/6m00.0s

running (0m44.0s), 039/800 VUs, 902970 complete and 0 interrupted iterations
pool_saturation_recovery   [  12% ] 039/800 VUs  0m44.0s/6m00.0s

running (0m45.0s), 039/800 VUs, 929555 complete and 0 interrupted iterations
pool_saturation_recovery   [  12% ] 039/800 VUs  0m45.0s/6m00.0s

running (0m46.0s), 040/800 VUs, 952385 complete and 0 interrupted iterations
pool_saturation_recovery   [  13% ] 040/800 VUs  0m46.0s/6m00.0s

running (0m47.0s), 041/800 VUs, 980406 complete and 0 interrupted iterations
pool_saturation_recovery   [  13% ] 041/800 VUs  0m47.0s/6m00.0s

running (0m48.0s), 041/800 VUs, 1008415 complete and 0 interrupted iterations
pool_saturation_recovery   [  13% ] 041/800 VUs  0m48.0s/6m00.0s

running (0m49.0s), 042/800 VUs, 1035747 complete and 0 interrupted iterations
pool_saturation_recovery   [  14% ] 042/800 VUs  0m49.0s/6m00.0s

running (0m50.0s), 043/800 VUs, 1061625 complete and 0 interrupted iterations
pool_saturation_recovery   [  14% ] 043/800 VUs  0m50.0s/6m00.0s

running (0m51.0s), 043/800 VUs, 1081831 complete and 0 interrupted iterations
pool_saturation_recovery   [  14% ] 043/800 VUs  0m51.0s/6m00.0s

running (0m52.0s), 044/800 VUs, 1094741 complete and 0 interrupted iterations
pool_saturation_recovery   [  14% ] 044/800 VUs  0m52.0s/6m00.0s

running (0m53.0s), 045/800 VUs, 1112265 complete and 0 interrupted iterations
pool_saturation_recovery   [  15% ] 045/800 VUs  0m53.0s/6m00.0s

running (0m54.0s), 045/800 VUs, 1132820 complete and 0 interrupted iterations
pool_saturation_recovery   [  15% ] 045/800 VUs  0m54.0s/6m00.0s

running (0m55.0s), 046/800 VUs, 1148140 complete and 0 interrupted iterations
pool_saturation_recovery   [  15% ] 046/800 VUs  0m55.0s/6m00.0s

running (0m56.0s), 047/800 VUs, 1167199 complete and 0 interrupted iterations
pool_saturation_recovery   [  16% ] 047/800 VUs  0m56.0s/6m00.0s

running (0m57.0s), 047/800 VUs, 1186271 complete and 0 interrupted iterations
pool_saturation_recovery   [  16% ] 047/800 VUs  0m57.0s/6m00.0s

running (0m58.0s), 048/800 VUs, 1207328 complete and 0 interrupted iterations
pool_saturation_recovery   [  16% ] 048/800 VUs  0m58.0s/6m00.0s

running (0m59.0s), 049/800 VUs, 1227743 complete and 0 interrupted iterations
pool_saturation_recovery   [  16% ] 049/800 VUs  0m59.0s/6m00.0s

running (1m00.0s), 049/800 VUs, 1250517 complete and 0 interrupted iterations
pool_saturation_recovery   [  17% ] 049/800 VUs  1m00.0s/6m00.0s

running (1m01.0s), 050/800 VUs, 1274521 complete and 0 interrupted iterations
pool_saturation_recovery   [  17% ] 050/800 VUs  1m01.0s/6m00.0s

running (1m02.0s), 051/800 VUs, 1297682 complete and 0 interrupted iterations
pool_saturation_recovery   [  17% ] 051/800 VUs  1m02.0s/6m00.0s

running (1m03.0s), 052/800 VUs, 1318071 complete and 0 interrupted iterations
pool_saturation_recovery   [  17% ] 052/800 VUs  1m03.0s/6m00.0s

running (1m04.0s), 053/800 VUs, 1338507 complete and 0 interrupted iterations
pool_saturation_recovery   [  18% ] 053/800 VUs  1m04.0s/6m00.0s

running (1m05.0s), 054/800 VUs, 1359394 complete and 0 interrupted iterations
pool_saturation_recovery   [  18% ] 054/800 VUs  1m05.0s/6m00.0s

running (1m06.0s), 054/800 VUs, 1382373 complete and 0 interrupted iterations
pool_saturation_recovery   [  18% ] 054/800 VUs  1m06.0s/6m00.0s

running (1m07.0s), 055/800 VUs, 1401088 complete and 0 interrupted iterations
pool_saturation_recovery   [  19% ] 055/800 VUs  1m07.0s/6m00.0s

running (1m08.0s), 056/800 VUs, 1420967 complete and 0 interrupted iterations
pool_saturation_recovery   [  19% ] 056/800 VUs  1m08.0s/6m00.0s

running (1m09.0s), 057/800 VUs, 1438382 complete and 0 interrupted iterations
pool_saturation_recovery   [  19% ] 057/800 VUs  1m09.0s/6m00.0s

running (1m10.0s), 058/800 VUs, 1450990 complete and 0 interrupted iterations
pool_saturation_recovery   [  19% ] 058/800 VUs  1m10.0s/6m00.0s

running (1m11.0s), 059/800 VUs, 1465382 complete and 0 interrupted iterations
pool_saturation_recovery   [  20% ] 059/800 VUs  1m11.0s/6m00.0s

running (1m12.0s), 059/800 VUs, 1485809 complete and 0 interrupted iterations
pool_saturation_recovery   [  20% ] 059/800 VUs  1m12.0s/6m00.0s

running (1m13.0s), 060/800 VUs, 1507778 complete and 0 interrupted iterations
pool_saturation_recovery   [  20% ] 060/800 VUs  1m13.0s/6m00.0s

running (1m14.0s), 061/800 VUs, 1530116 complete and 0 interrupted iterations
pool_saturation_recovery   [  21% ] 061/800 VUs  1m14.0s/6m00.0s

running (1m15.0s), 062/800 VUs, 1548651 complete and 0 interrupted iterations
pool_saturation_recovery   [  21% ] 062/800 VUs  1m15.0s/6m00.0s

running (1m16.0s), 063/800 VUs, 1565010 complete and 0 interrupted iterations
pool_saturation_recovery   [  21% ] 063/800 VUs  1m16.0s/6m00.0s

running (1m17.0s), 064/800 VUs, 1581092 complete and 0 interrupted iterations
pool_saturation_recovery   [  21% ] 064/800 VUs  1m17.0s/6m00.0s

running (1m18.0s), 064/800 VUs, 1597367 complete and 0 interrupted iterations
pool_saturation_recovery   [  22% ] 064/800 VUs  1m18.0s/6m00.0s

running (1m19.0s), 065/800 VUs, 1614262 complete and 0 interrupted iterations
pool_saturation_recovery   [  22% ] 065/800 VUs  1m19.0s/6m00.0s

running (1m20.0s), 066/800 VUs, 1631332 complete and 0 interrupted iterations
pool_saturation_recovery   [  22% ] 066/800 VUs  1m20.0s/6m00.0s

running (1m21.0s), 067/800 VUs, 1649213 complete and 0 interrupted iterations
pool_saturation_recovery   [  22% ] 067/800 VUs  1m21.0s/6m00.0s

running (1m22.0s), 068/800 VUs, 1662596 complete and 0 interrupted iterations
pool_saturation_recovery   [  23% ] 068/800 VUs  1m22.0s/6m00.0s

running (1m23.0s), 069/800 VUs, 1675060 complete and 0 interrupted iterations
pool_saturation_recovery   [  23% ] 069/800 VUs  1m23.0s/6m00.0s

running (1m24.0s), 069/800 VUs, 1692362 complete and 0 interrupted iterations
pool_saturation_recovery   [  23% ] 069/800 VUs  1m24.0s/6m00.0s

running (1m25.0s), 070/800 VUs, 1706503 complete and 0 interrupted iterations
pool_saturation_recovery   [  24% ] 070/800 VUs  1m25.0s/6m00.0s

running (1m26.0s), 071/800 VUs, 1723552 complete and 0 interrupted iterations
pool_saturation_recovery   [  24% ] 071/800 VUs  1m26.0s/6m00.0s

running (1m27.0s), 072/800 VUs, 1738983 complete and 0 interrupted iterations
pool_saturation_recovery   [  24% ] 072/800 VUs  1m27.0s/6m00.0s

running (1m28.0s), 073/800 VUs, 1753049 complete and 0 interrupted iterations
pool_saturation_recovery   [  24% ] 073/800 VUs  1m28.0s/6m00.0s

running (1m29.0s), 074/800 VUs, 1763531 complete and 0 interrupted iterations
pool_saturation_recovery   [  25% ] 074/800 VUs  1m29.0s/6m00.0s

running (1m30.0s), 074/800 VUs, 1779279 complete and 0 interrupted iterations
pool_saturation_recovery   [  25% ] 074/800 VUs  1m30.0s/6m00.0s

running (1m31.0s), 075/800 VUs, 1791331 complete and 0 interrupted iterations
pool_saturation_recovery   [  25% ] 075/800 VUs  1m31.0s/6m00.0s

running (1m32.0s), 076/800 VUs, 1804728 complete and 0 interrupted iterations
pool_saturation_recovery   [  26% ] 076/800 VUs  1m32.0s/6m00.0s

running (1m33.0s), 077/800 VUs, 1819699 complete and 0 interrupted iterations
pool_saturation_recovery   [  26% ] 077/800 VUs  1m33.0s/6m00.0s

running (1m34.0s), 078/800 VUs, 1834096 complete and 0 interrupted iterations
pool_saturation_recovery   [  26% ] 078/800 VUs  1m34.0s/6m00.0s

running (1m35.0s), 079/800 VUs, 1847332 complete and 0 interrupted iterations
pool_saturation_recovery   [  26% ] 079/800 VUs  1m35.0s/6m00.0s

running (1m36.0s), 079/800 VUs, 1860462 complete and 0 interrupted iterations
pool_saturation_recovery   [  27% ] 079/800 VUs  1m36.0s/6m00.0s

running (1m37.0s), 080/800 VUs, 1873469 complete and 0 interrupted iterations
pool_saturation_recovery   [  27% ] 080/800 VUs  1m37.0s/6m00.0s

running (1m38.0s), 081/800 VUs, 1886259 complete and 0 interrupted iterations
pool_saturation_recovery   [  27% ] 081/800 VUs  1m38.0s/6m00.0s

running (1m39.0s), 082/800 VUs, 1898979 complete and 0 interrupted iterations
pool_saturation_recovery   [  27% ] 082/800 VUs  1m39.0s/6m00.0s

running (1m40.0s), 083/800 VUs, 1913811 complete and 0 interrupted iterations
pool_saturation_recovery   [  28% ] 083/800 VUs  1m40.0s/6m00.0s

running (1m41.0s), 084/800 VUs, 1927396 complete and 0 interrupted iterations
pool_saturation_recovery   [  28% ] 084/800 VUs  1m41.0s/6m00.0s

running (1m42.0s), 084/800 VUs, 1943043 complete and 0 interrupted iterations
pool_saturation_recovery   [  28% ] 084/800 VUs  1m42.0s/6m00.0s

running (1m43.0s), 085/800 VUs, 1955880 complete and 0 interrupted iterations
pool_saturation_recovery   [  29% ] 085/800 VUs  1m43.0s/6m00.0s

running (1m44.0s), 086/800 VUs, 1970238 complete and 0 interrupted iterations
pool_saturation_recovery   [  29% ] 086/800 VUs  1m44.0s/6m00.0s

running (1m45.0s), 087/800 VUs, 1985357 complete and 0 interrupted iterations
pool_saturation_recovery   [  29% ] 087/800 VUs  1m45.0s/6m00.0s

running (1m46.0s), 088/800 VUs, 1999517 complete and 0 interrupted iterations
pool_saturation_recovery   [  29% ] 088/800 VUs  1m46.0s/6m00.0s

running (1m47.0s), 089/800 VUs, 2011773 complete and 0 interrupted iterations
pool_saturation_recovery   [  30% ] 089/800 VUs  1m47.0s/6m00.0s

running (1m48.0s), 089/800 VUs, 2025769 complete and 0 interrupted iterations
pool_saturation_recovery   [  30% ] 089/800 VUs  1m48.0s/6m00.0s

running (1m49.0s), 090/800 VUs, 2040347 complete and 0 interrupted iterations
pool_saturation_recovery   [  30% ] 090/800 VUs  1m49.0s/6m00.0s

running (1m50.0s), 091/800 VUs, 2051665 complete and 0 interrupted iterations
pool_saturation_recovery   [  31% ] 091/800 VUs  1m50.0s/6m00.0s

running (1m51.0s), 092/800 VUs, 2064614 complete and 0 interrupted iterations
pool_saturation_recovery   [  31% ] 092/800 VUs  1m51.0s/6m00.0s

running (1m52.0s), 093/800 VUs, 2078896 complete and 0 interrupted iterations
pool_saturation_recovery   [  31% ] 093/800 VUs  1m52.0s/6m00.0s

running (1m53.0s), 094/800 VUs, 2089631 complete and 0 interrupted iterations
pool_saturation_recovery   [  31% ] 094/800 VUs  1m53.0s/6m00.0s

running (1m54.0s), 094/800 VUs, 2103081 complete and 0 interrupted iterations
pool_saturation_recovery   [  32% ] 094/800 VUs  1m54.0s/6m00.0s

running (1m55.0s), 095/800 VUs, 2117272 complete and 0 interrupted iterations
pool_saturation_recovery   [  32% ] 095/800 VUs  1m55.0s/6m00.0s

running (1m56.0s), 096/800 VUs, 2131194 complete and 0 interrupted iterations
pool_saturation_recovery   [  32% ] 096/800 VUs  1m56.0s/6m00.0s

running (1m57.0s), 097/800 VUs, 2145686 complete and 0 interrupted iterations
pool_saturation_recovery   [  32% ] 097/800 VUs  1m57.0s/6m00.0s

running (1m58.0s), 098/800 VUs, 2160752 complete and 0 interrupted iterations
pool_saturation_recovery   [  33% ] 098/800 VUs  1m58.0s/6m00.0s

running (1m59.0s), 099/800 VUs, 2174071 complete and 0 interrupted iterations
pool_saturation_recovery   [  33% ] 099/800 VUs  1m59.0s/6m00.0s

running (2m00.0s), 099/800 VUs, 2188030 complete and 0 interrupted iterations
pool_saturation_recovery   [  33% ] 099/800 VUs  2m00.0s/6m00.0s

running (2m01.0s), 101/800 VUs, 2201868 complete and 0 interrupted iterations
pool_saturation_recovery   [  34% ] 101/800 VUs  2m01.0s/6m00.0s

running (2m02.0s), 103/800 VUs, 2214682 complete and 0 interrupted iterations
pool_saturation_recovery   [  34% ] 103/800 VUs  2m02.0s/6m00.0s

running (2m03.0s), 104/800 VUs, 2228807 complete and 0 interrupted iterations
pool_saturation_recovery   [  34% ] 104/800 VUs  2m03.0s/6m00.0s

running (2m04.0s), 106/800 VUs, 2243429 complete and 0 interrupted iterations
pool_saturation_recovery   [  34% ] 106/800 VUs  2m04.0s/6m00.0s

running (2m05.0s), 108/800 VUs, 2256988 complete and 0 interrupted iterations
pool_saturation_recovery   [  35% ] 108/800 VUs  2m05.0s/6m00.0s

running (2m06.0s), 109/800 VUs, 2269364 complete and 0 interrupted iterations
pool_saturation_recovery   [  35% ] 109/800 VUs  2m06.0s/6m00.0s

running (2m07.0s), 111/800 VUs, 2282617 complete and 0 interrupted iterations
pool_saturation_recovery   [  35% ] 111/800 VUs  2m07.0s/6m00.0s

running (2m08.0s), 113/800 VUs, 2296721 complete and 0 interrupted iterations
pool_saturation_recovery   [  36% ] 113/800 VUs  2m08.0s/6m00.0s

running (2m09.0s), 114/800 VUs, 2311618 complete and 0 interrupted iterations
pool_saturation_recovery   [  36% ] 114/800 VUs  2m09.0s/6m00.0s

running (2m10.0s), 116/800 VUs, 2327152 complete and 0 interrupted iterations
pool_saturation_recovery   [  36% ] 116/800 VUs  2m10.0s/6m00.0s

running (2m11.0s), 118/800 VUs, 2340878 complete and 0 interrupted iterations
pool_saturation_recovery   [  36% ] 118/800 VUs  2m11.0s/6m00.0s

running (2m12.0s), 119/800 VUs, 2356066 complete and 0 interrupted iterations
pool_saturation_recovery   [  37% ] 119/800 VUs  2m12.0s/6m00.0s

running (2m13.0s), 121/800 VUs, 2371920 complete and 0 interrupted iterations
pool_saturation_recovery   [  37% ] 121/800 VUs  2m13.0s/6m00.0s

running (2m14.0s), 123/800 VUs, 2388127 complete and 0 interrupted iterations
pool_saturation_recovery   [  37% ] 123/800 VUs  2m14.0s/6m00.0s

running (2m15.0s), 124/800 VUs, 2401746 complete and 0 interrupted iterations
pool_saturation_recovery   [  37% ] 124/800 VUs  2m15.0s/6m00.0s

running (2m16.0s), 126/800 VUs, 2417906 complete and 0 interrupted iterations
pool_saturation_recovery   [  38% ] 126/800 VUs  2m16.0s/6m00.0s

running (2m17.0s), 128/800 VUs, 2433481 complete and 0 interrupted iterations
pool_saturation_recovery   [  38% ] 128/800 VUs  2m17.0s/6m00.0s

running (2m18.0s), 129/800 VUs, 2448397 complete and 0 interrupted iterations
pool_saturation_recovery   [  38% ] 129/800 VUs  2m18.0s/6m00.0s

running (2m19.0s), 131/800 VUs, 2463188 complete and 0 interrupted iterations
pool_saturation_recovery   [  39% ] 131/800 VUs  2m19.0s/6m00.0s

running (2m20.0s), 133/800 VUs, 2478241 complete and 0 interrupted iterations
pool_saturation_recovery   [  39% ] 133/800 VUs  2m20.0s/6m00.0s

running (2m21.0s), 134/800 VUs, 2494683 complete and 0 interrupted iterations
pool_saturation_recovery   [  39% ] 134/800 VUs  2m21.0s/6m00.0s

running (2m22.0s), 136/800 VUs, 2508890 complete and 0 interrupted iterations
pool_saturation_recovery   [  39% ] 136/800 VUs  2m22.0s/6m00.0s

running (2m23.0s), 138/800 VUs, 2522451 complete and 0 interrupted iterations
pool_saturation_recovery   [  40% ] 138/800 VUs  2m23.0s/6m00.0s

running (2m24.0s), 139/800 VUs, 2537181 complete and 0 interrupted iterations
pool_saturation_recovery   [  40% ] 139/800 VUs  2m24.0s/6m00.0s

running (2m25.0s), 141/800 VUs, 2551769 complete and 0 interrupted iterations
pool_saturation_recovery   [  40% ] 141/800 VUs  2m25.0s/6m00.0s

running (2m26.0s), 143/800 VUs, 2566545 complete and 0 interrupted iterations
pool_saturation_recovery   [  41% ] 143/800 VUs  2m26.0s/6m00.0s

running (2m27.0s), 144/800 VUs, 2581347 complete and 0 interrupted iterations
pool_saturation_recovery   [  41% ] 144/800 VUs  2m27.0s/6m00.0s

running (2m28.0s), 146/800 VUs, 2596254 complete and 0 interrupted iterations
pool_saturation_recovery   [  41% ] 146/800 VUs  2m28.0s/6m00.0s

running (2m29.0s), 148/800 VUs, 2611954 complete and 0 interrupted iterations
pool_saturation_recovery   [  41% ] 148/800 VUs  2m29.0s/6m00.0s

running (2m30.0s), 149/800 VUs, 2629178 complete and 0 interrupted iterations
pool_saturation_recovery   [  42% ] 149/800 VUs  2m30.0s/6m00.0s

running (2m31.0s), 151/800 VUs, 2643037 complete and 0 interrupted iterations
pool_saturation_recovery   [  42% ] 151/800 VUs  2m31.0s/6m00.0s

running (2m32.0s), 153/800 VUs, 2659355 complete and 0 interrupted iterations
pool_saturation_recovery   [  42% ] 153/800 VUs  2m32.0s/6m00.0s

running (2m33.0s), 154/800 VUs, 2676800 complete and 0 interrupted iterations
pool_saturation_recovery   [  42% ] 154/800 VUs  2m33.0s/6m00.0s

running (2m34.0s), 156/800 VUs, 2693712 complete and 0 interrupted iterations
pool_saturation_recovery   [  43% ] 156/800 VUs  2m34.0s/6m00.0s

running (2m35.0s), 158/800 VUs, 2708668 complete and 0 interrupted iterations
pool_saturation_recovery   [  43% ] 158/800 VUs  2m35.0s/6m00.0s

running (2m36.0s), 159/800 VUs, 2724389 complete and 0 interrupted iterations
pool_saturation_recovery   [  43% ] 159/800 VUs  2m36.0s/6m00.0s

running (2m37.0s), 161/800 VUs, 2741271 complete and 0 interrupted iterations
pool_saturation_recovery   [  44% ] 161/800 VUs  2m37.0s/6m00.0s

running (2m38.0s), 163/800 VUs, 2758509 complete and 0 interrupted iterations
pool_saturation_recovery   [  44% ] 163/800 VUs  2m38.0s/6m00.0s

running (2m39.0s), 164/800 VUs, 2773689 complete and 0 interrupted iterations
pool_saturation_recovery   [  44% ] 164/800 VUs  2m39.0s/6m00.0s

running (2m40.0s), 166/800 VUs, 2789568 complete and 0 interrupted iterations
pool_saturation_recovery   [  44% ] 166/800 VUs  2m40.0s/6m00.0s

running (2m41.0s), 168/800 VUs, 2805740 complete and 0 interrupted iterations
pool_saturation_recovery   [  45% ] 168/800 VUs  2m41.0s/6m00.0s

running (2m42.0s), 169/800 VUs, 2822521 complete and 0 interrupted iterations
pool_saturation_recovery   [  45% ] 169/800 VUs  2m42.0s/6m00.0s

running (2m43.0s), 171/800 VUs, 2838564 complete and 0 interrupted iterations
pool_saturation_recovery   [  45% ] 171/800 VUs  2m43.0s/6m00.0s

running (2m44.0s), 173/800 VUs, 2853732 complete and 0 interrupted iterations
pool_saturation_recovery   [  46% ] 173/800 VUs  2m44.0s/6m00.0s

running (2m45.0s), 174/800 VUs, 2868865 complete and 0 interrupted iterations
pool_saturation_recovery   [  46% ] 174/800 VUs  2m45.0s/6m00.0s

running (2m46.0s), 176/800 VUs, 2886045 complete and 0 interrupted iterations
pool_saturation_recovery   [  46% ] 176/800 VUs  2m46.0s/6m00.0s

running (2m47.0s), 178/800 VUs, 2899284 complete and 0 interrupted iterations
pool_saturation_recovery   [  46% ] 178/800 VUs  2m47.0s/6m00.0s

running (2m48.0s), 179/800 VUs, 2915839 complete and 0 interrupted iterations
pool_saturation_recovery   [  47% ] 179/800 VUs  2m48.0s/6m00.0s

running (2m49.0s), 181/800 VUs, 2933630 complete and 0 interrupted iterations
pool_saturation_recovery   [  47% ] 181/800 VUs  2m49.0s/6m00.0s

running (2m50.0s), 183/800 VUs, 2949964 complete and 0 interrupted iterations
pool_saturation_recovery   [  47% ] 183/800 VUs  2m50.0s/6m00.0s

running (2m51.0s), 184/800 VUs, 2964565 complete and 0 interrupted iterations
pool_saturation_recovery   [  47% ] 184/800 VUs  2m51.0s/6m00.0s

running (2m52.0s), 186/800 VUs, 2980782 complete and 0 interrupted iterations
pool_saturation_recovery   [  48% ] 186/800 VUs  2m52.0s/6m00.0s

running (2m53.0s), 188/800 VUs, 2996062 complete and 0 interrupted iterations
pool_saturation_recovery   [  48% ] 188/800 VUs  2m53.0s/6m00.0s

running (2m54.0s), 189/800 VUs, 3012111 complete and 0 interrupted iterations
pool_saturation_recovery   [  48% ] 189/800 VUs  2m54.0s/6m00.0s

running (2m55.0s), 191/800 VUs, 3027883 complete and 0 interrupted iterations
pool_saturation_recovery   [  49% ] 191/800 VUs  2m55.0s/6m00.0s

running (2m56.0s), 193/800 VUs, 3042794 complete and 0 interrupted iterations
pool_saturation_recovery   [  49% ] 193/800 VUs  2m56.0s/6m00.0s

running (2m57.0s), 194/800 VUs, 3059101 complete and 0 interrupted iterations
pool_saturation_recovery   [  49% ] 194/800 VUs  2m57.0s/6m00.0s

running (2m58.0s), 196/800 VUs, 3075683 complete and 0 interrupted iterations
pool_saturation_recovery   [  49% ] 196/800 VUs  2m58.0s/6m00.0s

running (2m59.0s), 198/800 VUs, 3091997 complete and 0 interrupted iterations
pool_saturation_recovery   [  50% ] 198/800 VUs  2m59.0s/6m00.0s

running (3m00.0s), 199/800 VUs, 3108475 complete and 0 interrupted iterations
pool_saturation_recovery   [  50% ] 199/800 VUs  3m00.0s/6m00.0s

running (3m01.0s), 203/800 VUs, 3123077 complete and 0 interrupted iterations
pool_saturation_recovery   [  50% ] 203/800 VUs  3m01.0s/6m00.0s

running (3m02.0s), 206/800 VUs, 3138507 complete and 0 interrupted iterations
pool_saturation_recovery   [  51% ] 206/800 VUs  3m02.0s/6m00.0s

running (3m03.0s), 209/800 VUs, 3153406 complete and 0 interrupted iterations
pool_saturation_recovery   [  51% ] 209/800 VUs  3m03.0s/6m00.0s

running (3m04.0s), 213/800 VUs, 3169212 complete and 0 interrupted iterations
pool_saturation_recovery   [  51% ] 213/800 VUs  3m04.0s/6m00.0s

running (3m05.0s), 216/800 VUs, 3184070 complete and 0 interrupted iterations
pool_saturation_recovery   [  51% ] 216/800 VUs  3m05.0s/6m00.0s

running (3m06.0s), 219/800 VUs, 3200509 complete and 0 interrupted iterations
pool_saturation_recovery   [  52% ] 219/800 VUs  3m06.0s/6m00.0s

running (3m07.0s), 223/800 VUs, 3215946 complete and 0 interrupted iterations
pool_saturation_recovery   [  52% ] 223/800 VUs  3m07.0s/6m00.0s

running (3m08.0s), 226/800 VUs, 3231205 complete and 0 interrupted iterations
pool_saturation_recovery   [  52% ] 226/800 VUs  3m08.0s/6m00.0s

running (3m09.0s), 229/800 VUs, 3247640 complete and 0 interrupted iterations
pool_saturation_recovery   [  52% ] 229/800 VUs  3m09.0s/6m00.0s

running (3m10.0s), 233/800 VUs, 3263802 complete and 0 interrupted iterations
pool_saturation_recovery   [  53% ] 233/800 VUs  3m10.0s/6m00.0s

running (3m11.0s), 236/800 VUs, 3278845 complete and 0 interrupted iterations
pool_saturation_recovery   [  53% ] 236/800 VUs  3m11.0s/6m00.0s

running (3m12.0s), 239/800 VUs, 3295356 complete and 0 interrupted iterations
pool_saturation_recovery   [  53% ] 239/800 VUs  3m12.0s/6m00.0s

running (3m13.0s), 243/800 VUs, 3310652 complete and 0 interrupted iterations
pool_saturation_recovery   [  54% ] 243/800 VUs  3m13.0s/6m00.0s

running (3m14.0s), 246/800 VUs, 3327040 complete and 0 interrupted iterations
pool_saturation_recovery   [  54% ] 246/800 VUs  3m14.0s/6m00.0s

running (3m15.0s), 249/800 VUs, 3341492 complete and 0 interrupted iterations
pool_saturation_recovery   [  54% ] 249/800 VUs  3m15.0s/6m00.0s

running (3m16.0s), 253/800 VUs, 3358625 complete and 0 interrupted iterations
pool_saturation_recovery   [  54% ] 253/800 VUs  3m16.0s/6m00.0s

running (3m17.0s), 256/800 VUs, 3375133 complete and 0 interrupted iterations
pool_saturation_recovery   [  55% ] 256/800 VUs  3m17.0s/6m00.0s

running (3m18.0s), 259/800 VUs, 3389053 complete and 0 interrupted iterations
pool_saturation_recovery   [  55% ] 259/800 VUs  3m18.0s/6m00.0s

running (3m19.0s), 263/800 VUs, 3404881 complete and 0 interrupted iterations
pool_saturation_recovery   [  55% ] 263/800 VUs  3m19.0s/6m00.0s

running (3m20.0s), 266/800 VUs, 3420969 complete and 0 interrupted iterations
pool_saturation_recovery   [  56% ] 266/800 VUs  3m20.0s/6m00.0s

running (3m21.0s), 269/800 VUs, 3436909 complete and 0 interrupted iterations
pool_saturation_recovery   [  56% ] 269/800 VUs  3m21.0s/6m00.0s

running (3m22.0s), 273/800 VUs, 3453971 complete and 0 interrupted iterations
pool_saturation_recovery   [  56% ] 273/800 VUs  3m22.0s/6m00.0s

running (3m23.0s), 276/800 VUs, 3467457 complete and 0 interrupted iterations
pool_saturation_recovery   [  56% ] 276/800 VUs  3m23.0s/6m00.0s

running (3m24.0s), 279/800 VUs, 3483429 complete and 0 interrupted iterations
pool_saturation_recovery   [  57% ] 279/800 VUs  3m24.0s/6m00.0s

running (3m25.0s), 283/800 VUs, 3500005 complete and 0 interrupted iterations
pool_saturation_recovery   [  57% ] 283/800 VUs  3m25.0s/6m00.0s

running (3m26.0s), 286/800 VUs, 3517005 complete and 0 interrupted iterations
pool_saturation_recovery   [  57% ] 286/800 VUs  3m26.0s/6m00.0s

running (3m27.0s), 289/800 VUs, 3532733 complete and 0 interrupted iterations
pool_saturation_recovery   [  57% ] 289/800 VUs  3m27.0s/6m00.0s

running (3m28.0s), 293/800 VUs, 3549732 complete and 0 interrupted iterations
pool_saturation_recovery   [  58% ] 293/800 VUs  3m28.0s/6m00.0s

running (3m29.0s), 296/800 VUs, 3563613 complete and 0 interrupted iterations
pool_saturation_recovery   [  58% ] 296/800 VUs  3m29.0s/6m00.0s

running (3m30.0s), 299/800 VUs, 3580611 complete and 0 interrupted iterations
pool_saturation_recovery   [  58% ] 299/800 VUs  3m30.0s/6m00.0s

running (3m31.0s), 303/800 VUs, 3595693 complete and 0 interrupted iterations
pool_saturation_recovery   [  59% ] 303/800 VUs  3m31.0s/6m00.0s

running (3m32.0s), 306/800 VUs, 3610567 complete and 0 interrupted iterations
pool_saturation_recovery   [  59% ] 306/800 VUs  3m32.0s/6m00.0s

running (3m33.0s), 309/800 VUs, 3627353 complete and 0 interrupted iterations
pool_saturation_recovery   [  59% ] 309/800 VUs  3m33.0s/6m00.0s

running (3m34.0s), 313/800 VUs, 3644383 complete and 0 interrupted iterations
pool_saturation_recovery   [  59% ] 313/800 VUs  3m34.0s/6m00.0s

running (3m35.0s), 316/800 VUs, 3659145 complete and 0 interrupted iterations
pool_saturation_recovery   [  60% ] 316/800 VUs  3m35.0s/6m00.0s

running (3m36.0s), 319/800 VUs, 3676296 complete and 0 interrupted iterations
pool_saturation_recovery   [  60% ] 319/800 VUs  3m36.0s/6m00.0s

running (3m37.0s), 323/800 VUs, 3692066 complete and 0 interrupted iterations
pool_saturation_recovery   [  60% ] 323/800 VUs  3m37.0s/6m00.0s

running (3m38.0s), 326/800 VUs, 3709751 complete and 0 interrupted iterations
pool_saturation_recovery   [  61% ] 326/800 VUs  3m38.0s/6m00.0s

running (3m39.0s), 329/800 VUs, 3726077 complete and 0 interrupted iterations
pool_saturation_recovery   [  61% ] 329/800 VUs  3m39.0s/6m00.0s

running (3m40.0s), 333/800 VUs, 3742209 complete and 0 interrupted iterations
pool_saturation_recovery   [  61% ] 333/800 VUs  3m40.0s/6m00.0s

running (3m41.0s), 336/800 VUs, 3757539 complete and 0 interrupted iterations
pool_saturation_recovery   [  61% ] 336/800 VUs  3m41.0s/6m00.0s

running (3m42.0s), 339/800 VUs, 3773348 complete and 0 interrupted iterations
pool_saturation_recovery   [  62% ] 339/800 VUs  3m42.0s/6m00.0s

running (3m43.0s), 343/800 VUs, 3789212 complete and 0 interrupted iterations
pool_saturation_recovery   [  62% ] 343/800 VUs  3m43.0s/6m00.0s

running (3m44.0s), 346/800 VUs, 3805917 complete and 0 interrupted iterations
pool_saturation_recovery   [  62% ] 346/800 VUs  3m44.0s/6m00.0s

running (3m45.0s), 349/800 VUs, 3822816 complete and 0 interrupted iterations
pool_saturation_recovery   [  62% ] 349/800 VUs  3m45.0s/6m00.0s

running (3m46.0s), 353/800 VUs, 3837854 complete and 0 interrupted iterations
pool_saturation_recovery   [  63% ] 353/800 VUs  3m46.0s/6m00.0s

running (3m47.0s), 356/800 VUs, 3853278 complete and 0 interrupted iterations
pool_saturation_recovery   [  63% ] 356/800 VUs  3m47.0s/6m00.0s

running (3m48.0s), 359/800 VUs, 3870431 complete and 0 interrupted iterations
pool_saturation_recovery   [  63% ] 359/800 VUs  3m48.0s/6m00.0s

running (3m49.0s), 363/800 VUs, 3885531 complete and 0 interrupted iterations
pool_saturation_recovery   [  64% ] 363/800 VUs  3m49.0s/6m00.0s

running (3m50.0s), 366/800 VUs, 3900848 complete and 0 interrupted iterations
pool_saturation_recovery   [  64% ] 366/800 VUs  3m50.0s/6m00.0s

running (3m51.0s), 369/800 VUs, 3915126 complete and 0 interrupted iterations
pool_saturation_recovery   [  64% ] 369/800 VUs  3m51.0s/6m00.0s

running (3m52.0s), 373/800 VUs, 3930624 complete and 0 interrupted iterations
pool_saturation_recovery   [  64% ] 373/800 VUs  3m52.0s/6m00.0s

running (3m53.0s), 376/800 VUs, 3944722 complete and 0 interrupted iterations
pool_saturation_recovery   [  65% ] 376/800 VUs  3m53.0s/6m00.0s

running (3m54.0s), 379/800 VUs, 3962661 complete and 0 interrupted iterations
pool_saturation_recovery   [  65% ] 379/800 VUs  3m54.0s/6m00.0s

running (3m55.0s), 383/800 VUs, 3974110 complete and 0 interrupted iterations
pool_saturation_recovery   [  65% ] 383/800 VUs  3m55.0s/6m00.0s

running (3m56.0s), 386/800 VUs, 3987084 complete and 0 interrupted iterations
pool_saturation_recovery   [  66% ] 386/800 VUs  3m56.0s/6m00.0s

running (3m57.0s), 389/800 VUs, 4000707 complete and 0 interrupted iterations
pool_saturation_recovery   [  66% ] 389/800 VUs  3m57.0s/6m00.0s

running (3m58.0s), 393/800 VUs, 4011463 complete and 0 interrupted iterations
pool_saturation_recovery   [  66% ] 393/800 VUs  3m58.0s/6m00.0s

running (3m59.0s), 396/800 VUs, 4025792 complete and 0 interrupted iterations
pool_saturation_recovery   [  66% ] 396/800 VUs  3m59.0s/6m00.0s

running (4m00.0s), 399/800 VUs, 4040966 complete and 0 interrupted iterations
pool_saturation_recovery   [  67% ] 399/800 VUs  4m00.0s/6m00.0s

running (4m01.0s), 406/800 VUs, 4056330 complete and 0 interrupted iterations
pool_saturation_recovery   [  67% ] 406/800 VUs  4m01.0s/6m00.0s

running (4m02.0s), 413/800 VUs, 4073724 complete and 0 interrupted iterations
pool_saturation_recovery   [  67% ] 413/800 VUs  4m02.0s/6m00.0s

running (4m03.0s), 419/800 VUs, 4091045 complete and 0 interrupted iterations
pool_saturation_recovery   [  67% ] 419/800 VUs  4m03.0s/6m00.0s

running (4m04.0s), 426/800 VUs, 4106549 complete and 0 interrupted iterations
pool_saturation_recovery   [  68% ] 426/800 VUs  4m04.0s/6m00.0s

running (4m05.0s), 433/800 VUs, 4124294 complete and 0 interrupted iterations
pool_saturation_recovery   [  68% ] 433/800 VUs  4m05.0s/6m00.0s

running (4m06.0s), 439/800 VUs, 4140285 complete and 0 interrupted iterations
pool_saturation_recovery   [  68% ] 439/800 VUs  4m06.0s/6m00.0s

running (4m07.0s), 446/800 VUs, 4158196 complete and 0 interrupted iterations
pool_saturation_recovery   [  69% ] 446/800 VUs  4m07.0s/6m00.0s

running (4m08.0s), 453/800 VUs, 4172744 complete and 0 interrupted iterations
pool_saturation_recovery   [  69% ] 453/800 VUs  4m08.0s/6m00.0s

running (4m09.0s), 459/800 VUs, 4189135 complete and 0 interrupted iterations
pool_saturation_recovery   [  69% ] 459/800 VUs  4m09.0s/6m00.0s

running (4m10.0s), 466/800 VUs, 4206385 complete and 0 interrupted iterations
pool_saturation_recovery   [  69% ] 466/800 VUs  4m10.0s/6m00.0s

running (4m11.0s), 473/800 VUs, 4222881 complete and 0 interrupted iterations
pool_saturation_recovery   [  70% ] 473/800 VUs  4m11.0s/6m00.0s

running (4m12.0s), 479/800 VUs, 4240413 complete and 0 interrupted iterations
pool_saturation_recovery   [  70% ] 479/800 VUs  4m12.0s/6m00.0s

running (4m13.0s), 486/800 VUs, 4253432 complete and 0 interrupted iterations
pool_saturation_recovery   [  70% ] 486/800 VUs  4m13.0s/6m00.0s

running (4m14.0s), 493/800 VUs, 4267877 complete and 0 interrupted iterations
pool_saturation_recovery   [  71% ] 493/800 VUs  4m14.0s/6m00.0s

running (4m15.0s), 499/800 VUs, 4281107 complete and 0 interrupted iterations
pool_saturation_recovery   [  71% ] 499/800 VUs  4m15.0s/6m00.0s

running (4m16.0s), 506/800 VUs, 4295754 complete and 0 interrupted iterations
pool_saturation_recovery   [  71% ] 506/800 VUs  4m16.0s/6m00.0s

running (4m17.0s), 513/800 VUs, 4309634 complete and 0 interrupted iterations
pool_saturation_recovery   [  71% ] 513/800 VUs  4m17.0s/6m00.0s

running (4m18.0s), 519/800 VUs, 4324038 complete and 0 interrupted iterations
pool_saturation_recovery   [  72% ] 519/800 VUs  4m18.0s/6m00.0s

running (4m19.0s), 526/800 VUs, 4336598 complete and 0 interrupted iterations
pool_saturation_recovery   [  72% ] 526/800 VUs  4m19.0s/6m00.0s

running (4m20.0s), 533/800 VUs, 4347618 complete and 0 interrupted iterations
pool_saturation_recovery   [  72% ] 533/800 VUs  4m20.0s/6m00.0s

running (4m21.0s), 539/800 VUs, 4361500 complete and 0 interrupted iterations
pool_saturation_recovery   [  72% ] 539/800 VUs  4m21.0s/6m00.0s

running (4m22.0s), 546/800 VUs, 4374429 complete and 0 interrupted iterations
pool_saturation_recovery   [  73% ] 546/800 VUs  4m22.0s/6m00.0s

running (4m23.0s), 553/800 VUs, 4389221 complete and 0 interrupted iterations
pool_saturation_recovery   [  73% ] 553/800 VUs  4m23.0s/6m00.0s

running (4m24.0s), 559/800 VUs, 4402806 complete and 0 interrupted iterations
pool_saturation_recovery   [  73% ] 559/800 VUs  4m24.0s/6m00.0s

running (4m25.0s), 566/800 VUs, 4416621 complete and 0 interrupted iterations
pool_saturation_recovery   [  74% ] 566/800 VUs  4m25.0s/6m00.0s

running (4m26.0s), 573/800 VUs, 4429896 complete and 0 interrupted iterations
pool_saturation_recovery   [  74% ] 573/800 VUs  4m26.0s/6m00.0s

running (4m27.0s), 579/800 VUs, 4445830 complete and 0 interrupted iterations
pool_saturation_recovery   [  74% ] 579/800 VUs  4m27.0s/6m00.0s

running (4m28.0s), 586/800 VUs, 4459616 complete and 0 interrupted iterations
pool_saturation_recovery   [  74% ] 586/800 VUs  4m28.0s/6m00.0s

running (4m29.0s), 593/800 VUs, 4471968 complete and 0 interrupted iterations
pool_saturation_recovery   [  75% ] 593/800 VUs  4m29.0s/6m00.0s

running (4m30.0s), 599/800 VUs, 4483344 complete and 0 interrupted iterations
pool_saturation_recovery   [  75% ] 599/800 VUs  4m30.0s/6m00.0s

running (4m31.0s), 606/800 VUs, 4499795 complete and 0 interrupted iterations
pool_saturation_recovery   [  75% ] 606/800 VUs  4m31.0s/6m00.0s

running (4m32.0s), 613/800 VUs, 4512919 complete and 0 interrupted iterations
pool_saturation_recovery   [  76% ] 613/800 VUs  4m32.0s/6m00.0s

running (4m33.0s), 619/800 VUs, 4526516 complete and 0 interrupted iterations
pool_saturation_recovery   [  76% ] 619/800 VUs  4m33.0s/6m00.0s

running (4m34.0s), 626/800 VUs, 4539579 complete and 0 interrupted iterations
pool_saturation_recovery   [  76% ] 626/800 VUs  4m34.0s/6m00.0s

running (4m35.0s), 633/800 VUs, 4555197 complete and 0 interrupted iterations
pool_saturation_recovery   [  76% ] 633/800 VUs  4m35.0s/6m00.0s

running (4m36.0s), 639/800 VUs, 4571985 complete and 0 interrupted iterations
pool_saturation_recovery   [  77% ] 639/800 VUs  4m36.0s/6m00.0s

running (4m37.0s), 646/800 VUs, 4587899 complete and 0 interrupted iterations
pool_saturation_recovery   [  77% ] 646/800 VUs  4m37.0s/6m00.0s

running (4m38.0s), 653/800 VUs, 4604160 complete and 0 interrupted iterations
pool_saturation_recovery   [  77% ] 653/800 VUs  4m38.0s/6m00.0s

running (4m39.0s), 659/800 VUs, 4619487 complete and 0 interrupted iterations
pool_saturation_recovery   [  77% ] 659/800 VUs  4m39.0s/6m00.0s

running (4m40.0s), 666/800 VUs, 4638093 complete and 0 interrupted iterations
pool_saturation_recovery   [  78% ] 666/800 VUs  4m40.0s/6m00.0s

running (4m41.0s), 673/800 VUs, 4656716 complete and 0 interrupted iterations
pool_saturation_recovery   [  78% ] 673/800 VUs  4m41.0s/6m00.0s

running (4m42.0s), 679/800 VUs, 4674445 complete and 0 interrupted iterations
pool_saturation_recovery   [  78% ] 679/800 VUs  4m42.0s/6m00.0s

running (4m43.0s), 686/800 VUs, 4689097 complete and 0 interrupted iterations
pool_saturation_recovery   [  79% ] 686/800 VUs  4m43.0s/6m00.0s

running (4m44.0s), 693/800 VUs, 4706836 complete and 0 interrupted iterations
pool_saturation_recovery   [  79% ] 693/800 VUs  4m44.0s/6m00.0s

running (4m45.0s), 699/800 VUs, 4724738 complete and 0 interrupted iterations
pool_saturation_recovery   [  79% ] 699/800 VUs  4m45.0s/6m00.0s

running (4m46.0s), 706/800 VUs, 4745439 complete and 0 interrupted iterations
pool_saturation_recovery   [  79% ] 706/800 VUs  4m46.0s/6m00.0s

running (4m47.0s), 713/800 VUs, 4768491 complete and 0 interrupted iterations
pool_saturation_recovery   [  80% ] 713/800 VUs  4m47.0s/6m00.0s

running (4m48.0s), 719/800 VUs, 4791663 complete and 0 interrupted iterations
pool_saturation_recovery   [  80% ] 719/800 VUs  4m48.0s/6m00.0s

running (4m49.0s), 726/800 VUs, 4809544 complete and 0 interrupted iterations
pool_saturation_recovery   [  80% ] 726/800 VUs  4m49.0s/6m00.0s

running (4m50.0s), 733/800 VUs, 4826318 complete and 0 interrupted iterations
pool_saturation_recovery   [  81% ] 733/800 VUs  4m50.0s/6m00.0s

running (4m51.0s), 739/800 VUs, 4838339 complete and 0 interrupted iterations
pool_saturation_recovery   [  81% ] 739/800 VUs  4m51.0s/6m00.0s

running (4m52.0s), 746/800 VUs, 4854787 complete and 0 interrupted iterations
pool_saturation_recovery   [  81% ] 746/800 VUs  4m52.0s/6m00.0s

running (4m53.0s), 753/800 VUs, 4864764 complete and 0 interrupted iterations
pool_saturation_recovery   [  81% ] 753/800 VUs  4m53.0s/6m00.0s

running (4m54.0s), 759/800 VUs, 4875738 complete and 0 interrupted iterations
pool_saturation_recovery   [  82% ] 759/800 VUs  4m54.0s/6m00.0s

running (4m55.0s), 766/800 VUs, 4878818 complete and 0 interrupted iterations
pool_saturation_recovery   [  82% ] 766/800 VUs  4m55.0s/6m00.0s

running (4m56.0s), 773/800 VUs, 4885481 complete and 0 interrupted iterations
pool_saturation_recovery   [  82% ] 773/800 VUs  4m56.0s/6m00.0s

running (4m57.0s), 779/800 VUs, 4890548 complete and 0 interrupted iterations
pool_saturation_recovery   [  82% ] 779/800 VUs  4m57.0s/6m00.0s

running (4m58.0s), 786/800 VUs, 4895853 complete and 0 interrupted iterations
pool_saturation_recovery   [  83% ] 786/800 VUs  4m58.0s/6m00.0s

running (4m59.0s), 793/800 VUs, 4901259 complete and 0 interrupted iterations
pool_saturation_recovery   [  83% ] 793/800 VUs  4m59.0s/6m00.0s

running (5m00.0s), 799/800 VUs, 4906641 complete and 0 interrupted iterations
pool_saturation_recovery   [  83% ] 799/800 VUs  5m00.0s/6m00.0s

running (5m01.0s), 789/800 VUs, 4911590 complete and 0 interrupted iterations
pool_saturation_recovery   [  84% ] 789/800 VUs  5m01.0s/6m00.0s

running (5m02.0s), 777/800 VUs, 4915938 complete and 0 interrupted iterations
pool_saturation_recovery   [  84% ] 777/800 VUs  5m02.0s/6m00.0s

running (5m03.0s), 764/800 VUs, 4918662 complete and 0 interrupted iterations
pool_saturation_recovery   [  84% ] 764/800 VUs  5m03.0s/6m00.0s

running (5m04.0s), 753/800 VUs, 4923069 complete and 0 interrupted iterations
pool_saturation_recovery   [  84% ] 753/800 VUs  5m04.0s/6m00.0s

running (5m05.0s), 740/800 VUs, 4928815 complete and 0 interrupted iterations
pool_saturation_recovery   [  85% ] 740/800 VUs  5m05.0s/6m00.0s

running (5m06.0s), 727/800 VUs, 4934723 complete and 0 interrupted iterations
pool_saturation_recovery   [  85% ] 727/800 VUs  5m06.0s/6m00.0s

running (5m07.0s), 714/800 VUs, 4939648 complete and 0 interrupted iterations
pool_saturation_recovery   [  85% ] 714/800 VUs  5m07.0s/6m00.0s

running (5m08.0s), 701/800 VUs, 4946133 complete and 0 interrupted iterations
pool_saturation_recovery   [  86% ] 701/800 VUs  5m08.0s/6m00.0s

running (5m09.0s), 689/800 VUs, 4954576 complete and 0 interrupted iterations
pool_saturation_recovery   [  86% ] 689/800 VUs  5m09.0s/6m00.0s

running (5m10.0s), 677/800 VUs, 4960714 complete and 0 interrupted iterations
pool_saturation_recovery   [  86% ] 677/800 VUs  5m10.0s/6m00.0s

running (5m11.0s), 664/800 VUs, 4964374 complete and 0 interrupted iterations
pool_saturation_recovery   [  86% ] 664/800 VUs  5m11.0s/6m00.0s

running (5m12.0s), 653/800 VUs, 4968979 complete and 0 interrupted iterations
pool_saturation_recovery   [  87% ] 653/800 VUs  5m12.0s/6m00.0s

running (5m13.0s), 641/800 VUs, 4974115 complete and 0 interrupted iterations
pool_saturation_recovery   [  87% ] 641/800 VUs  5m13.0s/6m00.0s

running (5m14.0s), 627/800 VUs, 4977497 complete and 0 interrupted iterations
pool_saturation_recovery   [  87% ] 627/800 VUs  5m14.0s/6m00.0s

running (5m15.0s), 614/800 VUs, 4983157 complete and 0 interrupted iterations
pool_saturation_recovery   [  87% ] 614/800 VUs  5m15.0s/6m00.0s

running (5m16.0s), 602/800 VUs, 4988009 complete and 0 interrupted iterations
pool_saturation_recovery   [  88% ] 602/800 VUs  5m16.0s/6m00.0s

running (5m17.0s), 589/800 VUs, 4992252 complete and 0 interrupted iterations
pool_saturation_recovery   [  88% ] 589/800 VUs  5m17.0s/6m00.0s

running (5m18.0s), 577/800 VUs, 4997329 complete and 0 interrupted iterations
pool_saturation_recovery   [  88% ] 577/800 VUs  5m18.0s/6m00.0s

running (5m19.0s), 564/800 VUs, 5001656 complete and 0 interrupted iterations
pool_saturation_recovery   [  89% ] 564/800 VUs  5m19.0s/6m00.0s

running (5m20.0s), 553/800 VUs, 5007406 complete and 0 interrupted iterations
pool_saturation_recovery   [  89% ] 553/800 VUs  5m20.0s/6m00.0s

running (5m21.0s), 539/800 VUs, 5012203 complete and 0 interrupted iterations
pool_saturation_recovery   [  89% ] 539/800 VUs  5m21.0s/6m00.0s

running (5m22.0s), 527/800 VUs, 5016914 complete and 0 interrupted iterations
pool_saturation_recovery   [  89% ] 527/800 VUs  5m22.0s/6m00.0s

running (5m23.0s), 515/800 VUs, 5020039 complete and 0 interrupted iterations
pool_saturation_recovery   [  90% ] 515/800 VUs  5m23.0s/6m00.0s

running (5m24.0s), 502/800 VUs, 5023610 complete and 0 interrupted iterations
pool_saturation_recovery   [  90% ] 502/800 VUs  5m24.0s/6m00.0s

running (5m25.0s), 488/800 VUs, 5030608 complete and 0 interrupted iterations
pool_saturation_recovery   [  90% ] 488/800 VUs  5m25.0s/6m00.0s

running (5m26.0s), 476/800 VUs, 5037040 complete and 0 interrupted iterations
pool_saturation_recovery   [  91% ] 476/800 VUs  5m26.0s/6m00.0s

running (5m27.0s), 464/800 VUs, 5041943 complete and 0 interrupted iterations
pool_saturation_recovery   [  91% ] 464/800 VUs  5m27.0s/6m00.0s

running (5m28.0s), 451/800 VUs, 5047611 complete and 0 interrupted iterations
pool_saturation_recovery   [  91% ] 451/800 VUs  5m28.0s/6m00.0s

running (5m29.0s), 439/800 VUs, 5054281 complete and 0 interrupted iterations
pool_saturation_recovery   [  91% ] 439/800 VUs  5m29.0s/6m00.0s

running (5m30.0s), 426/800 VUs, 5062052 complete and 0 interrupted iterations
pool_saturation_recovery   [  92% ] 426/800 VUs  5m30.0s/6m00.0s

running (5m31.0s), 414/800 VUs, 5065486 complete and 0 interrupted iterations
pool_saturation_recovery   [  92% ] 414/800 VUs  5m31.0s/6m00.0s

running (5m32.0s), 402/800 VUs, 5069502 complete and 0 interrupted iterations
pool_saturation_recovery   [  92% ] 402/800 VUs  5m32.0s/6m00.0s

running (5m33.0s), 389/800 VUs, 5074919 complete and 0 interrupted iterations
pool_saturation_recovery   [  92% ] 389/800 VUs  5m33.0s/6m00.0s

running (5m34.0s), 376/800 VUs, 5079568 complete and 0 interrupted iterations
pool_saturation_recovery   [  93% ] 376/800 VUs  5m34.0s/6m00.0s

running (5m35.0s), 364/800 VUs, 5083116 complete and 0 interrupted iterations
pool_saturation_recovery   [  93% ] 364/800 VUs  5m35.0s/6m00.0s

running (5m36.0s), 351/800 VUs, 5087440 complete and 0 interrupted iterations
pool_saturation_recovery   [  93% ] 351/800 VUs  5m36.0s/6m00.0s

running (5m37.0s), 339/800 VUs, 5092876 complete and 0 interrupted iterations
pool_saturation_recovery   [  94% ] 339/800 VUs  5m37.0s/6m00.0s

running (5m38.0s), 326/800 VUs, 5097655 complete and 0 interrupted iterations
pool_saturation_recovery   [  94% ] 326/800 VUs  5m38.0s/6m00.0s

running (5m39.0s), 314/800 VUs, 5101667 complete and 0 interrupted iterations
pool_saturation_recovery   [  94% ] 314/800 VUs  5m39.0s/6m00.0s

running (5m40.0s), 301/800 VUs, 5107084 complete and 0 interrupted iterations
pool_saturation_recovery   [  94% ] 301/800 VUs  5m40.0s/6m00.0s

running (5m41.0s), 289/800 VUs, 5111671 complete and 0 interrupted iterations
pool_saturation_recovery   [  95% ] 289/800 VUs  5m41.0s/6m00.0s

running (5m42.0s), 276/800 VUs, 5118119 complete and 0 interrupted iterations
pool_saturation_recovery   [  95% ] 276/800 VUs  5m42.0s/6m00.0s

running (5m43.0s), 264/800 VUs, 5120841 complete and 0 interrupted iterations
pool_saturation_recovery   [  95% ] 264/800 VUs  5m43.0s/6m00.0s

running (5m44.0s), 251/800 VUs, 5124829 complete and 0 interrupted iterations
pool_saturation_recovery   [  96% ] 251/800 VUs  5m44.0s/6m00.0s

running (5m45.0s), 239/800 VUs, 5128629 complete and 0 interrupted iterations
pool_saturation_recovery   [  96% ] 239/800 VUs  5m45.0s/6m00.0s

running (5m46.0s), 226/800 VUs, 5133663 complete and 0 interrupted iterations
pool_saturation_recovery   [  96% ] 226/800 VUs  5m46.0s/6m00.0s

running (5m47.0s), 214/800 VUs, 5136613 complete and 0 interrupted iterations
pool_saturation_recovery   [  96% ] 214/800 VUs  5m47.0s/6m00.0s

running (5m48.0s), 202/800 VUs, 5142071 complete and 0 interrupted iterations
pool_saturation_recovery   [  97% ] 202/800 VUs  5m48.0s/6m00.0s

running (5m49.0s), 188/800 VUs, 5151923 complete and 0 interrupted iterations
pool_saturation_recovery   [  97% ] 188/800 VUs  5m49.0s/6m00.0s

running (5m50.0s), 176/800 VUs, 5168256 complete and 0 interrupted iterations
pool_saturation_recovery   [  97% ] 176/800 VUs  5m50.0s/6m00.0s

running (5m51.0s), 163/800 VUs, 5185791 complete and 0 interrupted iterations
pool_saturation_recovery   [  97% ] 163/800 VUs  5m51.0s/6m00.0s

running (5m52.0s), 151/800 VUs, 5205313 complete and 0 interrupted iterations
pool_saturation_recovery   [  98% ] 151/800 VUs  5m52.0s/6m00.0s

running (5m53.0s), 138/800 VUs, 5223609 complete and 0 interrupted iterations
pool_saturation_recovery   [  98% ] 138/800 VUs  5m53.0s/6m00.0s

running (5m54.0s), 126/800 VUs, 5244378 complete and 0 interrupted iterations
pool_saturation_recovery   [  98% ] 126/800 VUs  5m54.0s/6m00.0s

running (5m55.0s), 113/800 VUs, 5263632 complete and 0 interrupted iterations
pool_saturation_recovery   [  99% ] 113/800 VUs  5m55.0s/6m00.0s

running (5m56.0s), 101/800 VUs, 5284970 complete and 0 interrupted iterations
pool_saturation_recovery   [  99% ] 101/800 VUs  5m56.0s/6m00.0s

running (5m57.0s), 088/800 VUs, 5307044 complete and 0 interrupted iterations
pool_saturation_recovery   [  99% ] 088/800 VUs  5m57.0s/6m00.0s

running (5m58.0s), 076/800 VUs, 5325993 complete and 0 interrupted iterations
pool_saturation_recovery   [  99% ] 076/800 VUs  5m58.0s/6m00.0s

running (5m59.0s), 063/800 VUs, 5345203 complete and 0 interrupted iterations
pool_saturation_recovery   [ 100% ] 063/800 VUs  5m59.0s/6m00.0s

running (6m00.0s), 051/800 VUs, 5366953 complete and 0 interrupted iterations
pool_saturation_recovery   [ 100% ] 051/800 VUs  6m00.0s/6m00.0s

running (6m00.0s), 000/800 VUs, 5367590 complete and 0 interrupted iterations
pool_saturation_recovery ✓ [ 100% ] 000/800 VUs  6m0s


  █ THRESHOLDS 

    http_req_duration
    ✓ 'p(99)<1500' p(99)=156.14ms

    http_req_failed
    ✓ 'rate<0.15' rate=0.00%


  █ TOTAL RESULTS 

    checks_total.......: 5367590 14908.511933/s
    checks_succeeded...: 100.00% 5367590 out of 5367590
    checks_failed......: 0.00%   0 out of 5367590

    ✓ status is 200 or 404

    HTTP
    http_req_duration..............: avg=17.58ms med=8.47ms max=565.28ms p(95)=56.58ms p(99)=156.14ms p(99.9)=291.45ms
      { expected_response:true }...: avg=17.58ms med=8.47ms max=565.28ms p(95)=56.58ms p(99)=156.14ms p(99.9)=291.45ms
    http_req_failed................: 0.00%   0 out of 5367590
    http_reqs......................: 5367590 14908.511933/s

    EXECUTION
    iteration_duration.............: avg=17.63ms med=8.52ms max=565.32ms p(95)=56.65ms p(99)=156.26ms p(99.9)=291.54ms
    iterations.....................: 5367590 14908.511933/s
    vus............................: 51      min=10           max=799
    vus_max........................: 800     min=800          max=800

    NETWORK
    data_received..................: 762 MB  2.1 MB/s
    data_sent......................: 601 MB  1.7 MB/s




running (6m00.0s), 000/800 VUs, 5367590 complete and 0 interrupted iterations
pool_saturation_recovery ✓ [ 100% ] 000/800 VUs  6m0s
