
         /\      Grafana   /‾‾/  
    /\  /  \     |\  __   /  /   
   /  \/    \    | |/ /  /   ‾‾\ 
  /          \   |   (  |  (‾)  |
 / __________ \  |_|\_\  \_____/ 


     execution: local
        script: /Users/hrirks/video-gen/prod.garbagedestroyer/projects/rust-go-dotnet-microservice-2026/bench/k6/tail-latency.js
        output: -

     scenarios: (100.00%) 1 scenario, 3000 max VUs, 8m0s max duration (incl. graceful stop):
              * tail_open_loop: Up to 20000.00 iterations/s for 7m30s over 5 stages (maxVUs: 300-3000, gracefulStop: 30s)


running (0m01.0s), 0001/0300 VUs, 1952 complete and 0 interrupted iterations
tail_open_loop   [   0% ] 0001/0300 VUs  0m01.0s/7m30s  02000.00 iters/s

running (0m02.0s), 0001/0300 VUs, 3952 complete and 0 interrupted iterations
tail_open_loop   [   0% ] 0001/0300 VUs  0m02.0s/7m30s  02000.00 iters/s

running (0m03.0s), 0001/0300 VUs, 5952 complete and 0 interrupted iterations
tail_open_loop   [   1% ] 0001/0300 VUs  0m03.0s/7m30s  02000.00 iters/s

running (0m04.0s), 0001/0300 VUs, 7952 complete and 0 interrupted iterations
tail_open_loop   [   1% ] 0001/0300 VUs  0m04.0s/7m30s  02000.00 iters/s

running (0m05.0s), 0001/0300 VUs, 9952 complete and 0 interrupted iterations
tail_open_loop   [   1% ] 0001/0300 VUs  0m05.0s/7m30s  02000.00 iters/s

running (0m06.0s), 0001/0300 VUs, 11952 complete and 0 interrupted iterations
tail_open_loop   [   1% ] 0001/0300 VUs  0m06.0s/7m30s  02000.00 iters/s

running (0m07.0s), 0001/0300 VUs, 13952 complete and 0 interrupted iterations
tail_open_loop   [   2% ] 0001/0300 VUs  0m07.0s/7m30s  02000.00 iters/s

running (0m08.0s), 0001/0300 VUs, 15952 complete and 0 interrupted iterations
tail_open_loop   [   2% ] 0001/0300 VUs  0m08.0s/7m30s  02000.00 iters/s

running (0m09.0s), 0001/0300 VUs, 17952 complete and 0 interrupted iterations
tail_open_loop   [   2% ] 0001/0300 VUs  0m09.0s/7m30s  02000.00 iters/s

running (0m10.0s), 0001/0300 VUs, 19952 complete and 0 interrupted iterations
tail_open_loop   [   2% ] 0001/0300 VUs  0m10.0s/7m30s  02000.00 iters/s

running (0m11.0s), 0002/0300 VUs, 21951 complete and 0 interrupted iterations
tail_open_loop   [   2% ] 0002/0300 VUs  0m11.0s/7m30s  02000.00 iters/s

running (0m12.0s), 0002/0300 VUs, 23951 complete and 0 interrupted iterations
tail_open_loop   [   3% ] 0002/0300 VUs  0m12.0s/7m30s  02000.00 iters/s

running (0m13.0s), 0001/0300 VUs, 25952 complete and 0 interrupted iterations
tail_open_loop   [   3% ] 0001/0300 VUs  0m13.0s/7m30s  02000.00 iters/s

running (0m14.0s), 0002/0300 VUs, 27951 complete and 0 interrupted iterations
tail_open_loop   [   3% ] 0002/0300 VUs  0m14.0s/7m30s  02000.00 iters/s

running (0m15.0s), 0002/0300 VUs, 29951 complete and 0 interrupted iterations
tail_open_loop   [   3% ] 0002/0300 VUs  0m15.0s/7m30s  02000.00 iters/s

running (0m16.0s), 0001/0300 VUs, 31952 complete and 0 interrupted iterations
tail_open_loop   [   4% ] 0001/0300 VUs  0m16.0s/7m30s  02000.00 iters/s

running (0m17.0s), 0001/0300 VUs, 33952 complete and 0 interrupted iterations
tail_open_loop   [   4% ] 0001/0300 VUs  0m17.0s/7m30s  02000.00 iters/s

running (0m18.0s), 0001/0300 VUs, 35952 complete and 0 interrupted iterations
tail_open_loop   [   4% ] 0001/0300 VUs  0m18.0s/7m30s  02000.00 iters/s

running (0m19.0s), 0001/0300 VUs, 37952 complete and 0 interrupted iterations
tail_open_loop   [   4% ] 0001/0300 VUs  0m19.0s/7m30s  02000.00 iters/s

running (0m20.0s), 0000/0300 VUs, 39952 complete and 0 interrupted iterations
tail_open_loop   [   4% ] 0000/0300 VUs  0m20.0s/7m30s  02000.00 iters/s

running (0m21.0s), 0001/0300 VUs, 41952 complete and 0 interrupted iterations
tail_open_loop   [   5% ] 0001/0300 VUs  0m21.0s/7m30s  02000.00 iters/s

running (0m22.0s), 0001/0300 VUs, 43952 complete and 0 interrupted iterations
tail_open_loop   [   5% ] 0001/0300 VUs  0m22.0s/7m30s  02000.00 iters/s

running (0m23.0s), 0001/0300 VUs, 45952 complete and 0 interrupted iterations
tail_open_loop   [   5% ] 0001/0300 VUs  0m23.0s/7m30s  02000.00 iters/s

running (0m24.0s), 0001/0300 VUs, 47952 complete and 0 interrupted iterations
tail_open_loop   [   5% ] 0001/0300 VUs  0m24.0s/7m30s  02000.00 iters/s

running (0m25.0s), 0001/0300 VUs, 49952 complete and 0 interrupted iterations
tail_open_loop   [   6% ] 0001/0300 VUs  0m25.0s/7m30s  02000.00 iters/s

running (0m26.0s), 0001/0300 VUs, 51952 complete and 0 interrupted iterations
tail_open_loop   [   6% ] 0001/0300 VUs  0m26.0s/7m30s  02000.00 iters/s

running (0m27.0s), 0001/0300 VUs, 53952 complete and 0 interrupted iterations
tail_open_loop   [   6% ] 0001/0300 VUs  0m27.0s/7m30s  02000.00 iters/s

running (0m28.0s), 0001/0300 VUs, 55952 complete and 0 interrupted iterations
tail_open_loop   [   6% ] 0001/0300 VUs  0m28.0s/7m30s  02000.00 iters/s

running (0m29.0s), 0001/0300 VUs, 57952 complete and 0 interrupted iterations
tail_open_loop   [   6% ] 0001/0300 VUs  0m29.0s/7m30s  02000.00 iters/s

running (0m30.0s), 0000/0300 VUs, 59952 complete and 0 interrupted iterations
tail_open_loop   [   7% ] 0001/0300 VUs  0m30.0s/7m30s  02000.00 iters/s

running (0m31.0s), 0002/0300 VUs, 61951 complete and 0 interrupted iterations
tail_open_loop   [   7% ] 0002/0300 VUs  0m31.0s/7m30s  02000.00 iters/s

running (0m32.0s), 0001/0300 VUs, 63951 complete and 0 interrupted iterations
tail_open_loop   [   7% ] 0001/0300 VUs  0m32.0s/7m30s  02000.00 iters/s

running (0m33.0s), 0002/0300 VUs, 65951 complete and 0 interrupted iterations
tail_open_loop   [   7% ] 0002/0300 VUs  0m33.0s/7m30s  02000.00 iters/s

running (0m34.0s), 0001/0300 VUs, 67952 complete and 0 interrupted iterations
tail_open_loop   [   8% ] 0001/0300 VUs  0m34.0s/7m30s  02000.00 iters/s

running (0m35.0s), 0001/0300 VUs, 69952 complete and 0 interrupted iterations
tail_open_loop   [   8% ] 0001/0300 VUs  0m35.0s/7m30s  02000.00 iters/s

running (0m36.0s), 0001/0300 VUs, 71952 complete and 0 interrupted iterations
tail_open_loop   [   8% ] 0001/0300 VUs  0m36.0s/7m30s  02000.00 iters/s

running (0m37.0s), 0001/0300 VUs, 73952 complete and 0 interrupted iterations
tail_open_loop   [   8% ] 0001/0300 VUs  0m37.0s/7m30s  02000.00 iters/s

running (0m38.0s), 0001/0300 VUs, 75952 complete and 0 interrupted iterations
tail_open_loop   [   8% ] 0001/0300 VUs  0m38.0s/7m30s  02000.00 iters/s

running (0m39.0s), 0001/0300 VUs, 77952 complete and 0 interrupted iterations
tail_open_loop   [   9% ] 0001/0300 VUs  0m39.0s/7m30s  02000.00 iters/s

running (0m40.0s), 0001/0300 VUs, 79952 complete and 0 interrupted iterations
tail_open_loop   [   9% ] 0001/0300 VUs  0m40.0s/7m30s  02000.00 iters/s

running (0m41.0s), 0001/0300 VUs, 81952 complete and 0 interrupted iterations
tail_open_loop   [   9% ] 0001/0300 VUs  0m41.0s/7m30s  02000.00 iters/s

running (0m42.0s), 0001/0300 VUs, 83952 complete and 0 interrupted iterations
tail_open_loop   [   9% ] 0001/0300 VUs  0m42.0s/7m30s  02000.00 iters/s

running (0m43.0s), 0001/0300 VUs, 85952 complete and 0 interrupted iterations
tail_open_loop   [  10% ] 0001/0300 VUs  0m43.0s/7m30s  02000.00 iters/s

running (0m44.0s), 0001/0300 VUs, 87952 complete and 0 interrupted iterations
tail_open_loop   [  10% ] 0001/0300 VUs  0m44.0s/7m30s  02000.00 iters/s

running (0m45.0s), 0001/0300 VUs, 89952 complete and 0 interrupted iterations
tail_open_loop   [  10% ] 0001/0300 VUs  0m45.0s/7m30s  02000.00 iters/s

running (0m46.0s), 0001/0300 VUs, 91952 complete and 0 interrupted iterations
tail_open_loop   [  10% ] 0001/0300 VUs  0m46.0s/7m30s  02000.00 iters/s

running (0m47.0s), 0001/0300 VUs, 93952 complete and 0 interrupted iterations
tail_open_loop   [  10% ] 0001/0300 VUs  0m47.0s/7m30s  02000.00 iters/s

running (0m48.0s), 0001/0300 VUs, 95952 complete and 0 interrupted iterations
tail_open_loop   [  11% ] 0001/0300 VUs  0m48.0s/7m30s  02000.00 iters/s

running (0m49.0s), 0000/0300 VUs, 97952 complete and 0 interrupted iterations
tail_open_loop   [  11% ] 0000/0300 VUs  0m49.0s/7m30s  02000.00 iters/s

running (0m50.0s), 0001/0300 VUs, 99951 complete and 0 interrupted iterations
tail_open_loop   [  11% ] 0001/0300 VUs  0m50.0s/7m30s  02000.00 iters/s

running (0m51.0s), 0002/0300 VUs, 101951 complete and 0 interrupted iterations
tail_open_loop   [  11% ] 0002/0300 VUs  0m51.0s/7m30s  02000.00 iters/s

running (0m52.0s), 0002/0300 VUs, 103951 complete and 0 interrupted iterations
tail_open_loop   [  12% ] 0002/0300 VUs  0m52.0s/7m30s  02000.00 iters/s

running (0m53.0s), 0002/0300 VUs, 105951 complete and 0 interrupted iterations
tail_open_loop   [  12% ] 0002/0300 VUs  0m53.0s/7m30s  02000.00 iters/s

running (0m54.0s), 0002/0300 VUs, 107951 complete and 0 interrupted iterations
tail_open_loop   [  12% ] 0002/0300 VUs  0m54.0s/7m30s  02000.00 iters/s

running (0m55.0s), 0001/0300 VUs, 109952 complete and 0 interrupted iterations
tail_open_loop   [  12% ] 0001/0300 VUs  0m55.0s/7m30s  02000.00 iters/s

running (0m56.0s), 0001/0300 VUs, 111952 complete and 0 interrupted iterations
tail_open_loop   [  12% ] 0001/0300 VUs  0m56.0s/7m30s  02000.00 iters/s

running (0m57.0s), 0001/0300 VUs, 113952 complete and 0 interrupted iterations
tail_open_loop   [  13% ] 0001/0300 VUs  0m57.0s/7m30s  02000.00 iters/s

running (0m58.0s), 0001/0300 VUs, 115952 complete and 0 interrupted iterations
tail_open_loop   [  13% ] 0001/0300 VUs  0m58.0s/7m30s  02000.00 iters/s

running (0m59.0s), 0001/0300 VUs, 117952 complete and 0 interrupted iterations
tail_open_loop   [  13% ] 0001/0300 VUs  0m59.0s/7m30s  02000.00 iters/s

running (1m00.0s), 0001/0300 VUs, 119952 complete and 0 interrupted iterations
tail_open_loop   [  13% ] 0001/0300 VUs  1m00.0s/7m30s  02000.00 iters/s

running (1m01.0s), 0001/0300 VUs, 121952 complete and 0 interrupted iterations
tail_open_loop   [  14% ] 0001/0300 VUs  1m01.0s/7m30s  02000.00 iters/s

running (1m02.0s), 0001/0300 VUs, 123952 complete and 0 interrupted iterations
tail_open_loop   [  14% ] 0001/0300 VUs  1m02.0s/7m30s  02000.00 iters/s

running (1m03.0s), 0001/0300 VUs, 125952 complete and 0 interrupted iterations
tail_open_loop   [  14% ] 0001/0300 VUs  1m03.0s/7m30s  02000.00 iters/s

running (1m04.0s), 0001/0300 VUs, 127952 complete and 0 interrupted iterations
tail_open_loop   [  14% ] 0001/0300 VUs  1m04.0s/7m30s  02000.00 iters/s

running (1m05.0s), 0001/0300 VUs, 129952 complete and 0 interrupted iterations
tail_open_loop   [  14% ] 0001/0300 VUs  1m05.0s/7m30s  02000.00 iters/s

running (1m06.0s), 0000/0300 VUs, 131952 complete and 0 interrupted iterations
tail_open_loop   [  15% ] 0000/0300 VUs  1m06.0s/7m30s  02000.00 iters/s

running (1m07.0s), 0001/0300 VUs, 133952 complete and 0 interrupted iterations
tail_open_loop   [  15% ] 0001/0300 VUs  1m07.0s/7m30s  02000.00 iters/s

running (1m08.0s), 0001/0300 VUs, 135952 complete and 0 interrupted iterations
tail_open_loop   [  15% ] 0001/0300 VUs  1m08.0s/7m30s  02000.00 iters/s

running (1m09.0s), 0001/0300 VUs, 137952 complete and 0 interrupted iterations
tail_open_loop   [  15% ] 0001/0300 VUs  1m09.0s/7m30s  02000.00 iters/s

running (1m10.0s), 0001/0300 VUs, 139952 complete and 0 interrupted iterations
tail_open_loop   [  16% ] 0001/0300 VUs  1m10.0s/7m30s  02000.00 iters/s

running (1m11.0s), 0002/0300 VUs, 141951 complete and 0 interrupted iterations
tail_open_loop   [  16% ] 0002/0300 VUs  1m11.0s/7m30s  02000.00 iters/s

running (1m12.0s), 0001/0300 VUs, 143952 complete and 0 interrupted iterations
tail_open_loop   [  16% ] 0001/0300 VUs  1m12.0s/7m30s  02000.00 iters/s

running (1m13.0s), 0000/0300 VUs, 145952 complete and 0 interrupted iterations
tail_open_loop   [  16% ] 0000/0300 VUs  1m13.0s/7m30s  02000.00 iters/s

running (1m14.0s), 0000/0300 VUs, 147952 complete and 0 interrupted iterations
tail_open_loop   [  16% ] 0000/0300 VUs  1m14.0s/7m30s  02000.00 iters/s

running (1m15.0s), 0002/0300 VUs, 149951 complete and 0 interrupted iterations
tail_open_loop   [  17% ] 0002/0300 VUs  1m15.0s/7m30s  02000.00 iters/s

running (1m16.0s), 0001/0300 VUs, 151952 complete and 0 interrupted iterations
tail_open_loop   [  17% ] 0001/0300 VUs  1m16.0s/7m30s  02000.00 iters/s

running (1m17.0s), 0001/0300 VUs, 153952 complete and 0 interrupted iterations
tail_open_loop   [  17% ] 0001/0300 VUs  1m17.0s/7m30s  02000.00 iters/s

running (1m18.0s), 0001/0300 VUs, 155952 complete and 0 interrupted iterations
tail_open_loop   [  17% ] 0001/0300 VUs  1m18.0s/7m30s  02000.00 iters/s

running (1m19.0s), 0001/0300 VUs, 157952 complete and 0 interrupted iterations
tail_open_loop   [  18% ] 0001/0300 VUs  1m19.0s/7m30s  02000.00 iters/s

running (1m20.0s), 0001/0300 VUs, 159952 complete and 0 interrupted iterations
tail_open_loop   [  18% ] 0001/0300 VUs  1m20.0s/7m30s  02000.00 iters/s

running (1m21.0s), 0001/0300 VUs, 161952 complete and 0 interrupted iterations
tail_open_loop   [  18% ] 0001/0300 VUs  1m21.0s/7m30s  02000.00 iters/s

running (1m22.0s), 0001/0300 VUs, 163952 complete and 0 interrupted iterations
tail_open_loop   [  18% ] 0001/0300 VUs  1m22.0s/7m30s  02000.00 iters/s

running (1m23.0s), 0001/0300 VUs, 165952 complete and 0 interrupted iterations
tail_open_loop   [  18% ] 0001/0300 VUs  1m23.0s/7m30s  02000.00 iters/s

running (1m24.0s), 0001/0300 VUs, 167952 complete and 0 interrupted iterations
tail_open_loop   [  19% ] 0001/0300 VUs  1m24.0s/7m30s  02000.00 iters/s

running (1m25.0s), 0001/0300 VUs, 169952 complete and 0 interrupted iterations
tail_open_loop   [  19% ] 0001/0300 VUs  1m25.0s/7m30s  02000.00 iters/s

running (1m26.0s), 0000/0300 VUs, 171952 complete and 0 interrupted iterations
tail_open_loop   [  19% ] 0000/0300 VUs  1m26.0s/7m30s  02000.00 iters/s

running (1m27.0s), 0001/0300 VUs, 173952 complete and 0 interrupted iterations
tail_open_loop   [  19% ] 0001/0300 VUs  1m27.0s/7m30s  02000.00 iters/s

running (1m28.0s), 0001/0300 VUs, 175952 complete and 0 interrupted iterations
tail_open_loop   [  20% ] 0001/0300 VUs  1m28.0s/7m30s  02000.00 iters/s

running (1m29.0s), 0001/0300 VUs, 177952 complete and 0 interrupted iterations
tail_open_loop   [  20% ] 0001/0300 VUs  1m29.0s/7m30s  02000.00 iters/s

running (1m30.0s), 0001/0300 VUs, 179952 complete and 0 interrupted iterations
tail_open_loop   [  20% ] 0001/0300 VUs  1m30.0s/7m30s  02000.00 iters/s

running (1m31.0s), 0001/0300 VUs, 181967 complete and 0 interrupted iterations
tail_open_loop   [  20% ] 0001/0300 VUs  1m31.0s/7m30s  02032.55 iters/s

running (1m32.0s), 0001/0300 VUs, 184017 complete and 0 interrupted iterations
tail_open_loop   [  20% ] 0001/0300 VUs  1m32.0s/7m30s  02065.89 iters/s

running (1m33.0s), 0001/0300 VUs, 186099 complete and 0 interrupted iterations
tail_open_loop   [  21% ] 0001/0300 VUs  1m33.0s/7m30s  02099.21 iters/s

running (1m34.0s), 0001/0300 VUs, 188215 complete and 0 interrupted iterations
tail_open_loop   [  21% ] 0001/0300 VUs  1m34.0s/7m30s  02132.55 iters/s

running (1m35.0s), 0001/0300 VUs, 190364 complete and 0 interrupted iterations
tail_open_loop   [  21% ] 0001/0300 VUs  1m35.0s/7m30s  02165.88 iters/s

running (1m36.0s), 0002/0300 VUs, 192546 complete and 0 interrupted iterations
tail_open_loop   [  21% ] 0002/0300 VUs  1m36.0s/7m30s  02199.22 iters/s

running (1m37.0s), 0001/0300 VUs, 194763 complete and 0 interrupted iterations
tail_open_loop   [  22% ] 0001/0300 VUs  1m37.0s/7m30s  02232.55 iters/s

running (1m38.0s), 0001/0300 VUs, 197012 complete and 0 interrupted iterations
tail_open_loop   [  22% ] 0001/0300 VUs  1m38.0s/7m30s  02265.89 iters/s

running (1m39.0s), 0001/0300 VUs, 199295 complete and 0 interrupted iterations
tail_open_loop   [  22% ] 0001/0300 VUs  1m39.0s/7m30s  02299.23 iters/s

running (1m40.0s), 0001/0300 VUs, 201611 complete and 0 interrupted iterations
tail_open_loop   [  22% ] 0001/0300 VUs  1m40.0s/7m30s  02332.56 iters/s

running (1m41.0s), 0001/0300 VUs, 203960 complete and 0 interrupted iterations
tail_open_loop   [  22% ] 0001/0300 VUs  1m41.0s/7m30s  02365.89 iters/s

running (1m42.0s), 0001/0300 VUs, 206342 complete and 0 interrupted iterations
tail_open_loop   [  23% ] 0001/0300 VUs  1m42.0s/7m30s  02399.21 iters/s

running (1m43.0s), 0001/0300 VUs, 208758 complete and 0 interrupted iterations
tail_open_loop   [  23% ] 0001/0300 VUs  1m43.0s/7m30s  02432.55 iters/s

running (1m44.0s), 0000/0300 VUs, 211208 complete and 0 interrupted iterations
tail_open_loop   [  23% ] 0000/0300 VUs  1m44.0s/7m30s  02465.88 iters/s

running (1m45.0s), 0001/0300 VUs, 213690 complete and 0 interrupted iterations
tail_open_loop   [  23% ] 0001/0300 VUs  1m45.0s/7m30s  02499.22 iters/s

running (1m46.0s), 0001/0300 VUs, 216206 complete and 0 interrupted iterations
tail_open_loop   [  24% ] 0001/0300 VUs  1m46.0s/7m30s  02532.56 iters/s

running (1m47.0s), 0001/0300 VUs, 218755 complete and 0 interrupted iterations
tail_open_loop   [  24% ] 0001/0300 VUs  1m47.0s/7m30s  02565.89 iters/s

running (1m48.0s), 0001/0300 VUs, 221338 complete and 0 interrupted iterations
tail_open_loop   [  24% ] 0001/0300 VUs  1m48.0s/7m30s  02599.22 iters/s

running (1m49.0s), 0001/0300 VUs, 223953 complete and 0 interrupted iterations
tail_open_loop   [  24% ] 0001/0300 VUs  1m49.0s/7m30s  02632.55 iters/s

running (1m50.0s), 0006/0300 VUs, 226598 complete and 0 interrupted iterations
tail_open_loop   [  24% ] 0006/0300 VUs  1m50.0s/7m30s  02665.89 iters/s

running (1m51.0s), 0001/0300 VUs, 229285 complete and 0 interrupted iterations
tail_open_loop   [  25% ] 0001/0300 VUs  1m51.0s/7m30s  02699.22 iters/s

running (1m52.0s), 0001/0300 VUs, 232001 complete and 0 interrupted iterations
tail_open_loop   [  25% ] 0001/0300 VUs  1m52.0s/7m30s  02732.55 iters/s

running (1m53.0s), 0002/0300 VUs, 234749 complete and 0 interrupted iterations
tail_open_loop   [  25% ] 0002/0300 VUs  1m53.0s/7m30s  02765.88 iters/s

running (1m54.0s), 0002/0300 VUs, 237532 complete and 0 interrupted iterations
tail_open_loop   [  25% ] 0002/0300 VUs  1m54.0s/7m30s  02799.22 iters/s

running (1m55.0s), 0002/0300 VUs, 240348 complete and 0 interrupted iterations
tail_open_loop   [  26% ] 0002/0300 VUs  1m55.0s/7m30s  02832.56 iters/s

running (1m56.0s), 0002/0300 VUs, 243197 complete and 0 interrupted iterations
tail_open_loop   [  26% ] 0002/0300 VUs  1m56.0s/7m30s  02865.89 iters/s

running (1m57.0s), 0001/0300 VUs, 246080 complete and 0 interrupted iterations
tail_open_loop   [  26% ] 0001/0300 VUs  1m57.0s/7m30s  02899.21 iters/s

running (1m58.0s), 0001/0300 VUs, 248996 complete and 0 interrupted iterations
tail_open_loop   [  26% ] 0001/0300 VUs  1m58.0s/7m30s  02932.55 iters/s

running (1m59.0s), 0002/0300 VUs, 251945 complete and 0 interrupted iterations
tail_open_loop   [  26% ] 0002/0300 VUs  1m59.0s/7m30s  02965.89 iters/s

running (2m00.0s), 0001/0300 VUs, 254928 complete and 0 interrupted iterations
tail_open_loop   [  27% ] 0001/0300 VUs  2m00.0s/7m30s  02999.21 iters/s

running (2m01.0s), 0001/0300 VUs, 257944 complete and 0 interrupted iterations
tail_open_loop   [  27% ] 0001/0300 VUs  2m01.0s/7m30s  03032.55 iters/s

running (2m02.0s), 0001/0300 VUs, 260993 complete and 0 interrupted iterations
tail_open_loop   [  27% ] 0001/0300 VUs  2m02.0s/7m30s  03065.89 iters/s

running (2m03.0s), 0001/0300 VUs, 264076 complete and 0 interrupted iterations
tail_open_loop   [  27% ] 0001/0300 VUs  2m03.0s/7m30s  03099.22 iters/s

running (2m04.0s), 0005/0300 VUs, 267188 complete and 0 interrupted iterations
tail_open_loop   [  28% ] 0005/0300 VUs  2m04.0s/7m30s  03132.55 iters/s

running (2m05.0s), 0001/0300 VUs, 270341 complete and 0 interrupted iterations
tail_open_loop   [  28% ] 0001/0300 VUs  2m05.0s/7m30s  03165.88 iters/s

running (2m06.0s), 0002/0300 VUs, 273523 complete and 0 interrupted iterations
tail_open_loop   [  28% ] 0002/0300 VUs  2m06.0s/7m30s  03199.22 iters/s

running (2m07.0s), 0001/0300 VUs, 276739 complete and 0 interrupted iterations
tail_open_loop   [  28% ] 0001/0300 VUs  2m07.0s/7m30s  03232.55 iters/s

running (2m08.0s), 0002/0300 VUs, 279988 complete and 0 interrupted iterations
tail_open_loop   [  28% ] 0002/0300 VUs  2m08.0s/7m30s  03265.89 iters/s

running (2m09.0s), 0001/0300 VUs, 283271 complete and 0 interrupted iterations
tail_open_loop   [  29% ] 0001/0300 VUs  2m09.0s/7m30s  03299.22 iters/s

running (2m10.0s), 0001/0300 VUs, 286587 complete and 0 interrupted iterations
tail_open_loop   [  29% ] 0001/0300 VUs  2m10.0s/7m30s  03332.56 iters/s

running (2m11.0s), 0001/0300 VUs, 289936 complete and 0 interrupted iterations
tail_open_loop   [  29% ] 0001/0300 VUs  2m11.0s/7m30s  03365.88 iters/s

running (2m12.0s), 0002/0300 VUs, 293318 complete and 0 interrupted iterations
tail_open_loop   [  29% ] 0002/0300 VUs  2m12.0s/7m30s  03399.22 iters/s

running (2m13.0s), 0003/0300 VUs, 296733 complete and 0 interrupted iterations
tail_open_loop   [  30% ] 0003/0300 VUs  2m13.0s/7m30s  03432.56 iters/s

running (2m14.0s), 0003/0300 VUs, 300182 complete and 0 interrupted iterations
tail_open_loop   [  30% ] 0003/0300 VUs  2m14.0s/7m30s  03465.88 iters/s

running (2m15.0s), 0002/0300 VUs, 303665 complete and 0 interrupted iterations
tail_open_loop   [  30% ] 0002/0300 VUs  2m15.0s/7m30s  03499.21 iters/s

running (2m16.0s), 0002/0300 VUs, 307181 complete and 0 interrupted iterations
tail_open_loop   [  30% ] 0002/0300 VUs  2m16.0s/7m30s  03532.55 iters/s

running (2m17.0s), 0001/0300 VUs, 310731 complete and 0 interrupted iterations
tail_open_loop   [  30% ] 0001/0300 VUs  2m17.0s/7m30s  03565.88 iters/s

running (2m18.0s), 0002/0300 VUs, 314313 complete and 0 interrupted iterations
tail_open_loop   [  31% ] 0002/0300 VUs  2m18.0s/7m30s  03599.22 iters/s

running (2m19.0s), 0002/0300 VUs, 317929 complete and 0 interrupted iterations
tail_open_loop   [  31% ] 0002/0300 VUs  2m19.0s/7m30s  03632.55 iters/s

running (2m20.0s), 0001/0300 VUs, 321579 complete and 0 interrupted iterations
tail_open_loop   [  31% ] 0001/0300 VUs  2m20.0s/7m30s  03665.89 iters/s

running (2m21.0s), 0002/0300 VUs, 325261 complete and 0 interrupted iterations
tail_open_loop   [  31% ] 0002/0300 VUs  2m21.0s/7m30s  03699.22 iters/s

running (2m22.0s), 0002/0300 VUs, 328977 complete and 0 interrupted iterations
tail_open_loop   [  32% ] 0002/0300 VUs  2m22.0s/7m30s  03732.55 iters/s

running (2m23.0s), 0002/0300 VUs, 332726 complete and 0 interrupted iterations
tail_open_loop   [  32% ] 0002/0300 VUs  2m23.0s/7m30s  03765.88 iters/s

running (2m24.0s), 0002/0300 VUs, 336509 complete and 0 interrupted iterations
tail_open_loop   [  32% ] 0002/0300 VUs  2m24.0s/7m30s  03799.22 iters/s

running (2m25.0s), 0001/0300 VUs, 340325 complete and 0 interrupted iterations
tail_open_loop   [  32% ] 0002/0300 VUs  2m25.0s/7m30s  03832.56 iters/s

running (2m26.0s), 0001/0300 VUs, 344174 complete and 0 interrupted iterations
tail_open_loop   [  32% ] 0001/0300 VUs  2m26.0s/7m30s  03865.88 iters/s

running (2m27.0s), 0002/0300 VUs, 348056 complete and 0 interrupted iterations
tail_open_loop   [  33% ] 0002/0300 VUs  2m27.0s/7m30s  03899.21 iters/s

running (2m28.0s), 0002/0300 VUs, 351972 complete and 0 interrupted iterations
tail_open_loop   [  33% ] 0002/0300 VUs  2m28.0s/7m30s  03932.55 iters/s

running (2m29.0s), 0002/0300 VUs, 355921 complete and 0 interrupted iterations
tail_open_loop   [  33% ] 0002/0300 VUs  2m29.0s/7m30s  03965.89 iters/s

running (2m30.0s), 0002/0300 VUs, 359904 complete and 0 interrupted iterations
tail_open_loop   [  33% ] 0002/0300 VUs  2m30.0s/7m30s  03999.22 iters/s

running (2m31.0s), 0003/0300 VUs, 363919 complete and 0 interrupted iterations
tail_open_loop   [  34% ] 0003/0300 VUs  2m31.0s/7m30s  04032.55 iters/s

running (2m32.0s), 0002/0300 VUs, 367969 complete and 0 interrupted iterations
tail_open_loop   [  34% ] 0002/0300 VUs  2m32.0s/7m30s  04065.88 iters/s

running (2m33.0s), 0003/0300 VUs, 372050 complete and 0 interrupted iterations
tail_open_loop   [  34% ] 0003/0300 VUs  2m33.0s/7m30s  04099.22 iters/s

running (2m34.0s), 0004/0300 VUs, 376165 complete and 0 interrupted iterations
tail_open_loop   [  34% ] 0004/0300 VUs  2m34.0s/7m30s  04132.54 iters/s

running (2m35.0s), 0003/0300 VUs, 380315 complete and 0 interrupted iterations
tail_open_loop   [  34% ] 0003/0300 VUs  2m35.0s/7m30s  04165.89 iters/s

running (2m36.0s), 0004/0300 VUs, 384497 complete and 0 interrupted iterations
tail_open_loop   [  35% ] 0004/0300 VUs  2m36.0s/7m30s  04199.23 iters/s

running (2m37.0s), 0002/0300 VUs, 388715 complete and 0 interrupted iterations
tail_open_loop   [  35% ] 0002/0300 VUs  2m37.0s/7m30s  04232.55 iters/s

running (2m38.0s), 0002/0300 VUs, 392964 complete and 0 interrupted iterations
tail_open_loop   [  35% ] 0002/0300 VUs  2m38.0s/7m30s  04265.88 iters/s

running (2m39.0s), 0002/0300 VUs, 397247 complete and 0 interrupted iterations
tail_open_loop   [  35% ] 0002/0300 VUs  2m39.0s/7m30s  04299.23 iters/s

running (2m40.0s), 0002/0300 VUs, 401563 complete and 0 interrupted iterations
tail_open_loop   [  36% ] 0002/0300 VUs  2m40.0s/7m30s  04332.57 iters/s

running (2m41.0s), 0002/0300 VUs, 405912 complete and 0 interrupted iterations
tail_open_loop   [  36% ] 0002/0300 VUs  2m41.0s/7m30s  04365.90 iters/s

running (2m42.0s), 0002/0300 VUs, 410294 complete and 0 interrupted iterations
tail_open_loop   [  36% ] 0002/0300 VUs  2m42.0s/7m30s  04399.20 iters/s

running (2m43.0s), 0002/0300 VUs, 414710 complete and 0 interrupted iterations
tail_open_loop   [  36% ] 0002/0300 VUs  2m43.0s/7m30s  04432.55 iters/s

running (2m44.0s), 0002/0300 VUs, 419159 complete and 0 interrupted iterations
tail_open_loop   [  36% ] 0002/0300 VUs  2m44.0s/7m30s  04465.90 iters/s

running (2m45.0s), 0002/0300 VUs, 423642 complete and 0 interrupted iterations
tail_open_loop   [  37% ] 0002/0300 VUs  2m45.0s/7m30s  04499.24 iters/s

running (2m46.0s), 0003/0300 VUs, 428157 complete and 0 interrupted iterations
tail_open_loop   [  37% ] 0003/0300 VUs  2m46.0s/7m30s  04532.56 iters/s

running (2m47.0s), 0002/0300 VUs, 432707 complete and 0 interrupted iterations
tail_open_loop   [  37% ] 0002/0300 VUs  2m47.0s/7m30s  04565.88 iters/s

running (2m48.0s), 0002/0300 VUs, 437289 complete and 0 interrupted iterations
tail_open_loop   [  37% ] 0002/0300 VUs  2m48.0s/7m30s  04599.22 iters/s

running (2m49.0s), 0002/0300 VUs, 441905 complete and 0 interrupted iterations
tail_open_loop   [  38% ] 0002/0300 VUs  2m49.0s/7m30s  04632.55 iters/s

running (2m50.0s), 0002/0300 VUs, 446555 complete and 0 interrupted iterations
tail_open_loop   [  38% ] 0002/0300 VUs  2m50.0s/7m30s  04665.90 iters/s

running (2m51.0s), 0002/0300 VUs, 451237 complete and 0 interrupted iterations
tail_open_loop   [  38% ] 0002/0300 VUs  2m51.0s/7m30s  04699.23 iters/s

running (2m52.0s), 0002/0300 VUs, 455953 complete and 0 interrupted iterations
tail_open_loop   [  38% ] 0002/0300 VUs  2m52.0s/7m30s  04732.54 iters/s

running (2m53.0s), 0002/0300 VUs, 460702 complete and 0 interrupted iterations
tail_open_loop   [  38% ] 0002/0300 VUs  2m53.0s/7m30s  04765.88 iters/s

running (2m54.0s), 0004/0300 VUs, 465483 complete and 0 interrupted iterations
tail_open_loop   [  39% ] 0004/0300 VUs  2m54.0s/7m30s  04799.22 iters/s

running (2m55.0s), 0005/0300 VUs, 470298 complete and 0 interrupted iterations
tail_open_loop   [  39% ] 0005/0300 VUs  2m55.0s/7m30s  04832.55 iters/s

running (2m56.0s), 0004/0300 VUs, 475148 complete and 0 interrupted iterations
tail_open_loop   [  39% ] 0004/0300 VUs  2m56.0s/7m30s  04865.87 iters/s

running (2m57.0s), 0003/0300 VUs, 480031 complete and 0 interrupted iterations
tail_open_loop   [  39% ] 0004/0300 VUs  2m57.0s/7m30s  04899.22 iters/s

running (2m58.0s), 0003/0300 VUs, 484947 complete and 0 interrupted iterations
tail_open_loop   [  40% ] 0003/0300 VUs  2m58.0s/7m30s  04932.55 iters/s

running (2m59.0s), 0004/0300 VUs, 489896 complete and 0 interrupted iterations
tail_open_loop   [  40% ] 0004/0300 VUs  2m59.0s/7m30s  04965.88 iters/s

running (3m00.0s), 0002/0300 VUs, 494880 complete and 0 interrupted iterations
tail_open_loop   [  40% ] 0002/0300 VUs  3m00.0s/7m30s  04999.23 iters/s

running (3m01.0s), 0004/0300 VUs, 499905 complete and 0 interrupted iterations
tail_open_loop   [  40% ] 0004/0300 VUs  3m01.0s/7m30s  05054.26 iters/s

running (3m02.0s), 0002/0300 VUs, 504989 complete and 0 interrupted iterations
tail_open_loop   [  40% ] 0002/0300 VUs  3m02.0s/7m30s  05109.81 iters/s

running (3m03.0s), 0003/0300 VUs, 510126 complete and 0 interrupted iterations
tail_open_loop   [  41% ] 0003/0300 VUs  3m03.0s/7m30s  05165.37 iters/s

running (3m04.0s), 0002/0300 VUs, 515319 complete and 0 interrupted iterations
tail_open_loop   [  41% ] 0002/0300 VUs  3m04.0s/7m30s  05220.92 iters/s

running (3m05.0s), 0003/0300 VUs, 520567 complete and 0 interrupted iterations
tail_open_loop   [  41% ] 0003/0300 VUs  3m05.0s/7m30s  05276.46 iters/s

running (3m06.0s), 0002/0300 VUs, 525872 complete and 0 interrupted iterations
tail_open_loop   [  41% ] 0002/0300 VUs  3m06.0s/7m30s  05332.03 iters/s

running (3m07.0s), 0003/0300 VUs, 531231 complete and 0 interrupted iterations
tail_open_loop   [  42% ] 0003/0300 VUs  3m07.0s/7m30s  05387.58 iters/s

running (3m08.0s), 0003/0300 VUs, 536646 complete and 0 interrupted iterations
tail_open_loop   [  42% ] 0004/0300 VUs  3m08.0s/7m30s  05443.15 iters/s

running (3m09.0s), 0002/0300 VUs, 542118 complete and 0 interrupted iterations
tail_open_loop   [  42% ] 0003/0300 VUs  3m09.0s/7m30s  05498.71 iters/s

running (3m10.0s), 0003/0300 VUs, 547643 complete and 0 interrupted iterations
tail_open_loop   [  42% ] 0003/0300 VUs  3m10.0s/7m30s  05554.26 iters/s

running (3m11.0s), 0002/0300 VUs, 553227 complete and 0 interrupted iterations
tail_open_loop   [  42% ] 0002/0300 VUs  3m11.0s/7m30s  05609.81 iters/s

running (3m12.0s), 0003/0300 VUs, 558864 complete and 0 interrupted iterations
tail_open_loop   [  43% ] 0003/0300 VUs  3m12.0s/7m30s  05665.37 iters/s

running (3m13.0s), 0002/0300 VUs, 564557 complete and 0 interrupted iterations
tail_open_loop   [  43% ] 0002/0300 VUs  3m13.0s/7m30s  05720.89 iters/s

running (3m14.0s), 0003/0300 VUs, 570304 complete and 0 interrupted iterations
tail_open_loop   [  43% ] 0003/0300 VUs  3m14.0s/7m30s  05776.47 iters/s

running (3m15.0s), 0002/0300 VUs, 576110 complete and 0 interrupted iterations
tail_open_loop   [  43% ] 0002/0300 VUs  3m15.0s/7m30s  05832.03 iters/s

running (3m16.0s), 0005/0300 VUs, 581967 complete and 0 interrupted iterations
tail_open_loop   [  44% ] 0005/0300 VUs  3m16.0s/7m30s  05887.58 iters/s

running (3m17.0s), 0005/0300 VUs, 587883 complete and 0 interrupted iterations
tail_open_loop   [  44% ] 0005/0300 VUs  3m17.0s/7m30s  05943.15 iters/s

running (3m18.0s), 0004/0300 VUs, 593854 complete and 0 interrupted iterations
tail_open_loop   [  44% ] 0004/0300 VUs  3m18.0s/7m30s  05998.69 iters/s

running (3m19.0s), 0004/0300 VUs, 599881 complete and 0 interrupted iterations
tail_open_loop   [  44% ] 0004/0300 VUs  3m19.0s/7m30s  06054.26 iters/s

running (3m20.0s), 0003/0300 VUs, 605964 complete and 0 interrupted iterations
tail_open_loop   [  44% ] 0003/0300 VUs  3m20.0s/7m30s  06109.82 iters/s

running (3m21.0s), 0003/0300 VUs, 612102 complete and 0 interrupted iterations
tail_open_loop   [  45% ] 0003/0300 VUs  3m21.0s/7m30s  06165.38 iters/s

running (3m22.0s), 0003/0300 VUs, 618295 complete and 0 interrupted iterations
tail_open_loop   [  45% ] 0003/0300 VUs  3m22.0s/7m30s  06220.92 iters/s

running (3m23.0s), 0003/0300 VUs, 624544 complete and 0 interrupted iterations
tail_open_loop   [  45% ] 0003/0300 VUs  3m23.0s/7m30s  06276.48 iters/s

running (3m24.0s), 0002/0300 VUs, 630849 complete and 0 interrupted iterations
tail_open_loop   [  45% ] 0003/0300 VUs  3m24.0s/7m30s  06332.04 iters/s

running (3m25.0s), 0003/0300 VUs, 637208 complete and 0 interrupted iterations
tail_open_loop   [  46% ] 0003/0300 VUs  3m25.0s/7m30s  06387.61 iters/s

running (3m26.0s), 0003/0300 VUs, 643623 complete and 0 interrupted iterations
tail_open_loop   [  46% ] 0003/0300 VUs  3m26.0s/7m30s  06443.13 iters/s

running (3m27.0s), 0005/0300 VUs, 650092 complete and 0 interrupted iterations
tail_open_loop   [  46% ] 0005/0300 VUs  3m27.0s/7m30s  06498.70 iters/s

running (3m28.0s), 0002/0300 VUs, 656621 complete and 0 interrupted iterations
tail_open_loop   [  46% ] 0003/0300 VUs  3m28.0s/7m30s  06554.24 iters/s

running (3m29.0s), 0003/0300 VUs, 663203 complete and 0 interrupted iterations
tail_open_loop   [  46% ] 0003/0300 VUs  3m29.0s/7m30s  06609.82 iters/s

running (3m30.0s), 0004/0300 VUs, 669839 complete and 0 interrupted iterations
tail_open_loop   [  47% ] 0004/0300 VUs  3m30.0s/7m30s  06665.33 iters/s

running (3m31.0s), 0004/0300 VUs, 676532 complete and 0 interrupted iterations
tail_open_loop   [  47% ] 0004/0300 VUs  3m31.0s/7m30s  06720.88 iters/s

running (3m32.0s), 0004/0300 VUs, 683281 complete and 0 interrupted iterations
tail_open_loop   [  47% ] 0004/0300 VUs  3m32.0s/7m30s  06776.49 iters/s

running (3m33.0s), 0003/0300 VUs, 690086 complete and 0 interrupted iterations
tail_open_loop   [  47% ] 0003/0300 VUs  3m33.0s/7m30s  06832.05 iters/s

running (3m34.0s), 0005/0300 VUs, 696944 complete and 0 interrupted iterations
tail_open_loop   [  48% ] 0005/0300 VUs  3m34.0s/7m30s  06887.57 iters/s

running (3m35.0s), 0005/0300 VUs, 703859 complete and 0 interrupted iterations
tail_open_loop   [  48% ] 0005/0300 VUs  3m35.0s/7m30s  06943.14 iters/s

running (3m36.0s), 0007/0300 VUs, 710828 complete and 0 interrupted iterations
tail_open_loop   [  48% ] 0007/0300 VUs  3m36.0s/7m30s  06998.73 iters/s

running (3m37.0s), 0006/0300 VUs, 717856 complete and 0 interrupted iterations
tail_open_loop   [  48% ] 0006/0300 VUs  3m37.0s/7m30s  07054.28 iters/s

running (3m38.0s), 0006/0300 VUs, 724938 complete and 0 interrupted iterations
tail_open_loop   [  48% ] 0006/0300 VUs  3m38.0s/7m30s  07109.80 iters/s

running (3m39.0s), 0007/0300 VUs, 732074 complete and 0 interrupted iterations
tail_open_loop   [  49% ] 0008/0300 VUs  3m39.0s/7m30s  07165.38 iters/s

running (3m40.0s), 0005/0300 VUs, 739269 complete and 0 interrupted iterations
tail_open_loop   [  49% ] 0005/0300 VUs  3m40.0s/7m30s  07220.89 iters/s

running (3m41.0s), 0006/0300 VUs, 746518 complete and 0 interrupted iterations
tail_open_loop   [  49% ] 0006/0300 VUs  3m41.0s/7m30s  07276.48 iters/s

running (3m42.0s), 0006/0300 VUs, 753821 complete and 0 interrupted iterations
tail_open_loop   [  49% ] 0006/0300 VUs  3m42.0s/7m30s  07332.02 iters/s

running (3m43.0s), 0005/0300 VUs, 761182 complete and 0 interrupted iterations
tail_open_loop   [  50% ] 0005/0300 VUs  3m43.0s/7m30s  07387.60 iters/s

running (3m44.0s), 0005/0300 VUs, 768599 complete and 0 interrupted iterations
tail_open_loop   [  50% ] 0005/0300 VUs  3m44.0s/7m30s  07443.13 iters/s

running (3m45.0s), 0005/0300 VUs, 776068 complete and 0 interrupted iterations
tail_open_loop   [  50% ] 0005/0300 VUs  3m45.0s/7m30s  07498.67 iters/s

running (3m46.0s), 0005/0300 VUs, 783595 complete and 0 interrupted iterations
tail_open_loop   [  50% ] 0005/0300 VUs  3m46.0s/7m30s  07554.24 iters/s

running (3m47.0s), 0005/0300 VUs, 791177 complete and 0 interrupted iterations
tail_open_loop   [  50% ] 0005/0300 VUs  3m47.0s/7m30s  07609.77 iters/s

running (3m48.0s), 0004/0300 VUs, 798816 complete and 0 interrupted iterations
tail_open_loop   [  51% ] 0004/0300 VUs  3m48.0s/7m30s  07665.36 iters/s

running (3m49.0s), 0005/0300 VUs, 806508 complete and 0 interrupted iterations
tail_open_loop   [  51% ] 0005/0300 VUs  3m49.0s/7m30s  07720.87 iters/s

running (3m50.0s), 0006/0300 VUs, 814255 complete and 0 interrupted iterations
tail_open_loop   [  51% ] 0006/0300 VUs  3m50.0s/7m30s  07776.47 iters/s

running (3m51.0s), 0009/0300 VUs, 822057 complete and 0 interrupted iterations
tail_open_loop   [  51% ] 0009/0300 VUs  3m51.0s/7m30s  07832.02 iters/s

running (3m52.0s), 0004/0300 VUs, 829921 complete and 0 interrupted iterations
tail_open_loop   [  52% ] 0004/0300 VUs  3m52.0s/7m30s  07887.56 iters/s

running (3m53.0s), 0005/0300 VUs, 837836 complete and 0 interrupted iterations
tail_open_loop   [  52% ] 0005/0300 VUs  3m53.0s/7m30s  07943.13 iters/s

running (3m54.0s), 0004/0300 VUs, 845808 complete and 0 interrupted iterations
tail_open_loop   [  52% ] 0004/0300 VUs  3m54.0s/7m30s  07998.72 iters/s

running (3m55.0s), 0008/0300 VUs, 853830 complete and 0 interrupted iterations
tail_open_loop   [  52% ] 0008/0300 VUs  3m55.0s/7m30s  08054.25 iters/s

running (3m56.0s), 0009/0300 VUs, 861912 complete and 0 interrupted iterations
tail_open_loop   [  52% ] 0009/0300 VUs  3m56.0s/7m30s  08109.84 iters/s

running (3m57.0s), 0010/0300 VUs, 870048 complete and 0 interrupted iterations
tail_open_loop   [  53% ] 0010/0300 VUs  3m57.0s/7m30s  08165.40 iters/s

running (3m58.0s), 0009/0300 VUs, 878241 complete and 0 interrupted iterations
tail_open_loop   [  53% ] 0009/0300 VUs  3m58.0s/7m30s  08220.91 iters/s

running (3m59.0s), 0027/0300 VUs, 886473 complete and 0 interrupted iterations
tail_open_loop   [  53% ] 0027/0300 VUs  3m59.0s/7m30s  08276.50 iters/s

running (4m00.0s), 0013/0300 VUs, 894792 complete and 0 interrupted iterations
tail_open_loop   [  53% ] 0013/0300 VUs  4m00.0s/7m30s  08332.01 iters/s

running (4m01.0s), 0006/0300 VUs, 903158 complete and 0 interrupted iterations
tail_open_loop   [  54% ] 0006/0300 VUs  4m01.0s/7m30s  08387.57 iters/s

running (4m02.0s), 0014/0300 VUs, 911566 complete and 0 interrupted iterations
tail_open_loop   [  54% ] 0014/0300 VUs  4m02.0s/7m30s  08443.16 iters/s

running (4m03.0s), 0010/0300 VUs, 920040 complete and 0 interrupted iterations
tail_open_loop   [  54% ] 0010/0300 VUs  4m03.0s/7m30s  08498.70 iters/s

running (4m04.0s), 0006/0300 VUs, 928570 complete and 0 interrupted iterations
tail_open_loop   [  54% ] 0006/0300 VUs  4m04.0s/7m30s  08554.25 iters/s

running (4m05.0s), 0015/0300 VUs, 937144 complete and 0 interrupted iterations
tail_open_loop   [  54% ] 0015/0300 VUs  4m05.0s/7m30s  08609.78 iters/s

running (4m06.0s), 0026/0300 VUs, 945770 complete and 0 interrupted iterations
tail_open_loop   [  55% ] 0026/0300 VUs  4m06.0s/7m30s  08665.36 iters/s

running (4m07.0s), 0008/0300 VUs, 954482 complete and 0 interrupted iterations
tail_open_loop   [  55% ] 0008/0300 VUs  4m07.0s/7m30s  08720.90 iters/s

running (4m08.0s), 0010/0384 VUs, 962935 complete and 0 interrupted iterations
tail_open_loop   [  55% ] 0010/0384 VUs  4m08.0s/7m30s  08776.47 iters/s

running (4m09.0s), 0007/0384 VUs, 971741 complete and 0 interrupted iterations
tail_open_loop   [  55% ] 0007/0384 VUs  4m09.0s/7m30s  08831.97 iters/s

running (4m10.0s), 0013/0384 VUs, 980596 complete and 0 interrupted iterations
tail_open_loop   [  56% ] 0013/0384 VUs  4m10.0s/7m30s  08887.62 iters/s

running (4m11.0s), 0014/0384 VUs, 989510 complete and 0 interrupted iterations
tail_open_loop   [  56% ] 0014/0384 VUs  4m11.0s/7m30s  08943.10 iters/s

running (4m12.0s), 0015/0384 VUs, 998480 complete and 0 interrupted iterations
tail_open_loop   [  56% ] 0015/0384 VUs  4m12.0s/7m30s  08998.71 iters/s

running (4m13.0s), 0007/0384 VUs, 1007515 complete and 0 interrupted iterations
tail_open_loop   [  56% ] 0007/0384 VUs  4m13.0s/7m30s  09054.28 iters/s

running (4m14.0s), 0008/0384 VUs, 1016596 complete and 0 interrupted iterations
tail_open_loop   [  56% ] 0008/0384 VUs  4m14.0s/7m30s  09109.87 iters/s

running (4m15.0s), 0006/0384 VUs, 1025735 complete and 0 interrupted iterations
tail_open_loop   [  57% ] 0006/0384 VUs  4m15.0s/7m30s  09165.31 iters/s

running (4m16.0s), 0008/0384 VUs, 1034929 complete and 0 interrupted iterations
tail_open_loop   [  57% ] 0008/0384 VUs  4m16.0s/7m30s  09221.01 iters/s

running (4m17.0s), 0011/0458 VUs, 1043998 complete and 0 interrupted iterations
tail_open_loop   [  57% ] 0011/0458 VUs  4m17.0s/7m30s  09276.44 iters/s

running (4m18.0s), 0033/0458 VUs, 1053284 complete and 0 interrupted iterations
tail_open_loop   [  57% ] 0033/0458 VUs  4m18.0s/7m30s  09332.10 iters/s

running (4m19.0s), 0013/0553 VUs, 1062421 complete and 0 interrupted iterations
tail_open_loop   [  58% ] 0013/0553 VUs  4m19.0s/7m30s  09387.64 iters/s

running (4m20.0s), 0010/0553 VUs, 1071839 complete and 0 interrupted iterations
tail_open_loop   [  58% ] 0010/0553 VUs  4m20.0s/7m30s  09443.05 iters/s

running (4m21.0s), 0009/0553 VUs, 1081312 complete and 0 interrupted iterations
tail_open_loop   [  58% ] 0009/0553 VUs  4m21.0s/7m30s  09498.75 iters/s

running (4m22.0s), 0006/0553 VUs, 1090841 complete and 0 interrupted iterations
tail_open_loop   [  58% ] 0006/0553 VUs  4m22.0s/7m30s  09554.29 iters/s

running (4m23.0s), 0006/0553 VUs, 1100423 complete and 0 interrupted iterations
tail_open_loop   [  58% ] 0006/0553 VUs  4m23.0s/7m30s  09609.84 iters/s

running (9m19.7s), 0553/0558 VUs, 1108992 complete and 0 interrupted iterations
tail_open_loop   [  59% ] 0552/0558 VUs  4m24.0s/7m30s  09665.38 iters/s

running (9m20.7s), 0007/0903 VUs, 1115150 complete and 0 interrupted iterations
tail_open_loop   [  59% ] 0007/0903 VUs  4m25.0s/7m30s  09720.91 iters/s

running (9m21.7s), 0004/0903 VUs, 1124901 complete and 0 interrupted iterations
tail_open_loop   [  59% ] 0005/0903 VUs  4m26.0s/7m30s  09776.51 iters/s

running (9m22.7s), 0007/0903 VUs, 1134703 complete and 0 interrupted iterations
tail_open_loop   [  59% ] 0007/0903 VUs  4m27.0s/7m30s  09832.07 iters/s

running (9m23.7s), 0387/1040 VUs, 1143540 complete and 0 interrupted iterations
tail_open_loop   [  60% ] 0387/1040 VUs  4m28.0s/7m30s  09887.58 iters/s

running (9m24.7s), 0005/1040 VUs, 1153838 complete and 0 interrupted iterations
tail_open_loop   [  60% ] 0004/1040 VUs  4m29.0s/7m30s  09943.13 iters/s

running (9m25.7s), 0005/1040 VUs, 1163809 complete and 0 interrupted iterations
tail_open_loop   [  60% ] 0005/1040 VUs  4m30.0s/7m30s  09998.70 iters/s

running (9m26.7s), 0008/1040 VUs, 1173831 complete and 0 interrupted iterations
tail_open_loop   [  60% ] 0008/1040 VUs  4m31.0s/7m30s  10054.29 iters/s

running (9m27.7s), 0006/1040 VUs, 1183916 complete and 0 interrupted iterations
tail_open_loop   [  60% ] 0006/1040 VUs  4m32.0s/7m30s  10109.79 iters/s

running (9m28.7s), 0009/1040 VUs, 1194050 complete and 0 interrupted iterations
tail_open_loop   [  61% ] 0009/1040 VUs  4m33.0s/7m30s  10165.39 iters/s

running (9m29.7s), 0006/1040 VUs, 1204246 complete and 0 interrupted iterations
tail_open_loop   [  61% ] 0006/1040 VUs  4m34.0s/7m30s  10220.87 iters/s

running (9m30.7s), 0316/1040 VUs, 1214186 complete and 0 interrupted iterations
tail_open_loop   [  61% ] 0316/1040 VUs  4m35.0s/7m30s  10276.44 iters/s

running (9m31.7s), 0005/1040 VUs, 1224801 complete and 0 interrupted iterations
tail_open_loop   [  61% ] 0005/1040 VUs  4m36.0s/7m30s  10332.07 iters/s

running (9m32.7s), 0006/1040 VUs, 1235159 complete and 0 interrupted iterations
tail_open_loop   [  62% ] 0006/1040 VUs  4m37.0s/7m30s  10387.56 iters/s

running (9m33.7s), 0005/1040 VUs, 1245576 complete and 0 interrupted iterations
tail_open_loop   [  62% ] 0005/1040 VUs  4m38.0s/7m30s  10443.21 iters/s

running (9m34.7s), 0006/1040 VUs, 1256046 complete and 0 interrupted iterations
tail_open_loop   [  62% ] 0007/1040 VUs  4m39.0s/7m30s  10498.69 iters/s

running (9m35.7s), 0005/1040 VUs, 1266573 complete and 0 interrupted iterations
tail_open_loop   [  62% ] 0005/1040 VUs  4m40.0s/7m30s  10554.31 iters/s

running (9m36.7s), 0007/1040 VUs, 1277154 complete and 0 interrupted iterations
tail_open_loop   [  62% ] 0007/1040 VUs  4m41.0s/7m30s  10609.85 iters/s

running (9m37.7s), 0004/1040 VUs, 1287794 complete and 0 interrupted iterations
tail_open_loop   [  63% ] 0004/1040 VUs  4m42.0s/7m30s  10665.30 iters/s

running (9m38.7s), 0004/1040 VUs, 1298488 complete and 0 interrupted iterations
tail_open_loop   [  63% ] 0004/1040 VUs  4m43.0s/7m30s  10720.87 iters/s

running (9m39.7s), 0006/1040 VUs, 1309234 complete and 0 interrupted iterations
tail_open_loop   [  63% ] 0006/1040 VUs  4m44.0s/7m30s  10776.44 iters/s

running (9m40.7s), 0008/1040 VUs, 1320037 complete and 0 interrupted iterations
tail_open_loop   [  63% ] 0008/1040 VUs  4m45.0s/7m30s  10832.01 iters/s

running (9m41.7s), 0006/1040 VUs, 1330898 complete and 0 interrupted iterations
tail_open_loop   [  64% ] 0007/1040 VUs  4m46.0s/7m30s  10887.67 iters/s

running (9m42.7s), 0005/1040 VUs, 1341814 complete and 0 interrupted iterations
tail_open_loop   [  64% ] 0005/1040 VUs  4m47.0s/7m30s  10943.19 iters/s

running (9m43.7s), 0005/1040 VUs, 1352785 complete and 0 interrupted iterations
tail_open_loop   [  64% ] 0005/1040 VUs  4m48.0s/7m30s  10998.68 iters/s

running (9m44.7s), 0005/1040 VUs, 1363812 complete and 0 interrupted iterations
tail_open_loop   [  64% ] 0005/1040 VUs  4m49.0s/7m30s  11054.24 iters/s

running (9m45.7s), 0005/1040 VUs, 1374894 complete and 0 interrupted iterations
tail_open_loop   [  64% ] 0005/1040 VUs  4m50.0s/7m30s  11109.88 iters/s

running (9m46.7s), 0008/1040 VUs, 1386029 complete and 0 interrupted iterations
tail_open_loop   [  65% ] 0008/1040 VUs  4m51.0s/7m30s  11165.32 iters/s

running (9m47.7s), 0006/1040 VUs, 1397224 complete and 0 interrupted iterations
tail_open_loop   [  65% ] 0006/1040 VUs  4m52.0s/7m30s  11220.95 iters/s

running (9m48.7s), 0006/1040 VUs, 1408472 complete and 0 interrupted iterations
tail_open_loop   [  65% ] 0006/1040 VUs  4m53.0s/7m30s  11276.50 iters/s

running (9m49.7s), 0006/1040 VUs, 1419777 complete and 0 interrupted iterations
tail_open_loop   [  65% ] 0006/1040 VUs  4m54.0s/7m30s  11332.09 iters/s

running (9m50.7s), 0005/1040 VUs, 1431136 complete and 0 interrupted iterations
tail_open_loop   [  66% ] 0005/1040 VUs  4m55.0s/7m30s  11387.58 iters/s

running (9m51.7s), 0005/1040 VUs, 1442553 complete and 0 interrupted iterations
tail_open_loop   [  66% ] 0005/1040 VUs  4m56.0s/7m30s  11443.22 iters/s

running (9m52.7s), 0007/1040 VUs, 1454022 complete and 0 interrupted iterations
tail_open_loop   [  66% ] 0007/1040 VUs  4m57.0s/7m30s  11498.75 iters/s

running (9m53.7s), 0007/1040 VUs, 1465548 complete and 0 interrupted iterations
tail_open_loop   [  66% ] 0007/1040 VUs  4m58.0s/7m30s  11554.28 iters/s

running (9m54.7s), 0028/1040 VUs, 1477109 complete and 0 interrupted iterations
tail_open_loop   [  66% ] 0028/1040 VUs  4m59.0s/7m30s  11609.82 iters/s

running (9m55.7s), 0008/1040 VUs, 1488767 complete and 0 interrupted iterations
tail_open_loop   [  67% ] 0008/1040 VUs  5m00.0s/7m30s  11665.34 iters/s

running (9m56.7s), 0007/1040 VUs, 1500462 complete and 0 interrupted iterations
tail_open_loop   [  67% ] 0007/1040 VUs  5m01.0s/7m30s  11720.86 iters/s

running (9m57.7s), 0005/1040 VUs, 1512212 complete and 0 interrupted iterations
tail_open_loop   [  67% ] 0005/1040 VUs  5m02.0s/7m30s  11776.48 iters/s

running (9m58.7s), 0006/1040 VUs, 1524015 complete and 0 interrupted iterations
tail_open_loop   [  67% ] 0006/1040 VUs  5m03.0s/7m30s  11832.08 iters/s

running (9m59.7s), 0008/1040 VUs, 1535873 complete and 0 interrupted iterations
tail_open_loop   [  68% ] 0008/1040 VUs  5m04.0s/7m30s  11887.64 iters/s

running (10m00.7s), 0006/1040 VUs, 1547771 complete and 0 interrupted iterations
tail_open_loop   [  68% ] 0006/1040 VUs  5m05.0s/7m30s  11943.01 iters/s

running (10m01.7s), 0007/1040 VUs, 1559759 complete and 0 interrupted iterations
tail_open_loop   [  68% ] 0007/1040 VUs  5m06.0s/7m30s  11998.75 iters/s

running (10m02.7s), 0006/1040 VUs, 1571788 complete and 0 interrupted iterations
tail_open_loop   [  68% ] 0006/1040 VUs  5m07.0s/7m30s  12054.15 iters/s

running (10m03.7s), 0008/1040 VUs, 1583868 complete and 0 interrupted iterations
tail_open_loop   [  68% ] 0008/1040 VUs  5m08.0s/7m30s  12109.91 iters/s

running (10m04.7s), 0007/1040 VUs, 1596006 complete and 0 interrupted iterations
tail_open_loop   [  69% ] 0007/1040 VUs  5m09.0s/7m30s  12165.30 iters/s

running (10m05.7s), 0007/1040 VUs, 1608199 complete and 0 interrupted iterations
tail_open_loop   [  69% ] 0007/1040 VUs  5m10.0s/7m30s  12220.91 iters/s

running (10m06.7s), 0009/1040 VUs, 1620446 complete and 0 interrupted iterations
tail_open_loop   [  69% ] 0008/1040 VUs  5m11.0s/7m30s  12276.42 iters/s

running (10m07.7s), 0011/1040 VUs, 1632749 complete and 0 interrupted iterations
tail_open_loop   [  69% ] 0011/1040 VUs  5m12.0s/7m30s  12331.98 iters/s

running (10m08.7s), 0008/1040 VUs, 1645112 complete and 0 interrupted iterations
tail_open_loop   [  70% ] 0008/1040 VUs  5m13.0s/7m30s  12387.74 iters/s

running (10m09.7s), 0007/1040 VUs, 1657527 complete and 0 interrupted iterations
tail_open_loop   [  70% ] 0007/1040 VUs  5m14.0s/7m30s  12443.07 iters/s

running (10m10.7s), 0008/1040 VUs, 1669998 complete and 0 interrupted iterations
tail_open_loop   [  70% ] 0008/1040 VUs  5m15.0s/7m30s  12498.59 iters/s

running (10m11.7s), 0009/1040 VUs, 1682524 complete and 0 interrupted iterations
tail_open_loop   [  70% ] 0009/1040 VUs  5m16.0s/7m30s  12554.30 iters/s

running (10m12.7s), 0005/1040 VUs, 1695108 complete and 0 interrupted iterations
tail_open_loop   [  70% ] 0005/1040 VUs  5m17.0s/7m30s  12609.70 iters/s

running (10m13.7s), 0008/1040 VUs, 1707744 complete and 0 interrupted iterations
tail_open_loop   [  71% ] 0007/1040 VUs  5m18.0s/7m30s  12665.28 iters/s

running (10m14.7s), 0011/1040 VUs, 1720434 complete and 0 interrupted iterations
tail_open_loop   [  71% ] 0011/1040 VUs  5m19.0s/7m30s  12721.03 iters/s

running (10m15.7s), 0027/1040 VUs, 1733166 complete and 0 interrupted iterations
tail_open_loop   [  71% ] 0027/1040 VUs  5m20.0s/7m30s  12776.45 iters/s

running (10m16.7s), 0011/1040 VUs, 1745986 complete and 0 interrupted iterations
tail_open_loop   [  71% ] 0011/1040 VUs  5m21.0s/7m30s  12832.03 iters/s

running (10m17.7s), 0006/1040 VUs, 1758851 complete and 0 interrupted iterations
tail_open_loop   [  72% ] 0006/1040 VUs  5m22.0s/7m30s  12887.59 iters/s

running (10m18.7s), 0006/1040 VUs, 1771767 complete and 0 interrupted iterations
tail_open_loop   [  72% ] 0006/1040 VUs  5m23.0s/7m30s  12943.14 iters/s

running (10m19.7s), 0005/1040 VUs, 1784737 complete and 0 interrupted iterations
tail_open_loop   [  72% ] 0005/1040 VUs  5m24.0s/7m30s  12998.66 iters/s

running (10m20.7s), 0009/1040 VUs, 1797761 complete and 0 interrupted iterations
tail_open_loop   [  72% ] 0009/1040 VUs  5m25.0s/7m30s  13054.15 iters/s

running (10m21.7s), 0012/1040 VUs, 1810840 complete and 0 interrupted iterations
tail_open_loop   [  72% ] 0012/1040 VUs  5m26.0s/7m30s  13109.77 iters/s

running (10m22.7s), 0005/1040 VUs, 1823985 complete and 0 interrupted iterations
tail_open_loop   [  73% ] 0005/1040 VUs  5m27.0s/7m30s  13165.34 iters/s

running (10m23.7s), 0009/1040 VUs, 1837174 complete and 0 interrupted iterations
tail_open_loop   [  73% ] 0009/1040 VUs  5m28.0s/7m30s  13221.04 iters/s

running (10m24.7s), 0057/1040 VUs, 1850374 complete and 0 interrupted iterations
tail_open_loop   [  73% ] 0057/1040 VUs  5m29.0s/7m30s  13276.51 iters/s

running (10m25.7s), 0008/1040 VUs, 1863727 complete and 0 interrupted iterations
tail_open_loop   [  73% ] 0008/1040 VUs  5m30.0s/7m30s  13331.91 iters/s

running (10m26.7s), 0008/1040 VUs, 1877087 complete and 0 interrupted iterations
tail_open_loop   [  74% ] 0008/1040 VUs  5m31.0s/7m30s  13387.42 iters/s

running (10m27.7s), 0013/1040 VUs, 1890498 complete and 0 interrupted iterations
tail_open_loop   [  74% ] 0013/1040 VUs  5m32.0s/7m30s  13443.03 iters/s

running (10m50.5s), 0657/1040 VUs, 1903317 complete and 0 interrupted iterations
tail_open_loop   [  74% ] 0657/1040 VUs  5m34.3s/7m30s  13498.74 iters/s

running (10m51.3s), 1216/1440 VUs, 1909540 complete and 0 interrupted iterations
tail_open_loop   [  74% ] 1217/1440 VUs  5m35.0s/7m30s  13609.89 iters/s

running (10m52.3s), 0008/1440 VUs, 1924384 complete and 0 interrupted iterations
tail_open_loop   [  75% ] 0008/1440 VUs  5m36.0s/7m30s  13665.31 iters/s

running (10m53.3s), 0008/1440 VUs, 1938077 complete and 0 interrupted iterations
tail_open_loop   [  75% ] 0008/1440 VUs  5m37.0s/7m30s  13721.00 iters/s

running (10m54.3s), 0024/1440 VUs, 1951811 complete and 0 interrupted iterations
tail_open_loop   [  75% ] 0024/1440 VUs  5m38.0s/7m30s  13776.57 iters/s

running (10m55.3s), 0012/1440 VUs, 1965627 complete and 0 interrupted iterations
tail_open_loop   [  75% ] 0012/1440 VUs  5m39.0s/7m30s  13832.02 iters/s

running (10m56.3s), 0010/1440 VUs, 1979488 complete and 0 interrupted iterations
tail_open_loop   [  76% ] 0010/1440 VUs  5m40.0s/7m30s  13887.54 iters/s

running (10m57.3s), 0402/1613 VUs, 1991735 complete and 0 interrupted iterations
tail_open_loop   [  76% ] 0402/1613 VUs  5m41.0s/7m30s  13943.11 iters/s

running (10m58.3s), 0010/1613 VUs, 2006098 complete and 0 interrupted iterations
tail_open_loop   [  76% ] 0010/1613 VUs  5m42.0s/7m30s  13998.74 iters/s

running (10m59.3s), 0008/1613 VUs, 2020125 complete and 0 interrupted iterations
tail_open_loop   [  76% ] 0008/1613 VUs  5m43.0s/7m30s  14054.22 iters/s

running (11m00.3s), 0012/1613 VUs, 2034203 complete and 0 interrupted iterations
tail_open_loop   [  76% ] 0013/1613 VUs  5m44.0s/7m30s  14109.94 iters/s

running (11m01.3s), 0007/1613 VUs, 2048345 complete and 0 interrupted iterations
tail_open_loop   [  77% ] 0007/1613 VUs  5m45.0s/7m30s  14165.31 iters/s

running (11m02.3s), 0010/1613 VUs, 2062536 complete and 0 interrupted iterations
tail_open_loop   [  77% ] 0010/1613 VUs  5m46.0s/7m30s  14220.91 iters/s

running (11m03.3s), 0007/1613 VUs, 2076788 complete and 0 interrupted iterations
tail_open_loop   [  77% ] 0007/1613 VUs  5m47.0s/7m30s  14276.54 iters/s

running (11m04.3s), 0009/1613 VUs, 2091090 complete and 0 interrupted iterations
tail_open_loop   [  77% ] 0009/1613 VUs  5m48.0s/7m30s  14331.99 iters/s

running (11m05.3s), 0024/1613 VUs, 2105433 complete and 0 interrupted iterations
tail_open_loop   [  78% ] 0024/1613 VUs  5m49.0s/7m30s  14387.45 iters/s

running (11m06.3s), 0011/1613 VUs, 2119863 complete and 0 interrupted iterations
tail_open_loop   [  78% ] 0011/1613 VUs  5m50.0s/7m30s  14443.14 iters/s

running (11m07.3s), 0021/1613 VUs, 2134324 complete and 0 interrupted iterations
tail_open_loop   [  78% ] 0021/1613 VUs  5m51.0s/7m30s  14498.85 iters/s

running (11m08.3s), 0008/1613 VUs, 2148863 complete and 0 interrupted iterations
tail_open_loop   [  78% ] 0008/1613 VUs  5m52.0s/7m30s  14554.35 iters/s

running (11m09.3s), 0012/1613 VUs, 2163442 complete and 0 interrupted iterations
tail_open_loop   [  78% ] 0012/1613 VUs  5m53.0s/7m30s  14609.63 iters/s

running (11m10.3s), 0788/1613 VUs, 2177304 complete and 0 interrupted iterations
tail_open_loop   [  79% ] 0788/1613 VUs  5m54.0s/7m30s  14665.34 iters/s

running (11m11.3s), 1200/1644 VUs, 2191493 complete and 0 interrupted iterations
tail_open_loop   [  79% ] 1200/1644 VUs  5m55.0s/7m30s  14720.82 iters/s

running (11m12.3s), 0006/1644 VUs, 2207432 complete and 0 interrupted iterations
tail_open_loop   [  79% ] 0006/1644 VUs  5m56.0s/7m30s  14776.51 iters/s

running (11m13.3s), 0013/1644 VUs, 2222230 complete and 0 interrupted iterations
tail_open_loop   [  79% ] 0014/1644 VUs  5m57.0s/7m30s  14831.95 iters/s

running (11m14.3s), 0022/1644 VUs, 2237080 complete and 0 interrupted iterations
tail_open_loop   [  80% ] 0022/1644 VUs  5m58.0s/7m30s  14887.60 iters/s

running (11m15.3s), 0013/1644 VUs, 2252005 complete and 0 interrupted iterations
tail_open_loop   [  80% ] 0013/1644 VUs  5m59.0s/7m30s  14942.99 iters/s

running (11m16.3s), 0234/1644 VUs, 2266755 complete and 0 interrupted iterations
tail_open_loop   [  80% ] 0234/1644 VUs  6m00.0s/7m30s  14998.80 iters/s

running (11m17.3s), 0010/1644 VUs, 2282006 complete and 0 interrupted iterations
tail_open_loop   [  80% ] 0010/1644 VUs  6m01.0s/7m30s  15054.35 iters/s

running (11m18.3s), 0008/1644 VUs, 2297088 complete and 0 interrupted iterations
tail_open_loop   [  80% ] 0008/1644 VUs  6m02.0s/7m30s  15109.85 iters/s

running (11m19.3s), 0019/1644 VUs, 2312216 complete and 0 interrupted iterations
tail_open_loop   [  81% ] 0019/1644 VUs  6m03.0s/7m30s  15165.30 iters/s

running (11m20.3s), 0008/1644 VUs, 2327420 complete and 0 interrupted iterations
tail_open_loop   [  81% ] 0008/1644 VUs  6m04.0s/7m30s  15220.93 iters/s

running (11m21.3s), 0011/1644 VUs, 2342665 complete and 0 interrupted iterations
tail_open_loop   [  81% ] 0011/1644 VUs  6m05.0s/7m30s  15276.50 iters/s

running (11m22.3s), 0020/1644 VUs, 2357960 complete and 0 interrupted iterations
tail_open_loop   [  81% ] 0020/1644 VUs  6m06.0s/7m30s  15332.01 iters/s

running (11m23.3s), 0018/1644 VUs, 2373322 complete and 0 interrupted iterations
tail_open_loop   [  82% ] 0018/1644 VUs  6m07.0s/7m30s  15387.46 iters/s

running (11m24.3s), 0015/1644 VUs, 2388742 complete and 0 interrupted iterations
tail_open_loop   [  82% ] 0015/1644 VUs  6m08.0s/7m30s  15443.30 iters/s

running (11m25.3s), 0148/1644 VUs, 2404081 complete and 0 interrupted iterations
tail_open_loop   [  82% ] 0147/1644 VUs  6m09.0s/7m30s  15498.59 iters/s

running (11m26.3s), 0025/1644 VUs, 2419728 complete and 0 interrupted iterations
tail_open_loop   [  82% ] 0025/1644 VUs  6m10.0s/7m30s  15554.28 iters/s

running (11m27.3s), 0028/1644 VUs, 2435307 complete and 0 interrupted iterations
tail_open_loop   [  82% ] 0028/1644 VUs  6m11.0s/7m30s  15609.88 iters/s

running (11m28.3s), 0015/1644 VUs, 2450958 complete and 0 interrupted iterations
tail_open_loop   [  83% ] 0016/1644 VUs  6m12.0s/7m30s  15665.39 iters/s

running (11m29.3s), 0061/1644 VUs, 2466606 complete and 0 interrupted iterations
tail_open_loop   [  83% ] 0062/1644 VUs  6m13.0s/7m30s  15721.05 iters/s

running (11m30.3s), 0023/1644 VUs, 2482392 complete and 0 interrupted iterations
tail_open_loop   [  83% ] 0023/1644 VUs  6m14.0s/7m30s  15776.60 iters/s

running (11m31.3s), 0127/1644 VUs, 2498092 complete and 0 interrupted iterations
tail_open_loop   [  83% ] 0127/1644 VUs  6m15.0s/7m30s  15832.05 iters/s

running (11m32.3s), 0351/1644 VUs, 2513727 complete and 0 interrupted iterations
tail_open_loop   [  84% ] 0351/1644 VUs  6m16.0s/7m30s  15887.64 iters/s

running (11m33.3s), 2606/2606 VUs, 2519280 complete and 0 interrupted iterations
tail_open_loop   [  84% ] 2606/2606 VUs  6m17.0s/7m30s  15943.11 iters/s

running (11m34.3s), 2999/3000 VUs, 2529728 complete and 0 interrupted iterations
tail_open_loop   [  84% ] 2999/3000 VUs  6m18.0s/7m30s  15998.72 iters/s

running (11m35.3s), 2987/3000 VUs, 2541830 complete and 0 interrupted iterations
tail_open_loop   [  84% ] 2987/3000 VUs  6m19.0s/7m30s  16054.46 iters/s

running (11m36.3s), 3000/3000 VUs, 2555074 complete and 0 interrupted iterations
tail_open_loop   [  84% ] 3000/3000 VUs  6m20.0s/7m30s  16109.80 iters/s

running (11m37.3s), 2885/3000 VUs, 2567738 complete and 0 interrupted iterations
tail_open_loop   [  85% ] 2885/3000 VUs  6m21.0s/7m30s  16165.54 iters/s

running (11m38.3s), 2991/3000 VUs, 2580320 complete and 0 interrupted iterations
tail_open_loop   [  85% ] 2991/3000 VUs  6m22.0s/7m30s  16220.86 iters/s

running (11m39.3s), 2493/3000 VUs, 2593706 complete and 0 interrupted iterations
tail_open_loop   [  85% ] 2493/3000 VUs  6m23.0s/7m30s  16276.57 iters/s

running (11m40.3s), 1900/3000 VUs, 2610520 complete and 0 interrupted iterations
tail_open_loop   [  85% ] 1900/3000 VUs  6m24.0s/7m30s  16331.86 iters/s

running (11m41.3s), 2997/3000 VUs, 2624248 complete and 0 interrupted iterations
tail_open_loop   [  86% ] 2997/3000 VUs  6m25.0s/7m30s  16387.53 iters/s

running (11m42.3s), 2996/3000 VUs, 2637913 complete and 0 interrupted iterations
tail_open_loop   [  86% ] 2996/3000 VUs  6m26.0s/7m30s  16443.04 iters/s

running (11m43.3s), 2799/3000 VUs, 2651091 complete and 0 interrupted iterations
tail_open_loop   [  86% ] 2799/3000 VUs  6m27.0s/7m30s  16498.66 iters/s

running (11m44.3s), 2996/3000 VUs, 2665892 complete and 0 interrupted iterations
tail_open_loop   [  86% ] 2996/3000 VUs  6m28.0s/7m30s  16554.37 iters/s

running (11m45.3s), 2994/3000 VUs, 2678457 complete and 0 interrupted iterations
tail_open_loop   [  86% ] 2994/3000 VUs  6m29.0s/7m30s  16609.92 iters/s

running (11m46.3s), 2807/3000 VUs, 2692227 complete and 0 interrupted iterations
tail_open_loop   [  87% ] 2807/3000 VUs  6m30.0s/7m30s  16665.28 iters/s

running (11m47.3s), 2815/3000 VUs, 2705853 complete and 0 interrupted iterations
tail_open_loop   [  87% ] 2815/3000 VUs  6m31.0s/7m30s  16721.01 iters/s

running (11m48.3s), 2107/3000 VUs, 2721145 complete and 0 interrupted iterations
tail_open_loop   [  87% ] 2107/3000 VUs  6m32.0s/7m30s  16776.55 iters/s

running (11m49.3s), 1871/3000 VUs, 2736236 complete and 0 interrupted iterations
tail_open_loop   [  87% ] 1871/3000 VUs  6m33.0s/7m30s  16832.18 iters/s

running (11m50.3s), 2603/3000 VUs, 2752131 complete and 0 interrupted iterations
tail_open_loop   [  88% ] 2603/3000 VUs  6m34.0s/7m30s  16887.61 iters/s

running (11m51.3s), 2685/3000 VUs, 2768024 complete and 0 interrupted iterations
tail_open_loop   [  88% ] 2685/3000 VUs  6m35.0s/7m30s  16943.12 iters/s

running (11m52.3s), 2996/3000 VUs, 2783436 complete and 0 interrupted iterations
tail_open_loop   [  88% ] 2996/3000 VUs  6m36.0s/7m30s  16998.71 iters/s

running (11m53.3s), 2941/3000 VUs, 2797292 complete and 0 interrupted iterations
tail_open_loop   [  88% ] 2941/3000 VUs  6m37.0s/7m30s  17054.37 iters/s

running (11m54.3s), 2925/3000 VUs, 2810454 complete and 0 interrupted iterations
tail_open_loop   [  88% ] 2925/3000 VUs  6m38.0s/7m30s  17109.81 iters/s

running (11m55.3s), 2994/3000 VUs, 2823987 complete and 0 interrupted iterations
tail_open_loop   [  89% ] 2994/3000 VUs  6m39.0s/7m30s  17165.61 iters/s

running (11m56.3s), 2913/3000 VUs, 2839470 complete and 0 interrupted iterations
tail_open_loop   [  89% ] 2913/3000 VUs  6m40.0s/7m30s  17220.89 iters/s

running (11m57.3s), 2996/3000 VUs, 2852016 complete and 0 interrupted iterations
tail_open_loop   [  89% ] 2996/3000 VUs  6m41.0s/7m30s  17276.53 iters/s

running (11m58.3s), 2998/3000 VUs, 2865927 complete and 0 interrupted iterations
tail_open_loop   [  89% ] 2998/3000 VUs  6m42.0s/7m30s  17331.92 iters/s

running (11m59.3s), 2991/3000 VUs, 2878611 complete and 0 interrupted iterations
tail_open_loop   [  90% ] 2991/3000 VUs  6m43.0s/7m30s  17387.68 iters/s

running (12m00.3s), 2993/3000 VUs, 2891163 complete and 0 interrupted iterations
tail_open_loop   [  90% ] 2993/3000 VUs  6m44.0s/7m30s  17443.18 iters/s

running (12m01.3s), 2328/3000 VUs, 2907233 complete and 0 interrupted iterations
tail_open_loop   [  90% ] 2329/3000 VUs  6m45.0s/7m30s  17498.73 iters/s

running (12m02.3s), 2995/3000 VUs, 2921280 complete and 0 interrupted iterations
tail_open_loop   [  90% ] 2995/3000 VUs  6m46.0s/7m30s  17554.33 iters/s

running (12m03.3s), 2988/3000 VUs, 2934836 complete and 0 interrupted iterations
tail_open_loop   [  90% ] 2988/3000 VUs  6m47.0s/7m30s  17609.97 iters/s

running (12m04.3s), 3000/3000 VUs, 2946011 complete and 0 interrupted iterations
tail_open_loop   [  91% ] 3000/3000 VUs  6m48.0s/7m30s  17665.35 iters/s

running (12m05.3s), 2998/3000 VUs, 2957949 complete and 0 interrupted iterations
tail_open_loop   [  91% ] 2999/3000 VUs  6m49.0s/7m30s  17720.76 iters/s

running (12m06.3s), 3000/3000 VUs, 2970924 complete and 0 interrupted iterations
tail_open_loop   [  91% ] 3000/3000 VUs  6m50.0s/7m30s  17776.51 iters/s

running (12m07.3s), 3000/3000 VUs, 2983785 complete and 0 interrupted iterations
tail_open_loop   [  91% ] 3000/3000 VUs  6m51.0s/7m30s  17831.99 iters/s

running (12m08.3s), 2998/3000 VUs, 2995491 complete and 0 interrupted iterations
tail_open_loop   [  92% ] 2998/3000 VUs  6m52.0s/7m30s  17887.49 iters/s

running (12m09.3s), 2996/3000 VUs, 3011025 complete and 0 interrupted iterations
tail_open_loop   [  92% ] 2996/3000 VUs  6m53.0s/7m30s  17943.01 iters/s

running (12m10.3s), 2997/3000 VUs, 3024739 complete and 0 interrupted iterations
tail_open_loop   [  92% ] 2997/3000 VUs  6m54.0s/7m30s  17998.56 iters/s

running (12m11.3s), 2998/3000 VUs, 3036901 complete and 0 interrupted iterations
tail_open_loop   [  92% ] 2998/3000 VUs  6m55.0s/7m30s  18054.13 iters/s

running (12m12.3s), 3000/3000 VUs, 3048409 complete and 0 interrupted iterations
tail_open_loop   [  92% ] 3000/3000 VUs  6m56.0s/7m30s  18109.71 iters/s

running (12m13.3s), 2994/3000 VUs, 3060294 complete and 0 interrupted iterations
tail_open_loop   [  93% ] 2994/3000 VUs  6m57.0s/7m30s  18165.30 iters/s

running (12m14.3s), 2942/3000 VUs, 3075684 complete and 0 interrupted iterations
tail_open_loop   [  93% ] 2941/3000 VUs  6m58.0s/7m30s  18220.91 iters/s

running (12m15.3s), 2503/3000 VUs, 3092299 complete and 0 interrupted iterations
tail_open_loop   [  93% ] 2503/3000 VUs  6m59.0s/7m30s  18276.52 iters/s

running (12m16.3s), 2693/3000 VUs, 3109239 complete and 0 interrupted iterations
tail_open_loop   [  93% ] 2693/3000 VUs  7m00.0s/7m30s  18331.81 iters/s

running (12m17.3s), 1645/3000 VUs, 3125948 complete and 0 interrupted iterations
tail_open_loop   [  94% ] 1645/3000 VUs  7m01.0s/7m30s  18387.42 iters/s

running (12m18.3s), 2521/3000 VUs, 3142595 complete and 0 interrupted iterations
tail_open_loop   [  94% ] 2520/3000 VUs  7m02.0s/7m30s  18443.04 iters/s

running (12m19.3s), 2992/3000 VUs, 3156026 complete and 0 interrupted iterations
tail_open_loop   [  94% ] 2993/3000 VUs  7m03.0s/7m30s  18498.99 iters/s

running (12m20.3s), 1687/3000 VUs, 3174781 complete and 0 interrupted iterations
tail_open_loop   [  94% ] 1687/3000 VUs  7m04.0s/7m30s  18554.25 iters/s

running (12m21.3s), 2995/3000 VUs, 3191406 complete and 0 interrupted iterations
tail_open_loop   [  94% ] 2995/3000 VUs  7m05.0s/7m30s  18609.84 iters/s

running (12m22.3s), 2973/3000 VUs, 3208509 complete and 0 interrupted iterations
tail_open_loop   [  95% ] 2973/3000 VUs  7m06.0s/7m30s  18665.42 iters/s

running (12m23.3s), 2974/3000 VUs, 3222328 complete and 0 interrupted iterations
tail_open_loop   [  95% ] 2974/3000 VUs  7m07.0s/7m30s  18720.98 iters/s

running (12m24.3s), 2955/3000 VUs, 3236852 complete and 0 interrupted iterations
tail_open_loop   [  95% ] 2955/3000 VUs  7m08.0s/7m30s  18776.17 iters/s

running (12m25.3s), 2995/3000 VUs, 3252171 complete and 0 interrupted iterations
tail_open_loop   [  95% ] 2995/3000 VUs  7m09.0s/7m30s  18831.68 iters/s

running (12m26.3s), 2977/3000 VUs, 3267531 complete and 0 interrupted iterations
tail_open_loop   [  96% ] 2977/3000 VUs  7m10.0s/7m30s  18887.88 iters/s

running (12m27.3s), 2995/3000 VUs, 3279696 complete and 0 interrupted iterations
tail_open_loop   [  96% ] 2995/3000 VUs  7m11.0s/7m30s  18942.98 iters/s

running (12m28.3s), 2983/3000 VUs, 3292144 complete and 0 interrupted iterations
tail_open_loop   [  96% ] 2983/3000 VUs  7m12.0s/7m30s  18998.77 iters/s

running (12m29.3s), 2986/3000 VUs, 3306411 complete and 0 interrupted iterations
tail_open_loop   [  96% ] 2986/3000 VUs  7m13.0s/7m30s  19054.15 iters/s

running (12m30.3s), 2998/3000 VUs, 3320704 complete and 0 interrupted iterations
tail_open_loop   [  96% ] 2998/3000 VUs  7m14.0s/7m30s  19109.86 iters/s

running (12m31.3s), 3000/3000 VUs, 3335896 complete and 0 interrupted iterations
tail_open_loop   [  97% ] 3000/3000 VUs  7m15.0s/7m30s  19165.53 iters/s

running (12m32.3s), 2917/3000 VUs, 3348466 complete and 0 interrupted iterations
tail_open_loop   [  97% ] 2917/3000 VUs  7m16.0s/7m30s  19220.79 iters/s

running (12m33.3s), 2480/3000 VUs, 3363987 complete and 0 interrupted iterations
tail_open_loop   [  97% ] 2480/3000 VUs  7m17.0s/7m30s  19276.37 iters/s

running (12m34.3s), 2998/3000 VUs, 3379824 complete and 0 interrupted iterations
tail_open_loop   [  97% ] 2999/3000 VUs  7m18.0s/7m30s  19331.89 iters/s

running (12m35.3s), 3000/3000 VUs, 3391500 complete and 0 interrupted iterations
tail_open_loop   [  98% ] 3000/3000 VUs  7m19.0s/7m30s  19387.74 iters/s

running (12m36.3s), 3000/3000 VUs, 3403879 complete and 0 interrupted iterations
tail_open_loop   [  98% ] 3000/3000 VUs  7m20.0s/7m30s  19443.15 iters/s

running (12m37.3s), 2995/3000 VUs, 3414893 complete and 0 interrupted iterations
tail_open_loop   [  98% ] 2995/3000 VUs  7m21.0s/7m30s  19498.88 iters/s

running (12m38.3s), 2998/3000 VUs, 3428874 complete and 0 interrupted iterations
tail_open_loop   [  98% ] 2998/3000 VUs  7m22.0s/7m30s  19554.17 iters/s

running (12m39.3s), 2996/3000 VUs, 3443669 complete and 0 interrupted iterations
tail_open_loop   [  98% ] 2996/3000 VUs  7m23.0s/7m30s  19609.77 iters/s

running (12m40.3s), 2999/3000 VUs, 3459489 complete and 0 interrupted iterations
tail_open_loop   [  99% ] 3000/3000 VUs  7m24.0s/7m30s  19665.30 iters/s

running (12m41.3s), 2997/3000 VUs, 3475608 complete and 0 interrupted iterations
tail_open_loop   [  99% ] 2997/3000 VUs  7m25.0s/7m30s  19720.75 iters/s

running (12m42.3s), 2981/3000 VUs, 3491699 complete and 0 interrupted iterations
tail_open_loop   [  99% ] 2981/3000 VUs  7m26.0s/7m30s  19776.53 iters/s

running (12m43.3s), 2798/3000 VUs, 3510365 complete and 0 interrupted iterations
tail_open_loop   [  99% ] 2798/3000 VUs  7m27.0s/7m30s  19832.22 iters/s

running (12m44.3s), 2707/3000 VUs, 3526617 complete and 0 interrupted iterations
tail_open_loop   [ 100% ] 2707/3000 VUs  7m28.0s/7m30s  19887.44 iters/s

running (12m45.3s), 3000/3000 VUs, 3540317 complete and 0 interrupted iterations
tail_open_loop   [ 100% ] 3000/3000 VUs  7m29.0s/7m30s  19942.96 iters/s

running (12m46.3s), 2998/3000 VUs, 3556407 complete and 0 interrupted iterations
tail_open_loop   [ 100% ] 2998/3000 VUs  7m30.0s/7m30s  19998.80 iters/s


  █ THRESHOLDS 

    http_req_duration
    ✓ 'p(95)<250' p(95)=244.32ms
    ✓ 'p(99)<500' p(99)=298.18ms
    ✓ 'p(99.9)<1000' p(99.9)=357.54ms

    http_req_failed
    ✗ 'rate<0.05' rate=100.00%


  █ TOTAL RESULTS 

    checks_total.......: 3559712 4644.616071/s
    checks_succeeded...: 100.00% 3559712 out of 3559712
    checks_failed......: 0.00%   0 out of 3559712

    ✓ status is 200 or 404

    HTTP
    http_req_duration....: avg=62.47ms min=171µs    med=762µs    max=4m55s p(90)=218.68ms p(95)=244.32ms p(99)=298.18ms p(99.9)=357.54ms
    http_req_failed......: 100.00% 3559712 out of 3559712
    http_reqs............: 3559712 4644.616071/s

    EXECUTION
    dropped_iterations...: 310258  404.816258/s
    iteration_duration...: avg=62.13ms min=189.62µs med=805.16µs max=1.35s p(90)=218.72ms p(95)=244.37ms p(99)=298.26ms p(99.9)=357.7ms 
    iterations...........: 3559712 4644.616071/s
    vus..................: 3000    min=0                  max=3000
    vus_max..............: 3000    min=300                max=3000

    NETWORK
    data_received........: 684 MB  892 kB/s
    data_sent............: 399 MB  520 kB/s




running (12m46.4s), 0000/3000 VUs, 3559712 complete and 0 interrupted iterations
tail_open_loop ✓ [ 100% ] 0000/3000 VUs  7m30s  19999.60 iters/s
