
         /\      Grafana   /‾‾/  
    /\  /  \     |\  __   /  /   
   /  \/    \    | |/ /  /   ‾‾\ 
  /          \   |   (  |  (‾)  |
 / __________ \  |_|\_\  \_____/ 


     execution: local
        script: /work/bench/k6/scenarios/pool-saturation-recovery.js
        output: -

     scenarios: (100.00%) 1 scenario, 800 max VUs, 6m30s max duration (incl. graceful stop):
              * pool_saturation_recovery: Up to 800 looping VUs for 6m0s over 6 stages (gracefulRampDown: 30s, gracefulStop: 30s)


running (0m00.9s), 010/800 VUs, 3801 complete and 0 interrupted iterations
pool_saturation_recovery   [   0% ] 010/800 VUs  0m00.9s/6m00.0s

running (0m01.9s), 011/800 VUs, 7763 complete and 0 interrupted iterations
pool_saturation_recovery   [   1% ] 011/800 VUs  0m01.9s/6m00.0s

running (0m02.9s), 011/800 VUs, 11485 complete and 0 interrupted iterations
pool_saturation_recovery   [   1% ] 011/800 VUs  0m02.9s/6m00.0s

running (0m03.9s), 012/800 VUs, 15720 complete and 0 interrupted iterations
pool_saturation_recovery   [   1% ] 012/800 VUs  0m03.9s/6m00.0s

running (0m04.9s), 013/800 VUs, 20147 complete and 0 interrupted iterations
pool_saturation_recovery   [   1% ] 013/800 VUs  0m04.9s/6m00.0s

running (0m05.9s), 013/800 VUs, 24620 complete and 0 interrupted iterations
pool_saturation_recovery   [   2% ] 013/800 VUs  0m05.9s/6m00.0s

running (0m06.9s), 014/800 VUs, 29294 complete and 0 interrupted iterations
pool_saturation_recovery   [   2% ] 014/800 VUs  0m06.9s/6m00.0s

running (0m07.9s), 015/800 VUs, 33879 complete and 0 interrupted iterations
pool_saturation_recovery   [   2% ] 015/800 VUs  0m07.9s/6m00.0s

running (0m08.9s), 015/800 VUs, 38569 complete and 0 interrupted iterations
pool_saturation_recovery   [   2% ] 015/800 VUs  0m08.9s/6m00.0s

running (0m09.9s), 016/800 VUs, 42863 complete and 0 interrupted iterations
pool_saturation_recovery   [   3% ] 016/800 VUs  0m09.9s/6m00.0s

running (0m10.9s), 017/800 VUs, 47926 complete and 0 interrupted iterations
pool_saturation_recovery   [   3% ] 017/800 VUs  0m10.9s/6m00.0s

running (0m11.9s), 017/800 VUs, 52557 complete and 0 interrupted iterations
pool_saturation_recovery   [   3% ] 017/800 VUs  0m11.9s/6m00.0s

running (0m12.9s), 018/800 VUs, 57616 complete and 0 interrupted iterations
pool_saturation_recovery   [   4% ] 018/800 VUs  0m12.9s/6m00.0s

running (0m13.9s), 019/800 VUs, 62505 complete and 0 interrupted iterations
pool_saturation_recovery   [   4% ] 019/800 VUs  0m13.9s/6m00.0s

running (0m14.9s), 019/800 VUs, 67014 complete and 0 interrupted iterations
pool_saturation_recovery   [   4% ] 019/800 VUs  0m14.9s/6m00.0s

running (0m15.9s), 020/800 VUs, 72515 complete and 0 interrupted iterations
pool_saturation_recovery   [   4% ] 020/800 VUs  0m15.9s/6m00.0s

running (0m16.9s), 021/800 VUs, 77992 complete and 0 interrupted iterations
pool_saturation_recovery   [   5% ] 021/800 VUs  0m16.9s/6m00.0s

running (0m17.9s), 021/800 VUs, 83454 complete and 0 interrupted iterations
pool_saturation_recovery   [   5% ] 021/800 VUs  0m17.9s/6m00.0s

running (0m18.9s), 022/800 VUs, 88474 complete and 0 interrupted iterations
pool_saturation_recovery   [   5% ] 022/800 VUs  0m18.9s/6m00.0s

running (0m19.9s), 023/800 VUs, 93733 complete and 0 interrupted iterations
pool_saturation_recovery   [   6% ] 023/800 VUs  0m19.9s/6m00.0s

running (0m20.9s), 023/800 VUs, 98902 complete and 0 interrupted iterations
pool_saturation_recovery   [   6% ] 023/800 VUs  0m20.9s/6m00.0s

running (0m21.9s), 024/800 VUs, 104638 complete and 0 interrupted iterations
pool_saturation_recovery   [   6% ] 024/800 VUs  0m21.9s/6m00.0s

running (0m22.9s), 025/800 VUs, 109962 complete and 0 interrupted iterations
pool_saturation_recovery   [   6% ] 025/800 VUs  0m22.9s/6m00.0s

running (0m23.9s), 025/800 VUs, 115201 complete and 0 interrupted iterations
pool_saturation_recovery   [   7% ] 025/800 VUs  0m23.9s/6m00.0s

running (0m24.9s), 026/800 VUs, 120318 complete and 0 interrupted iterations
pool_saturation_recovery   [   7% ] 026/800 VUs  0m24.9s/6m00.0s

running (0m25.9s), 027/800 VUs, 125577 complete and 0 interrupted iterations
pool_saturation_recovery   [   7% ] 027/800 VUs  0m25.9s/6m00.0s

running (0m26.9s), 027/800 VUs, 130978 complete and 0 interrupted iterations
pool_saturation_recovery   [   7% ] 027/800 VUs  0m26.9s/6m00.0s

running (0m27.9s), 028/800 VUs, 136635 complete and 0 interrupted iterations
pool_saturation_recovery   [   8% ] 028/800 VUs  0m27.9s/6m00.0s

running (0m28.9s), 029/800 VUs, 142138 complete and 0 interrupted iterations
pool_saturation_recovery   [   8% ] 029/800 VUs  0m28.9s/6m00.0s

running (0m29.9s), 029/800 VUs, 147675 complete and 0 interrupted iterations
pool_saturation_recovery   [   8% ] 029/800 VUs  0m29.9s/6m00.0s

running (0m30.9s), 030/800 VUs, 153328 complete and 0 interrupted iterations
pool_saturation_recovery   [   9% ] 030/800 VUs  0m30.9s/6m00.0s

running (0m31.9s), 031/800 VUs, 158718 complete and 0 interrupted iterations
pool_saturation_recovery   [   9% ] 031/800 VUs  0m31.9s/6m00.0s

running (0m32.9s), 031/800 VUs, 164026 complete and 0 interrupted iterations
pool_saturation_recovery   [   9% ] 031/800 VUs  0m32.9s/6m00.0s

running (0m33.9s), 032/800 VUs, 168547 complete and 0 interrupted iterations
pool_saturation_recovery   [   9% ] 032/800 VUs  0m33.9s/6m00.0s

running (0m34.9s), 033/800 VUs, 172940 complete and 0 interrupted iterations
pool_saturation_recovery   [  10% ] 033/800 VUs  0m34.9s/6m00.0s

running (0m35.9s), 033/800 VUs, 177790 complete and 0 interrupted iterations
pool_saturation_recovery   [  10% ] 033/800 VUs  0m35.9s/6m00.0s

running (0m36.9s), 034/800 VUs, 182181 complete and 0 interrupted iterations
pool_saturation_recovery   [  10% ] 034/800 VUs  0m36.9s/6m00.0s

running (0m37.9s), 035/800 VUs, 186846 complete and 0 interrupted iterations
pool_saturation_recovery   [  11% ] 035/800 VUs  0m37.9s/6m00.0s

running (0m38.9s), 035/800 VUs, 191565 complete and 0 interrupted iterations
pool_saturation_recovery   [  11% ] 035/800 VUs  0m38.9s/6m00.0s

running (0m39.9s), 036/800 VUs, 196420 complete and 0 interrupted iterations
pool_saturation_recovery   [  11% ] 036/800 VUs  0m39.9s/6m00.0s

running (0m40.9s), 037/800 VUs, 201664 complete and 0 interrupted iterations
pool_saturation_recovery   [  11% ] 037/800 VUs  0m40.9s/6m00.0s

running (0m41.9s), 037/800 VUs, 206207 complete and 0 interrupted iterations
pool_saturation_recovery   [  12% ] 037/800 VUs  0m41.9s/6m00.0s

running (0m42.9s), 038/800 VUs, 211067 complete and 0 interrupted iterations
pool_saturation_recovery   [  12% ] 038/800 VUs  0m42.9s/6m00.0s

running (0m43.9s), 039/800 VUs, 216460 complete and 0 interrupted iterations
pool_saturation_recovery   [  12% ] 039/800 VUs  0m43.9s/6m00.0s

running (0m44.9s), 039/800 VUs, 221581 complete and 0 interrupted iterations
pool_saturation_recovery   [  12% ] 039/800 VUs  0m44.9s/6m00.0s

running (0m45.9s), 040/800 VUs, 226663 complete and 0 interrupted iterations
pool_saturation_recovery   [  13% ] 040/800 VUs  0m45.9s/6m00.0s

running (0m46.9s), 041/800 VUs, 232251 complete and 0 interrupted iterations
pool_saturation_recovery   [  13% ] 041/800 VUs  0m46.9s/6m00.0s

running (0m47.9s), 041/800 VUs, 237369 complete and 0 interrupted iterations
pool_saturation_recovery   [  13% ] 041/800 VUs  0m47.9s/6m00.0s

running (0m48.9s), 042/800 VUs, 242905 complete and 0 interrupted iterations
pool_saturation_recovery   [  14% ] 042/800 VUs  0m48.9s/6m00.0s

running (0m49.9s), 043/800 VUs, 248377 complete and 0 interrupted iterations
pool_saturation_recovery   [  14% ] 043/800 VUs  0m49.9s/6m00.0s

running (0m50.9s), 043/800 VUs, 253408 complete and 0 interrupted iterations
pool_saturation_recovery   [  14% ] 043/800 VUs  0m50.9s/6m00.0s

running (0m51.9s), 044/800 VUs, 258882 complete and 0 interrupted iterations
pool_saturation_recovery   [  14% ] 044/800 VUs  0m51.9s/6m00.0s

running (0m52.9s), 045/800 VUs, 264376 complete and 0 interrupted iterations
pool_saturation_recovery   [  15% ] 045/800 VUs  0m52.9s/6m00.0s

running (0m53.9s), 045/800 VUs, 269549 complete and 0 interrupted iterations
pool_saturation_recovery   [  15% ] 045/800 VUs  0m53.9s/6m00.0s

running (0m54.9s), 046/800 VUs, 275241 complete and 0 interrupted iterations
pool_saturation_recovery   [  15% ] 046/800 VUs  0m54.9s/6m00.0s

running (0m55.9s), 047/800 VUs, 280616 complete and 0 interrupted iterations
pool_saturation_recovery   [  16% ] 047/800 VUs  0m55.9s/6m00.0s

running (0m56.9s), 047/800 VUs, 286339 complete and 0 interrupted iterations
pool_saturation_recovery   [  16% ] 047/800 VUs  0m56.9s/6m00.0s

running (0m57.9s), 048/800 VUs, 292103 complete and 0 interrupted iterations
pool_saturation_recovery   [  16% ] 048/800 VUs  0m57.9s/6m00.0s

running (0m58.9s), 049/800 VUs, 298003 complete and 0 interrupted iterations
pool_saturation_recovery   [  16% ] 049/800 VUs  0m58.9s/6m00.0s

running (0m59.9s), 049/800 VUs, 303334 complete and 0 interrupted iterations
pool_saturation_recovery   [  17% ] 049/800 VUs  0m59.9s/6m00.0s

running (1m00.9s), 050/800 VUs, 308792 complete and 0 interrupted iterations
pool_saturation_recovery   [  17% ] 050/800 VUs  1m00.9s/6m00.0s

running (1m01.9s), 051/800 VUs, 314208 complete and 0 interrupted iterations
pool_saturation_recovery   [  17% ] 051/800 VUs  1m01.9s/6m00.0s

running (1m02.9s), 052/800 VUs, 320032 complete and 0 interrupted iterations
pool_saturation_recovery   [  17% ] 052/800 VUs  1m02.9s/6m00.0s

running (1m03.9s), 053/800 VUs, 325146 complete and 0 interrupted iterations
pool_saturation_recovery   [  18% ] 053/800 VUs  1m03.9s/6m00.0s

running (1m04.9s), 054/800 VUs, 330579 complete and 0 interrupted iterations
pool_saturation_recovery   [  18% ] 054/800 VUs  1m04.9s/6m00.0s

running (1m05.9s), 054/800 VUs, 335040 complete and 0 interrupted iterations
pool_saturation_recovery   [  18% ] 054/800 VUs  1m05.9s/6m00.0s

running (1m06.9s), 055/800 VUs, 340151 complete and 0 interrupted iterations
pool_saturation_recovery   [  19% ] 055/800 VUs  1m06.9s/6m00.0s

running (1m07.9s), 056/800 VUs, 346121 complete and 0 interrupted iterations
pool_saturation_recovery   [  19% ] 056/800 VUs  1m07.9s/6m00.0s

running (1m08.9s), 057/800 VUs, 352222 complete and 0 interrupted iterations
pool_saturation_recovery   [  19% ] 057/800 VUs  1m08.9s/6m00.0s

running (1m09.9s), 058/800 VUs, 357024 complete and 0 interrupted iterations
pool_saturation_recovery   [  19% ] 058/800 VUs  1m09.9s/6m00.0s

running (1m10.9s), 059/800 VUs, 362377 complete and 0 interrupted iterations
pool_saturation_recovery   [  20% ] 059/800 VUs  1m10.9s/6m00.0s

running (1m11.9s), 059/800 VUs, 367561 complete and 0 interrupted iterations
pool_saturation_recovery   [  20% ] 059/800 VUs  1m11.9s/6m00.0s

running (1m12.9s), 060/800 VUs, 373692 complete and 0 interrupted iterations
pool_saturation_recovery   [  20% ] 060/800 VUs  1m12.9s/6m00.0s

running (1m13.9s), 061/800 VUs, 379750 complete and 0 interrupted iterations
pool_saturation_recovery   [  21% ] 061/800 VUs  1m13.9s/6m00.0s

running (1m14.9s), 062/800 VUs, 385798 complete and 0 interrupted iterations
pool_saturation_recovery   [  21% ] 062/800 VUs  1m14.9s/6m00.0s

running (1m15.9s), 063/800 VUs, 391985 complete and 0 interrupted iterations
pool_saturation_recovery   [  21% ] 063/800 VUs  1m15.9s/6m00.0s

running (1m16.9s), 064/800 VUs, 397873 complete and 0 interrupted iterations
pool_saturation_recovery   [  21% ] 064/800 VUs  1m16.9s/6m00.0s

running (1m17.9s), 064/800 VUs, 403725 complete and 0 interrupted iterations
pool_saturation_recovery   [  22% ] 064/800 VUs  1m17.9s/6m00.0s

running (1m18.9s), 065/800 VUs, 409530 complete and 0 interrupted iterations
pool_saturation_recovery   [  22% ] 065/800 VUs  1m18.9s/6m00.0s

running (1m19.9s), 066/800 VUs, 415513 complete and 0 interrupted iterations
pool_saturation_recovery   [  22% ] 066/800 VUs  1m19.9s/6m00.0s

running (1m20.9s), 067/800 VUs, 420932 complete and 0 interrupted iterations
pool_saturation_recovery   [  22% ] 067/800 VUs  1m20.9s/6m00.0s

running (1m21.9s), 068/800 VUs, 427113 complete and 0 interrupted iterations
pool_saturation_recovery   [  23% ] 068/800 VUs  1m21.9s/6m00.0s

running (1m22.9s), 069/800 VUs, 432754 complete and 0 interrupted iterations
pool_saturation_recovery   [  23% ] 069/800 VUs  1m22.9s/6m00.0s

running (1m23.9s), 069/800 VUs, 438786 complete and 0 interrupted iterations
pool_saturation_recovery   [  23% ] 069/800 VUs  1m23.9s/6m00.0s

running (1m24.9s), 070/800 VUs, 444941 complete and 0 interrupted iterations
pool_saturation_recovery   [  24% ] 070/800 VUs  1m24.9s/6m00.0s

running (1m25.9s), 071/800 VUs, 450976 complete and 0 interrupted iterations
pool_saturation_recovery   [  24% ] 071/800 VUs  1m25.9s/6m00.0s

running (1m26.9s), 072/800 VUs, 456799 complete and 0 interrupted iterations
pool_saturation_recovery   [  24% ] 072/800 VUs  1m26.9s/6m00.0s

running (1m27.9s), 073/800 VUs, 462552 complete and 0 interrupted iterations
pool_saturation_recovery   [  24% ] 073/800 VUs  1m27.9s/6m00.0s

running (1m28.9s), 074/800 VUs, 468535 complete and 0 interrupted iterations
pool_saturation_recovery   [  25% ] 074/800 VUs  1m28.9s/6m00.0s

running (1m29.9s), 074/800 VUs, 474404 complete and 0 interrupted iterations
pool_saturation_recovery   [  25% ] 074/800 VUs  1m29.9s/6m00.0s

running (1m30.9s), 075/800 VUs, 480624 complete and 0 interrupted iterations
pool_saturation_recovery   [  25% ] 075/800 VUs  1m30.9s/6m00.0s

running (1m31.9s), 076/800 VUs, 486591 complete and 0 interrupted iterations
pool_saturation_recovery   [  26% ] 076/800 VUs  1m31.9s/6m00.0s

running (1m32.9s), 077/800 VUs, 492515 complete and 0 interrupted iterations
pool_saturation_recovery   [  26% ] 077/800 VUs  1m32.9s/6m00.0s

running (1m33.9s), 078/800 VUs, 497991 complete and 0 interrupted iterations
pool_saturation_recovery   [  26% ] 078/800 VUs  1m33.9s/6m00.0s

running (1m34.9s), 079/800 VUs, 504359 complete and 0 interrupted iterations
pool_saturation_recovery   [  26% ] 079/800 VUs  1m34.9s/6m00.0s

running (1m35.9s), 079/800 VUs, 510529 complete and 0 interrupted iterations
pool_saturation_recovery   [  27% ] 079/800 VUs  1m35.9s/6m00.0s

running (1m36.9s), 080/800 VUs, 516418 complete and 0 interrupted iterations
pool_saturation_recovery   [  27% ] 080/800 VUs  1m36.9s/6m00.0s

running (1m37.9s), 081/800 VUs, 522487 complete and 0 interrupted iterations
pool_saturation_recovery   [  27% ] 081/800 VUs  1m37.9s/6m00.0s

running (1m38.9s), 082/800 VUs, 528369 complete and 0 interrupted iterations
pool_saturation_recovery   [  27% ] 082/800 VUs  1m38.9s/6m00.0s

running (1m39.9s), 083/800 VUs, 534375 complete and 0 interrupted iterations
pool_saturation_recovery   [  28% ] 083/800 VUs  1m39.9s/6m00.0s

running (1m40.9s), 084/800 VUs, 540264 complete and 0 interrupted iterations
pool_saturation_recovery   [  28% ] 084/800 VUs  1m40.9s/6m00.0s

running (1m41.9s), 084/800 VUs, 546142 complete and 0 interrupted iterations
pool_saturation_recovery   [  28% ] 084/800 VUs  1m41.9s/6m00.0s

running (1m42.9s), 085/800 VUs, 550070 complete and 0 interrupted iterations
pool_saturation_recovery   [  29% ] 085/800 VUs  1m42.9s/6m00.0s

running (1m43.9s), 086/800 VUs, 554806 complete and 0 interrupted iterations
pool_saturation_recovery   [  29% ] 086/800 VUs  1m43.9s/6m00.0s

running (1m44.9s), 087/800 VUs, 560725 complete and 0 interrupted iterations
pool_saturation_recovery   [  29% ] 087/800 VUs  1m44.9s/6m00.0s

running (1m45.9s), 088/800 VUs, 566499 complete and 0 interrupted iterations
pool_saturation_recovery   [  29% ] 088/800 VUs  1m45.9s/6m00.0s

running (1m46.9s), 089/800 VUs, 572389 complete and 0 interrupted iterations
pool_saturation_recovery   [  30% ] 089/800 VUs  1m46.9s/6m00.0s

running (1m47.9s), 089/800 VUs, 577782 complete and 0 interrupted iterations
pool_saturation_recovery   [  30% ] 089/800 VUs  1m47.9s/6m00.0s

running (1m48.9s), 090/800 VUs, 583281 complete and 0 interrupted iterations
pool_saturation_recovery   [  30% ] 090/800 VUs  1m48.9s/6m00.0s

running (1m49.9s), 091/800 VUs, 588555 complete and 0 interrupted iterations
pool_saturation_recovery   [  31% ] 091/800 VUs  1m49.9s/6m00.0s

running (1m50.9s), 092/800 VUs, 594392 complete and 0 interrupted iterations
pool_saturation_recovery   [  31% ] 092/800 VUs  1m50.9s/6m00.0s

running (1m51.9s), 093/800 VUs, 600231 complete and 0 interrupted iterations
pool_saturation_recovery   [  31% ] 093/800 VUs  1m51.9s/6m00.0s

running (1m52.9s), 094/800 VUs, 605588 complete and 0 interrupted iterations
pool_saturation_recovery   [  31% ] 094/800 VUs  1m52.9s/6m00.0s

running (1m53.9s), 094/800 VUs, 610916 complete and 0 interrupted iterations
pool_saturation_recovery   [  32% ] 094/800 VUs  1m53.9s/6m00.0s

running (1m54.9s), 095/800 VUs, 616308 complete and 0 interrupted iterations
pool_saturation_recovery   [  32% ] 095/800 VUs  1m54.9s/6m00.0s

running (1m55.9s), 096/800 VUs, 621903 complete and 0 interrupted iterations
pool_saturation_recovery   [  32% ] 096/800 VUs  1m55.9s/6m00.0s

running (1m56.9s), 097/800 VUs, 627589 complete and 0 interrupted iterations
pool_saturation_recovery   [  32% ] 097/800 VUs  1m56.9s/6m00.0s

running (1m57.9s), 098/800 VUs, 633019 complete and 0 interrupted iterations
pool_saturation_recovery   [  33% ] 098/800 VUs  1m57.9s/6m00.0s

running (1m58.9s), 099/800 VUs, 638662 complete and 0 interrupted iterations
pool_saturation_recovery   [  33% ] 099/800 VUs  1m58.9s/6m00.0s

running (1m59.9s), 099/800 VUs, 643951 complete and 0 interrupted iterations
pool_saturation_recovery   [  33% ] 099/800 VUs  1m59.9s/6m00.0s

running (2m00.9s), 101/800 VUs, 649606 complete and 0 interrupted iterations
pool_saturation_recovery   [  34% ] 101/800 VUs  2m00.9s/6m00.0s

running (2m01.9s), 103/800 VUs, 654850 complete and 0 interrupted iterations
pool_saturation_recovery   [  34% ] 103/800 VUs  2m01.9s/6m00.0s

running (2m02.9s), 104/800 VUs, 660127 complete and 0 interrupted iterations
pool_saturation_recovery   [  34% ] 104/800 VUs  2m02.9s/6m00.0s

running (2m03.9s), 106/800 VUs, 665931 complete and 0 interrupted iterations
pool_saturation_recovery   [  34% ] 106/800 VUs  2m03.9s/6m00.0s

running (2m04.9s), 108/800 VUs, 671773 complete and 0 interrupted iterations
pool_saturation_recovery   [  35% ] 108/800 VUs  2m04.9s/6m00.0s

running (2m05.9s), 109/800 VUs, 677295 complete and 0 interrupted iterations
pool_saturation_recovery   [  35% ] 109/800 VUs  2m05.9s/6m00.0s

running (2m06.9s), 111/800 VUs, 682859 complete and 0 interrupted iterations
pool_saturation_recovery   [  35% ] 111/800 VUs  2m06.9s/6m00.0s

running (2m07.9s), 113/800 VUs, 688644 complete and 0 interrupted iterations
pool_saturation_recovery   [  36% ] 113/800 VUs  2m07.9s/6m00.0s

running (2m08.9s), 114/800 VUs, 694365 complete and 0 interrupted iterations
pool_saturation_recovery   [  36% ] 114/800 VUs  2m08.9s/6m00.0s

running (2m09.9s), 116/800 VUs, 700036 complete and 0 interrupted iterations
pool_saturation_recovery   [  36% ] 116/800 VUs  2m09.9s/6m00.0s

running (2m10.9s), 118/800 VUs, 705498 complete and 0 interrupted iterations
pool_saturation_recovery   [  36% ] 118/800 VUs  2m10.9s/6m00.0s

running (2m11.9s), 119/800 VUs, 710816 complete and 0 interrupted iterations
pool_saturation_recovery   [  37% ] 119/800 VUs  2m11.9s/6m00.0s

running (2m12.9s), 121/800 VUs, 716295 complete and 0 interrupted iterations
pool_saturation_recovery   [  37% ] 121/800 VUs  2m12.9s/6m00.0s

running (2m13.9s), 123/800 VUs, 721695 complete and 0 interrupted iterations
pool_saturation_recovery   [  37% ] 123/800 VUs  2m13.9s/6m00.0s

running (2m14.9s), 124/800 VUs, 727152 complete and 0 interrupted iterations
pool_saturation_recovery   [  37% ] 124/800 VUs  2m14.9s/6m00.0s

running (2m15.9s), 126/800 VUs, 732318 complete and 0 interrupted iterations
pool_saturation_recovery   [  38% ] 126/800 VUs  2m15.9s/6m00.0s

running (2m16.9s), 128/800 VUs, 737923 complete and 0 interrupted iterations
pool_saturation_recovery   [  38% ] 128/800 VUs  2m16.9s/6m00.0s

running (2m17.9s), 129/800 VUs, 743235 complete and 0 interrupted iterations
pool_saturation_recovery   [  38% ] 129/800 VUs  2m17.9s/6m00.0s

running (2m18.9s), 131/800 VUs, 748981 complete and 0 interrupted iterations
pool_saturation_recovery   [  39% ] 131/800 VUs  2m18.9s/6m00.0s

running (2m19.9s), 133/800 VUs, 754942 complete and 0 interrupted iterations
pool_saturation_recovery   [  39% ] 133/800 VUs  2m19.9s/6m00.0s

running (2m20.9s), 134/800 VUs, 760747 complete and 0 interrupted iterations
pool_saturation_recovery   [  39% ] 134/800 VUs  2m20.9s/6m00.0s

running (2m21.9s), 136/800 VUs, 766702 complete and 0 interrupted iterations
pool_saturation_recovery   [  39% ] 136/800 VUs  2m21.9s/6m00.0s

running (2m22.9s), 138/800 VUs, 772606 complete and 0 interrupted iterations
pool_saturation_recovery   [  40% ] 138/800 VUs  2m22.9s/6m00.0s

running (2m23.9s), 139/800 VUs, 778626 complete and 0 interrupted iterations
pool_saturation_recovery   [  40% ] 139/800 VUs  2m23.9s/6m00.0s

running (2m24.9s), 141/800 VUs, 784738 complete and 0 interrupted iterations
pool_saturation_recovery   [  40% ] 141/800 VUs  2m24.9s/6m00.0s

running (2m25.9s), 143/800 VUs, 790126 complete and 0 interrupted iterations
pool_saturation_recovery   [  41% ] 143/800 VUs  2m25.9s/6m00.0s

running (2m26.9s), 144/800 VUs, 796053 complete and 0 interrupted iterations
pool_saturation_recovery   [  41% ] 144/800 VUs  2m26.9s/6m00.0s

running (2m27.9s), 146/800 VUs, 801814 complete and 0 interrupted iterations
pool_saturation_recovery   [  41% ] 146/800 VUs  2m27.9s/6m00.0s

running (2m28.9s), 148/800 VUs, 807533 complete and 0 interrupted iterations
pool_saturation_recovery   [  41% ] 148/800 VUs  2m28.9s/6m00.0s

running (2m29.9s), 149/800 VUs, 813365 complete and 0 interrupted iterations
pool_saturation_recovery   [  42% ] 149/800 VUs  2m29.9s/6m00.0s

running (2m30.9s), 151/800 VUs, 819334 complete and 0 interrupted iterations
pool_saturation_recovery   [  42% ] 151/800 VUs  2m30.9s/6m00.0s

running (2m31.9s), 153/800 VUs, 824597 complete and 0 interrupted iterations
pool_saturation_recovery   [  42% ] 153/800 VUs  2m31.9s/6m00.0s

running (2m32.9s), 154/800 VUs, 830807 complete and 0 interrupted iterations
pool_saturation_recovery   [  42% ] 154/800 VUs  2m32.9s/6m00.0s

running (2m33.9s), 156/800 VUs, 837031 complete and 0 interrupted iterations
pool_saturation_recovery   [  43% ] 156/800 VUs  2m33.9s/6m00.0s

running (2m34.9s), 158/800 VUs, 843484 complete and 0 interrupted iterations
pool_saturation_recovery   [  43% ] 158/800 VUs  2m34.9s/6m00.0s

running (2m35.9s), 159/800 VUs, 849783 complete and 0 interrupted iterations
pool_saturation_recovery   [  43% ] 159/800 VUs  2m35.9s/6m00.0s

running (2m36.9s), 161/800 VUs, 855875 complete and 0 interrupted iterations
pool_saturation_recovery   [  44% ] 161/800 VUs  2m36.9s/6m00.0s

running (2m37.9s), 163/800 VUs, 861661 complete and 0 interrupted iterations
pool_saturation_recovery   [  44% ] 163/800 VUs  2m37.9s/6m00.0s

running (2m38.9s), 164/800 VUs, 867740 complete and 0 interrupted iterations
pool_saturation_recovery   [  44% ] 164/800 VUs  2m38.9s/6m00.0s

running (2m39.9s), 166/800 VUs, 873787 complete and 0 interrupted iterations
pool_saturation_recovery   [  44% ] 166/800 VUs  2m39.9s/6m00.0s

running (2m40.9s), 168/800 VUs, 879043 complete and 0 interrupted iterations
pool_saturation_recovery   [  45% ] 168/800 VUs  2m40.9s/6m00.0s

running (2m41.9s), 169/800 VUs, 884325 complete and 0 interrupted iterations
pool_saturation_recovery   [  45% ] 169/800 VUs  2m41.9s/6m00.0s

running (2m42.9s), 171/800 VUs, 889422 complete and 0 interrupted iterations
pool_saturation_recovery   [  45% ] 171/800 VUs  2m42.9s/6m00.0s

running (2m43.9s), 173/800 VUs, 894727 complete and 0 interrupted iterations
pool_saturation_recovery   [  46% ] 173/800 VUs  2m43.9s/6m00.0s

running (2m44.9s), 174/800 VUs, 900163 complete and 0 interrupted iterations
pool_saturation_recovery   [  46% ] 174/800 VUs  2m44.9s/6m00.0s

running (2m45.9s), 176/800 VUs, 905745 complete and 0 interrupted iterations
pool_saturation_recovery   [  46% ] 176/800 VUs  2m45.9s/6m00.0s

running (2m46.9s), 178/800 VUs, 911752 complete and 0 interrupted iterations
pool_saturation_recovery   [  46% ] 178/800 VUs  2m46.9s/6m00.0s

running (2m47.9s), 179/800 VUs, 917112 complete and 0 interrupted iterations
pool_saturation_recovery   [  47% ] 179/800 VUs  2m47.9s/6m00.0s

running (2m48.9s), 181/800 VUs, 922890 complete and 0 interrupted iterations
pool_saturation_recovery   [  47% ] 181/800 VUs  2m48.9s/6m00.0s

running (2m49.9s), 183/800 VUs, 928144 complete and 0 interrupted iterations
pool_saturation_recovery   [  47% ] 183/800 VUs  2m49.9s/6m00.0s

running (2m50.9s), 184/800 VUs, 932211 complete and 0 interrupted iterations
pool_saturation_recovery   [  47% ] 184/800 VUs  2m50.9s/6m00.0s

running (2m51.9s), 186/800 VUs, 937522 complete and 0 interrupted iterations
pool_saturation_recovery   [  48% ] 186/800 VUs  2m51.9s/6m00.0s

running (2m52.9s), 188/800 VUs, 943248 complete and 0 interrupted iterations
pool_saturation_recovery   [  48% ] 188/800 VUs  2m52.9s/6m00.0s

running (2m53.9s), 189/800 VUs, 948003 complete and 0 interrupted iterations
pool_saturation_recovery   [  48% ] 189/800 VUs  2m53.9s/6m00.0s

running (2m54.9s), 191/800 VUs, 953296 complete and 0 interrupted iterations
pool_saturation_recovery   [  49% ] 191/800 VUs  2m54.9s/6m00.0s

running (2m55.9s), 193/800 VUs, 959243 complete and 0 interrupted iterations
pool_saturation_recovery   [  49% ] 193/800 VUs  2m55.9s/6m00.0s

running (2m56.9s), 194/800 VUs, 965118 complete and 0 interrupted iterations
pool_saturation_recovery   [  49% ] 194/800 VUs  2m56.9s/6m00.0s

running (2m57.9s), 196/800 VUs, 970371 complete and 0 interrupted iterations
pool_saturation_recovery   [  49% ] 196/800 VUs  2m57.9s/6m00.0s

running (2m58.9s), 198/800 VUs, 976304 complete and 0 interrupted iterations
pool_saturation_recovery   [  50% ] 198/800 VUs  2m58.9s/6m00.0s

running (2m59.9s), 199/800 VUs, 982379 complete and 0 interrupted iterations
pool_saturation_recovery   [  50% ] 199/800 VUs  2m59.9s/6m00.0s

running (3m00.9s), 203/800 VUs, 987946 complete and 0 interrupted iterations
pool_saturation_recovery   [  50% ] 203/800 VUs  3m00.9s/6m00.0s

running (3m01.9s), 206/800 VUs, 993487 complete and 0 interrupted iterations
pool_saturation_recovery   [  51% ] 206/800 VUs  3m01.9s/6m00.0s

running (3m02.9s), 209/800 VUs, 998877 complete and 0 interrupted iterations
pool_saturation_recovery   [  51% ] 209/800 VUs  3m02.9s/6m00.0s

running (3m03.9s), 213/800 VUs, 1004448 complete and 0 interrupted iterations
pool_saturation_recovery   [  51% ] 213/800 VUs  3m03.9s/6m00.0s

running (3m04.9s), 216/800 VUs, 1010465 complete and 0 interrupted iterations
pool_saturation_recovery   [  51% ] 216/800 VUs  3m04.9s/6m00.0s

running (3m05.9s), 219/800 VUs, 1016574 complete and 0 interrupted iterations
pool_saturation_recovery   [  52% ] 219/800 VUs  3m05.9s/6m00.0s

running (3m06.9s), 223/800 VUs, 1022510 complete and 0 interrupted iterations
pool_saturation_recovery   [  52% ] 223/800 VUs  3m06.9s/6m00.0s

running (3m07.9s), 226/800 VUs, 1028226 complete and 0 interrupted iterations
pool_saturation_recovery   [  52% ] 226/800 VUs  3m07.9s/6m00.0s

running (3m08.9s), 229/800 VUs, 1034272 complete and 0 interrupted iterations
pool_saturation_recovery   [  52% ] 229/800 VUs  3m08.9s/6m00.0s

running (3m09.9s), 233/800 VUs, 1039590 complete and 0 interrupted iterations
pool_saturation_recovery   [  53% ] 233/800 VUs  3m09.9s/6m00.0s

running (3m10.9s), 236/800 VUs, 1045593 complete and 0 interrupted iterations
pool_saturation_recovery   [  53% ] 236/800 VUs  3m10.9s/6m00.0s

running (3m11.9s), 239/800 VUs, 1051262 complete and 0 interrupted iterations
pool_saturation_recovery   [  53% ] 239/800 VUs  3m11.9s/6m00.0s

running (3m12.9s), 243/800 VUs, 1056678 complete and 0 interrupted iterations
pool_saturation_recovery   [  54% ] 243/800 VUs  3m12.9s/6m00.0s

running (3m13.9s), 246/800 VUs, 1062450 complete and 0 interrupted iterations
pool_saturation_recovery   [  54% ] 246/800 VUs  3m13.9s/6m00.0s

running (3m14.9s), 249/800 VUs, 1068192 complete and 0 interrupted iterations
pool_saturation_recovery   [  54% ] 249/800 VUs  3m14.9s/6m00.0s

running (3m15.9s), 253/800 VUs, 1073993 complete and 0 interrupted iterations
pool_saturation_recovery   [  54% ] 253/800 VUs  3m15.9s/6m00.0s

running (3m16.9s), 256/800 VUs, 1079444 complete and 0 interrupted iterations
pool_saturation_recovery   [  55% ] 256/800 VUs  3m16.9s/6m00.0s

running (3m17.9s), 259/800 VUs, 1084911 complete and 0 interrupted iterations
pool_saturation_recovery   [  55% ] 259/800 VUs  3m17.9s/6m00.0s

running (3m18.9s), 263/800 VUs, 1090074 complete and 0 interrupted iterations
pool_saturation_recovery   [  55% ] 263/800 VUs  3m18.9s/6m00.0s

running (3m19.9s), 266/800 VUs, 1094909 complete and 0 interrupted iterations
pool_saturation_recovery   [  56% ] 266/800 VUs  3m19.9s/6m00.0s

running (3m20.9s), 269/800 VUs, 1100117 complete and 0 interrupted iterations
pool_saturation_recovery   [  56% ] 269/800 VUs  3m20.9s/6m00.0s

running (3m21.9s), 273/800 VUs, 1105721 complete and 0 interrupted iterations
pool_saturation_recovery   [  56% ] 273/800 VUs  3m21.9s/6m00.0s

running (3m22.9s), 276/800 VUs, 1111539 complete and 0 interrupted iterations
pool_saturation_recovery   [  56% ] 276/800 VUs  3m22.9s/6m00.0s

running (3m23.9s), 279/800 VUs, 1117179 complete and 0 interrupted iterations
pool_saturation_recovery   [  57% ] 279/800 VUs  3m23.9s/6m00.0s

running (3m24.9s), 283/800 VUs, 1122466 complete and 0 interrupted iterations
pool_saturation_recovery   [  57% ] 283/800 VUs  3m24.9s/6m00.0s

running (3m25.9s), 286/800 VUs, 1128081 complete and 0 interrupted iterations
pool_saturation_recovery   [  57% ] 286/800 VUs  3m25.9s/6m00.0s

running (3m26.9s), 289/800 VUs, 1133714 complete and 0 interrupted iterations
pool_saturation_recovery   [  57% ] 289/800 VUs  3m26.9s/6m00.0s

running (3m27.9s), 293/800 VUs, 1139282 complete and 0 interrupted iterations
pool_saturation_recovery   [  58% ] 293/800 VUs  3m27.9s/6m00.0s

running (3m28.9s), 296/800 VUs, 1144924 complete and 0 interrupted iterations
pool_saturation_recovery   [  58% ] 296/800 VUs  3m28.9s/6m00.0s

running (3m29.9s), 299/800 VUs, 1150733 complete and 0 interrupted iterations
pool_saturation_recovery   [  58% ] 299/800 VUs  3m29.9s/6m00.0s

running (3m30.9s), 303/800 VUs, 1156425 complete and 0 interrupted iterations
pool_saturation_recovery   [  59% ] 303/800 VUs  3m30.9s/6m00.0s

running (3m31.9s), 306/800 VUs, 1161941 complete and 0 interrupted iterations
pool_saturation_recovery   [  59% ] 306/800 VUs  3m31.9s/6m00.0s

running (3m32.9s), 309/800 VUs, 1167737 complete and 0 interrupted iterations
pool_saturation_recovery   [  59% ] 309/800 VUs  3m32.9s/6m00.0s

running (3m33.9s), 313/800 VUs, 1173493 complete and 0 interrupted iterations
pool_saturation_recovery   [  59% ] 313/800 VUs  3m33.9s/6m00.0s

running (3m34.9s), 316/800 VUs, 1179237 complete and 0 interrupted iterations
pool_saturation_recovery   [  60% ] 316/800 VUs  3m34.9s/6m00.0s

running (3m35.9s), 319/800 VUs, 1184248 complete and 0 interrupted iterations
pool_saturation_recovery   [  60% ] 319/800 VUs  3m35.9s/6m00.0s

running (3m36.9s), 323/800 VUs, 1189430 complete and 0 interrupted iterations
pool_saturation_recovery   [  60% ] 323/800 VUs  3m36.9s/6m00.0s

running (3m37.9s), 326/800 VUs, 1195290 complete and 0 interrupted iterations
pool_saturation_recovery   [  61% ] 326/800 VUs  3m37.9s/6m00.0s

running (3m38.9s), 329/800 VUs, 1201016 complete and 0 interrupted iterations
pool_saturation_recovery   [  61% ] 329/800 VUs  3m38.9s/6m00.0s

running (3m39.9s), 333/800 VUs, 1206798 complete and 0 interrupted iterations
pool_saturation_recovery   [  61% ] 333/800 VUs  3m39.9s/6m00.0s

running (3m40.9s), 336/800 VUs, 1212387 complete and 0 interrupted iterations
pool_saturation_recovery   [  61% ] 336/800 VUs  3m40.9s/6m00.0s

running (3m41.9s), 339/800 VUs, 1218102 complete and 0 interrupted iterations
pool_saturation_recovery   [  62% ] 339/800 VUs  3m41.9s/6m00.0s

running (3m42.9s), 343/800 VUs, 1223974 complete and 0 interrupted iterations
pool_saturation_recovery   [  62% ] 343/800 VUs  3m42.9s/6m00.0s

running (3m43.9s), 346/800 VUs, 1229426 complete and 0 interrupted iterations
pool_saturation_recovery   [  62% ] 346/800 VUs  3m43.9s/6m00.0s

running (3m44.9s), 349/800 VUs, 1235285 complete and 0 interrupted iterations
pool_saturation_recovery   [  62% ] 349/800 VUs  3m44.9s/6m00.0s

running (3m45.9s), 353/800 VUs, 1240716 complete and 0 interrupted iterations
pool_saturation_recovery   [  63% ] 353/800 VUs  3m45.9s/6m00.0s

running (3m46.9s), 356/800 VUs, 1246173 complete and 0 interrupted iterations
pool_saturation_recovery   [  63% ] 356/800 VUs  3m46.9s/6m00.0s

running (3m47.9s), 359/800 VUs, 1252097 complete and 0 interrupted iterations
pool_saturation_recovery   [  63% ] 359/800 VUs  3m47.9s/6m00.0s

running (3m48.9s), 363/800 VUs, 1258107 complete and 0 interrupted iterations
pool_saturation_recovery   [  64% ] 363/800 VUs  3m48.9s/6m00.0s

running (3m49.9s), 366/800 VUs, 1263962 complete and 0 interrupted iterations
pool_saturation_recovery   [  64% ] 366/800 VUs  3m49.9s/6m00.0s

running (3m50.9s), 369/800 VUs, 1269802 complete and 0 interrupted iterations
pool_saturation_recovery   [  64% ] 369/800 VUs  3m50.9s/6m00.0s

running (3m51.9s), 373/800 VUs, 1275343 complete and 0 interrupted iterations
pool_saturation_recovery   [  64% ] 373/800 VUs  3m51.9s/6m00.0s

running (3m52.9s), 376/800 VUs, 1280816 complete and 0 interrupted iterations
pool_saturation_recovery   [  65% ] 376/800 VUs  3m52.9s/6m00.0s

running (3m53.9s), 379/800 VUs, 1285852 complete and 0 interrupted iterations
pool_saturation_recovery   [  65% ] 379/800 VUs  3m53.9s/6m00.0s

running (3m54.9s), 383/800 VUs, 1291778 complete and 0 interrupted iterations
pool_saturation_recovery   [  65% ] 383/800 VUs  3m54.9s/6m00.0s

running (3m55.9s), 386/800 VUs, 1297650 complete and 0 interrupted iterations
pool_saturation_recovery   [  66% ] 386/800 VUs  3m55.9s/6m00.0s

running (3m56.9s), 389/800 VUs, 1303317 complete and 0 interrupted iterations
pool_saturation_recovery   [  66% ] 389/800 VUs  3m56.9s/6m00.0s

running (3m57.9s), 393/800 VUs, 1309189 complete and 0 interrupted iterations
pool_saturation_recovery   [  66% ] 393/800 VUs  3m57.9s/6m00.0s

running (3m58.9s), 396/800 VUs, 1315208 complete and 0 interrupted iterations
pool_saturation_recovery   [  66% ] 396/800 VUs  3m58.9s/6m00.0s

running (3m59.9s), 399/800 VUs, 1321061 complete and 0 interrupted iterations
pool_saturation_recovery   [  67% ] 399/800 VUs  3m59.9s/6m00.0s

running (4m00.9s), 406/800 VUs, 1327033 complete and 0 interrupted iterations
pool_saturation_recovery   [  67% ] 406/800 VUs  4m00.9s/6m00.0s

running (4m01.9s), 412/800 VUs, 1332850 complete and 0 interrupted iterations
pool_saturation_recovery   [  67% ] 412/800 VUs  4m01.9s/6m00.0s

running (4m02.9s), 419/800 VUs, 1338420 complete and 0 interrupted iterations
pool_saturation_recovery   [  67% ] 419/800 VUs  4m02.9s/6m00.0s

running (4m03.9s), 426/800 VUs, 1344305 complete and 0 interrupted iterations
pool_saturation_recovery   [  68% ] 426/800 VUs  4m03.9s/6m00.0s

running (4m04.9s), 432/800 VUs, 1350180 complete and 0 interrupted iterations
pool_saturation_recovery   [  68% ] 432/800 VUs  4m04.9s/6m00.0s

running (4m05.9s), 439/800 VUs, 1355274 complete and 0 interrupted iterations
pool_saturation_recovery   [  68% ] 439/800 VUs  4m05.9s/6m00.0s

running (4m06.9s), 446/800 VUs, 1361113 complete and 0 interrupted iterations
pool_saturation_recovery   [  69% ] 446/800 VUs  4m06.9s/6m00.0s

running (4m07.9s), 452/800 VUs, 1366721 complete and 0 interrupted iterations
pool_saturation_recovery   [  69% ] 452/800 VUs  4m07.9s/6m00.0s

running (4m08.9s), 459/800 VUs, 1372494 complete and 0 interrupted iterations
pool_saturation_recovery   [  69% ] 459/800 VUs  4m08.9s/6m00.0s

running (4m09.9s), 466/800 VUs, 1378311 complete and 0 interrupted iterations
pool_saturation_recovery   [  69% ] 466/800 VUs  4m09.9s/6m00.0s

running (4m10.9s), 472/800 VUs, 1384355 complete and 0 interrupted iterations
pool_saturation_recovery   [  70% ] 472/800 VUs  4m10.9s/6m00.0s

running (4m11.9s), 479/800 VUs, 1389915 complete and 0 interrupted iterations
pool_saturation_recovery   [  70% ] 479/800 VUs  4m11.9s/6m00.0s

running (4m12.9s), 486/800 VUs, 1395282 complete and 0 interrupted iterations
pool_saturation_recovery   [  70% ] 486/800 VUs  4m12.9s/6m00.0s

running (4m13.9s), 492/800 VUs, 1400881 complete and 0 interrupted iterations
pool_saturation_recovery   [  71% ] 492/800 VUs  4m13.9s/6m00.0s

running (4m14.9s), 499/800 VUs, 1406623 complete and 0 interrupted iterations
pool_saturation_recovery   [  71% ] 499/800 VUs  4m14.9s/6m00.0s

running (4m15.9s), 506/800 VUs, 1412619 complete and 0 interrupted iterations
pool_saturation_recovery   [  71% ] 506/800 VUs  4m15.9s/6m00.0s

running (4m16.9s), 512/800 VUs, 1418369 complete and 0 interrupted iterations
pool_saturation_recovery   [  71% ] 512/800 VUs  4m16.9s/6m00.0s

running (4m17.9s), 519/800 VUs, 1424258 complete and 0 interrupted iterations
pool_saturation_recovery   [  72% ] 519/800 VUs  4m17.9s/6m00.0s

running (4m18.9s), 526/800 VUs, 1429696 complete and 0 interrupted iterations
pool_saturation_recovery   [  72% ] 526/800 VUs  4m18.9s/6m00.0s

running (4m19.9s), 532/800 VUs, 1435646 complete and 0 interrupted iterations
pool_saturation_recovery   [  72% ] 532/800 VUs  4m19.9s/6m00.0s

running (4m20.9s), 539/800 VUs, 1441372 complete and 0 interrupted iterations
pool_saturation_recovery   [  72% ] 539/800 VUs  4m20.9s/6m00.0s

running (4m21.9s), 546/800 VUs, 1447261 complete and 0 interrupted iterations
pool_saturation_recovery   [  73% ] 546/800 VUs  4m21.9s/6m00.0s

running (4m22.9s), 552/800 VUs, 1453061 complete and 0 interrupted iterations
pool_saturation_recovery   [  73% ] 552/800 VUs  4m22.9s/6m00.0s

running (4m23.9s), 559/800 VUs, 1458510 complete and 0 interrupted iterations
pool_saturation_recovery   [  73% ] 559/800 VUs  4m23.9s/6m00.0s

running (4m24.9s), 566/800 VUs, 1464242 complete and 0 interrupted iterations
pool_saturation_recovery   [  74% ] 566/800 VUs  4m24.9s/6m00.0s

running (4m25.9s), 572/800 VUs, 1470307 complete and 0 interrupted iterations
pool_saturation_recovery   [  74% ] 572/800 VUs  4m25.9s/6m00.0s

running (4m26.9s), 579/800 VUs, 1476001 complete and 0 interrupted iterations
pool_saturation_recovery   [  74% ] 579/800 VUs  4m26.9s/6m00.0s

running (4m27.9s), 586/800 VUs, 1481914 complete and 0 interrupted iterations
pool_saturation_recovery   [  74% ] 586/800 VUs  4m27.9s/6m00.0s

running (4m28.9s), 592/800 VUs, 1487387 complete and 0 interrupted iterations
pool_saturation_recovery   [  75% ] 592/800 VUs  4m28.9s/6m00.0s

running (4m29.9s), 599/800 VUs, 1493082 complete and 0 interrupted iterations
pool_saturation_recovery   [  75% ] 599/800 VUs  4m29.9s/6m00.0s

running (4m30.9s), 606/800 VUs, 1498685 complete and 0 interrupted iterations
pool_saturation_recovery   [  75% ] 606/800 VUs  4m30.9s/6m00.0s

running (4m31.9s), 612/800 VUs, 1504589 complete and 0 interrupted iterations
pool_saturation_recovery   [  76% ] 612/800 VUs  4m31.9s/6m00.0s

running (4m32.9s), 619/800 VUs, 1510356 complete and 0 interrupted iterations
pool_saturation_recovery   [  76% ] 619/800 VUs  4m32.9s/6m00.0s

running (4m33.9s), 626/800 VUs, 1516279 complete and 0 interrupted iterations
pool_saturation_recovery   [  76% ] 626/800 VUs  4m33.9s/6m00.0s

running (4m34.9s), 632/800 VUs, 1521689 complete and 0 interrupted iterations
pool_saturation_recovery   [  76% ] 632/800 VUs  4m34.9s/6m00.0s

running (4m35.9s), 639/800 VUs, 1527607 complete and 0 interrupted iterations
pool_saturation_recovery   [  77% ] 639/800 VUs  4m35.9s/6m00.0s

running (4m36.9s), 646/800 VUs, 1533443 complete and 0 interrupted iterations
pool_saturation_recovery   [  77% ] 646/800 VUs  4m36.9s/6m00.0s

running (4m37.9s), 652/800 VUs, 1538566 complete and 0 interrupted iterations
pool_saturation_recovery   [  77% ] 652/800 VUs  4m37.9s/6m00.0s

running (4m38.9s), 659/800 VUs, 1544410 complete and 0 interrupted iterations
pool_saturation_recovery   [  77% ] 659/800 VUs  4m38.9s/6m00.0s

running (4m39.9s), 666/800 VUs, 1549720 complete and 0 interrupted iterations
pool_saturation_recovery   [  78% ] 666/800 VUs  4m39.9s/6m00.0s

running (4m40.9s), 672/800 VUs, 1555403 complete and 0 interrupted iterations
pool_saturation_recovery   [  78% ] 672/800 VUs  4m40.9s/6m00.0s

running (4m41.9s), 679/800 VUs, 1560917 complete and 0 interrupted iterations
pool_saturation_recovery   [  78% ] 679/800 VUs  4m41.9s/6m00.0s

running (4m42.9s), 686/800 VUs, 1566648 complete and 0 interrupted iterations
pool_saturation_recovery   [  79% ] 686/800 VUs  4m42.9s/6m00.0s

running (4m43.9s), 692/800 VUs, 1572388 complete and 0 interrupted iterations
pool_saturation_recovery   [  79% ] 692/800 VUs  4m43.9s/6m00.0s

running (4m44.9s), 699/800 VUs, 1577922 complete and 0 interrupted iterations
pool_saturation_recovery   [  79% ] 699/800 VUs  4m44.9s/6m00.0s

running (4m45.9s), 706/800 VUs, 1583540 complete and 0 interrupted iterations
pool_saturation_recovery   [  79% ] 706/800 VUs  4m45.9s/6m00.0s

running (4m46.9s), 712/800 VUs, 1589222 complete and 0 interrupted iterations
pool_saturation_recovery   [  80% ] 712/800 VUs  4m46.9s/6m00.0s

running (4m47.9s), 719/800 VUs, 1595067 complete and 0 interrupted iterations
pool_saturation_recovery   [  80% ] 719/800 VUs  4m47.9s/6m00.0s

running (4m48.9s), 726/800 VUs, 1600800 complete and 0 interrupted iterations
pool_saturation_recovery   [  80% ] 726/800 VUs  4m48.9s/6m00.0s

running (4m49.9s), 732/800 VUs, 1606839 complete and 0 interrupted iterations
pool_saturation_recovery   [  81% ] 732/800 VUs  4m49.9s/6m00.0s

running (4m50.9s), 739/800 VUs, 1612258 complete and 0 interrupted iterations
pool_saturation_recovery   [  81% ] 739/800 VUs  4m50.9s/6m00.0s

running (4m51.9s), 746/800 VUs, 1618113 complete and 0 interrupted iterations
pool_saturation_recovery   [  81% ] 746/800 VUs  4m51.9s/6m00.0s

running (4m52.9s), 752/800 VUs, 1623939 complete and 0 interrupted iterations
pool_saturation_recovery   [  81% ] 752/800 VUs  4m52.9s/6m00.0s

running (4m53.9s), 759/800 VUs, 1629838 complete and 0 interrupted iterations
pool_saturation_recovery   [  82% ] 759/800 VUs  4m53.9s/6m00.0s

running (4m54.9s), 766/800 VUs, 1635558 complete and 0 interrupted iterations
pool_saturation_recovery   [  82% ] 766/800 VUs  4m54.9s/6m00.0s

running (4m55.9s), 772/800 VUs, 1641129 complete and 0 interrupted iterations
pool_saturation_recovery   [  82% ] 772/800 VUs  4m55.9s/6m00.0s

running (4m56.9s), 779/800 VUs, 1646231 complete and 0 interrupted iterations
pool_saturation_recovery   [  82% ] 779/800 VUs  4m56.9s/6m00.0s

running (4m57.9s), 786/800 VUs, 1651398 complete and 0 interrupted iterations
pool_saturation_recovery   [  83% ] 786/800 VUs  4m57.9s/6m00.0s

running (4m58.9s), 792/800 VUs, 1656869 complete and 0 interrupted iterations
pool_saturation_recovery   [  83% ] 792/800 VUs  4m58.9s/6m00.0s

running (4m59.9s), 799/800 VUs, 1662142 complete and 0 interrupted iterations
pool_saturation_recovery   [  83% ] 799/800 VUs  4m59.9s/6m00.0s

running (5m00.9s), 791/800 VUs, 1667473 complete and 0 interrupted iterations
pool_saturation_recovery   [  84% ] 791/800 VUs  5m00.9s/6m00.0s

running (5m01.9s), 777/800 VUs, 1673263 complete and 0 interrupted iterations
pool_saturation_recovery   [  84% ] 777/800 VUs  5m01.9s/6m00.0s

running (5m02.9s), 766/800 VUs, 1679148 complete and 0 interrupted iterations
pool_saturation_recovery   [  84% ] 766/800 VUs  5m02.9s/6m00.0s

running (5m03.9s), 755/800 VUs, 1685124 complete and 0 interrupted iterations
pool_saturation_recovery   [  84% ] 755/800 VUs  5m03.9s/6m00.0s

running (5m04.9s), 743/800 VUs, 1690793 complete and 0 interrupted iterations
pool_saturation_recovery   [  85% ] 743/800 VUs  5m04.9s/6m00.0s

running (5m05.9s), 733/800 VUs, 1696512 complete and 0 interrupted iterations
pool_saturation_recovery   [  85% ] 733/800 VUs  5m05.9s/6m00.0s

running (5m06.9s), 723/800 VUs, 1701927 complete and 0 interrupted iterations
pool_saturation_recovery   [  85% ] 723/800 VUs  5m06.9s/6m00.0s

running (5m07.9s), 714/800 VUs, 1707143 complete and 0 interrupted iterations
pool_saturation_recovery   [  86% ] 714/800 VUs  5m07.9s/6m00.0s

running (5m08.9s), 706/800 VUs, 1713132 complete and 0 interrupted iterations
pool_saturation_recovery   [  86% ] 706/800 VUs  5m08.9s/6m00.0s

running (5m09.9s), 697/800 VUs, 1719032 complete and 0 interrupted iterations
pool_saturation_recovery   [  86% ] 697/800 VUs  5m09.9s/6m00.0s

running (5m10.9s), 685/800 VUs, 1725077 complete and 0 interrupted iterations
pool_saturation_recovery   [  86% ] 685/800 VUs  5m10.9s/6m00.0s

running (5m11.9s), 673/800 VUs, 1730475 complete and 0 interrupted iterations
pool_saturation_recovery   [  87% ] 673/800 VUs  5m11.9s/6m00.0s

running (5m12.9s), 659/800 VUs, 1736219 complete and 0 interrupted iterations
pool_saturation_recovery   [  87% ] 659/800 VUs  5m12.9s/6m00.0s

running (5m13.9s), 643/800 VUs, 1742124 complete and 0 interrupted iterations
pool_saturation_recovery   [  87% ] 643/800 VUs  5m13.9s/6m00.0s

running (5m14.9s), 626/800 VUs, 1747951 complete and 0 interrupted iterations
pool_saturation_recovery   [  87% ] 626/800 VUs  5m14.9s/6m00.0s

running (5m15.9s), 613/800 VUs, 1753895 complete and 0 interrupted iterations
pool_saturation_recovery   [  88% ] 613/800 VUs  5m15.9s/6m00.0s

running (5m16.9s), 599/800 VUs, 1759349 complete and 0 interrupted iterations
pool_saturation_recovery   [  88% ] 599/800 VUs  5m16.9s/6m00.0s

running (5m17.9s), 584/800 VUs, 1765188 complete and 0 interrupted iterations
pool_saturation_recovery   [  88% ] 584/800 VUs  5m17.9s/6m00.0s

running (5m18.9s), 570/800 VUs, 1770955 complete and 0 interrupted iterations
pool_saturation_recovery   [  89% ] 570/800 VUs  5m18.9s/6m00.0s

running (5m19.9s), 558/800 VUs, 1776749 complete and 0 interrupted iterations
pool_saturation_recovery   [  89% ] 558/800 VUs  5m19.9s/6m00.0s

running (5m20.9s), 543/800 VUs, 1782478 complete and 0 interrupted iterations
pool_saturation_recovery   [  89% ] 543/800 VUs  5m20.9s/6m00.0s

running (5m22.0s), 531/800 VUs, 1788478 complete and 0 interrupted iterations
pool_saturation_recovery   [  89% ] 531/800 VUs  5m22.0s/6m00.0s

running (5m22.9s), 517/800 VUs, 1793927 complete and 0 interrupted iterations
pool_saturation_recovery   [  90% ] 517/800 VUs  5m22.9s/6m00.0s

running (5m23.9s), 506/800 VUs, 1799831 complete and 0 interrupted iterations
pool_saturation_recovery   [  90% ] 506/800 VUs  5m23.9s/6m00.0s

running (5m24.9s), 491/800 VUs, 1805467 complete and 0 interrupted iterations
pool_saturation_recovery   [  90% ] 491/800 VUs  5m24.9s/6m00.0s

running (5m25.9s), 478/800 VUs, 1811376 complete and 0 interrupted iterations
pool_saturation_recovery   [  91% ] 478/800 VUs  5m25.9s/6m00.0s

running (5m26.9s), 465/800 VUs, 1817207 complete and 0 interrupted iterations
pool_saturation_recovery   [  91% ] 465/800 VUs  5m26.9s/6m00.0s

running (5m27.9s), 453/800 VUs, 1822676 complete and 0 interrupted iterations
pool_saturation_recovery   [  91% ] 453/800 VUs  5m27.9s/6m00.0s

running (5m28.9s), 440/800 VUs, 1828541 complete and 0 interrupted iterations
pool_saturation_recovery   [  91% ] 440/800 VUs  5m28.9s/6m00.0s

running (5m29.9s), 428/800 VUs, 1834290 complete and 0 interrupted iterations
pool_saturation_recovery   [  92% ] 428/800 VUs  5m29.9s/6m00.0s

running (5m30.9s), 415/800 VUs, 1840165 complete and 0 interrupted iterations
pool_saturation_recovery   [  92% ] 415/800 VUs  5m30.9s/6m00.0s

running (5m31.9s), 403/800 VUs, 1846000 complete and 0 interrupted iterations
pool_saturation_recovery   [  92% ] 403/800 VUs  5m31.9s/6m00.0s

running (5m32.9s), 390/800 VUs, 1851627 complete and 0 interrupted iterations
pool_saturation_recovery   [  92% ] 390/800 VUs  5m32.9s/6m00.0s

running (5m33.9s), 378/800 VUs, 1857381 complete and 0 interrupted iterations
pool_saturation_recovery   [  93% ] 378/800 VUs  5m33.9s/6m00.0s

running (5m34.9s), 365/800 VUs, 1863296 complete and 0 interrupted iterations
pool_saturation_recovery   [  93% ] 365/800 VUs  5m34.9s/6m00.0s

running (5m35.9s), 353/800 VUs, 1868964 complete and 0 interrupted iterations
pool_saturation_recovery   [  93% ] 353/800 VUs  5m35.9s/6m00.0s

running (5m36.9s), 340/800 VUs, 1874746 complete and 0 interrupted iterations
pool_saturation_recovery   [  94% ] 340/800 VUs  5m36.9s/6m00.0s

running (5m37.9s), 327/800 VUs, 1880545 complete and 0 interrupted iterations
pool_saturation_recovery   [  94% ] 327/800 VUs  5m37.9s/6m00.0s

running (5m38.9s), 315/800 VUs, 1886009 complete and 0 interrupted iterations
pool_saturation_recovery   [  94% ] 315/800 VUs  5m38.9s/6m00.0s

running (5m39.9s), 303/800 VUs, 1890975 complete and 0 interrupted iterations
pool_saturation_recovery   [  94% ] 303/800 VUs  5m39.9s/6m00.0s

running (5m40.9s), 290/800 VUs, 1897047 complete and 0 interrupted iterations
pool_saturation_recovery   [  95% ] 290/800 VUs  5m40.9s/6m00.0s

running (5m41.9s), 277/800 VUs, 1902478 complete and 0 interrupted iterations
pool_saturation_recovery   [  95% ] 277/800 VUs  5m41.9s/6m00.0s

running (5m42.9s), 265/800 VUs, 1907920 complete and 0 interrupted iterations
pool_saturation_recovery   [  95% ] 265/800 VUs  5m42.9s/6m00.0s

running (5m43.9s), 253/800 VUs, 1913092 complete and 0 interrupted iterations
pool_saturation_recovery   [  96% ] 253/800 VUs  5m43.9s/6m00.0s

running (5m44.9s), 240/800 VUs, 1918544 complete and 0 interrupted iterations
pool_saturation_recovery   [  96% ] 240/800 VUs  5m44.9s/6m00.0s

running (5m45.9s), 227/800 VUs, 1924498 complete and 0 interrupted iterations
pool_saturation_recovery   [  96% ] 227/800 VUs  5m45.9s/6m00.0s

running (5m46.9s), 214/800 VUs, 1930274 complete and 0 interrupted iterations
pool_saturation_recovery   [  96% ] 214/800 VUs  5m46.9s/6m00.0s

running (5m47.9s), 201/800 VUs, 1934819 complete and 0 interrupted iterations
pool_saturation_recovery   [  97% ] 201/800 VUs  5m47.9s/6m00.0s

running (5m48.9s), 189/800 VUs, 1939205 complete and 0 interrupted iterations
pool_saturation_recovery   [  97% ] 189/800 VUs  5m48.9s/6m00.0s

running (5m49.9s), 176/800 VUs, 1944163 complete and 0 interrupted iterations
pool_saturation_recovery   [  97% ] 176/800 VUs  5m49.9s/6m00.0s

running (5m50.9s), 164/800 VUs, 1948640 complete and 0 interrupted iterations
pool_saturation_recovery   [  97% ] 164/800 VUs  5m50.9s/6m00.0s

running (5m51.9s), 152/800 VUs, 1954046 complete and 0 interrupted iterations
pool_saturation_recovery   [  98% ] 152/800 VUs  5m51.9s/6m00.0s

running (5m52.9s), 139/800 VUs, 1959784 complete and 0 interrupted iterations
pool_saturation_recovery   [  98% ] 139/800 VUs  5m52.9s/6m00.0s

running (5m53.9s), 127/800 VUs, 1965238 complete and 0 interrupted iterations
pool_saturation_recovery   [  98% ] 127/800 VUs  5m53.9s/6m00.0s

running (5m54.9s), 114/800 VUs, 1969615 complete and 0 interrupted iterations
pool_saturation_recovery   [  99% ] 114/800 VUs  5m54.9s/6m00.0s

running (5m55.9s), 101/800 VUs, 1974390 complete and 0 interrupted iterations
pool_saturation_recovery   [  99% ] 101/800 VUs  5m55.9s/6m00.0s

running (5m56.9s), 089/800 VUs, 1978731 complete and 0 interrupted iterations
pool_saturation_recovery   [  99% ] 089/800 VUs  5m56.9s/6m00.0s

running (5m57.9s), 076/800 VUs, 1983331 complete and 0 interrupted iterations
pool_saturation_recovery   [  99% ] 076/800 VUs  5m57.9s/6m00.0s

running (5m58.9s), 064/800 VUs, 1988043 complete and 0 interrupted iterations
pool_saturation_recovery   [ 100% ] 064/800 VUs  5m58.9s/6m00.0s

running (5m59.9s), 051/800 VUs, 1992399 complete and 0 interrupted iterations
pool_saturation_recovery   [ 100% ] 051/800 VUs  5m59.9s/6m00.0s


  █ THRESHOLDS 

    http_req_duration
    ✓ 'p(99)<1500' p(99)=142.56ms

    http_req_failed
    ✗ 'rate<0.15' rate=100.00%


  █ TOTAL RESULTS 

    checks_total.......: 1992688 5535.112194/s
    checks_succeeded...: 99.99%  1992577 out of 1992688
    checks_failed......: 0.00%   111 out of 1992688

    ✗ status is 200 or 404
      ↳  99% — ✓ 1992577 / ✗ 111

    HTTP
    http_req_duration....: avg=45.77ms med=33.52ms max=248.93ms p(95)=121.11ms p(99)=142.56ms p(99.9)=186.62ms
    http_req_failed......: 100.00% 1992688 out of 1992688
    http_reqs............: 1992688 5535.112194/s

    EXECUTION
    iteration_duration...: avg=47.6ms  med=33.69ms max=30.01s   p(95)=121.29ms p(99)=142.86ms p(99.9)=188.05ms
    iterations...........: 1992688 5535.112194/s
    vus..................: 51      min=10                 max=799
    vus_max..............: 800     min=800                max=800

    NETWORK
    data_received........: 281 MB  780 kB/s
    data_sent............: 261 MB  725 kB/s




running (6m00.0s), 000/800 VUs, 1992688 complete and 0 interrupted iterations
pool_saturation_recovery ✓ [ 100% ] 000/800 VUs  6m0s
