
         /\      Grafana   /‾‾/  
    /\  /  \     |\  __   /  /   
   /  \/    \    | |/ /  /   ‾‾\ 
  /          \   |   (  |  (‾)  |
 / __________ \  |_|\_\  \_____/ 


     execution: local
        script: /Users/hrirks/video-gen/prod.garbagedestroyer/projects/rust-go-dotnet-microservice-2026/bench/k6/scenarios/pool-saturation-recovery.js
        output: -

     scenarios: (100.00%) 1 scenario, 800 max VUs, 6m30s max duration (incl. graceful stop):
              * pool_saturation_recovery: Up to 800 looping VUs for 6m0s over 6 stages (gracefulRampDown: 30s, gracefulStop: 30s)


running (0m01.0s), 010/800 VUs, 14159 complete and 0 interrupted iterations
pool_saturation_recovery   [   0% ] 010/800 VUs  0m01.0s/6m00.0s

running (0m02.0s), 011/800 VUs, 30493 complete and 0 interrupted iterations
pool_saturation_recovery   [   1% ] 011/800 VUs  0m02.0s/6m00.0s

running (0m03.0s), 011/800 VUs, 46630 complete and 0 interrupted iterations
pool_saturation_recovery   [   1% ] 011/800 VUs  0m03.0s/6m00.0s

running (0m04.0s), 012/800 VUs, 64392 complete and 0 interrupted iterations
pool_saturation_recovery   [   1% ] 012/800 VUs  0m04.0s/6m00.0s

running (0m05.0s), 013/800 VUs, 80289 complete and 0 interrupted iterations
pool_saturation_recovery   [   1% ] 013/800 VUs  0m05.0s/6m00.0s

running (0m06.0s), 013/800 VUs, 98789 complete and 0 interrupted iterations
pool_saturation_recovery   [   2% ] 013/800 VUs  0m06.0s/6m00.0s

running (0m07.0s), 014/800 VUs, 116030 complete and 0 interrupted iterations
pool_saturation_recovery   [   2% ] 014/800 VUs  0m07.0s/6m00.0s

running (0m08.0s), 015/800 VUs, 133519 complete and 0 interrupted iterations
pool_saturation_recovery   [   2% ] 015/800 VUs  0m08.0s/6m00.0s

running (0m09.0s), 015/800 VUs, 150946 complete and 0 interrupted iterations
pool_saturation_recovery   [   2% ] 015/800 VUs  0m09.0s/6m00.0s

running (0m10.0s), 016/800 VUs, 169156 complete and 0 interrupted iterations
pool_saturation_recovery   [   3% ] 016/800 VUs  0m10.0s/6m00.0s

running (0m11.0s), 017/800 VUs, 188075 complete and 0 interrupted iterations
pool_saturation_recovery   [   3% ] 017/800 VUs  0m11.0s/6m00.0s

running (0m12.0s), 017/800 VUs, 207744 complete and 0 interrupted iterations
pool_saturation_recovery   [   3% ] 017/800 VUs  0m12.0s/6m00.0s

running (0m13.0s), 018/800 VUs, 225916 complete and 0 interrupted iterations
pool_saturation_recovery   [   4% ] 018/800 VUs  0m13.0s/6m00.0s

running (0m14.0s), 019/800 VUs, 244574 complete and 0 interrupted iterations
pool_saturation_recovery   [   4% ] 019/800 VUs  0m14.0s/6m00.0s

running (0m15.0s), 019/800 VUs, 264569 complete and 0 interrupted iterations
pool_saturation_recovery   [   4% ] 019/800 VUs  0m15.0s/6m00.0s

running (0m16.0s), 020/800 VUs, 283871 complete and 0 interrupted iterations
pool_saturation_recovery   [   4% ] 020/800 VUs  0m16.0s/6m00.0s

running (0m17.0s), 021/800 VUs, 302276 complete and 0 interrupted iterations
pool_saturation_recovery   [   5% ] 021/800 VUs  0m17.0s/6m00.0s

running (0m18.0s), 021/800 VUs, 322714 complete and 0 interrupted iterations
pool_saturation_recovery   [   5% ] 021/800 VUs  0m18.0s/6m00.0s

running (0m19.0s), 022/800 VUs, 343234 complete and 0 interrupted iterations
pool_saturation_recovery   [   5% ] 022/800 VUs  0m19.0s/6m00.0s

running (0m20.0s), 023/800 VUs, 363371 complete and 0 interrupted iterations
pool_saturation_recovery   [   6% ] 023/800 VUs  0m20.0s/6m00.0s

running (0m21.0s), 023/800 VUs, 382987 complete and 0 interrupted iterations
pool_saturation_recovery   [   6% ] 023/800 VUs  0m21.0s/6m00.0s

running (0m22.0s), 024/800 VUs, 403065 complete and 0 interrupted iterations
pool_saturation_recovery   [   6% ] 024/800 VUs  0m22.0s/6m00.0s

running (0m23.0s), 025/800 VUs, 421611 complete and 0 interrupted iterations
pool_saturation_recovery   [   6% ] 025/800 VUs  0m23.0s/6m00.0s

running (0m24.0s), 025/800 VUs, 442759 complete and 0 interrupted iterations
pool_saturation_recovery   [   7% ] 025/800 VUs  0m24.0s/6m00.0s

running (0m25.0s), 026/800 VUs, 462629 complete and 0 interrupted iterations
pool_saturation_recovery   [   7% ] 026/800 VUs  0m25.0s/6m00.0s

running (0m26.0s), 027/800 VUs, 483678 complete and 0 interrupted iterations
pool_saturation_recovery   [   7% ] 027/800 VUs  0m26.0s/6m00.0s

running (0m27.0s), 027/800 VUs, 503671 complete and 0 interrupted iterations
pool_saturation_recovery   [   7% ] 027/800 VUs  0m27.0s/6m00.0s

running (0m28.0s), 028/800 VUs, 524459 complete and 0 interrupted iterations
pool_saturation_recovery   [   8% ] 028/800 VUs  0m28.0s/6m00.0s

running (0m29.0s), 029/800 VUs, 544245 complete and 0 interrupted iterations
pool_saturation_recovery   [   8% ] 029/800 VUs  0m29.0s/6m00.0s

running (0m30.0s), 029/800 VUs, 566154 complete and 0 interrupted iterations
pool_saturation_recovery   [   8% ] 029/800 VUs  0m30.0s/6m00.0s

running (0m31.0s), 030/800 VUs, 588089 complete and 0 interrupted iterations
pool_saturation_recovery   [   9% ] 030/800 VUs  0m31.0s/6m00.0s

running (0m32.0s), 031/800 VUs, 609773 complete and 0 interrupted iterations
pool_saturation_recovery   [   9% ] 031/800 VUs  0m32.0s/6m00.0s

running (0m33.0s), 031/800 VUs, 630597 complete and 0 interrupted iterations
pool_saturation_recovery   [   9% ] 031/800 VUs  0m33.0s/6m00.0s

running (0m34.0s), 032/800 VUs, 653441 complete and 0 interrupted iterations
pool_saturation_recovery   [   9% ] 032/800 VUs  0m34.0s/6m00.0s

running (0m35.0s), 033/800 VUs, 674784 complete and 0 interrupted iterations
pool_saturation_recovery   [  10% ] 033/800 VUs  0m35.0s/6m00.0s

running (0m36.0s), 033/800 VUs, 698027 complete and 0 interrupted iterations
pool_saturation_recovery   [  10% ] 033/800 VUs  0m36.0s/6m00.0s

running (0m37.0s), 034/800 VUs, 719175 complete and 0 interrupted iterations
pool_saturation_recovery   [  10% ] 034/800 VUs  0m37.0s/6m00.0s

running (0m38.0s), 035/800 VUs, 742188 complete and 0 interrupted iterations
pool_saturation_recovery   [  11% ] 035/800 VUs  0m38.0s/6m00.0s

running (0m39.0s), 035/800 VUs, 765122 complete and 0 interrupted iterations
pool_saturation_recovery   [  11% ] 035/800 VUs  0m39.0s/6m00.0s

running (0m40.0s), 036/800 VUs, 788436 complete and 0 interrupted iterations
pool_saturation_recovery   [  11% ] 036/800 VUs  0m40.0s/6m00.0s

running (0m41.0s), 037/800 VUs, 809666 complete and 0 interrupted iterations
pool_saturation_recovery   [  11% ] 037/800 VUs  0m41.0s/6m00.0s

running (0m42.0s), 037/800 VUs, 832756 complete and 0 interrupted iterations
pool_saturation_recovery   [  12% ] 037/800 VUs  0m42.0s/6m00.0s

running (0m43.0s), 038/800 VUs, 855745 complete and 0 interrupted iterations
pool_saturation_recovery   [  12% ] 038/800 VUs  0m43.0s/6m00.0s

running (0m44.0s), 039/800 VUs, 879352 complete and 0 interrupted iterations
pool_saturation_recovery   [  12% ] 039/800 VUs  0m44.0s/6m00.0s

running (0m45.0s), 039/800 VUs, 899975 complete and 0 interrupted iterations
pool_saturation_recovery   [  12% ] 039/800 VUs  0m45.0s/6m00.0s

running (0m46.0s), 040/800 VUs, 922954 complete and 0 interrupted iterations
pool_saturation_recovery   [  13% ] 040/800 VUs  0m46.0s/6m00.0s

running (0m47.0s), 041/800 VUs, 943489 complete and 0 interrupted iterations
pool_saturation_recovery   [  13% ] 041/800 VUs  0m47.0s/6m00.0s

running (0m48.0s), 041/800 VUs, 965001 complete and 0 interrupted iterations
pool_saturation_recovery   [  13% ] 041/800 VUs  0m48.0s/6m00.0s

running (0m49.0s), 042/800 VUs, 987128 complete and 0 interrupted iterations
pool_saturation_recovery   [  14% ] 042/800 VUs  0m49.0s/6m00.0s

running (0m50.0s), 043/800 VUs, 1010027 complete and 0 interrupted iterations
pool_saturation_recovery   [  14% ] 043/800 VUs  0m50.0s/6m00.0s

running (0m51.0s), 043/800 VUs, 1032885 complete and 0 interrupted iterations
pool_saturation_recovery   [  14% ] 043/800 VUs  0m51.0s/6m00.0s

running (0m52.0s), 044/800 VUs, 1056221 complete and 0 interrupted iterations
pool_saturation_recovery   [  14% ] 044/800 VUs  0m52.0s/6m00.0s

running (0m53.0s), 045/800 VUs, 1076754 complete and 0 interrupted iterations
pool_saturation_recovery   [  15% ] 045/800 VUs  0m53.0s/6m00.0s

running (0m54.0s), 045/800 VUs, 1100823 complete and 0 interrupted iterations
pool_saturation_recovery   [  15% ] 045/800 VUs  0m54.0s/6m00.0s

running (0m55.0s), 046/800 VUs, 1122558 complete and 0 interrupted iterations
pool_saturation_recovery   [  15% ] 046/800 VUs  0m55.0s/6m00.0s

running (0m56.0s), 047/800 VUs, 1146462 complete and 0 interrupted iterations
pool_saturation_recovery   [  16% ] 047/800 VUs  0m56.0s/6m00.0s

running (0m57.0s), 047/800 VUs, 1166649 complete and 0 interrupted iterations
pool_saturation_recovery   [  16% ] 047/800 VUs  0m57.0s/6m00.0s

running (0m58.0s), 048/800 VUs, 1191908 complete and 0 interrupted iterations
pool_saturation_recovery   [  16% ] 048/800 VUs  0m58.0s/6m00.0s

running (0m59.0s), 049/800 VUs, 1216570 complete and 0 interrupted iterations
pool_saturation_recovery   [  16% ] 049/800 VUs  0m59.0s/6m00.0s

running (1m00.0s), 049/800 VUs, 1239020 complete and 0 interrupted iterations
pool_saturation_recovery   [  17% ] 049/800 VUs  1m00.0s/6m00.0s

running (1m01.0s), 050/800 VUs, 1257477 complete and 0 interrupted iterations
pool_saturation_recovery   [  17% ] 050/800 VUs  1m01.0s/6m00.0s

running (1m02.0s), 051/800 VUs, 1274308 complete and 0 interrupted iterations
pool_saturation_recovery   [  17% ] 051/800 VUs  1m02.0s/6m00.0s

running (1m03.0s), 052/800 VUs, 1290726 complete and 0 interrupted iterations
pool_saturation_recovery   [  17% ] 052/800 VUs  1m03.0s/6m00.0s

running (1m04.0s), 053/800 VUs, 1308651 complete and 0 interrupted iterations
pool_saturation_recovery   [  18% ] 053/800 VUs  1m04.0s/6m00.0s

running (1m05.0s), 054/800 VUs, 1324839 complete and 0 interrupted iterations
pool_saturation_recovery   [  18% ] 054/800 VUs  1m05.0s/6m00.0s

running (1m06.0s), 054/800 VUs, 1342809 complete and 0 interrupted iterations
pool_saturation_recovery   [  18% ] 054/800 VUs  1m06.0s/6m00.0s

running (1m07.0s), 055/800 VUs, 1360826 complete and 0 interrupted iterations
pool_saturation_recovery   [  19% ] 055/800 VUs  1m07.0s/6m00.0s

running (1m08.0s), 056/800 VUs, 1378684 complete and 0 interrupted iterations
pool_saturation_recovery   [  19% ] 056/800 VUs  1m08.0s/6m00.0s

running (1m09.0s), 057/800 VUs, 1394090 complete and 0 interrupted iterations
pool_saturation_recovery   [  19% ] 057/800 VUs  1m09.0s/6m00.0s

running (1m10.0s), 058/800 VUs, 1411907 complete and 0 interrupted iterations
pool_saturation_recovery   [  19% ] 058/800 VUs  1m10.0s/6m00.0s

running (1m11.0s), 059/800 VUs, 1427596 complete and 0 interrupted iterations
pool_saturation_recovery   [  20% ] 059/800 VUs  1m11.0s/6m00.0s

running (1m12.0s), 059/800 VUs, 1445343 complete and 0 interrupted iterations
pool_saturation_recovery   [  20% ] 059/800 VUs  1m12.0s/6m00.0s

running (1m13.0s), 060/800 VUs, 1459640 complete and 0 interrupted iterations
pool_saturation_recovery   [  20% ] 060/800 VUs  1m13.0s/6m00.0s

running (1m14.0s), 061/800 VUs, 1476928 complete and 0 interrupted iterations
pool_saturation_recovery   [  21% ] 061/800 VUs  1m14.0s/6m00.0s

running (1m15.0s), 062/800 VUs, 1494820 complete and 0 interrupted iterations
pool_saturation_recovery   [  21% ] 062/800 VUs  1m15.0s/6m00.0s

running (1m16.0s), 063/800 VUs, 1511819 complete and 0 interrupted iterations
pool_saturation_recovery   [  21% ] 063/800 VUs  1m16.0s/6m00.0s

running (1m17.0s), 064/800 VUs, 1526653 complete and 0 interrupted iterations
pool_saturation_recovery   [  21% ] 064/800 VUs  1m17.0s/6m00.0s

running (1m18.0s), 064/800 VUs, 1544912 complete and 0 interrupted iterations
pool_saturation_recovery   [  22% ] 064/800 VUs  1m18.0s/6m00.0s

running (1m19.0s), 065/800 VUs, 1562901 complete and 0 interrupted iterations
pool_saturation_recovery   [  22% ] 065/800 VUs  1m19.0s/6m00.0s

running (1m20.0s), 066/800 VUs, 1579917 complete and 0 interrupted iterations
pool_saturation_recovery   [  22% ] 066/800 VUs  1m20.0s/6m00.0s

running (1m21.0s), 067/800 VUs, 1594258 complete and 0 interrupted iterations
pool_saturation_recovery   [  22% ] 067/800 VUs  1m21.0s/6m00.0s

running (1m22.0s), 068/800 VUs, 1611277 complete and 0 interrupted iterations
pool_saturation_recovery   [  23% ] 068/800 VUs  1m22.0s/6m00.0s

running (1m23.0s), 069/800 VUs, 1629044 complete and 0 interrupted iterations
pool_saturation_recovery   [  23% ] 069/800 VUs  1m23.0s/6m00.0s

running (1m24.0s), 069/800 VUs, 1646404 complete and 0 interrupted iterations
pool_saturation_recovery   [  23% ] 069/800 VUs  1m24.0s/6m00.0s

running (1m25.0s), 070/800 VUs, 1661939 complete and 0 interrupted iterations
pool_saturation_recovery   [  24% ] 070/800 VUs  1m25.0s/6m00.0s

running (1m26.0s), 071/800 VUs, 1678309 complete and 0 interrupted iterations
pool_saturation_recovery   [  24% ] 071/800 VUs  1m26.0s/6m00.0s

running (1m27.0s), 072/800 VUs, 1695439 complete and 0 interrupted iterations
pool_saturation_recovery   [  24% ] 072/800 VUs  1m27.0s/6m00.0s

running (1m28.0s), 073/800 VUs, 1714482 complete and 0 interrupted iterations
pool_saturation_recovery   [  24% ] 073/800 VUs  1m28.0s/6m00.0s

running (1m29.0s), 074/800 VUs, 1730419 complete and 0 interrupted iterations
pool_saturation_recovery   [  25% ] 074/800 VUs  1m29.0s/6m00.0s

running (1m30.0s), 074/800 VUs, 1749056 complete and 0 interrupted iterations
pool_saturation_recovery   [  25% ] 074/800 VUs  1m30.0s/6m00.0s

running (1m31.0s), 075/800 VUs, 1766287 complete and 0 interrupted iterations
pool_saturation_recovery   [  25% ] 075/800 VUs  1m31.0s/6m00.0s

running (1m32.0s), 076/800 VUs, 1782417 complete and 0 interrupted iterations
pool_saturation_recovery   [  26% ] 076/800 VUs  1m32.0s/6m00.0s

running (1m33.0s), 077/800 VUs, 1798265 complete and 0 interrupted iterations
pool_saturation_recovery   [  26% ] 077/800 VUs  1m33.0s/6m00.0s

running (1m34.0s), 078/800 VUs, 1816168 complete and 0 interrupted iterations
pool_saturation_recovery   [  26% ] 078/800 VUs  1m34.0s/6m00.0s

running (1m35.0s), 079/800 VUs, 1832608 complete and 0 interrupted iterations
pool_saturation_recovery   [  26% ] 079/800 VUs  1m35.0s/6m00.0s

running (1m36.0s), 079/800 VUs, 1850409 complete and 0 interrupted iterations
pool_saturation_recovery   [  27% ] 079/800 VUs  1m36.0s/6m00.0s

running (1m37.0s), 080/800 VUs, 1865817 complete and 0 interrupted iterations
pool_saturation_recovery   [  27% ] 080/800 VUs  1m37.0s/6m00.0s

running (1m38.0s), 081/800 VUs, 1882335 complete and 0 interrupted iterations
pool_saturation_recovery   [  27% ] 081/800 VUs  1m38.0s/6m00.0s

running (1m39.0s), 082/800 VUs, 1899765 complete and 0 interrupted iterations
pool_saturation_recovery   [  27% ] 082/800 VUs  1m39.0s/6m00.0s

running (1m40.0s), 083/800 VUs, 1917577 complete and 0 interrupted iterations
pool_saturation_recovery   [  28% ] 083/800 VUs  1m40.0s/6m00.0s

running (1m41.0s), 084/800 VUs, 1933030 complete and 0 interrupted iterations
pool_saturation_recovery   [  28% ] 084/800 VUs  1m41.0s/6m00.0s

running (1m42.0s), 084/800 VUs, 1950885 complete and 0 interrupted iterations
pool_saturation_recovery   [  28% ] 084/800 VUs  1m42.0s/6m00.0s

running (1m43.0s), 085/800 VUs, 1969212 complete and 0 interrupted iterations
pool_saturation_recovery   [  29% ] 085/800 VUs  1m43.0s/6m00.0s

running (1m44.0s), 086/800 VUs, 1985901 complete and 0 interrupted iterations
pool_saturation_recovery   [  29% ] 086/800 VUs  1m44.0s/6m00.0s

running (1m45.0s), 087/800 VUs, 2002800 complete and 0 interrupted iterations
pool_saturation_recovery   [  29% ] 087/800 VUs  1m45.0s/6m00.0s

running (1m46.0s), 088/800 VUs, 2018995 complete and 0 interrupted iterations
pool_saturation_recovery   [  29% ] 088/800 VUs  1m46.0s/6m00.0s

running (1m47.0s), 089/800 VUs, 2035815 complete and 0 interrupted iterations
pool_saturation_recovery   [  30% ] 089/800 VUs  1m47.0s/6m00.0s

running (1m48.0s), 089/800 VUs, 2052404 complete and 0 interrupted iterations
pool_saturation_recovery   [  30% ] 089/800 VUs  1m48.0s/6m00.0s

running (1m49.0s), 090/800 VUs, 2068355 complete and 0 interrupted iterations
pool_saturation_recovery   [  30% ] 090/800 VUs  1m49.0s/6m00.0s

running (1m50.0s), 091/800 VUs, 2084519 complete and 0 interrupted iterations
pool_saturation_recovery   [  31% ] 091/800 VUs  1m50.0s/6m00.0s

running (1m51.0s), 092/800 VUs, 2101503 complete and 0 interrupted iterations
pool_saturation_recovery   [  31% ] 092/800 VUs  1m51.0s/6m00.0s

running (1m52.0s), 093/800 VUs, 2118554 complete and 0 interrupted iterations
pool_saturation_recovery   [  31% ] 093/800 VUs  1m52.0s/6m00.0s

running (1m53.0s), 094/800 VUs, 2133722 complete and 0 interrupted iterations
pool_saturation_recovery   [  31% ] 094/800 VUs  1m53.0s/6m00.0s

running (1m54.0s), 094/800 VUs, 2151549 complete and 0 interrupted iterations
pool_saturation_recovery   [  32% ] 094/800 VUs  1m54.0s/6m00.0s

running (1m55.0s), 095/800 VUs, 2167671 complete and 0 interrupted iterations
pool_saturation_recovery   [  32% ] 095/800 VUs  1m55.0s/6m00.0s

running (1m56.0s), 096/800 VUs, 2183562 complete and 0 interrupted iterations
pool_saturation_recovery   [  32% ] 096/800 VUs  1m56.0s/6m00.0s

running (1m57.0s), 097/800 VUs, 2198858 complete and 0 interrupted iterations
pool_saturation_recovery   [  32% ] 097/800 VUs  1m57.0s/6m00.0s

running (1m58.0s), 098/800 VUs, 2216517 complete and 0 interrupted iterations
pool_saturation_recovery   [  33% ] 098/800 VUs  1m58.0s/6m00.0s

running (1m59.0s), 099/800 VUs, 2232998 complete and 0 interrupted iterations
pool_saturation_recovery   [  33% ] 099/800 VUs  1m59.0s/6m00.0s

running (2m00.0s), 099/800 VUs, 2251863 complete and 0 interrupted iterations
pool_saturation_recovery   [  33% ] 099/800 VUs  2m00.0s/6m00.0s

running (2m01.0s), 101/800 VUs, 2268270 complete and 0 interrupted iterations
pool_saturation_recovery   [  34% ] 101/800 VUs  2m01.0s/6m00.0s

running (2m02.0s), 103/800 VUs, 2285404 complete and 0 interrupted iterations
pool_saturation_recovery   [  34% ] 103/800 VUs  2m02.0s/6m00.0s

running (2m03.0s), 104/800 VUs, 2303180 complete and 0 interrupted iterations
pool_saturation_recovery   [  34% ] 104/800 VUs  2m03.0s/6m00.0s

running (2m04.0s), 106/800 VUs, 2320754 complete and 0 interrupted iterations
pool_saturation_recovery   [  34% ] 106/800 VUs  2m04.0s/6m00.0s

running (2m05.0s), 108/800 VUs, 2334084 complete and 0 interrupted iterations
pool_saturation_recovery   [  35% ] 108/800 VUs  2m05.0s/6m00.0s

running (2m06.0s), 109/800 VUs, 2352678 complete and 0 interrupted iterations
pool_saturation_recovery   [  35% ] 109/800 VUs  2m06.0s/6m00.0s

running (2m07.0s), 111/800 VUs, 2369962 complete and 0 interrupted iterations
pool_saturation_recovery   [  35% ] 111/800 VUs  2m07.0s/6m00.0s

running (2m08.0s), 113/800 VUs, 2387175 complete and 0 interrupted iterations
pool_saturation_recovery   [  36% ] 113/800 VUs  2m08.0s/6m00.0s

running (2m09.0s), 114/800 VUs, 2401965 complete and 0 interrupted iterations
pool_saturation_recovery   [  36% ] 114/800 VUs  2m09.0s/6m00.0s

running (2m10.0s), 116/800 VUs, 2419438 complete and 0 interrupted iterations
pool_saturation_recovery   [  36% ] 116/800 VUs  2m10.0s/6m00.0s

running (2m11.0s), 118/800 VUs, 2435498 complete and 0 interrupted iterations
pool_saturation_recovery   [  36% ] 118/800 VUs  2m11.0s/6m00.0s

running (2m12.0s), 119/800 VUs, 2452351 complete and 0 interrupted iterations
pool_saturation_recovery   [  37% ] 119/800 VUs  2m12.0s/6m00.0s

running (2m13.0s), 121/800 VUs, 2467500 complete and 0 interrupted iterations
pool_saturation_recovery   [  37% ] 121/800 VUs  2m13.0s/6m00.0s

running (2m14.0s), 123/800 VUs, 2484388 complete and 0 interrupted iterations
pool_saturation_recovery   [  37% ] 123/800 VUs  2m14.0s/6m00.0s

running (2m15.0s), 124/800 VUs, 2501741 complete and 0 interrupted iterations
pool_saturation_recovery   [  37% ] 124/800 VUs  2m15.0s/6m00.0s

running (2m16.0s), 126/800 VUs, 2518813 complete and 0 interrupted iterations
pool_saturation_recovery   [  38% ] 126/800 VUs  2m16.0s/6m00.0s

running (2m17.0s), 128/800 VUs, 2534381 complete and 0 interrupted iterations
pool_saturation_recovery   [  38% ] 128/800 VUs  2m17.0s/6m00.0s

running (2m18.0s), 129/800 VUs, 2551845 complete and 0 interrupted iterations
pool_saturation_recovery   [  38% ] 129/800 VUs  2m18.0s/6m00.0s

running (2m19.0s), 131/800 VUs, 2569001 complete and 0 interrupted iterations
pool_saturation_recovery   [  39% ] 131/800 VUs  2m19.0s/6m00.0s

running (2m20.0s), 133/800 VUs, 2585524 complete and 0 interrupted iterations
pool_saturation_recovery   [  39% ] 133/800 VUs  2m20.0s/6m00.0s

running (2m21.0s), 134/800 VUs, 2600894 complete and 0 interrupted iterations
pool_saturation_recovery   [  39% ] 134/800 VUs  2m21.0s/6m00.0s

running (2m22.0s), 136/800 VUs, 2618064 complete and 0 interrupted iterations
pool_saturation_recovery   [  39% ] 136/800 VUs  2m22.0s/6m00.0s

running (2m23.0s), 138/800 VUs, 2632487 complete and 0 interrupted iterations
pool_saturation_recovery   [  40% ] 138/800 VUs  2m23.0s/6m00.0s

running (2m24.0s), 139/800 VUs, 2646945 complete and 0 interrupted iterations
pool_saturation_recovery   [  40% ] 139/800 VUs  2m24.0s/6m00.0s

running (2m25.0s), 141/800 VUs, 2657374 complete and 0 interrupted iterations
pool_saturation_recovery   [  40% ] 141/800 VUs  2m25.0s/6m00.0s

running (2m26.0s), 143/800 VUs, 2674891 complete and 0 interrupted iterations
pool_saturation_recovery   [  41% ] 143/800 VUs  2m26.0s/6m00.0s

running (2m27.0s), 144/800 VUs, 2692946 complete and 0 interrupted iterations
pool_saturation_recovery   [  41% ] 144/800 VUs  2m27.0s/6m00.0s

running (2m28.0s), 146/800 VUs, 2709758 complete and 0 interrupted iterations
pool_saturation_recovery   [  41% ] 146/800 VUs  2m28.0s/6m00.0s

running (2m29.0s), 148/800 VUs, 2723454 complete and 0 interrupted iterations
pool_saturation_recovery   [  41% ] 148/800 VUs  2m29.0s/6m00.0s

running (2m30.0s), 149/800 VUs, 2742054 complete and 0 interrupted iterations
pool_saturation_recovery   [  42% ] 149/800 VUs  2m30.0s/6m00.0s

running (2m31.0s), 151/800 VUs, 2759191 complete and 0 interrupted iterations
pool_saturation_recovery   [  42% ] 151/800 VUs  2m31.0s/6m00.0s

running (2m32.0s), 153/800 VUs, 2775768 complete and 0 interrupted iterations
pool_saturation_recovery   [  42% ] 153/800 VUs  2m32.0s/6m00.0s

running (2m33.0s), 154/800 VUs, 2791830 complete and 0 interrupted iterations
pool_saturation_recovery   [  42% ] 154/800 VUs  2m33.0s/6m00.0s

running (2m34.0s), 156/800 VUs, 2808374 complete and 0 interrupted iterations
pool_saturation_recovery   [  43% ] 156/800 VUs  2m34.0s/6m00.0s

running (2m35.0s), 158/800 VUs, 2825130 complete and 0 interrupted iterations
pool_saturation_recovery   [  43% ] 158/800 VUs  2m35.0s/6m00.0s

running (2m36.0s), 159/800 VUs, 2841417 complete and 0 interrupted iterations
pool_saturation_recovery   [  43% ] 159/800 VUs  2m36.0s/6m00.0s

running (2m37.0s), 161/800 VUs, 2857172 complete and 0 interrupted iterations
pool_saturation_recovery   [  44% ] 161/800 VUs  2m37.0s/6m00.0s

running (2m38.0s), 163/800 VUs, 2875203 complete and 0 interrupted iterations
pool_saturation_recovery   [  44% ] 163/800 VUs  2m38.0s/6m00.0s

running (2m39.0s), 164/800 VUs, 2891910 complete and 0 interrupted iterations
pool_saturation_recovery   [  44% ] 164/800 VUs  2m39.0s/6m00.0s

running (2m40.0s), 166/800 VUs, 2909191 complete and 0 interrupted iterations
pool_saturation_recovery   [  44% ] 166/800 VUs  2m40.0s/6m00.0s

running (2m41.0s), 168/800 VUs, 2925366 complete and 0 interrupted iterations
pool_saturation_recovery   [  45% ] 168/800 VUs  2m41.0s/6m00.0s

running (2m42.0s), 169/800 VUs, 2941018 complete and 0 interrupted iterations
pool_saturation_recovery   [  45% ] 169/800 VUs  2m42.0s/6m00.0s

running (2m43.0s), 171/800 VUs, 2957837 complete and 0 interrupted iterations
pool_saturation_recovery   [  45% ] 171/800 VUs  2m43.0s/6m00.0s

running (2m44.0s), 173/800 VUs, 2975739 complete and 0 interrupted iterations
pool_saturation_recovery   [  46% ] 173/800 VUs  2m44.0s/6m00.0s

running (2m45.0s), 174/800 VUs, 2990658 complete and 0 interrupted iterations
pool_saturation_recovery   [  46% ] 174/800 VUs  2m45.0s/6m00.0s

running (2m46.0s), 176/800 VUs, 3006453 complete and 0 interrupted iterations
pool_saturation_recovery   [  46% ] 176/800 VUs  2m46.0s/6m00.0s

running (2m47.0s), 178/800 VUs, 3023209 complete and 0 interrupted iterations
pool_saturation_recovery   [  46% ] 178/800 VUs  2m47.0s/6m00.0s

running (2m48.0s), 179/800 VUs, 3041076 complete and 0 interrupted iterations
pool_saturation_recovery   [  47% ] 179/800 VUs  2m48.0s/6m00.0s

running (2m49.0s), 181/800 VUs, 3056751 complete and 0 interrupted iterations
pool_saturation_recovery   [  47% ] 181/800 VUs  2m49.0s/6m00.0s

running (2m50.0s), 183/800 VUs, 3074058 complete and 0 interrupted iterations
pool_saturation_recovery   [  47% ] 183/800 VUs  2m50.0s/6m00.0s

running (2m51.0s), 184/800 VUs, 3091277 complete and 0 interrupted iterations
pool_saturation_recovery   [  47% ] 184/800 VUs  2m51.0s/6m00.0s

running (2m52.0s), 186/800 VUs, 3106521 complete and 0 interrupted iterations
pool_saturation_recovery   [  48% ] 186/800 VUs  2m52.0s/6m00.0s

running (2m53.0s), 188/800 VUs, 3120385 complete and 0 interrupted iterations
pool_saturation_recovery   [  48% ] 188/800 VUs  2m53.0s/6m00.0s

running (2m54.0s), 189/800 VUs, 3138345 complete and 0 interrupted iterations
pool_saturation_recovery   [  48% ] 189/800 VUs  2m54.0s/6m00.0s

running (2m55.0s), 191/800 VUs, 3156009 complete and 0 interrupted iterations
pool_saturation_recovery   [  49% ] 191/800 VUs  2m55.0s/6m00.0s

running (2m56.0s), 193/800 VUs, 3172641 complete and 0 interrupted iterations
pool_saturation_recovery   [  49% ] 193/800 VUs  2m56.0s/6m00.0s

running (2m57.0s), 194/800 VUs, 3187768 complete and 0 interrupted iterations
pool_saturation_recovery   [  49% ] 194/800 VUs  2m57.0s/6m00.0s

running (2m58.0s), 196/800 VUs, 3204891 complete and 0 interrupted iterations
pool_saturation_recovery   [  49% ] 196/800 VUs  2m58.0s/6m00.0s

running (2m59.0s), 198/800 VUs, 3220403 complete and 0 interrupted iterations
pool_saturation_recovery   [  50% ] 198/800 VUs  2m59.0s/6m00.0s

running (3m00.0s), 199/800 VUs, 3237431 complete and 0 interrupted iterations
pool_saturation_recovery   [  50% ] 199/800 VUs  3m00.0s/6m00.0s

running (3m01.0s), 203/800 VUs, 3252887 complete and 0 interrupted iterations
pool_saturation_recovery   [  50% ] 203/800 VUs  3m01.0s/6m00.0s

running (3m02.0s), 206/800 VUs, 3268787 complete and 0 interrupted iterations
pool_saturation_recovery   [  51% ] 206/800 VUs  3m02.0s/6m00.0s

running (3m03.0s), 209/800 VUs, 3285337 complete and 0 interrupted iterations
pool_saturation_recovery   [  51% ] 209/800 VUs  3m03.0s/6m00.0s

running (3m04.0s), 213/800 VUs, 3303534 complete and 0 interrupted iterations
pool_saturation_recovery   [  51% ] 213/800 VUs  3m04.0s/6m00.0s

running (3m05.0s), 216/800 VUs, 3318409 complete and 0 interrupted iterations
pool_saturation_recovery   [  51% ] 216/800 VUs  3m05.0s/6m00.0s

running (3m06.0s), 219/800 VUs, 3333523 complete and 0 interrupted iterations
pool_saturation_recovery   [  52% ] 219/800 VUs  3m06.0s/6m00.0s

running (3m07.0s), 223/800 VUs, 3349706 complete and 0 interrupted iterations
pool_saturation_recovery   [  52% ] 223/800 VUs  3m07.0s/6m00.0s

running (3m08.0s), 226/800 VUs, 3367757 complete and 0 interrupted iterations
pool_saturation_recovery   [  52% ] 226/800 VUs  3m08.0s/6m00.0s

running (3m09.0s), 229/800 VUs, 3381068 complete and 0 interrupted iterations
pool_saturation_recovery   [  52% ] 229/800 VUs  3m09.0s/6m00.0s

running (3m10.0s), 233/800 VUs, 3397914 complete and 0 interrupted iterations
pool_saturation_recovery   [  53% ] 233/800 VUs  3m10.0s/6m00.0s

running (3m11.0s), 236/800 VUs, 3414125 complete and 0 interrupted iterations
pool_saturation_recovery   [  53% ] 236/800 VUs  3m11.0s/6m00.0s

running (3m12.0s), 239/800 VUs, 3432507 complete and 0 interrupted iterations
pool_saturation_recovery   [  53% ] 239/800 VUs  3m12.0s/6m00.0s

running (3m13.0s), 243/800 VUs, 3450297 complete and 0 interrupted iterations
pool_saturation_recovery   [  54% ] 243/800 VUs  3m13.0s/6m00.0s

running (3m14.0s), 246/800 VUs, 3467866 complete and 0 interrupted iterations
pool_saturation_recovery   [  54% ] 246/800 VUs  3m14.0s/6m00.0s

running (3m15.0s), 249/800 VUs, 3483603 complete and 0 interrupted iterations
pool_saturation_recovery   [  54% ] 249/800 VUs  3m15.0s/6m00.0s

running (3m16.0s), 253/800 VUs, 3501198 complete and 0 interrupted iterations
pool_saturation_recovery   [  54% ] 253/800 VUs  3m16.0s/6m00.0s

running (3m17.0s), 256/800 VUs, 3516891 complete and 0 interrupted iterations
pool_saturation_recovery   [  55% ] 256/800 VUs  3m17.0s/6m00.0s

running (3m18.0s), 259/800 VUs, 3534346 complete and 0 interrupted iterations
pool_saturation_recovery   [  55% ] 259/800 VUs  3m18.0s/6m00.0s

running (3m19.0s), 263/800 VUs, 3551248 complete and 0 interrupted iterations
pool_saturation_recovery   [  55% ] 263/800 VUs  3m19.0s/6m00.0s

running (3m20.0s), 266/800 VUs, 3567881 complete and 0 interrupted iterations
pool_saturation_recovery   [  56% ] 266/800 VUs  3m20.0s/6m00.0s

running (3m21.0s), 269/800 VUs, 3583230 complete and 0 interrupted iterations
pool_saturation_recovery   [  56% ] 269/800 VUs  3m21.0s/6m00.0s

running (3m22.0s), 273/800 VUs, 3600574 complete and 0 interrupted iterations
pool_saturation_recovery   [  56% ] 273/800 VUs  3m22.0s/6m00.0s

running (3m23.0s), 276/800 VUs, 3616222 complete and 0 interrupted iterations
pool_saturation_recovery   [  56% ] 276/800 VUs  3m23.0s/6m00.0s

running (3m24.0s), 279/800 VUs, 3633858 complete and 0 interrupted iterations
pool_saturation_recovery   [  57% ] 279/800 VUs  3m24.0s/6m00.0s

running (3m25.0s), 283/800 VUs, 3649825 complete and 0 interrupted iterations
pool_saturation_recovery   [  57% ] 283/800 VUs  3m25.0s/6m00.0s

running (3m26.0s), 286/800 VUs, 3664977 complete and 0 interrupted iterations
pool_saturation_recovery   [  57% ] 286/800 VUs  3m26.0s/6m00.0s

running (3m27.0s), 289/800 VUs, 3681147 complete and 0 interrupted iterations
pool_saturation_recovery   [  57% ] 289/800 VUs  3m27.0s/6m00.0s

running (3m28.0s), 293/800 VUs, 3697186 complete and 0 interrupted iterations
pool_saturation_recovery   [  58% ] 293/800 VUs  3m28.0s/6m00.0s

running (3m29.0s), 296/800 VUs, 3711020 complete and 0 interrupted iterations
pool_saturation_recovery   [  58% ] 296/800 VUs  3m29.0s/6m00.0s

running (3m30.0s), 299/800 VUs, 3730496 complete and 0 interrupted iterations
pool_saturation_recovery   [  58% ] 299/800 VUs  3m30.0s/6m00.0s

running (3m31.0s), 303/800 VUs, 3747442 complete and 0 interrupted iterations
pool_saturation_recovery   [  59% ] 303/800 VUs  3m31.0s/6m00.0s

running (3m32.0s), 306/800 VUs, 3763217 complete and 0 interrupted iterations
pool_saturation_recovery   [  59% ] 306/800 VUs  3m32.0s/6m00.0s

running (3m33.0s), 309/800 VUs, 3778424 complete and 0 interrupted iterations
pool_saturation_recovery   [  59% ] 309/800 VUs  3m33.0s/6m00.0s

running (3m34.0s), 313/800 VUs, 3797413 complete and 0 interrupted iterations
pool_saturation_recovery   [  59% ] 313/800 VUs  3m34.0s/6m00.0s

running (3m35.0s), 316/800 VUs, 3813472 complete and 0 interrupted iterations
pool_saturation_recovery   [  60% ] 316/800 VUs  3m35.0s/6m00.0s

running (3m36.0s), 319/800 VUs, 3827701 complete and 0 interrupted iterations
pool_saturation_recovery   [  60% ] 319/800 VUs  3m36.0s/6m00.0s

running (3m37.0s), 323/800 VUs, 3843465 complete and 0 interrupted iterations
pool_saturation_recovery   [  60% ] 323/800 VUs  3m37.0s/6m00.0s

running (3m38.0s), 326/800 VUs, 3860337 complete and 0 interrupted iterations
pool_saturation_recovery   [  61% ] 326/800 VUs  3m38.0s/6m00.0s

running (3m39.0s), 329/800 VUs, 3878059 complete and 0 interrupted iterations
pool_saturation_recovery   [  61% ] 329/800 VUs  3m39.0s/6m00.0s

running (3m40.0s), 333/800 VUs, 3894683 complete and 0 interrupted iterations
pool_saturation_recovery   [  61% ] 333/800 VUs  3m40.0s/6m00.0s

running (3m41.0s), 336/800 VUs, 3910215 complete and 0 interrupted iterations
pool_saturation_recovery   [  61% ] 336/800 VUs  3m41.0s/6m00.0s

running (3m42.0s), 339/800 VUs, 3928035 complete and 0 interrupted iterations
pool_saturation_recovery   [  62% ] 339/800 VUs  3m42.0s/6m00.0s

running (3m43.0s), 343/800 VUs, 3944718 complete and 0 interrupted iterations
pool_saturation_recovery   [  62% ] 343/800 VUs  3m43.0s/6m00.0s

running (3m44.0s), 346/800 VUs, 3958215 complete and 0 interrupted iterations
pool_saturation_recovery   [  62% ] 346/800 VUs  3m44.0s/6m00.0s

running (3m45.0s), 349/800 VUs, 3971742 complete and 0 interrupted iterations
pool_saturation_recovery   [  62% ] 349/800 VUs  3m45.0s/6m00.0s

running (3m46.0s), 353/800 VUs, 3989379 complete and 0 interrupted iterations
pool_saturation_recovery   [  63% ] 353/800 VUs  3m46.0s/6m00.0s

running (3m47.0s), 356/800 VUs, 4006297 complete and 0 interrupted iterations
pool_saturation_recovery   [  63% ] 356/800 VUs  3m47.0s/6m00.0s

running (3m48.0s), 359/800 VUs, 4023563 complete and 0 interrupted iterations
pool_saturation_recovery   [  63% ] 359/800 VUs  3m48.0s/6m00.0s

running (3m49.0s), 363/800 VUs, 4038854 complete and 0 interrupted iterations
pool_saturation_recovery   [  64% ] 363/800 VUs  3m49.0s/6m00.0s

running (3m50.0s), 366/800 VUs, 4055302 complete and 0 interrupted iterations
pool_saturation_recovery   [  64% ] 366/800 VUs  3m50.0s/6m00.0s

running (3m51.0s), 369/800 VUs, 4072233 complete and 0 interrupted iterations
pool_saturation_recovery   [  64% ] 369/800 VUs  3m51.0s/6m00.0s

running (3m52.0s), 373/800 VUs, 4089265 complete and 0 interrupted iterations
pool_saturation_recovery   [  64% ] 373/800 VUs  3m52.0s/6m00.0s

running (3m53.0s), 376/800 VUs, 4104936 complete and 0 interrupted iterations
pool_saturation_recovery   [  65% ] 376/800 VUs  3m53.0s/6m00.0s

running (3m54.0s), 379/800 VUs, 4122535 complete and 0 interrupted iterations
pool_saturation_recovery   [  65% ] 379/800 VUs  3m54.0s/6m00.0s

running (3m55.0s), 383/800 VUs, 4140992 complete and 0 interrupted iterations
pool_saturation_recovery   [  65% ] 383/800 VUs  3m55.0s/6m00.0s

running (3m56.0s), 386/800 VUs, 4158560 complete and 0 interrupted iterations
pool_saturation_recovery   [  66% ] 386/800 VUs  3m56.0s/6m00.0s

running (3m57.0s), 389/800 VUs, 4173738 complete and 0 interrupted iterations
pool_saturation_recovery   [  66% ] 389/800 VUs  3m57.0s/6m00.0s

running (3m58.0s), 393/800 VUs, 4190241 complete and 0 interrupted iterations
pool_saturation_recovery   [  66% ] 393/800 VUs  3m58.0s/6m00.0s

running (3m59.0s), 396/800 VUs, 4206723 complete and 0 interrupted iterations
pool_saturation_recovery   [  66% ] 396/800 VUs  3m59.0s/6m00.0s

running (4m00.0s), 399/800 VUs, 4225501 complete and 0 interrupted iterations
pool_saturation_recovery   [  67% ] 399/800 VUs  4m00.0s/6m00.0s

running (4m01.0s), 406/800 VUs, 4241603 complete and 0 interrupted iterations
pool_saturation_recovery   [  67% ] 406/800 VUs  4m01.0s/6m00.0s

running (4m02.0s), 413/800 VUs, 4258261 complete and 0 interrupted iterations
pool_saturation_recovery   [  67% ] 413/800 VUs  4m02.0s/6m00.0s

running (4m03.0s), 419/800 VUs, 4275204 complete and 0 interrupted iterations
pool_saturation_recovery   [  67% ] 419/800 VUs  4m03.0s/6m00.0s

running (4m04.0s), 426/800 VUs, 4292027 complete and 0 interrupted iterations
pool_saturation_recovery   [  68% ] 426/800 VUs  4m04.0s/6m00.0s

running (4m05.0s), 433/800 VUs, 4307148 complete and 0 interrupted iterations
pool_saturation_recovery   [  68% ] 433/800 VUs  4m05.0s/6m00.0s

running (4m06.0s), 439/800 VUs, 4324292 complete and 0 interrupted iterations
pool_saturation_recovery   [  68% ] 439/800 VUs  4m06.0s/6m00.0s

running (4m07.0s), 446/800 VUs, 4341234 complete and 0 interrupted iterations
pool_saturation_recovery   [  69% ] 446/800 VUs  4m07.0s/6m00.0s

running (4m08.0s), 453/800 VUs, 4359226 complete and 0 interrupted iterations
pool_saturation_recovery   [  69% ] 453/800 VUs  4m08.0s/6m00.0s

running (4m09.0s), 459/800 VUs, 4376341 complete and 0 interrupted iterations
pool_saturation_recovery   [  69% ] 459/800 VUs  4m09.0s/6m00.0s

running (4m10.0s), 466/800 VUs, 4394120 complete and 0 interrupted iterations
pool_saturation_recovery   [  69% ] 466/800 VUs  4m10.0s/6m00.0s

running (4m11.0s), 473/800 VUs, 4412101 complete and 0 interrupted iterations
pool_saturation_recovery   [  70% ] 473/800 VUs  4m11.0s/6m00.0s

running (4m12.0s), 479/800 VUs, 4428310 complete and 0 interrupted iterations
pool_saturation_recovery   [  70% ] 479/800 VUs  4m12.0s/6m00.0s

running (4m13.0s), 486/800 VUs, 4443699 complete and 0 interrupted iterations
pool_saturation_recovery   [  70% ] 486/800 VUs  4m13.0s/6m00.0s

running (4m14.0s), 493/800 VUs, 4459837 complete and 0 interrupted iterations
pool_saturation_recovery   [  71% ] 493/800 VUs  4m14.0s/6m00.0s

running (4m15.0s), 499/800 VUs, 4475345 complete and 0 interrupted iterations
pool_saturation_recovery   [  71% ] 499/800 VUs  4m15.0s/6m00.0s

running (4m16.0s), 506/800 VUs, 4491179 complete and 0 interrupted iterations
pool_saturation_recovery   [  71% ] 506/800 VUs  4m16.0s/6m00.0s

running (4m17.0s), 513/800 VUs, 4506475 complete and 0 interrupted iterations
pool_saturation_recovery   [  71% ] 513/800 VUs  4m17.0s/6m00.0s

running (4m18.0s), 519/800 VUs, 4525020 complete and 0 interrupted iterations
pool_saturation_recovery   [  72% ] 519/800 VUs  4m18.0s/6m00.0s

running (4m19.0s), 526/800 VUs, 4541893 complete and 0 interrupted iterations
pool_saturation_recovery   [  72% ] 526/800 VUs  4m19.0s/6m00.0s

running (4m20.0s), 533/800 VUs, 4558051 complete and 0 interrupted iterations
pool_saturation_recovery   [  72% ] 533/800 VUs  4m20.0s/6m00.0s

running (4m21.0s), 539/800 VUs, 4574142 complete and 0 interrupted iterations
pool_saturation_recovery   [  72% ] 539/800 VUs  4m21.0s/6m00.0s

running (4m22.0s), 546/800 VUs, 4590791 complete and 0 interrupted iterations
pool_saturation_recovery   [  73% ] 546/800 VUs  4m22.0s/6m00.0s

running (4m23.0s), 553/800 VUs, 4606759 complete and 0 interrupted iterations
pool_saturation_recovery   [  73% ] 553/800 VUs  4m23.0s/6m00.0s

running (4m24.0s), 559/800 VUs, 4624333 complete and 0 interrupted iterations
pool_saturation_recovery   [  73% ] 559/800 VUs  4m24.0s/6m00.0s

running (4m25.0s), 566/800 VUs, 4640727 complete and 0 interrupted iterations
pool_saturation_recovery   [  74% ] 566/800 VUs  4m25.0s/6m00.0s

running (4m26.0s), 573/800 VUs, 4659114 complete and 0 interrupted iterations
pool_saturation_recovery   [  74% ] 573/800 VUs  4m26.0s/6m00.0s

running (4m27.0s), 579/800 VUs, 4676599 complete and 0 interrupted iterations
pool_saturation_recovery   [  74% ] 579/800 VUs  4m27.0s/6m00.0s

running (4m28.0s), 586/800 VUs, 4694732 complete and 0 interrupted iterations
pool_saturation_recovery   [  74% ] 586/800 VUs  4m28.0s/6m00.0s

running (4m29.0s), 593/800 VUs, 4710111 complete and 0 interrupted iterations
pool_saturation_recovery   [  75% ] 593/800 VUs  4m29.0s/6m00.0s

running (4m30.0s), 599/800 VUs, 4729778 complete and 0 interrupted iterations
pool_saturation_recovery   [  75% ] 599/800 VUs  4m30.0s/6m00.0s

running (4m31.0s), 606/800 VUs, 4747069 complete and 0 interrupted iterations
pool_saturation_recovery   [  75% ] 606/800 VUs  4m31.0s/6m00.0s

running (4m32.0s), 613/800 VUs, 4762757 complete and 0 interrupted iterations
pool_saturation_recovery   [  76% ] 613/800 VUs  4m32.0s/6m00.0s

running (4m33.0s), 619/800 VUs, 4778272 complete and 0 interrupted iterations
pool_saturation_recovery   [  76% ] 619/800 VUs  4m33.0s/6m00.0s

running (4m34.0s), 626/800 VUs, 4795901 complete and 0 interrupted iterations
pool_saturation_recovery   [  76% ] 626/800 VUs  4m34.0s/6m00.0s

running (4m35.0s), 633/800 VUs, 4812546 complete and 0 interrupted iterations
pool_saturation_recovery   [  76% ] 633/800 VUs  4m35.0s/6m00.0s

running (4m36.0s), 639/800 VUs, 4827562 complete and 0 interrupted iterations
pool_saturation_recovery   [  77% ] 639/800 VUs  4m36.0s/6m00.0s

running (4m37.0s), 646/800 VUs, 4841379 complete and 0 interrupted iterations
pool_saturation_recovery   [  77% ] 646/800 VUs  4m37.0s/6m00.0s

running (4m38.0s), 653/800 VUs, 4858044 complete and 0 interrupted iterations
pool_saturation_recovery   [  77% ] 653/800 VUs  4m38.0s/6m00.0s

running (4m39.0s), 659/800 VUs, 4876034 complete and 0 interrupted iterations
pool_saturation_recovery   [  77% ] 659/800 VUs  4m39.0s/6m00.0s

running (4m40.0s), 666/800 VUs, 4889404 complete and 0 interrupted iterations
pool_saturation_recovery   [  78% ] 666/800 VUs  4m40.0s/6m00.0s

running (4m41.0s), 673/800 VUs, 4902308 complete and 0 interrupted iterations
pool_saturation_recovery   [  78% ] 673/800 VUs  4m41.0s/6m00.0s

running (4m42.0s), 679/800 VUs, 4916602 complete and 0 interrupted iterations
pool_saturation_recovery   [  78% ] 679/800 VUs  4m42.0s/6m00.0s

running (4m43.0s), 686/800 VUs, 4931303 complete and 0 interrupted iterations
pool_saturation_recovery   [  79% ] 686/800 VUs  4m43.0s/6m00.0s

running (4m44.0s), 693/800 VUs, 4944985 complete and 0 interrupted iterations
pool_saturation_recovery   [  79% ] 693/800 VUs  4m44.0s/6m00.0s

running (4m45.0s), 699/800 VUs, 4957388 complete and 0 interrupted iterations
pool_saturation_recovery   [  79% ] 699/800 VUs  4m45.0s/6m00.0s

running (4m46.0s), 706/800 VUs, 4973457 complete and 0 interrupted iterations
pool_saturation_recovery   [  79% ] 706/800 VUs  4m46.0s/6m00.0s

running (4m47.0s), 713/800 VUs, 4988417 complete and 0 interrupted iterations
pool_saturation_recovery   [  80% ] 713/800 VUs  4m47.0s/6m00.0s

running (4m48.0s), 719/800 VUs, 5005154 complete and 0 interrupted iterations
pool_saturation_recovery   [  80% ] 719/800 VUs  4m48.0s/6m00.0s

running (4m49.0s), 726/800 VUs, 5019629 complete and 0 interrupted iterations
pool_saturation_recovery   [  80% ] 726/800 VUs  4m49.0s/6m00.0s

running (4m50.0s), 733/800 VUs, 5035239 complete and 0 interrupted iterations
pool_saturation_recovery   [  81% ] 733/800 VUs  4m50.0s/6m00.0s

running (4m51.0s), 739/800 VUs, 5048416 complete and 0 interrupted iterations
pool_saturation_recovery   [  81% ] 739/800 VUs  4m51.0s/6m00.0s

running (4m52.0s), 746/800 VUs, 5063374 complete and 0 interrupted iterations
pool_saturation_recovery   [  81% ] 746/800 VUs  4m52.0s/6m00.0s

running (4m53.0s), 753/800 VUs, 5075797 complete and 0 interrupted iterations
pool_saturation_recovery   [  81% ] 753/800 VUs  4m53.0s/6m00.0s

running (4m54.0s), 759/800 VUs, 5089575 complete and 0 interrupted iterations
pool_saturation_recovery   [  82% ] 759/800 VUs  4m54.0s/6m00.0s

running (4m55.0s), 766/800 VUs, 5101712 complete and 0 interrupted iterations
pool_saturation_recovery   [  82% ] 766/800 VUs  4m55.0s/6m00.0s

running (4m56.0s), 773/800 VUs, 5113697 complete and 0 interrupted iterations
pool_saturation_recovery   [  82% ] 773/800 VUs  4m56.0s/6m00.0s

running (4m57.0s), 779/800 VUs, 5127319 complete and 0 interrupted iterations
pool_saturation_recovery   [  82% ] 779/800 VUs  4m57.0s/6m00.0s

running (4m58.0s), 786/800 VUs, 5141614 complete and 0 interrupted iterations
pool_saturation_recovery   [  83% ] 786/800 VUs  4m58.0s/6m00.0s

running (4m59.0s), 793/800 VUs, 5154082 complete and 0 interrupted iterations
pool_saturation_recovery   [  83% ] 793/800 VUs  4m59.0s/6m00.0s

running (5m00.0s), 799/800 VUs, 5167768 complete and 0 interrupted iterations
pool_saturation_recovery   [  83% ] 799/800 VUs  5m00.0s/6m00.0s

running (5m01.0s), 789/800 VUs, 5176428 complete and 0 interrupted iterations
pool_saturation_recovery   [  84% ] 789/800 VUs  5m01.0s/6m00.0s

running (5m02.0s), 777/800 VUs, 5182139 complete and 0 interrupted iterations
pool_saturation_recovery   [  84% ] 777/800 VUs  5m02.0s/6m00.0s

running (5m03.0s), 767/800 VUs, 5184789 complete and 0 interrupted iterations
pool_saturation_recovery   [  84% ] 767/800 VUs  5m03.0s/6m00.0s

running (5m04.0s), 751/800 VUs, 5194514 complete and 0 interrupted iterations
pool_saturation_recovery   [  84% ] 751/800 VUs  5m04.0s/6m00.0s

running (5m05.0s), 739/800 VUs, 5200099 complete and 0 interrupted iterations
pool_saturation_recovery   [  85% ] 739/800 VUs  5m05.0s/6m00.0s

running (5m06.0s), 727/800 VUs, 5207732 complete and 0 interrupted iterations
pool_saturation_recovery   [  85% ] 727/800 VUs  5m06.0s/6m00.0s

running (5m07.0s), 714/800 VUs, 5219018 complete and 0 interrupted iterations
pool_saturation_recovery   [  85% ] 714/800 VUs  5m07.0s/6m00.0s

running (5m08.0s), 701/800 VUs, 5225245 complete and 0 interrupted iterations
pool_saturation_recovery   [  86% ] 701/800 VUs  5m08.0s/6m00.0s

running (5m09.0s), 689/800 VUs, 5235212 complete and 0 interrupted iterations
pool_saturation_recovery   [  86% ] 689/800 VUs  5m09.0s/6m00.0s

running (5m10.0s), 676/800 VUs, 5244726 complete and 0 interrupted iterations
pool_saturation_recovery   [  86% ] 676/800 VUs  5m10.0s/6m00.0s

running (5m11.0s), 664/800 VUs, 5254571 complete and 0 interrupted iterations
pool_saturation_recovery   [  86% ] 664/800 VUs  5m11.0s/6m00.0s

running (5m12.0s), 651/800 VUs, 5267990 complete and 0 interrupted iterations
pool_saturation_recovery   [  87% ] 651/800 VUs  5m12.0s/6m00.0s

running (5m13.0s), 639/800 VUs, 5281784 complete and 0 interrupted iterations
pool_saturation_recovery   [  87% ] 639/800 VUs  5m13.0s/6m00.0s

running (5m14.0s), 626/800 VUs, 5296125 complete and 0 interrupted iterations
pool_saturation_recovery   [  87% ] 626/800 VUs  5m14.0s/6m00.0s

running (5m15.0s), 614/800 VUs, 5309322 complete and 0 interrupted iterations
pool_saturation_recovery   [  87% ] 614/800 VUs  5m15.0s/6m00.0s

running (5m16.0s), 601/800 VUs, 5319263 complete and 0 interrupted iterations
pool_saturation_recovery   [  88% ] 601/800 VUs  5m16.0s/6m00.0s

running (5m17.0s), 588/800 VUs, 5331269 complete and 0 interrupted iterations
pool_saturation_recovery   [  88% ] 588/800 VUs  5m17.0s/6m00.0s

running (5m18.0s), 576/800 VUs, 5346800 complete and 0 interrupted iterations
pool_saturation_recovery   [  88% ] 576/800 VUs  5m18.0s/6m00.0s

running (5m19.0s), 564/800 VUs, 5364734 complete and 0 interrupted iterations
pool_saturation_recovery   [  89% ] 564/800 VUs  5m19.0s/6m00.0s

running (5m20.0s), 551/800 VUs, 5379143 complete and 0 interrupted iterations
pool_saturation_recovery   [  89% ] 551/800 VUs  5m20.0s/6m00.0s

running (5m21.0s), 539/800 VUs, 5394009 complete and 0 interrupted iterations
pool_saturation_recovery   [  89% ] 539/800 VUs  5m21.0s/6m00.0s

running (5m22.0s), 526/800 VUs, 5407617 complete and 0 interrupted iterations
pool_saturation_recovery   [  89% ] 526/800 VUs  5m22.0s/6m00.0s

running (5m23.0s), 514/800 VUs, 5421453 complete and 0 interrupted iterations
pool_saturation_recovery   [  90% ] 514/800 VUs  5m23.0s/6m00.0s

running (5m24.0s), 501/800 VUs, 5426756 complete and 0 interrupted iterations
pool_saturation_recovery   [  90% ] 501/800 VUs  5m24.0s/6m00.0s

running (5m25.0s), 489/800 VUs, 5431332 complete and 0 interrupted iterations
pool_saturation_recovery   [  90% ] 489/800 VUs  5m25.0s/6m00.0s

running (5m26.0s), 477/800 VUs, 5436300 complete and 0 interrupted iterations
pool_saturation_recovery   [  91% ] 477/800 VUs  5m26.0s/6m00.0s

running (5m27.0s), 467/800 VUs, 5440335 complete and 0 interrupted iterations
pool_saturation_recovery   [  91% ] 467/800 VUs  5m27.0s/6m00.0s

running (5m28.0s), 451/800 VUs, 5449106 complete and 0 interrupted iterations
pool_saturation_recovery   [  91% ] 451/800 VUs  5m28.0s/6m00.0s

running (5m29.0s), 439/800 VUs, 5457363 complete and 0 interrupted iterations
pool_saturation_recovery   [  91% ] 439/800 VUs  5m29.0s/6m00.0s

running (5m30.0s), 426/800 VUs, 5462524 complete and 0 interrupted iterations
pool_saturation_recovery   [  92% ] 426/800 VUs  5m30.0s/6m00.0s

running (5m31.0s), 414/800 VUs, 5469575 complete and 0 interrupted iterations
pool_saturation_recovery   [  92% ] 414/800 VUs  5m31.0s/6m00.0s

running (5m32.0s), 401/800 VUs, 5477432 complete and 0 interrupted iterations
pool_saturation_recovery   [  92% ] 401/800 VUs  5m32.0s/6m00.0s

running (5m33.0s), 389/800 VUs, 5486202 complete and 0 interrupted iterations
pool_saturation_recovery   [  92% ] 389/800 VUs  5m33.0s/6m00.0s

running (5m34.0s), 376/800 VUs, 5500884 complete and 0 interrupted iterations
pool_saturation_recovery   [  93% ] 376/800 VUs  5m34.0s/6m00.0s

running (5m35.0s), 364/800 VUs, 5516041 complete and 0 interrupted iterations
pool_saturation_recovery   [  93% ] 364/800 VUs  5m35.0s/6m00.0s

running (5m36.0s), 351/800 VUs, 5530620 complete and 0 interrupted iterations
pool_saturation_recovery   [  93% ] 351/800 VUs  5m36.0s/6m00.0s

running (5m37.0s), 339/800 VUs, 5544305 complete and 0 interrupted iterations
pool_saturation_recovery   [  94% ] 339/800 VUs  5m37.0s/6m00.0s

running (5m38.0s), 326/800 VUs, 5559770 complete and 0 interrupted iterations
pool_saturation_recovery   [  94% ] 326/800 VUs  5m38.0s/6m00.0s

running (5m39.0s), 314/800 VUs, 5575376 complete and 0 interrupted iterations
pool_saturation_recovery   [  94% ] 314/800 VUs  5m39.0s/6m00.0s

running (5m40.0s), 301/800 VUs, 5591981 complete and 0 interrupted iterations
pool_saturation_recovery   [  94% ] 301/800 VUs  5m40.0s/6m00.0s

running (5m41.0s), 289/800 VUs, 5607135 complete and 0 interrupted iterations
pool_saturation_recovery   [  95% ] 289/800 VUs  5m41.0s/6m00.0s

running (5m42.0s), 276/800 VUs, 5620965 complete and 0 interrupted iterations
pool_saturation_recovery   [  95% ] 276/800 VUs  5m42.0s/6m00.0s

running (5m43.0s), 264/800 VUs, 5635893 complete and 0 interrupted iterations
pool_saturation_recovery   [  95% ] 264/800 VUs  5m43.0s/6m00.0s

running (5m44.0s), 251/800 VUs, 5651369 complete and 0 interrupted iterations
pool_saturation_recovery   [  96% ] 251/800 VUs  5m44.0s/6m00.0s

running (5m45.0s), 239/800 VUs, 5663912 complete and 0 interrupted iterations
pool_saturation_recovery   [  96% ] 239/800 VUs  5m45.0s/6m00.0s

running (5m46.0s), 226/800 VUs, 5679952 complete and 0 interrupted iterations
pool_saturation_recovery   [  96% ] 226/800 VUs  5m46.0s/6m00.0s

running (5m47.0s), 214/800 VUs, 5693688 complete and 0 interrupted iterations
pool_saturation_recovery   [  96% ] 214/800 VUs  5m47.0s/6m00.0s

running (5m48.0s), 201/800 VUs, 5709834 complete and 0 interrupted iterations
pool_saturation_recovery   [  97% ] 201/800 VUs  5m48.0s/6m00.0s

running (5m49.0s), 189/800 VUs, 5723987 complete and 0 interrupted iterations
pool_saturation_recovery   [  97% ] 189/800 VUs  5m49.0s/6m00.0s

running (5m50.0s), 176/800 VUs, 5737662 complete and 0 interrupted iterations
pool_saturation_recovery   [  97% ] 176/800 VUs  5m50.0s/6m00.0s

running (5m51.0s), 164/800 VUs, 5751321 complete and 0 interrupted iterations
pool_saturation_recovery   [  97% ] 164/800 VUs  5m51.0s/6m00.0s

running (5m52.0s), 151/800 VUs, 5764904 complete and 0 interrupted iterations
pool_saturation_recovery   [  98% ] 151/800 VUs  5m52.0s/6m00.0s

running (5m53.0s), 139/800 VUs, 5777246 complete and 0 interrupted iterations
pool_saturation_recovery   [  98% ] 139/800 VUs  5m53.0s/6m00.0s

running (5m54.0s), 126/800 VUs, 5788967 complete and 0 interrupted iterations
pool_saturation_recovery   [  98% ] 126/800 VUs  5m54.0s/6m00.0s

running (5m55.0s), 114/800 VUs, 5795177 complete and 0 interrupted iterations
pool_saturation_recovery   [  99% ] 114/800 VUs  5m55.0s/6m00.0s

running (5m56.0s), 101/800 VUs, 5808555 complete and 0 interrupted iterations
pool_saturation_recovery   [  99% ] 101/800 VUs  5m56.0s/6m00.0s

running (5m57.0s), 089/800 VUs, 5821239 complete and 0 interrupted iterations
pool_saturation_recovery   [  99% ] 089/800 VUs  5m57.0s/6m00.0s

running (5m58.0s), 076/800 VUs, 5835151 complete and 0 interrupted iterations
pool_saturation_recovery   [  99% ] 076/800 VUs  5m58.0s/6m00.0s

running (5m59.0s), 063/800 VUs, 5850133 complete and 0 interrupted iterations
pool_saturation_recovery   [ 100% ] 063/800 VUs  5m59.0s/6m00.0s

running (6m00.0s), 051/800 VUs, 5863292 complete and 0 interrupted iterations
pool_saturation_recovery   [ 100% ] 051/800 VUs  6m00.0s/6m00.0s

running (6m00.0s), 000/800 VUs, 5863799 complete and 0 interrupted iterations
pool_saturation_recovery ✓ [ 100% ] 000/800 VUs  6m0s

running (6m00.0s), 000/800 VUs, 5863799 complete and 0 interrupted iterations
pool_saturation_recovery ✓ [ 100% ] 000/800 VUs  6m0s


  █ THRESHOLDS 

    http_req_duration
    ✓ 'p(99)<1500' p(99)=81.92ms

    http_req_failed
    ✓ 'rate<0.15' rate=0.00%


  █ TOTAL RESULTS 

    checks_total.......: 5863799 16288.11605/s
    checks_succeeded...: 100.00% 5863799 out of 5863799
    checks_failed......: 0.00%   0 out of 5863799

    ✓ status is 200 or 404

    HTTP
    http_req_duration..............: avg=16.06ms med=9.21ms max=762.15ms p(95)=51.72ms p(99)=81.92ms p(99.9)=232.91ms
      { expected_response:true }...: avg=16.06ms med=9.21ms max=762.15ms p(95)=51.72ms p(99)=81.92ms p(99.9)=232.91ms
    http_req_failed................: 0.00%   0 out of 5863799
    http_reqs......................: 5863799 16288.11605/s

    EXECUTION
    iteration_duration.............: avg=16.14ms med=9.25ms max=762.31ms p(95)=51.9ms  p(99)=82.48ms p(99.9)=237.69ms
    iterations.....................: 5863799 16288.11605/s
    vus............................: 51      min=10           max=799
    vus_max........................: 800     min=800          max=800

    NETWORK
    data_received..................: 827 MB  2.3 MB/s
    data_sent......................: 657 MB  1.8 MB/s




running (6m00.0s), 000/800 VUs, 5863799 complete and 0 interrupted iterations
pool_saturation_recovery ✓ [ 100% ] 000/800 VUs  6m0s
