
         /\      Grafana   /‾‾/  
    /\  /  \     |\  __   /  /   
   /  \/    \    | |/ /  /   ‾‾\ 
  /          \   |   (  |  (‾)  |
 / __________ \  |_|\_\  \_____/ 


     execution: local
        script: /Users/hrirks/video-gen/prod.garbagedestroyer/projects/rust-go-dotnet-microservice-2026/bench/k6/tail-latency.js
        output: -

     scenarios: (100.00%) 1 scenario, 3000 max VUs, 8m0s max duration (incl. graceful stop):
              * tail_open_loop: Up to 20000.00 iterations/s for 7m30s over 5 stages (maxVUs: 300-3000, gracefulStop: 30s)


running (0m01.0s), 0002/0300 VUs, 1952 complete and 0 interrupted iterations
tail_open_loop   [   0% ] 0002/0300 VUs  0m01.0s/7m30s  02000.00 iters/s

running (0m02.0s), 0002/0300 VUs, 3952 complete and 0 interrupted iterations
tail_open_loop   [   0% ] 0002/0300 VUs  0m02.0s/7m30s  02000.00 iters/s

running (0m03.0s), 0003/0300 VUs, 5951 complete and 0 interrupted iterations
tail_open_loop   [   1% ] 0003/0300 VUs  0m03.0s/7m30s  02000.00 iters/s

running (0m04.0s), 0002/0300 VUs, 7952 complete and 0 interrupted iterations
tail_open_loop   [   1% ] 0002/0300 VUs  0m04.0s/7m30s  02000.00 iters/s

running (0m05.0s), 0001/0300 VUs, 9953 complete and 0 interrupted iterations
tail_open_loop   [   1% ] 0001/0300 VUs  0m05.0s/7m30s  02000.00 iters/s

running (0m06.0s), 0001/0300 VUs, 11953 complete and 0 interrupted iterations
tail_open_loop   [   1% ] 0001/0300 VUs  0m06.0s/7m30s  02000.00 iters/s

running (0m07.0s), 0001/0300 VUs, 13953 complete and 0 interrupted iterations
tail_open_loop   [   2% ] 0001/0300 VUs  0m07.0s/7m30s  02000.00 iters/s

running (0m08.0s), 0001/0300 VUs, 15953 complete and 0 interrupted iterations
tail_open_loop   [   2% ] 0001/0300 VUs  0m08.0s/7m30s  02000.00 iters/s

running (0m09.0s), 0001/0300 VUs, 17953 complete and 0 interrupted iterations
tail_open_loop   [   2% ] 0001/0300 VUs  0m09.0s/7m30s  02000.00 iters/s

running (0m10.0s), 0001/0300 VUs, 19953 complete and 0 interrupted iterations
tail_open_loop   [   2% ] 0001/0300 VUs  0m10.0s/7m30s  02000.00 iters/s

running (0m11.0s), 0001/0300 VUs, 21953 complete and 0 interrupted iterations
tail_open_loop   [   2% ] 0001/0300 VUs  0m11.0s/7m30s  02000.00 iters/s

running (0m12.0s), 0001/0300 VUs, 23953 complete and 0 interrupted iterations
tail_open_loop   [   3% ] 0001/0300 VUs  0m12.0s/7m30s  02000.00 iters/s

running (0m13.0s), 0001/0300 VUs, 25953 complete and 0 interrupted iterations
tail_open_loop   [   3% ] 0001/0300 VUs  0m13.0s/7m30s  02000.00 iters/s

running (0m14.0s), 0001/0300 VUs, 27953 complete and 0 interrupted iterations
tail_open_loop   [   3% ] 0001/0300 VUs  0m14.0s/7m30s  02000.00 iters/s

running (0m15.0s), 0001/0300 VUs, 29953 complete and 0 interrupted iterations
tail_open_loop   [   3% ] 0001/0300 VUs  0m15.0s/7m30s  02000.00 iters/s

running (0m16.0s), 0001/0300 VUs, 31953 complete and 0 interrupted iterations
tail_open_loop   [   4% ] 0001/0300 VUs  0m16.0s/7m30s  02000.00 iters/s

running (0m17.0s), 0001/0300 VUs, 33953 complete and 0 interrupted iterations
tail_open_loop   [   4% ] 0001/0300 VUs  0m17.0s/7m30s  02000.00 iters/s

running (0m18.0s), 0001/0300 VUs, 35953 complete and 0 interrupted iterations
tail_open_loop   [   4% ] 0001/0300 VUs  0m18.0s/7m30s  02000.00 iters/s

running (0m19.0s), 0001/0300 VUs, 37953 complete and 0 interrupted iterations
tail_open_loop   [   4% ] 0001/0300 VUs  0m19.0s/7m30s  02000.00 iters/s

running (0m20.0s), 0001/0300 VUs, 39953 complete and 0 interrupted iterations
tail_open_loop   [   4% ] 0001/0300 VUs  0m20.0s/7m30s  02000.00 iters/s

running (0m21.0s), 0003/0300 VUs, 41952 complete and 0 interrupted iterations
tail_open_loop   [   5% ] 0003/0300 VUs  0m21.0s/7m30s  02000.00 iters/s

running (0m22.0s), 0002/0300 VUs, 43952 complete and 0 interrupted iterations
tail_open_loop   [   5% ] 0002/0300 VUs  0m22.0s/7m30s  02000.00 iters/s

running (0m23.0s), 0002/0300 VUs, 45952 complete and 0 interrupted iterations
tail_open_loop   [   5% ] 0002/0300 VUs  0m23.0s/7m30s  02000.00 iters/s

running (0m24.0s), 0002/0300 VUs, 47952 complete and 0 interrupted iterations
tail_open_loop   [   5% ] 0002/0300 VUs  0m24.0s/7m30s  02000.00 iters/s

running (0m25.0s), 0001/0300 VUs, 49953 complete and 0 interrupted iterations
tail_open_loop   [   6% ] 0001/0300 VUs  0m25.0s/7m30s  02000.00 iters/s

running (0m26.0s), 0001/0300 VUs, 51953 complete and 0 interrupted iterations
tail_open_loop   [   6% ] 0001/0300 VUs  0m26.0s/7m30s  02000.00 iters/s

running (0m27.0s), 0001/0300 VUs, 53953 complete and 0 interrupted iterations
tail_open_loop   [   6% ] 0001/0300 VUs  0m27.0s/7m30s  02000.00 iters/s

running (0m28.0s), 0001/0300 VUs, 55953 complete and 0 interrupted iterations
tail_open_loop   [   6% ] 0001/0300 VUs  0m28.0s/7m30s  02000.00 iters/s

running (0m29.0s), 0001/0300 VUs, 57953 complete and 0 interrupted iterations
tail_open_loop   [   6% ] 0001/0300 VUs  0m29.0s/7m30s  02000.00 iters/s

running (0m30.0s), 0001/0300 VUs, 59953 complete and 0 interrupted iterations
tail_open_loop   [   7% ] 0001/0300 VUs  0m30.0s/7m30s  02000.00 iters/s

running (0m31.0s), 0001/0300 VUs, 61953 complete and 0 interrupted iterations
tail_open_loop   [   7% ] 0001/0300 VUs  0m31.0s/7m30s  02000.00 iters/s

running (0m32.0s), 0001/0300 VUs, 63953 complete and 0 interrupted iterations
tail_open_loop   [   7% ] 0001/0300 VUs  0m32.0s/7m30s  02000.00 iters/s

running (0m33.0s), 0001/0300 VUs, 65953 complete and 0 interrupted iterations
tail_open_loop   [   7% ] 0001/0300 VUs  0m33.0s/7m30s  02000.00 iters/s

running (0m34.0s), 0001/0300 VUs, 67953 complete and 0 interrupted iterations
tail_open_loop   [   8% ] 0001/0300 VUs  0m34.0s/7m30s  02000.00 iters/s

running (0m35.0s), 0001/0300 VUs, 69953 complete and 0 interrupted iterations
tail_open_loop   [   8% ] 0001/0300 VUs  0m35.0s/7m30s  02000.00 iters/s

running (0m36.0s), 0001/0300 VUs, 71953 complete and 0 interrupted iterations
tail_open_loop   [   8% ] 0001/0300 VUs  0m36.0s/7m30s  02000.00 iters/s

running (0m37.0s), 0001/0300 VUs, 73953 complete and 0 interrupted iterations
tail_open_loop   [   8% ] 0001/0300 VUs  0m37.0s/7m30s  02000.00 iters/s

running (0m38.0s), 0001/0300 VUs, 75953 complete and 0 interrupted iterations
tail_open_loop   [   8% ] 0001/0300 VUs  0m38.0s/7m30s  02000.00 iters/s

running (0m39.0s), 0001/0300 VUs, 77953 complete and 0 interrupted iterations
tail_open_loop   [   9% ] 0001/0300 VUs  0m39.0s/7m30s  02000.00 iters/s

running (0m40.0s), 0001/0300 VUs, 79953 complete and 0 interrupted iterations
tail_open_loop   [   9% ] 0001/0300 VUs  0m40.0s/7m30s  02000.00 iters/s

running (0m41.0s), 0002/0300 VUs, 81952 complete and 0 interrupted iterations
tail_open_loop   [   9% ] 0002/0300 VUs  0m41.0s/7m30s  02000.00 iters/s

running (0m42.0s), 0002/0300 VUs, 83952 complete and 0 interrupted iterations
tail_open_loop   [   9% ] 0002/0300 VUs  0m42.0s/7m30s  02000.00 iters/s

running (0m43.0s), 0002/0300 VUs, 85952 complete and 0 interrupted iterations
tail_open_loop   [  10% ] 0002/0300 VUs  0m43.0s/7m30s  02000.00 iters/s

running (0m44.0s), 0002/0300 VUs, 87952 complete and 0 interrupted iterations
tail_open_loop   [  10% ] 0002/0300 VUs  0m44.0s/7m30s  02000.00 iters/s

running (0m45.0s), 0001/0300 VUs, 89953 complete and 0 interrupted iterations
tail_open_loop   [  10% ] 0001/0300 VUs  0m45.0s/7m30s  02000.00 iters/s

running (0m46.0s), 0001/0300 VUs, 91953 complete and 0 interrupted iterations
tail_open_loop   [  10% ] 0001/0300 VUs  0m46.0s/7m30s  02000.00 iters/s

running (0m47.0s), 0002/0300 VUs, 93952 complete and 0 interrupted iterations
tail_open_loop   [  10% ] 0002/0300 VUs  0m47.0s/7m30s  02000.00 iters/s

running (0m48.0s), 0001/0300 VUs, 95953 complete and 0 interrupted iterations
tail_open_loop   [  11% ] 0001/0300 VUs  0m48.0s/7m30s  02000.00 iters/s

running (0m49.0s), 0001/0300 VUs, 97953 complete and 0 interrupted iterations
tail_open_loop   [  11% ] 0001/0300 VUs  0m49.0s/7m30s  02000.00 iters/s

running (0m50.0s), 0001/0300 VUs, 99953 complete and 0 interrupted iterations
tail_open_loop   [  11% ] 0001/0300 VUs  0m50.0s/7m30s  02000.00 iters/s

running (0m51.0s), 0001/0300 VUs, 101953 complete and 0 interrupted iterations
tail_open_loop   [  11% ] 0001/0300 VUs  0m51.0s/7m30s  02000.00 iters/s

running (0m52.0s), 0001/0300 VUs, 103953 complete and 0 interrupted iterations
tail_open_loop   [  12% ] 0001/0300 VUs  0m52.0s/7m30s  02000.00 iters/s

running (0m53.0s), 0001/0300 VUs, 105953 complete and 0 interrupted iterations
tail_open_loop   [  12% ] 0001/0300 VUs  0m53.0s/7m30s  02000.00 iters/s

running (0m54.0s), 0001/0300 VUs, 107953 complete and 0 interrupted iterations
tail_open_loop   [  12% ] 0001/0300 VUs  0m54.0s/7m30s  02000.00 iters/s

running (0m55.0s), 0001/0300 VUs, 109953 complete and 0 interrupted iterations
tail_open_loop   [  12% ] 0001/0300 VUs  0m55.0s/7m30s  02000.00 iters/s

running (0m56.0s), 0001/0300 VUs, 111953 complete and 0 interrupted iterations
tail_open_loop   [  12% ] 0001/0300 VUs  0m56.0s/7m30s  02000.00 iters/s

running (0m57.0s), 0001/0300 VUs, 113953 complete and 0 interrupted iterations
tail_open_loop   [  13% ] 0001/0300 VUs  0m57.0s/7m30s  02000.00 iters/s

running (0m58.0s), 0001/0300 VUs, 115953 complete and 0 interrupted iterations
tail_open_loop   [  13% ] 0001/0300 VUs  0m58.0s/7m30s  02000.00 iters/s

running (0m59.0s), 0001/0300 VUs, 117953 complete and 0 interrupted iterations
tail_open_loop   [  13% ] 0001/0300 VUs  0m59.0s/7m30s  02000.00 iters/s

running (1m00.0s), 0001/0300 VUs, 119953 complete and 0 interrupted iterations
tail_open_loop   [  13% ] 0001/0300 VUs  1m00.0s/7m30s  02000.00 iters/s

running (1m01.0s), 0001/0300 VUs, 121953 complete and 0 interrupted iterations
tail_open_loop   [  14% ] 0001/0300 VUs  1m01.0s/7m30s  02000.00 iters/s

running (1m02.0s), 0001/0300 VUs, 123953 complete and 0 interrupted iterations
tail_open_loop   [  14% ] 0001/0300 VUs  1m02.0s/7m30s  02000.00 iters/s

running (1m03.0s), 0002/0300 VUs, 125952 complete and 0 interrupted iterations
tail_open_loop   [  14% ] 0002/0300 VUs  1m03.0s/7m30s  02000.00 iters/s

running (1m04.0s), 0002/0300 VUs, 127952 complete and 0 interrupted iterations
tail_open_loop   [  14% ] 0002/0300 VUs  1m04.0s/7m30s  02000.00 iters/s

running (1m05.0s), 0001/0300 VUs, 129953 complete and 0 interrupted iterations
tail_open_loop   [  14% ] 0001/0300 VUs  1m05.0s/7m30s  02000.00 iters/s

running (1m06.0s), 0001/0300 VUs, 131953 complete and 0 interrupted iterations
tail_open_loop   [  15% ] 0001/0300 VUs  1m06.0s/7m30s  02000.00 iters/s

running (1m07.0s), 0001/0300 VUs, 133953 complete and 0 interrupted iterations
tail_open_loop   [  15% ] 0001/0300 VUs  1m07.0s/7m30s  02000.00 iters/s

running (1m08.0s), 0001/0300 VUs, 135953 complete and 0 interrupted iterations
tail_open_loop   [  15% ] 0001/0300 VUs  1m08.0s/7m30s  02000.00 iters/s

running (1m09.0s), 0001/0300 VUs, 137953 complete and 0 interrupted iterations
tail_open_loop   [  15% ] 0001/0300 VUs  1m09.0s/7m30s  02000.00 iters/s

running (1m10.0s), 0001/0300 VUs, 139953 complete and 0 interrupted iterations
tail_open_loop   [  16% ] 0001/0300 VUs  1m10.0s/7m30s  02000.00 iters/s

running (1m11.0s), 0001/0300 VUs, 141953 complete and 0 interrupted iterations
tail_open_loop   [  16% ] 0001/0300 VUs  1m11.0s/7m30s  02000.00 iters/s

running (1m12.0s), 0001/0300 VUs, 143953 complete and 0 interrupted iterations
tail_open_loop   [  16% ] 0001/0300 VUs  1m12.0s/7m30s  02000.00 iters/s

running (1m13.0s), 0001/0300 VUs, 145953 complete and 0 interrupted iterations
tail_open_loop   [  16% ] 0001/0300 VUs  1m13.0s/7m30s  02000.00 iters/s

running (1m14.0s), 0001/0300 VUs, 147953 complete and 0 interrupted iterations
tail_open_loop   [  16% ] 0001/0300 VUs  1m14.0s/7m30s  02000.00 iters/s

running (1m15.0s), 0001/0300 VUs, 149953 complete and 0 interrupted iterations
tail_open_loop   [  17% ] 0001/0300 VUs  1m15.0s/7m30s  02000.00 iters/s

running (1m16.0s), 0001/0300 VUs, 151953 complete and 0 interrupted iterations
tail_open_loop   [  17% ] 0001/0300 VUs  1m16.0s/7m30s  02000.00 iters/s

running (1m17.0s), 0001/0300 VUs, 153953 complete and 0 interrupted iterations
tail_open_loop   [  17% ] 0001/0300 VUs  1m17.0s/7m30s  02000.00 iters/s

running (1m18.0s), 0001/0300 VUs, 155953 complete and 0 interrupted iterations
tail_open_loop   [  17% ] 0001/0300 VUs  1m18.0s/7m30s  02000.00 iters/s

running (1m19.0s), 0031/0300 VUs, 157923 complete and 0 interrupted iterations
tail_open_loop   [  18% ] 0031/0300 VUs  1m19.0s/7m30s  02000.00 iters/s

running (1m20.0s), 0001/0300 VUs, 159953 complete and 0 interrupted iterations
tail_open_loop   [  18% ] 0001/0300 VUs  1m20.0s/7m30s  02000.00 iters/s

running (1m21.0s), 0001/0300 VUs, 161953 complete and 0 interrupted iterations
tail_open_loop   [  18% ] 0001/0300 VUs  1m21.0s/7m30s  02000.00 iters/s

running (1m22.0s), 0001/0300 VUs, 163953 complete and 0 interrupted iterations
tail_open_loop   [  18% ] 0001/0300 VUs  1m22.0s/7m30s  02000.00 iters/s

running (1m23.0s), 0002/0300 VUs, 165952 complete and 0 interrupted iterations
tail_open_loop   [  18% ] 0002/0300 VUs  1m23.0s/7m30s  02000.00 iters/s

running (1m24.0s), 0002/0300 VUs, 167952 complete and 0 interrupted iterations
tail_open_loop   [  19% ] 0002/0300 VUs  1m24.0s/7m30s  02000.00 iters/s

running (1m25.0s), 0001/0300 VUs, 169953 complete and 0 interrupted iterations
tail_open_loop   [  19% ] 0001/0300 VUs  1m25.0s/7m30s  02000.00 iters/s

running (1m26.0s), 0001/0300 VUs, 171953 complete and 0 interrupted iterations
tail_open_loop   [  19% ] 0001/0300 VUs  1m26.0s/7m30s  02000.00 iters/s

running (1m27.0s), 0003/0300 VUs, 173951 complete and 0 interrupted iterations
tail_open_loop   [  19% ] 0003/0300 VUs  1m27.0s/7m30s  02000.00 iters/s

running (1m28.0s), 0001/0300 VUs, 175953 complete and 0 interrupted iterations
tail_open_loop   [  20% ] 0001/0300 VUs  1m28.0s/7m30s  02000.00 iters/s

running (1m29.0s), 0006/0300 VUs, 177949 complete and 0 interrupted iterations
tail_open_loop   [  20% ] 0006/0300 VUs  1m29.0s/7m30s  02000.00 iters/s

running (1m30.0s), 0001/0300 VUs, 179953 complete and 0 interrupted iterations
tail_open_loop   [  20% ] 0001/0300 VUs  1m30.0s/7m30s  02000.00 iters/s

running (1m31.0s), 0001/0300 VUs, 181969 complete and 0 interrupted iterations
tail_open_loop   [  20% ] 0001/0300 VUs  1m31.0s/7m30s  02032.58 iters/s

running (1m32.0s), 0001/0300 VUs, 184018 complete and 0 interrupted iterations
tail_open_loop   [  20% ] 0001/0300 VUs  1m32.0s/7m30s  02065.91 iters/s

running (1m33.0s), 0000/0300 VUs, 186101 complete and 0 interrupted iterations
tail_open_loop   [  21% ] 0000/0300 VUs  1m33.0s/7m30s  02099.23 iters/s

running (1m34.0s), 0000/0300 VUs, 188217 complete and 0 interrupted iterations
tail_open_loop   [  21% ] 0000/0300 VUs  1m34.0s/7m30s  02132.56 iters/s

running (1m35.0s), 0001/0300 VUs, 190366 complete and 0 interrupted iterations
tail_open_loop   [  21% ] 0001/0300 VUs  1m35.0s/7m30s  02165.91 iters/s

running (1m36.0s), 0001/0300 VUs, 192548 complete and 0 interrupted iterations
tail_open_loop   [  21% ] 0001/0300 VUs  1m36.0s/7m30s  02199.24 iters/s

running (1m37.0s), 0001/0300 VUs, 194764 complete and 0 interrupted iterations
tail_open_loop   [  22% ] 0001/0300 VUs  1m37.0s/7m30s  02232.57 iters/s

running (1m38.0s), 0000/0300 VUs, 197014 complete and 0 interrupted iterations
tail_open_loop   [  22% ] 0000/0300 VUs  1m38.0s/7m30s  02265.90 iters/s

running (1m39.0s), 0001/0300 VUs, 199296 complete and 0 interrupted iterations
tail_open_loop   [  22% ] 0001/0300 VUs  1m39.0s/7m30s  02299.24 iters/s

running (1m40.0s), 0001/0300 VUs, 201612 complete and 0 interrupted iterations
tail_open_loop   [  22% ] 0001/0300 VUs  1m40.0s/7m30s  02332.57 iters/s

running (1m41.0s), 0001/0300 VUs, 203961 complete and 0 interrupted iterations
tail_open_loop   [  22% ] 0001/0300 VUs  1m41.0s/7m30s  02365.90 iters/s

running (1m42.0s), 0000/0300 VUs, 206344 complete and 0 interrupted iterations
tail_open_loop   [  23% ] 0000/0300 VUs  1m42.0s/7m30s  02399.23 iters/s

running (1m43.0s), 0002/0300 VUs, 208759 complete and 0 interrupted iterations
tail_open_loop   [  23% ] 0002/0300 VUs  1m43.0s/7m30s  02432.58 iters/s

running (1m44.0s), 0003/0300 VUs, 211207 complete and 0 interrupted iterations
tail_open_loop   [  23% ] 0003/0300 VUs  1m44.0s/7m30s  02465.90 iters/s

running (1m45.0s), 0002/0300 VUs, 213690 complete and 0 interrupted iterations
tail_open_loop   [  23% ] 0002/0300 VUs  1m45.0s/7m30s  02499.23 iters/s

running (1m46.0s), 0001/0300 VUs, 216207 complete and 0 interrupted iterations
tail_open_loop   [  24% ] 0001/0300 VUs  1m46.0s/7m30s  02532.56 iters/s

running (1m47.0s), 0001/0300 VUs, 218756 complete and 0 interrupted iterations
tail_open_loop   [  24% ] 0001/0300 VUs  1m47.0s/7m30s  02565.90 iters/s

running (1m48.0s), 0001/0300 VUs, 221339 complete and 0 interrupted iterations
tail_open_loop   [  24% ] 0001/0300 VUs  1m48.0s/7m30s  02599.24 iters/s

running (1m49.0s), 0001/0300 VUs, 223955 complete and 0 interrupted iterations
tail_open_loop   [  24% ] 0001/0300 VUs  1m49.0s/7m30s  02632.58 iters/s

running (1m50.0s), 0001/0300 VUs, 226604 complete and 0 interrupted iterations
tail_open_loop   [  24% ] 0001/0300 VUs  1m50.0s/7m30s  02665.90 iters/s

running (1m51.0s), 0001/0300 VUs, 229287 complete and 0 interrupted iterations
tail_open_loop   [  25% ] 0001/0300 VUs  1m51.0s/7m30s  02699.24 iters/s

running (1m52.0s), 0001/0300 VUs, 232003 complete and 0 interrupted iterations
tail_open_loop   [  25% ] 0001/0300 VUs  1m52.0s/7m30s  02732.58 iters/s

running (1m53.0s), 0001/0300 VUs, 234752 complete and 0 interrupted iterations
tail_open_loop   [  25% ] 0001/0300 VUs  1m53.0s/7m30s  02765.90 iters/s

running (1m54.0s), 0000/0300 VUs, 237535 complete and 0 interrupted iterations
tail_open_loop   [  25% ] 0000/0300 VUs  1m54.0s/7m30s  02799.23 iters/s

running (1m55.0s), 0000/0300 VUs, 240351 complete and 0 interrupted iterations
tail_open_loop   [  26% ] 0000/0300 VUs  1m55.0s/7m30s  02832.56 iters/s

running (1m56.0s), 0004/0300 VUs, 243197 complete and 0 interrupted iterations
tail_open_loop   [  26% ] 0004/0300 VUs  1m56.0s/7m30s  02865.90 iters/s

running (1m57.0s), 0001/0300 VUs, 246082 complete and 0 interrupted iterations
tail_open_loop   [  26% ] 0001/0300 VUs  1m57.0s/7m30s  02899.24 iters/s

running (1m58.0s), 0001/0300 VUs, 248998 complete and 0 interrupted iterations
tail_open_loop   [  26% ] 0001/0300 VUs  1m58.0s/7m30s  02932.57 iters/s

running (1m59.0s), 0000/0300 VUs, 251948 complete and 0 interrupted iterations
tail_open_loop   [  26% ] 0000/0300 VUs  1m59.0s/7m30s  02965.91 iters/s

running (2m00.0s), 0001/0300 VUs, 254930 complete and 0 interrupted iterations
tail_open_loop   [  27% ] 0001/0300 VUs  2m00.0s/7m30s  02999.24 iters/s

running (2m01.0s), 0001/0300 VUs, 257946 complete and 0 interrupted iterations
tail_open_loop   [  27% ] 0001/0300 VUs  2m01.0s/7m30s  03032.57 iters/s

running (2m02.0s), 0001/0300 VUs, 260995 complete and 0 interrupted iterations
tail_open_loop   [  27% ] 0001/0300 VUs  2m02.0s/7m30s  03065.90 iters/s

running (2m03.0s), 0002/0300 VUs, 264076 complete and 0 interrupted iterations
tail_open_loop   [  27% ] 0002/0300 VUs  2m03.0s/7m30s  03099.25 iters/s

running (2m04.0s), 0003/0300 VUs, 267192 complete and 0 interrupted iterations
tail_open_loop   [  28% ] 0003/0300 VUs  2m04.0s/7m30s  03132.59 iters/s

running (2m05.0s), 0003/0300 VUs, 270341 complete and 0 interrupted iterations
tail_open_loop   [  28% ] 0003/0300 VUs  2m05.0s/7m30s  03165.91 iters/s

running (2m06.0s), 0002/0300 VUs, 273524 complete and 0 interrupted iterations
tail_open_loop   [  28% ] 0002/0300 VUs  2m06.0s/7m30s  03199.24 iters/s

running (2m07.0s), 0003/0300 VUs, 276739 complete and 0 interrupted iterations
tail_open_loop   [  28% ] 0003/0300 VUs  2m07.0s/7m30s  03232.56 iters/s

running (2m08.0s), 0002/0300 VUs, 279989 complete and 0 interrupted iterations
tail_open_loop   [  28% ] 0002/0300 VUs  2m08.0s/7m30s  03265.90 iters/s

running (2m09.0s), 0001/0300 VUs, 283273 complete and 0 interrupted iterations
tail_open_loop   [  29% ] 0001/0300 VUs  2m09.0s/7m30s  03299.24 iters/s

running (2m10.0s), 0001/0300 VUs, 286589 complete and 0 interrupted iterations
tail_open_loop   [  29% ] 0001/0300 VUs  2m10.0s/7m30s  03332.58 iters/s

running (2m11.0s), 0001/0300 VUs, 289938 complete and 0 interrupted iterations
tail_open_loop   [  29% ] 0001/0300 VUs  2m11.0s/7m30s  03365.90 iters/s

running (2m12.0s), 0002/0300 VUs, 293320 complete and 0 interrupted iterations
tail_open_loop   [  29% ] 0002/0300 VUs  2m12.0s/7m30s  03399.24 iters/s

running (2m13.0s), 0002/0300 VUs, 296736 complete and 0 interrupted iterations
tail_open_loop   [  30% ] 0002/0300 VUs  2m13.0s/7m30s  03432.57 iters/s

running (2m14.0s), 0001/0300 VUs, 300186 complete and 0 interrupted iterations
tail_open_loop   [  30% ] 0001/0300 VUs  2m14.0s/7m30s  03465.90 iters/s

running (2m15.0s), 0001/0300 VUs, 303668 complete and 0 interrupted iterations
tail_open_loop   [  30% ] 0001/0300 VUs  2m15.0s/7m30s  03499.24 iters/s

running (2m16.0s), 0001/0300 VUs, 307184 complete and 0 interrupted iterations
tail_open_loop   [  30% ] 0001/0300 VUs  2m16.0s/7m30s  03532.56 iters/s

running (2m17.0s), 0001/0300 VUs, 310733 complete and 0 interrupted iterations
tail_open_loop   [  30% ] 0001/0300 VUs  2m17.0s/7m30s  03565.90 iters/s

running (2m18.0s), 0001/0300 VUs, 314316 complete and 0 interrupted iterations
tail_open_loop   [  31% ] 0001/0300 VUs  2m18.0s/7m30s  03599.23 iters/s

running (2m19.0s), 0001/0300 VUs, 317932 complete and 0 interrupted iterations
tail_open_loop   [  31% ] 0001/0300 VUs  2m19.0s/7m30s  03632.57 iters/s

running (2m20.0s), 0001/0300 VUs, 321581 complete and 0 interrupted iterations
tail_open_loop   [  31% ] 0001/0300 VUs  2m20.0s/7m30s  03665.89 iters/s

running (2m21.0s), 0001/0300 VUs, 325264 complete and 0 interrupted iterations
tail_open_loop   [  31% ] 0001/0300 VUs  2m21.0s/7m30s  03699.24 iters/s

running (2m22.0s), 0001/0300 VUs, 328980 complete and 0 interrupted iterations
tail_open_loop   [  32% ] 0001/0300 VUs  2m22.0s/7m30s  03732.57 iters/s

running (2m23.0s), 0003/0300 VUs, 332727 complete and 0 interrupted iterations
tail_open_loop   [  32% ] 0003/0300 VUs  2m23.0s/7m30s  03765.91 iters/s

running (2m24.0s), 0003/0300 VUs, 336509 complete and 0 interrupted iterations
tail_open_loop   [  32% ] 0003/0300 VUs  2m24.0s/7m30s  03799.23 iters/s

running (2m25.0s), 0004/0300 VUs, 340325 complete and 0 interrupted iterations
tail_open_loop   [  32% ] 0004/0300 VUs  2m25.0s/7m30s  03832.58 iters/s

running (2m26.0s), 0004/0300 VUs, 344174 complete and 0 interrupted iterations
tail_open_loop   [  32% ] 0004/0300 VUs  2m26.0s/7m30s  03865.90 iters/s

running (2m27.0s), 0004/0300 VUs, 348056 complete and 0 interrupted iterations
tail_open_loop   [  33% ] 0004/0300 VUs  2m27.0s/7m30s  03899.23 iters/s

running (2m28.0s), 0002/0300 VUs, 351974 complete and 0 interrupted iterations
tail_open_loop   [  33% ] 0002/0300 VUs  2m28.0s/7m30s  03932.56 iters/s

running (2m29.0s), 0001/0300 VUs, 355924 complete and 0 interrupted iterations
tail_open_loop   [  33% ] 0001/0300 VUs  2m29.0s/7m30s  03965.91 iters/s

running (2m30.0s), 0002/0300 VUs, 359906 complete and 0 interrupted iterations
tail_open_loop   [  33% ] 0002/0300 VUs  2m30.0s/7m30s  03999.23 iters/s

running (2m31.0s), 0002/0300 VUs, 363922 complete and 0 interrupted iterations
tail_open_loop   [  34% ] 0002/0300 VUs  2m31.0s/7m30s  04032.57 iters/s

running (2m32.0s), 0002/0300 VUs, 367971 complete and 0 interrupted iterations
tail_open_loop   [  34% ] 0002/0300 VUs  2m32.0s/7m30s  04065.90 iters/s

running (2m33.0s), 0002/0300 VUs, 372054 complete and 0 interrupted iterations
tail_open_loop   [  34% ] 0002/0300 VUs  2m33.0s/7m30s  04099.23 iters/s

running (2m34.0s), 0001/0300 VUs, 376170 complete and 0 interrupted iterations
tail_open_loop   [  34% ] 0001/0300 VUs  2m34.0s/7m30s  04132.57 iters/s

running (2m35.0s), 0002/0300 VUs, 380319 complete and 0 interrupted iterations
tail_open_loop   [  34% ] 0002/0300 VUs  2m35.0s/7m30s  04165.90 iters/s

running (2m36.0s), 0001/0300 VUs, 384502 complete and 0 interrupted iterations
tail_open_loop   [  35% ] 0001/0300 VUs  2m36.0s/7m30s  04199.23 iters/s

running (2m37.0s), 0001/0300 VUs, 388718 complete and 0 interrupted iterations
tail_open_loop   [  35% ] 0001/0300 VUs  2m37.0s/7m30s  04232.55 iters/s

running (2m38.0s), 0001/0300 VUs, 392968 complete and 0 interrupted iterations
tail_open_loop   [  35% ] 0001/0300 VUs  2m38.0s/7m30s  04265.90 iters/s

running (2m39.0s), 0001/0300 VUs, 397250 complete and 0 interrupted iterations
tail_open_loop   [  35% ] 0001/0300 VUs  2m39.0s/7m30s  04299.24 iters/s

running (2m40.0s), 0001/0300 VUs, 401566 complete and 0 interrupted iterations
tail_open_loop   [  36% ] 0001/0300 VUs  2m40.0s/7m30s  04332.59 iters/s

running (2m41.0s), 0001/0300 VUs, 405915 complete and 0 interrupted iterations
tail_open_loop   [  36% ] 0001/0300 VUs  2m41.0s/7m30s  04365.92 iters/s

running (2m42.0s), 0001/0300 VUs, 410298 complete and 0 interrupted iterations
tail_open_loop   [  36% ] 0001/0300 VUs  2m42.0s/7m30s  04399.24 iters/s

running (2m43.0s), 0003/0300 VUs, 414712 complete and 0 interrupted iterations
tail_open_loop   [  36% ] 0003/0300 VUs  2m43.0s/7m30s  04432.57 iters/s

running (2m44.0s), 0005/0300 VUs, 419160 complete and 0 interrupted iterations
tail_open_loop   [  36% ] 0005/0300 VUs  2m44.0s/7m30s  04465.92 iters/s

running (2m45.0s), 0001/0300 VUs, 423645 complete and 0 interrupted iterations
tail_open_loop   [  37% ] 0001/0300 VUs  2m45.0s/7m30s  04499.24 iters/s

running (2m46.0s), 0005/0300 VUs, 428157 complete and 0 interrupted iterations
tail_open_loop   [  37% ] 0005/0300 VUs  2m46.0s/7m30s  04532.56 iters/s

running (2m47.0s), 0004/0300 VUs, 432708 complete and 0 interrupted iterations
tail_open_loop   [  37% ] 0004/0300 VUs  2m47.0s/7m30s  04565.90 iters/s

running (2m48.0s), 0008/0300 VUs, 437286 complete and 0 interrupted iterations
tail_open_loop   [  37% ] 0008/0300 VUs  2m48.0s/7m30s  04599.22 iters/s

running (2m49.0s), 0005/0300 VUs, 441905 complete and 0 interrupted iterations
tail_open_loop   [  38% ] 0005/0300 VUs  2m49.0s/7m30s  04632.57 iters/s

running (2m50.0s), 0004/0300 VUs, 446555 complete and 0 interrupted iterations
tail_open_loop   [  38% ] 0004/0300 VUs  2m50.0s/7m30s  04665.92 iters/s

running (2m51.0s), 0004/0300 VUs, 451238 complete and 0 interrupted iterations
tail_open_loop   [  38% ] 0004/0300 VUs  2m51.0s/7m30s  04699.23 iters/s

running (2m52.0s), 0003/0300 VUs, 455955 complete and 0 interrupted iterations
tail_open_loop   [  38% ] 0003/0300 VUs  2m52.0s/7m30s  04732.59 iters/s

running (2m53.0s), 0003/0300 VUs, 460704 complete and 0 interrupted iterations
tail_open_loop   [  38% ] 0003/0300 VUs  2m53.0s/7m30s  04765.90 iters/s

running (2m54.0s), 0002/0300 VUs, 465488 complete and 0 interrupted iterations
tail_open_loop   [  39% ] 0002/0300 VUs  2m54.0s/7m30s  04799.25 iters/s

running (2m55.0s), 0003/0300 VUs, 470303 complete and 0 interrupted iterations
tail_open_loop   [  39% ] 0003/0300 VUs  2m55.0s/7m30s  04832.58 iters/s

running (2m56.0s), 0002/0300 VUs, 475154 complete and 0 interrupted iterations
tail_open_loop   [  39% ] 0002/0300 VUs  2m56.0s/7m30s  04865.90 iters/s

running (2m57.0s), 0003/0300 VUs, 480034 complete and 0 interrupted iterations
tail_open_loop   [  39% ] 0003/0300 VUs  2m57.0s/7m30s  04899.25 iters/s

running (2m58.0s), 0001/0300 VUs, 484952 complete and 0 interrupted iterations
tail_open_loop   [  40% ] 0001/0300 VUs  2m58.0s/7m30s  04932.57 iters/s

running (2m59.0s), 0003/0300 VUs, 489900 complete and 0 interrupted iterations
tail_open_loop   [  40% ] 0003/0300 VUs  2m59.0s/7m30s  04965.91 iters/s

running (3m00.0s), 0002/0300 VUs, 494883 complete and 0 interrupted iterations
tail_open_loop   [  40% ] 0002/0300 VUs  3m00.0s/7m30s  04999.25 iters/s

running (3m01.0s), 0003/0300 VUs, 499909 complete and 0 interrupted iterations
tail_open_loop   [  40% ] 0003/0300 VUs  3m01.0s/7m30s  05054.28 iters/s

running (3m02.0s), 0004/0300 VUs, 504990 complete and 0 interrupted iterations
tail_open_loop   [  40% ] 0004/0300 VUs  3m02.0s/7m30s  05109.84 iters/s

running (3m03.0s), 0002/0300 VUs, 510129 complete and 0 interrupted iterations
tail_open_loop   [  41% ] 0002/0300 VUs  3m03.0s/7m30s  05165.40 iters/s

running (3m04.0s), 0004/0300 VUs, 515321 complete and 0 interrupted iterations
tail_open_loop   [  41% ] 0004/0300 VUs  3m04.0s/7m30s  05220.98 iters/s

running (3m05.0s), 0005/0300 VUs, 520568 complete and 0 interrupted iterations
tail_open_loop   [  41% ] 0005/0300 VUs  3m05.0s/7m30s  05276.52 iters/s

running (3m06.0s), 0010/0300 VUs, 525873 complete and 0 interrupted iterations
tail_open_loop   [  41% ] 0010/0300 VUs  3m06.0s/7m30s  05332.11 iters/s

running (3m07.0s), 0010/0300 VUs, 531227 complete and 0 interrupted iterations
tail_open_loop   [  42% ] 0010/0300 VUs  3m07.0s/7m30s  05387.61 iters/s

running (3m08.0s), 0009/0300 VUs, 536644 complete and 0 interrupted iterations
tail_open_loop   [  42% ] 0009/0300 VUs  3m08.0s/7m30s  05443.18 iters/s

running (3m09.0s), 0005/0300 VUs, 542118 complete and 0 interrupted iterations
tail_open_loop   [  42% ] 0005/0300 VUs  3m09.0s/7m30s  05498.74 iters/s

running (3m10.0s), 0004/0300 VUs, 547646 complete and 0 interrupted iterations
tail_open_loop   [  42% ] 0004/0300 VUs  3m10.0s/7m30s  05554.29 iters/s

running (3m11.0s), 0013/0300 VUs, 553219 complete and 0 interrupted iterations
tail_open_loop   [  42% ] 0013/0300 VUs  3m11.0s/7m30s  05609.85 iters/s

running (3m12.0s), 0320/0320 VUs, 558312 complete and 0 interrupted iterations
tail_open_loop   [  43% ] 0320/0320 VUs  3m12.0s/7m30s  05665.40 iters/s

running (3m13.0s), 0003/0395 VUs, 564153 complete and 0 interrupted iterations
tail_open_loop   [  43% ] 0003/0395 VUs  3m13.0s/7m30s  05720.95 iters/s

running (3m14.0s), 0003/0395 VUs, 569902 complete and 0 interrupted iterations
tail_open_loop   [  43% ] 0003/0395 VUs  3m14.0s/7m30s  05776.51 iters/s

running (3m15.0s), 0465/0465 VUs, 574135 complete and 0 interrupted iterations
tail_open_loop   [  43% ] 0465/0465 VUs  3m15.0s/7m30s  05832.33 iters/s

running (3m16.0s), 0609/0610 VUs, 578334 complete and 0 interrupted iterations
tail_open_loop   [  44% ] 0609/0610 VUs  3m16.0s/7m30s  05887.62 iters/s

running (3m17.0s), 0932/0933 VUs, 580780 complete and 0 interrupted iterations
tail_open_loop   [  44% ] 0932/0933 VUs  3m17.0s/7m30s  05943.18 iters/s

running (3m18.0s), 1207/1207 VUs, 582258 complete and 0 interrupted iterations
tail_open_loop   [  44% ] 1207/1207 VUs  3m18.0s/7m30s  05998.73 iters/s

running (3m19.0s), 1423/1526 VUs, 584905 complete and 0 interrupted iterations
tail_open_loop   [  44% ] 1423/1526 VUs  3m19.0s/7m30s  06054.29 iters/s

running (3m20.0s), 1675/1676 VUs, 589329 complete and 0 interrupted iterations
tail_open_loop   [  44% ] 1675/1676 VUs  3m20.0s/7m30s  06109.82 iters/s

running (3m21.0s), 2040/2041 VUs, 591578 complete and 0 interrupted iterations
tail_open_loop   [  45% ] 2040/2041 VUs  3m21.0s/7m30s  06165.46 iters/s

running (3m22.0s), 2309/2312 VUs, 593048 complete and 0 interrupted iterations
tail_open_loop   [  45% ] 2309/2311 VUs  3m22.0s/7m30s  06220.96 iters/s

running (3m23.0s), 2441/2461 VUs, 595337 complete and 0 interrupted iterations
tail_open_loop   [  45% ] 2443/2461 VUs  3m23.0s/7m30s  06276.68 iters/s

running (3m24.0s), 0004/2514 VUs, 603770 complete and 0 interrupted iterations
tail_open_loop   [  45% ] 0004/2514 VUs  3m24.0s/7m30s  06332.08 iters/s

running (3m25.0s), 0005/2514 VUs, 610127 complete and 0 interrupted iterations
tail_open_loop   [  46% ] 0005/2514 VUs  3m25.0s/7m30s  06387.61 iters/s

running (3m26.0s), 0006/2514 VUs, 616541 complete and 0 interrupted iterations
tail_open_loop   [  46% ] 0006/2514 VUs  3m26.0s/7m30s  06443.17 iters/s

running (3m27.0s), 0006/2514 VUs, 623012 complete and 0 interrupted iterations
tail_open_loop   [  46% ] 0007/2514 VUs  3m27.0s/7m30s  06498.74 iters/s

running (3m28.0s), 0012/2514 VUs, 629533 complete and 0 interrupted iterations
tail_open_loop   [  46% ] 0012/2514 VUs  3m28.0s/7m30s  06554.28 iters/s

running (3m29.0s), 0011/2514 VUs, 636116 complete and 0 interrupted iterations
tail_open_loop   [  46% ] 0011/2514 VUs  3m29.0s/7m30s  06609.82 iters/s

running (3m30.0s), 0518/2514 VUs, 642290 complete and 0 interrupted iterations
tail_open_loop   [  47% ] 0518/2514 VUs  3m30.0s/7m30s  06665.73 iters/s

running (3m31.0s), 0007/2514 VUs, 649451 complete and 0 interrupted iterations
tail_open_loop   [  47% ] 0007/2514 VUs  3m31.0s/7m30s  06720.93 iters/s

running (3m32.0s), 0010/2514 VUs, 656197 complete and 0 interrupted iterations
tail_open_loop   [  47% ] 0010/2514 VUs  3m32.0s/7m30s  06776.49 iters/s

running (3m33.0s), 0355/2514 VUs, 662656 complete and 0 interrupted iterations
tail_open_loop   [  47% ] 0355/2514 VUs  3m33.0s/7m30s  06832.05 iters/s

running (3m34.0s), 1909/2514 VUs, 665894 complete and 0 interrupted iterations
tail_open_loop   [  48% ] 1909/2514 VUs  3m34.0s/7m30s  06871.01 iters/s

running (3m35.0s), 2584/2611 VUs, 666878 complete and 0 interrupted iterations
tail_open_loop   [  48% ] 2584/2611 VUs  3m35.0s/7m30s  06942.81 iters/s

running (3m36.0s), 2801/2801 VUs, 669479 complete and 0 interrupted iterations
tail_open_loop   [  48% ] 2800/2801 VUs  3m36.0s/7m30s  06998.73 iters/s

running (3m37.0s), 2986/2986 VUs, 671349 complete and 0 interrupted iterations
tail_open_loop   [  48% ] 2986/2986 VUs  3m37.0s/7m30s  07054.28 iters/s

running (3m38.0s), 3000/3000 VUs, 673276 complete and 0 interrupted iterations
tail_open_loop   [  48% ] 3000/3000 VUs  3m38.0s/7m30s  07086.82 iters/s

running (3m39.0s), 2924/3000 VUs, 676810 complete and 0 interrupted iterations
tail_open_loop   [  49% ] 2924/3000 VUs  3m39.0s/7m30s  07165.38 iters/s

running (3m40.0s), 0004/3000 VUs, 686923 complete and 0 interrupted iterations
tail_open_loop   [  49% ] 0004/3000 VUs  3m40.0s/7m30s  07221.00 iters/s

running (3m41.0s), 0003/3000 VUs, 694173 complete and 0 interrupted iterations
tail_open_loop   [  49% ] 0003/3000 VUs  3m41.0s/7m30s  07276.48 iters/s

running (3m42.0s), 0006/3000 VUs, 701475 complete and 0 interrupted iterations
tail_open_loop   [  49% ] 0006/3000 VUs  3m42.0s/7m30s  07332.02 iters/s

running (3m43.0s), 0009/3000 VUs, 708832 complete and 0 interrupted iterations
tail_open_loop   [  50% ] 0009/3000 VUs  3m43.0s/7m30s  07387.65 iters/s

running (3m44.0s), 0004/3000 VUs, 716253 complete and 0 interrupted iterations
tail_open_loop   [  50% ] 0004/3000 VUs  3m44.0s/7m30s  07443.19 iters/s

running (3m45.0s), 0010/3000 VUs, 723716 complete and 0 interrupted iterations
tail_open_loop   [  50% ] 0010/3000 VUs  3m45.0s/7m30s  07498.73 iters/s

running (3m46.0s), 0007/3000 VUs, 731247 complete and 0 interrupted iterations
tail_open_loop   [  50% ] 0007/3000 VUs  3m46.0s/7m30s  07554.30 iters/s

running (3m47.0s), 0011/3000 VUs, 738825 complete and 0 interrupted iterations
tail_open_loop   [  50% ] 0011/3000 VUs  3m47.0s/7m30s  07609.83 iters/s

running (3m48.0s), 0010/3000 VUs, 746463 complete and 0 interrupted iterations
tail_open_loop   [  51% ] 0010/3000 VUs  3m48.0s/7m30s  07665.42 iters/s

running (3m49.0s), 0009/3000 VUs, 754157 complete and 0 interrupted iterations
tail_open_loop   [  51% ] 0009/3000 VUs  3m49.0s/7m30s  07720.99 iters/s

running (3m50.0s), 0011/3000 VUs, 761905 complete and 0 interrupted iterations
tail_open_loop   [  51% ] 0011/3000 VUs  3m50.0s/7m30s  07776.53 iters/s

running (3m51.0s), 0009/3000 VUs, 769711 complete and 0 interrupted iterations
tail_open_loop   [  51% ] 0009/3000 VUs  3m51.0s/7m30s  07832.08 iters/s

running (3m52.0s), 0008/3000 VUs, 777571 complete and 0 interrupted iterations
tail_open_loop   [  52% ] 0008/3000 VUs  3m52.0s/7m30s  07887.62 iters/s

running (3m53.0s), 0007/3000 VUs, 785488 complete and 0 interrupted iterations
tail_open_loop   [  52% ] 0007/3000 VUs  3m53.0s/7m30s  07943.19 iters/s

running (3m54.0s), 0130/3000 VUs, 793335 complete and 0 interrupted iterations
tail_open_loop   [  52% ] 0130/3000 VUs  3m54.0s/7m30s  07998.72 iters/s

running (3m55.0s), 1085/3000 VUs, 800407 complete and 0 interrupted iterations
tail_open_loop   [  52% ] 1085/3000 VUs  3m55.0s/7m30s  08054.25 iters/s

running (3m56.0s), 0006/3000 VUs, 809569 complete and 0 interrupted iterations
tail_open_loop   [  52% ] 0006/3000 VUs  3m56.0s/7m30s  08109.84 iters/s

running (3m57.0s), 2772/3000 VUs, 814719 complete and 0 interrupted iterations
tail_open_loop   [  53% ] 2772/3000 VUs  3m57.0s/7m30s  08165.40 iters/s

running (3m58.0s), 2998/3000 VUs, 821383 complete and 0 interrupted iterations
tail_open_loop   [  53% ] 2998/3000 VUs  3m58.0s/7m30s  08220.64 iters/s

running (3m59.0s), 2994/3000 VUs, 823698 complete and 0 interrupted iterations
tail_open_loop   [  53% ] 2994/3000 VUs  3m59.0s/7m30s  08276.57 iters/s

running (4m00.0s), 3000/3000 VUs, 825839 complete and 0 interrupted iterations
tail_open_loop   [  53% ] 3000/3000 VUs  4m00.0s/7m30s  08332.08 iters/s

running (4m01.0s), 3000/3000 VUs, 828761 complete and 0 interrupted iterations
tail_open_loop   [  54% ] 3000/3000 VUs  4m01.0s/7m30s  08387.64 iters/s

running (4m02.0s), 2998/3000 VUs, 832564 complete and 0 interrupted iterations
tail_open_loop   [  54% ] 2998/3000 VUs  4m02.0s/7m30s  08443.16 iters/s

running (4m03.0s), 2982/3000 VUs, 835550 complete and 0 interrupted iterations
tail_open_loop   [  54% ] 2982/3000 VUs  4m03.0s/7m30s  08498.78 iters/s

running (4m04.0s), 3000/3000 VUs, 837861 complete and 0 interrupted iterations
tail_open_loop   [  54% ] 3000/3000 VUs  4m04.0s/7m30s  08554.54 iters/s

running (4m05.0s), 3000/3000 VUs, 841284 complete and 0 interrupted iterations
tail_open_loop   [  54% ] 3000/3000 VUs  4m05.0s/7m30s  08610.08 iters/s

running (4m06.0s), 3000/3000 VUs, 844920 complete and 0 interrupted iterations
tail_open_loop   [  55% ] 3000/3000 VUs  4m06.0s/7m30s  08665.59 iters/s

running (4m07.0s), 3000/3000 VUs, 848052 complete and 0 interrupted iterations
tail_open_loop   [  55% ] 3000/3000 VUs  4m07.0s/7m30s  08721.13 iters/s

running (4m08.0s), 2956/3000 VUs, 850156 complete and 0 interrupted iterations
tail_open_loop   [  55% ] 2956/3000 VUs  4m08.0s/7m30s  08776.47 iters/s

running (4m09.0s), 2988/3000 VUs, 853290 complete and 0 interrupted iterations
tail_open_loop   [  55% ] 2988/3000 VUs  4m09.0s/7m30s  08832.13 iters/s

running (4m10.0s), 2922/3000 VUs, 857622 complete and 0 interrupted iterations
tail_open_loop   [  56% ] 2922/3000 VUs  4m10.0s/7m30s  08887.62 iters/s

running (4m11.0s), 3000/3000 VUs, 861653 complete and 0 interrupted iterations
tail_open_loop   [  56% ] 3000/3000 VUs  4m11.0s/7m30s  08943.02 iters/s

running (4m12.0s), 2981/3000 VUs, 865429 complete and 0 interrupted iterations
tail_open_loop   [  56% ] 2981/3000 VUs  4m12.0s/7m30s  08998.71 iters/s

running (4m13.0s), 3000/3000 VUs, 870365 complete and 0 interrupted iterations
tail_open_loop   [  56% ] 3000/3000 VUs  4m13.0s/7m30s  09054.53 iters/s

running (4m14.0s), 3000/3000 VUs, 876055 complete and 0 interrupted iterations
tail_open_loop   [  56% ] 3000/3000 VUs  4m14.0s/7m30s  09109.79 iters/s

running (4m15.0s), 2963/3000 VUs, 879335 complete and 0 interrupted iterations
tail_open_loop   [  57% ] 2963/3000 VUs  4m15.0s/7m30s  09163.55 iters/s

running (4m16.0s), 3000/3000 VUs, 880886 complete and 0 interrupted iterations
tail_open_loop   [  57% ] 3000/3000 VUs  4m16.0s/7m30s  09221.01 iters/s

running (4m17.0s), 2964/3000 VUs, 884758 complete and 0 interrupted iterations
tail_open_loop   [  57% ] 2964/3000 VUs  4m17.0s/7m30s  09276.52 iters/s

running (4m18.0s), 2995/3000 VUs, 887054 complete and 0 interrupted iterations
tail_open_loop   [  57% ] 2995/3000 VUs  4m18.0s/7m30s  09332.10 iters/s

running (4m19.0s), 2998/3000 VUs, 890754 complete and 0 interrupted iterations
tail_open_loop   [  58% ] 2998/3000 VUs  4m19.0s/7m30s  09387.64 iters/s

running (4m20.0s), 2910/3000 VUs, 893825 complete and 0 interrupted iterations
tail_open_loop   [  58% ] 2910/3000 VUs  4m20.0s/7m30s  09443.14 iters/s

running (4m21.0s), 3000/3000 VUs, 896858 complete and 0 interrupted iterations
tail_open_loop   [  58% ] 3000/3000 VUs  4m21.0s/7m30s  09498.75 iters/s

running (4m22.0s), 2901/3000 VUs, 900999 complete and 0 interrupted iterations
tail_open_loop   [  58% ] 2901/3000 VUs  4m22.0s/7m30s  09554.29 iters/s

running (4m23.0s), 2998/3000 VUs, 905629 complete and 0 interrupted iterations
tail_open_loop   [  58% ] 2998/3000 VUs  4m23.0s/7m30s  09609.84 iters/s

running (4m24.0s), 2985/3000 VUs, 908696 complete and 0 interrupted iterations
tail_open_loop   [  59% ] 2985/3000 VUs  4m24.0s/7m30s  09665.38 iters/s

running (4m25.0s), 2993/3000 VUs, 910431 complete and 0 interrupted iterations
tail_open_loop   [  59% ] 2993/3000 VUs  4m25.0s/7m30s  09721.10 iters/s

running (4m26.0s), 3000/3000 VUs, 913337 complete and 0 interrupted iterations
tail_open_loop   [  59% ] 3000/3000 VUs  4m26.0s/7m30s  09776.22 iters/s

running (4m27.0s), 3000/3000 VUs, 916776 complete and 0 interrupted iterations
tail_open_loop   [  59% ] 3000/3000 VUs  4m27.0s/7m30s  09832.26 iters/s

running (4m28.0s), 3000/3000 VUs, 919730 complete and 0 interrupted iterations
tail_open_loop   [  60% ] 3000/3000 VUs  4m28.0s/7m30s  09887.58 iters/s

running (4m29.0s), 3000/3000 VUs, 922341 complete and 0 interrupted iterations
tail_open_loop   [  60% ] 3000/3000 VUs  4m29.0s/7m30s  09943.32 iters/s

running (4m30.0s), 2998/3000 VUs, 925547 complete and 0 interrupted iterations
tail_open_loop   [  60% ] 2998/3000 VUs  4m30.0s/7m30s  09998.80 iters/s

running (4m31.0s), 2999/3000 VUs, 929041 complete and 0 interrupted iterations
tail_open_loop   [  60% ] 2999/3000 VUs  4m31.0s/7m30s  10054.09 iters/s

running (4m32.0s), 3000/3000 VUs, 931902 complete and 0 interrupted iterations
tail_open_loop   [  60% ] 3000/3000 VUs  4m32.0s/7m30s  10109.89 iters/s

running (4m33.0s), 3000/3000 VUs, 934916 complete and 0 interrupted iterations
tail_open_loop   [  61% ] 3000/3000 VUs  4m33.0s/7m30s  10165.60 iters/s

running (4m34.0s), 3000/3000 VUs, 938657 complete and 0 interrupted iterations
tail_open_loop   [  61% ] 3000/3000 VUs  4m34.0s/7m30s  10220.98 iters/s

running (4m35.0s), 2999/3000 VUs, 941906 complete and 0 interrupted iterations
tail_open_loop   [  61% ] 2999/3000 VUs  4m35.0s/7m30s  10276.54 iters/s

running (4m36.0s), 3000/3000 VUs, 945272 complete and 0 interrupted iterations
tail_open_loop   [  61% ] 3000/3000 VUs  4m36.0s/7m30s  10331.75 iters/s

running (4m37.0s), 3000/3000 VUs, 948458 complete and 0 interrupted iterations
tail_open_loop   [  62% ] 3000/3000 VUs  4m37.0s/7m30s  10387.56 iters/s

running (4m38.0s), 3000/3000 VUs, 951198 complete and 0 interrupted iterations
tail_open_loop   [  62% ] 3000/3000 VUs  4m38.0s/7m30s  10443.21 iters/s

running (4m39.0s), 2999/3000 VUs, 954812 complete and 0 interrupted iterations
tail_open_loop   [  62% ] 2999/3000 VUs  4m39.0s/7m30s  10498.80 iters/s

running (4m40.0s), 0876/3000 VUs, 967172 complete and 0 interrupted iterations
tail_open_loop   [  62% ] 0876/3000 VUs  4m40.0s/7m30s  10554.31 iters/s

running (4m41.0s), 0229/3000 VUs, 978401 complete and 0 interrupted iterations
tail_open_loop   [  62% ] 0229/3000 VUs  4m41.0s/7m30s  10609.74 iters/s

running (4m42.0s), 0005/3000 VUs, 989262 complete and 0 interrupted iterations
tail_open_loop   [  63% ] 0005/3000 VUs  4m42.0s/7m30s  10665.30 iters/s

running (4m43.0s), 0007/3000 VUs, 999953 complete and 0 interrupted iterations
tail_open_loop   [  63% ] 0007/3000 VUs  4m43.0s/7m30s  10720.99 iters/s

running (4m44.0s), 0005/3000 VUs, 1010704 complete and 0 interrupted iterations
tail_open_loop   [  63% ] 0005/3000 VUs  4m44.0s/7m30s  10776.56 iters/s

running (4m45.0s), 0006/3000 VUs, 1021507 complete and 0 interrupted iterations
tail_open_loop   [  63% ] 0006/3000 VUs  4m45.0s/7m30s  10832.01 iters/s

running (4m46.0s), 0012/3000 VUs, 1032361 complete and 0 interrupted iterations
tail_open_loop   [  64% ] 0012/3000 VUs  4m46.0s/7m30s  10887.67 iters/s

running (4m47.0s), 0014/3000 VUs, 1043276 complete and 0 interrupted iterations
tail_open_loop   [  64% ] 0014/3000 VUs  4m47.0s/7m30s  10943.19 iters/s

running (4m48.0s), 0018/3000 VUs, 1054249 complete and 0 interrupted iterations
tail_open_loop   [  64% ] 0018/3000 VUs  4m48.0s/7m30s  10998.68 iters/s

running (4m49.0s), 0021/3000 VUs, 1065265 complete and 0 interrupted iterations
tail_open_loop   [  64% ] 0021/3000 VUs  4m49.0s/7m30s  11054.37 iters/s

running (4m50.0s), 0016/3000 VUs, 1076353 complete and 0 interrupted iterations
tail_open_loop   [  64% ] 0016/3000 VUs  4m50.0s/7m30s  11109.88 iters/s

running (4m51.0s), 0030/3000 VUs, 1087476 complete and 0 interrupted iterations
tail_open_loop   [  65% ] 0030/3000 VUs  4m51.0s/7m30s  11165.45 iters/s

running (4m52.0s), 0017/3000 VUs, 1098682 complete and 0 interrupted iterations
tail_open_loop   [  65% ] 0017/3000 VUs  4m52.0s/7m30s  11220.95 iters/s

running (4m53.0s), 0015/3000 VUs, 1109932 complete and 0 interrupted iterations
tail_open_loop   [  65% ] 0014/3000 VUs  4m53.0s/7m30s  11276.50 iters/s

running (4m54.0s), 0018/3000 VUs, 1121234 complete and 0 interrupted iterations
tail_open_loop   [  65% ] 0017/3000 VUs  4m54.0s/7m30s  11332.09 iters/s

running (4m55.0s), 0035/3000 VUs, 1132577 complete and 0 interrupted iterations
tail_open_loop   [  66% ] 0035/3000 VUs  4m55.0s/7m30s  11387.58 iters/s

running (4m56.0s), 0022/3000 VUs, 1144005 complete and 0 interrupted iterations
tail_open_loop   [  66% ] 0022/3000 VUs  4m56.0s/7m30s  11443.22 iters/s

running (4m57.0s), 0395/3000 VUs, 1155105 complete and 0 interrupted iterations
tail_open_loop   [  66% ] 0395/3000 VUs  4m57.0s/7m30s  11498.75 iters/s

running (4m58.0s), 0026/3000 VUs, 1167000 complete and 0 interrupted iterations
tail_open_loop   [  66% ] 0026/3000 VUs  4m58.0s/7m30s  11554.28 iters/s

running (4m59.0s), 0276/3000 VUs, 1178332 complete and 0 interrupted iterations
tail_open_loop   [  66% ] 0276/3000 VUs  4m59.0s/7m30s  11609.82 iters/s

running (5m00.0s), 0006/3000 VUs, 1190238 complete and 0 interrupted iterations
tail_open_loop   [  67% ] 0006/3000 VUs  5m00.0s/7m30s  11665.34 iters/s

running (5m01.0s), 0008/3000 VUs, 1201929 complete and 0 interrupted iterations
tail_open_loop   [  67% ] 0008/3000 VUs  5m01.0s/7m30s  11720.99 iters/s

running (5m02.0s), 0113/3000 VUs, 1213565 complete and 0 interrupted iterations
tail_open_loop   [  67% ] 0113/3000 VUs  5m02.0s/7m30s  11776.48 iters/s

running (5m03.0s), 0076/3000 VUs, 1225416 complete and 0 interrupted iterations
tail_open_loop   [  67% ] 0076/3000 VUs  5m03.0s/7m30s  11832.08 iters/s

running (5m04.0s), 0698/3000 VUs, 1236652 complete and 0 interrupted iterations
tail_open_loop   [  68% ] 0698/3000 VUs  5m04.0s/7m30s  11887.64 iters/s

running (5m05.0s), 0008/3000 VUs, 1249258 complete and 0 interrupted iterations
tail_open_loop   [  68% ] 0008/3000 VUs  5m05.0s/7m30s  11943.15 iters/s

running (5m06.0s), 0015/3000 VUs, 1261223 complete and 0 interrupted iterations
tail_open_loop   [  68% ] 0015/3000 VUs  5m06.0s/7m30s  11998.75 iters/s

running (5m07.0s), 0998/3000 VUs, 1272149 complete and 0 interrupted iterations
tail_open_loop   [  68% ] 0998/3000 VUs  5m07.0s/7m30s  12053.71 iters/s

running (5m08.0s), 0014/3000 VUs, 1285331 complete and 0 interrupted iterations
tail_open_loop   [  68% ] 0014/3000 VUs  5m08.0s/7m30s  12109.76 iters/s

running (5m09.0s), 0727/3000 VUs, 1296756 complete and 0 interrupted iterations
tail_open_loop   [  69% ] 0728/3000 VUs  5m09.0s/7m30s  12165.30 iters/s

running (5m10.0s), 0019/3000 VUs, 1309658 complete and 0 interrupted iterations
tail_open_loop   [  69% ] 0019/3000 VUs  5m10.0s/7m30s  12221.05 iters/s

running (5m11.0s), 1070/3000 VUs, 1320861 complete and 0 interrupted iterations
tail_open_loop   [  69% ] 1070/3000 VUs  5m11.0s/7m30s  12276.57 iters/s

running (5m12.0s), 0025/3000 VUs, 1334205 complete and 0 interrupted iterations
tail_open_loop   [  69% ] 0025/3000 VUs  5m12.0s/7m30s  12332.13 iters/s

running (5m13.0s), 0224/3000 VUs, 1346380 complete and 0 interrupted iterations
tail_open_loop   [  70% ] 0224/3000 VUs  5m13.0s/7m30s  12387.58 iters/s

running (5m14.0s), 0041/3000 VUs, 1358963 complete and 0 interrupted iterations
tail_open_loop   [  70% ] 0041/3000 VUs  5m14.0s/7m30s  12443.23 iters/s

running (5m15.0s), 0553/3000 VUs, 1370849 complete and 0 interrupted iterations
tail_open_loop   [  70% ] 0553/3000 VUs  5m15.0s/7m30s  12498.44 iters/s

running (5m16.0s), 0006/3000 VUs, 1383997 complete and 0 interrupted iterations
tail_open_loop   [  70% ] 0006/3000 VUs  5m16.0s/7m30s  12554.30 iters/s

running (5m17.0s), 0062/3000 VUs, 1396538 complete and 0 interrupted iterations
tail_open_loop   [  70% ] 0062/3000 VUs  5m17.0s/7m30s  12610.02 iters/s

running (5m18.0s), 0006/3000 VUs, 1409216 complete and 0 interrupted iterations
tail_open_loop   [  71% ] 0006/3000 VUs  5m18.0s/7m30s  12665.44 iters/s

running (5m19.0s), 0182/3000 VUs, 1421732 complete and 0 interrupted iterations
tail_open_loop   [  71% ] 0182/3000 VUs  5m19.0s/7m30s  12720.87 iters/s

running (5m20.0s), 0006/3000 VUs, 1434658 complete and 0 interrupted iterations
tail_open_loop   [  71% ] 0006/3000 VUs  5m20.0s/7m30s  12776.45 iters/s

running (5m21.0s), 0487/3000 VUs, 1446981 complete and 0 interrupted iterations
tail_open_loop   [  71% ] 0487/3000 VUs  5m21.0s/7m30s  12832.03 iters/s

running (5m22.0s), 0005/3000 VUs, 1460322 complete and 0 interrupted iterations
tail_open_loop   [  72% ] 0006/3000 VUs  5m22.0s/7m30s  12887.59 iters/s

running (5m23.0s), 0008/3000 VUs, 1473235 complete and 0 interrupted iterations
tail_open_loop   [  72% ] 0008/3000 VUs  5m23.0s/7m30s  12943.14 iters/s

running (5m24.0s), 0007/3000 VUs, 1486207 complete and 0 interrupted iterations
tail_open_loop   [  72% ] 0007/3000 VUs  5m24.0s/7m30s  12998.83 iters/s

running (5m25.0s), 0010/3000 VUs, 1499231 complete and 0 interrupted iterations
tail_open_loop   [  72% ] 0010/3000 VUs  5m25.0s/7m30s  13054.32 iters/s

running (5m26.0s), 0006/3000 VUs, 1512317 complete and 0 interrupted iterations
tail_open_loop   [  72% ] 0006/3000 VUs  5m26.0s/7m30s  13109.94 iters/s

running (5m27.0s), 0009/3000 VUs, 1525451 complete and 0 interrupted iterations
tail_open_loop   [  73% ] 0009/3000 VUs  5m27.0s/7m30s  13165.52 iters/s

running (5m28.0s), 0005/3000 VUs, 1538650 complete and 0 interrupted iterations
tail_open_loop   [  73% ] 0005/3000 VUs  5m28.0s/7m30s  13220.87 iters/s

running (5m29.0s), 0009/3000 VUs, 1551893 complete and 0 interrupted iterations
tail_open_loop   [  73% ] 0009/3000 VUs  5m29.0s/7m30s  13276.51 iters/s

running (5m30.0s), 0006/3000 VUs, 1565201 complete and 0 interrupted iterations
tail_open_loop   [  73% ] 0006/3000 VUs  5m30.0s/7m30s  13332.09 iters/s

running (5m31.0s), 0015/3000 VUs, 1578552 complete and 0 interrupted iterations
tail_open_loop   [  74% ] 0015/3000 VUs  5m31.0s/7m30s  13387.60 iters/s

running (5m32.0s), 0006/3000 VUs, 1591976 complete and 0 interrupted iterations
tail_open_loop   [  74% ] 0006/3000 VUs  5m32.0s/7m30s  13443.21 iters/s

running (5m33.0s), 0108/3000 VUs, 1605340 complete and 0 interrupted iterations
tail_open_loop   [  74% ] 0108/3000 VUs  5m33.0s/7m30s  13498.92 iters/s

running (5m34.0s), 0006/3000 VUs, 1618972 complete and 0 interrupted iterations
tail_open_loop   [  74% ] 0006/3000 VUs  5m34.0s/7m30s  13554.18 iters/s

running (5m35.0s), 0010/3000 VUs, 1632551 complete and 0 interrupted iterations
tail_open_loop   [  74% ] 0010/3000 VUs  5m35.0s/7m30s  13609.89 iters/s

running (5m36.0s), 0007/3000 VUs, 1646191 complete and 0 interrupted iterations
tail_open_loop   [  75% ] 0006/3000 VUs  5m36.0s/7m30s  13665.50 iters/s

running (5m37.0s), 0085/3000 VUs, 1659806 complete and 0 interrupted iterations
tail_open_loop   [  75% ] 0085/3000 VUs  5m37.0s/7m30s  13720.81 iters/s

running (5m38.0s), 0007/3000 VUs, 1673633 complete and 0 interrupted iterations
tail_open_loop   [  75% ] 0007/3000 VUs  5m38.0s/7m30s  13776.57 iters/s

running (5m39.0s), 0008/3000 VUs, 1687437 complete and 0 interrupted iterations
tail_open_loop   [  75% ] 0008/3000 VUs  5m39.0s/7m30s  13832.02 iters/s

running (5m40.0s), 0007/3000 VUs, 1701297 complete and 0 interrupted iterations
tail_open_loop   [  76% ] 0007/3000 VUs  5m40.0s/7m30s  13887.73 iters/s

running (5m41.0s), 0017/3000 VUs, 1715208 complete and 0 interrupted iterations
tail_open_loop   [  76% ] 0017/3000 VUs  5m41.0s/7m30s  13943.11 iters/s

running (5m42.0s), 0008/3000 VUs, 1729183 complete and 0 interrupted iterations
tail_open_loop   [  76% ] 0008/3000 VUs  5m42.0s/7m30s  13998.74 iters/s

running (5m43.0s), 0011/3000 VUs, 1743207 complete and 0 interrupted iterations
tail_open_loop   [  76% ] 0011/3000 VUs  5m43.0s/7m30s  14054.22 iters/s

running (5m44.0s), 0008/3000 VUs, 1757291 complete and 0 interrupted iterations
tail_open_loop   [  76% ] 0008/3000 VUs  5m44.0s/7m30s  14109.75 iters/s

running (5m45.0s), 0007/3000 VUs, 1771432 complete and 0 interrupted iterations
tail_open_loop   [  77% ] 0007/3000 VUs  5m45.0s/7m30s  14165.31 iters/s

running (5m46.0s), 0010/3000 VUs, 1785620 complete and 0 interrupted iterations
tail_open_loop   [  77% ] 0010/3000 VUs  5m46.0s/7m30s  14220.91 iters/s

running (5m47.0s), 0011/3000 VUs, 1799868 complete and 0 interrupted iterations
tail_open_loop   [  77% ] 0011/3000 VUs  5m47.0s/7m30s  14276.54 iters/s

running (5m48.0s), 0008/3000 VUs, 1814175 complete and 0 interrupted iterations
tail_open_loop   [  77% ] 0008/3000 VUs  5m48.0s/7m30s  14331.99 iters/s

running (5m49.0s), 0017/3000 VUs, 1828526 complete and 0 interrupted iterations
tail_open_loop   [  78% ] 0017/3000 VUs  5m49.0s/7m30s  14387.45 iters/s

running (5m50.0s), 0020/3000 VUs, 1842939 complete and 0 interrupted iterations
tail_open_loop   [  78% ] 0020/3000 VUs  5m50.0s/7m30s  14443.14 iters/s

running (5m51.0s), 0028/3000 VUs, 1857402 complete and 0 interrupted iterations
tail_open_loop   [  78% ] 0027/3000 VUs  5m51.0s/7m30s  14498.64 iters/s

running (5m52.0s), 0009/3000 VUs, 1871947 complete and 0 interrupted iterations
tail_open_loop   [  78% ] 0009/3000 VUs  5m52.0s/7m30s  14554.35 iters/s

running (5m53.0s), 0007/3000 VUs, 1886531 complete and 0 interrupted iterations
tail_open_loop   [  78% ] 0007/3000 VUs  5m53.0s/7m30s  14609.84 iters/s

running (5m54.0s), 0013/3000 VUs, 1901162 complete and 0 interrupted iterations
tail_open_loop   [  79% ] 0013/3000 VUs  5m54.0s/7m30s  14665.34 iters/s

running (5m55.0s), 0016/3000 VUs, 1915853 complete and 0 interrupted iterations
tail_open_loop   [  79% ] 0016/3000 VUs  5m55.0s/7m30s  14720.82 iters/s

running (5m56.0s), 0102/3000 VUs, 1930542 complete and 0 interrupted iterations
tail_open_loop   [  79% ] 0101/3000 VUs  5m56.0s/7m30s  14776.51 iters/s

running (5m57.0s), 0008/3000 VUs, 1945414 complete and 0 interrupted iterations
tail_open_loop   [  79% ] 0008/3000 VUs  5m57.0s/7m30s  14831.95 iters/s

running (5m58.0s), 0008/3000 VUs, 1960274 complete and 0 interrupted iterations
tail_open_loop   [  80% ] 0008/3000 VUs  5m58.0s/7m30s  14887.60 iters/s

running (5m59.0s), 0009/3000 VUs, 1975188 complete and 0 interrupted iterations
tail_open_loop   [  80% ] 0009/3000 VUs  5m59.0s/7m30s  14943.22 iters/s

running (6m00.0s), 0009/3000 VUs, 1990160 complete and 0 interrupted iterations
tail_open_loop   [  80% ] 0009/3000 VUs  6m00.0s/7m30s  14998.58 iters/s

running (6m01.0s), 0009/3000 VUs, 2005185 complete and 0 interrupted iterations
tail_open_loop   [  80% ] 0009/3000 VUs  6m01.0s/7m30s  15054.35 iters/s

running (6m02.0s), 0007/3000 VUs, 2020269 complete and 0 interrupted iterations
tail_open_loop   [  80% ] 0007/3000 VUs  6m02.0s/7m30s  15109.85 iters/s

running (6m03.0s), 0010/3000 VUs, 2035405 complete and 0 interrupted iterations
tail_open_loop   [  81% ] 0010/3000 VUs  6m03.0s/7m30s  15165.53 iters/s

running (6m04.0s), 0009/3000 VUs, 2050600 complete and 0 interrupted iterations
tail_open_loop   [  81% ] 0009/3000 VUs  6m04.0s/7m30s  15220.93 iters/s

running (6m05.0s), 0587/3000 VUs, 2065268 complete and 0 interrupted iterations
tail_open_loop   [  81% ] 0587/3000 VUs  6m05.0s/7m30s  15276.50 iters/s

running (6m06.0s), 0009/3000 VUs, 2081152 complete and 0 interrupted iterations
tail_open_loop   [  81% ] 0009/3000 VUs  6m06.0s/7m30s  15332.01 iters/s

running (6m07.0s), 0012/3000 VUs, 2096509 complete and 0 interrupted iterations
tail_open_loop   [  82% ] 0012/3000 VUs  6m07.0s/7m30s  15387.69 iters/s

running (6m08.0s), 0017/3000 VUs, 2111918 complete and 0 interrupted iterations
tail_open_loop   [  82% ] 0017/3000 VUs  6m08.0s/7m30s  15443.06 iters/s

running (6m09.0s), 0062/3000 VUs, 2127345 complete and 0 interrupted iterations
tail_open_loop   [  82% ] 0062/3000 VUs  6m09.0s/7m30s  15498.83 iters/s

running (6m10.0s), 0009/3000 VUs, 2142925 complete and 0 interrupted iterations
tail_open_loop   [  82% ] 0009/3000 VUs  6m10.0s/7m30s  15554.28 iters/s

running (6m11.0s), 0019/3000 VUs, 2158496 complete and 0 interrupted iterations
tail_open_loop   [  82% ] 0018/3000 VUs  6m11.0s/7m30s  15609.63 iters/s

running (6m12.0s), 0058/3000 VUs, 2174094 complete and 0 interrupted iterations
tail_open_loop   [  83% ] 0058/3000 VUs  6m12.0s/7m30s  15665.39 iters/s

running (6m13.0s), 0030/3000 VUs, 2189817 complete and 0 interrupted iterations
tail_open_loop   [  83% ] 0030/3000 VUs  6m13.0s/7m30s  15720.80 iters/s

running (6m14.0s), 0009/3000 VUs, 2205586 complete and 0 interrupted iterations
tail_open_loop   [  83% ] 0009/3000 VUs  6m14.0s/7m30s  15776.60 iters/s

running (6m15.0s), 0040/3000 VUs, 2221362 complete and 0 interrupted iterations
tail_open_loop   [  83% ] 0040/3000 VUs  6m15.0s/7m30s  15832.05 iters/s

running (6m16.0s), 0031/3000 VUs, 2237226 complete and 0 interrupted iterations
tail_open_loop   [  84% ] 0031/3000 VUs  6m16.0s/7m30s  15887.64 iters/s

running (6m17.0s), 0047/3000 VUs, 2253127 complete and 0 interrupted iterations
tail_open_loop   [  84% ] 0047/3000 VUs  6m17.0s/7m30s  15943.11 iters/s

running (6m18.0s), 0010/3000 VUs, 2269135 complete and 0 interrupted iterations
tail_open_loop   [  84% ] 0010/3000 VUs  6m18.0s/7m30s  15998.72 iters/s

running (6m19.0s), 0013/3000 VUs, 2285160 complete and 0 interrupted iterations
tail_open_loop   [  84% ] 0013/3000 VUs  6m19.0s/7m30s  16054.20 iters/s

running (6m20.0s), 0229/3000 VUs, 2301025 complete and 0 interrupted iterations
tail_open_loop   [  84% ] 0229/3000 VUs  6m20.0s/7m30s  16110.06 iters/s

running (6m21.0s), 0156/3000 VUs, 2317235 complete and 0 interrupted iterations
tail_open_loop   [  85% ] 0156/3000 VUs  6m21.0s/7m30s  16165.54 iters/s

running (6m22.0s), 0009/3000 VUs, 2333576 complete and 0 interrupted iterations
tail_open_loop   [  85% ] 0009/3000 VUs  6m22.0s/7m30s  16220.86 iters/s

running (6m23.0s), 0637/3000 VUs, 2349197 complete and 0 interrupted iterations
tail_open_loop   [  85% ] 0637/3000 VUs  6m23.0s/7m30s  16276.57 iters/s

running (6m24.0s), 0013/3000 VUs, 2366125 complete and 0 interrupted iterations
tail_open_loop   [  85% ] 0013/3000 VUs  6m24.0s/7m30s  16332.13 iters/s

running (6m25.0s), 0283/3000 VUs, 2382216 complete and 0 interrupted iterations
tail_open_loop   [  86% ] 0283/3000 VUs  6m25.0s/7m30s  16387.80 iters/s

running (6m26.0s), 0172/3000 VUs, 2398742 complete and 0 interrupted iterations
tail_open_loop   [  86% ] 0172/3000 VUs  6m26.0s/7m30s  16443.04 iters/s

running (6m27.0s), 0050/3000 VUs, 2415334 complete and 0 interrupted iterations
tail_open_loop   [  86% ] 0050/3000 VUs  6m27.0s/7m30s  16498.66 iters/s

running (6m28.0s), 0015/3000 VUs, 2431894 complete and 0 interrupted iterations
tail_open_loop   [  86% ] 0015/3000 VUs  6m28.0s/7m30s  16554.37 iters/s

running (6m29.0s), 0024/3000 VUs, 2448468 complete and 0 interrupted iterations
tail_open_loop   [  86% ] 0024/3000 VUs  6m29.0s/7m30s  16609.92 iters/s

running (6m30.0s), 1532/3000 VUs, 2463602 complete and 0 interrupted iterations
tail_open_loop   [  87% ] 1532/3000 VUs  6m30.0s/7m30s  16665.28 iters/s

running (6m31.0s), 0020/3000 VUs, 2481804 complete and 0 interrupted iterations
tail_open_loop   [  87% ] 0020/3000 VUs  6m31.0s/7m30s  16721.01 iters/s

running (6m32.0s), 0012/3000 VUs, 2498560 complete and 0 interrupted iterations
tail_open_loop   [  87% ] 0012/3000 VUs  6m32.0s/7m30s  16776.55 iters/s

running (6m33.0s), 0025/3000 VUs, 2515351 complete and 0 interrupted iterations
tail_open_loop   [  87% ] 0025/3000 VUs  6m33.0s/7m30s  16832.18 iters/s

running (6m34.0s), 0749/3000 VUs, 2531488 complete and 0 interrupted iterations
tail_open_loop   [  88% ] 0749/3000 VUs  6m34.0s/7m30s  16887.61 iters/s

running (6m35.0s), 0015/3000 VUs, 2549136 complete and 0 interrupted iterations
tail_open_loop   [  88% ] 0015/3000 VUs  6m35.0s/7m30s  16943.12 iters/s

running (6m36.0s), 0788/3000 VUs, 2565337 complete and 0 interrupted iterations
tail_open_loop   [  88% ] 0788/3000 VUs  6m36.0s/7m30s  16998.71 iters/s

running (6m37.0s), 0007/3000 VUs, 2583141 complete and 0 interrupted iterations
tail_open_loop   [  88% ] 0007/3000 VUs  6m37.0s/7m30s  17054.37 iters/s

running (6m38.0s), 0064/3000 VUs, 2600166 complete and 0 interrupted iterations
tail_open_loop   [  88% ] 0064/3000 VUs  6m38.0s/7m30s  17109.81 iters/s

running (6m39.0s), 0128/3000 VUs, 2617238 complete and 0 interrupted iterations
tail_open_loop   [  89% ] 0127/3000 VUs  6m39.0s/7m30s  17165.32 iters/s

running (6m40.0s), 0009/3000 VUs, 2634552 complete and 0 interrupted iterations
tail_open_loop   [  89% ] 0009/3000 VUs  6m40.0s/7m30s  17221.19 iters/s

running (6m41.0s), 0008/3000 VUs, 2651802 complete and 0 interrupted iterations
tail_open_loop   [  89% ] 0008/3000 VUs  6m41.0s/7m30s  17276.53 iters/s

running (6m42.0s), 0013/3000 VUs, 2669102 complete and 0 interrupted iterations
tail_open_loop   [  89% ] 0013/3000 VUs  6m42.0s/7m30s  17332.22 iters/s

running (6m43.0s), 0010/3000 VUs, 2686465 complete and 0 interrupted iterations
tail_open_loop   [  90% ] 0010/3000 VUs  6m43.0s/7m30s  17387.37 iters/s

running (6m44.0s), 0896/3000 VUs, 2702996 complete and 0 interrupted iterations
tail_open_loop   [  90% ] 0896/3000 VUs  6m44.0s/7m30s  17443.18 iters/s

running (6m45.0s), 0013/3000 VUs, 2721347 complete and 0 interrupted iterations
tail_open_loop   [  90% ] 0013/3000 VUs  6m45.0s/7m30s  17498.73 iters/s

running (6m46.0s), 0063/3000 VUs, 2738824 complete and 0 interrupted iterations
tail_open_loop   [  90% ] 0063/3000 VUs  6m46.0s/7m30s  17554.33 iters/s

running (6m47.0s), 0011/3000 VUs, 2756458 complete and 0 interrupted iterations
tail_open_loop   [  90% ] 0011/3000 VUs  6m47.0s/7m30s  17609.97 iters/s

running (6m48.0s), 0019/3000 VUs, 2774087 complete and 0 interrupted iterations
tail_open_loop   [  91% ] 0019/3000 VUs  6m48.0s/7m30s  17665.35 iters/s

running (6m49.0s), 0030/3000 VUs, 2791771 complete and 0 interrupted iterations
tail_open_loop   [  91% ] 0030/3000 VUs  6m49.0s/7m30s  17720.76 iters/s

running (6m50.0s), 0013/3000 VUs, 2809536 complete and 0 interrupted iterations
tail_open_loop   [  91% ] 0013/3000 VUs  6m50.0s/7m30s  17776.51 iters/s

running (6m51.0s), 0451/3000 VUs, 2826902 complete and 0 interrupted iterations
tail_open_loop   [  91% ] 0450/3000 VUs  6m51.0s/7m30s  17832.31 iters/s

running (6m52.0s), 0020/3000 VUs, 2845193 complete and 0 interrupted iterations
tail_open_loop   [  92% ] 0020/3000 VUs  6m52.0s/7m30s  17887.49 iters/s

running (6m53.0s), 1364/3000 VUs, 2861765 complete and 0 interrupted iterations
tail_open_loop   [  92% ] 1364/3000 VUs  6m53.0s/7m30s  17943.33 iters/s

running (6m54.0s), 0010/3000 VUs, 2881090 complete and 0 interrupted iterations
tail_open_loop   [  92% ] 0010/3000 VUs  6m54.0s/7m30s  17998.56 iters/s

running (6m55.0s), 0334/3000 VUs, 2898792 complete and 0 interrupted iterations
tail_open_loop   [  92% ] 0331/3000 VUs  6m55.0s/7m30s  18054.13 iters/s

running (6m56.0s), 1499/3000 VUs, 2915709 complete and 0 interrupted iterations
tail_open_loop   [  92% ] 1499/3000 VUs  6m56.0s/7m30s  18109.71 iters/s

running (6m57.0s), 0014/3000 VUs, 2935331 complete and 0 interrupted iterations
tail_open_loop   [  93% ] 0014/3000 VUs  6m57.0s/7m30s  18165.30 iters/s

running (6m58.0s), 0025/3000 VUs, 2953515 complete and 0 interrupted iterations
tail_open_loop   [  93% ] 0025/3000 VUs  6m58.0s/7m30s  18220.91 iters/s

running (6m59.0s), 0013/3000 VUs, 2971774 complete and 0 interrupted iterations
tail_open_loop   [  93% ] 0013/3000 VUs  6m59.0s/7m30s  18276.52 iters/s

running (7m00.0s), 1097/3000 VUs, 2988827 complete and 0 interrupted iterations
tail_open_loop   [  93% ] 1096/3000 VUs  7m00.0s/7m30s  18332.14 iters/s

running (7m01.0s), 0341/3000 VUs, 3007944 complete and 0 interrupted iterations
tail_open_loop   [  94% ] 0341/3000 VUs  7m01.0s/7m30s  18387.42 iters/s

running (7m02.0s), 0671/3000 VUs, 3026030 complete and 0 interrupted iterations
tail_open_loop   [  94% ] 0671/3000 VUs  7m02.0s/7m30s  18443.04 iters/s

running (7m03.0s), 0410/3000 VUs, 3044761 complete and 0 interrupted iterations
tail_open_loop   [  94% ] 0410/3000 VUs  7m03.0s/7m30s  18498.65 iters/s

running (7m04.0s), 0958/3000 VUs, 3062739 complete and 0 interrupted iterations
tail_open_loop   [  94% ] 0959/3000 VUs  7m04.0s/7m30s  18554.25 iters/s

running (7m05.0s), 0016/3000 VUs, 3082263 complete and 0 interrupted iterations
tail_open_loop   [  94% ] 0016/3000 VUs  7m05.0s/7m30s  18609.84 iters/s

running (7m06.0s), 1161/3000 VUs, 3099756 complete and 0 interrupted iterations
tail_open_loop   [  95% ] 1161/3000 VUs  7m06.0s/7m30s  18665.42 iters/s

running (7m07.0s), 2994/3000 VUs, 3116244 complete and 0 interrupted iterations
tail_open_loop   [  95% ] 2994/3000 VUs  7m07.0s/7m30s  18720.98 iters/s

running (7m08.0s), 1047/3000 VUs, 3136344 complete and 0 interrupted iterations
tail_open_loop   [  95% ] 1047/3000 VUs  7m08.0s/7m30s  18776.52 iters/s

running (7m09.0s), 1069/3000 VUs, 3154973 complete and 0 interrupted iterations
tail_open_loop   [  95% ] 1069/3000 VUs  7m09.0s/7m30s  18832.04 iters/s

running (7m10.0s), 0427/3000 VUs, 3174480 complete and 0 interrupted iterations
tail_open_loop   [  96% ] 0426/3000 VUs  7m10.0s/7m30s  18887.52 iters/s

running (7m11.0s), 0794/3000 VUs, 3193023 complete and 0 interrupted iterations
tail_open_loop   [  96% ] 0794/3000 VUs  7m11.0s/7m30s  18943.34 iters/s

running (7m12.0s), 2369/3000 VUs, 3210422 complete and 0 interrupted iterations
tail_open_loop   [  96% ] 2369/3000 VUs  7m12.0s/7m30s  18998.77 iters/s

running (7m13.0s), 1556/3000 VUs, 3229650 complete and 0 interrupted iterations
tail_open_loop   [  96% ] 1556/3000 VUs  7m13.0s/7m30s  19054.51 iters/s

running (7m14.0s), 1920/3000 VUs, 3248367 complete and 0 interrupted iterations
tail_open_loop   [  96% ] 1920/3000 VUs  7m14.0s/7m30s  19109.86 iters/s

running (7m15.0s), 0028/3000 VUs, 3269397 complete and 0 interrupted iterations
tail_open_loop   [  97% ] 0029/3000 VUs  7m15.0s/7m30s  19165.17 iters/s

running (7m16.0s), 0841/3000 VUs, 3287783 complete and 0 interrupted iterations
tail_open_loop   [  97% ] 0841/3000 VUs  7m16.0s/7m30s  19221.16 iters/s

running (7m17.0s), 0370/3000 VUs, 3307498 complete and 0 interrupted iterations
tail_open_loop   [  97% ] 0370/3000 VUs  7m17.0s/7m30s  19276.37 iters/s

running (7m18.0s), 1988/3000 VUs, 3325184 complete and 0 interrupted iterations
tail_open_loop   [  97% ] 1988/3000 VUs  7m18.0s/7m30s  19331.89 iters/s

running (7m19.0s), 1199/3000 VUs, 3345333 complete and 0 interrupted iterations
tail_open_loop   [  98% ] 1198/3000 VUs  7m19.0s/7m30s  19387.74 iters/s

running (7m20.0s), 0463/3000 VUs, 3365484 complete and 0 interrupted iterations
tail_open_loop   [  98% ] 0463/3000 VUs  7m20.0s/7m30s  19443.15 iters/s

running (7m21.0s), 2774/3000 VUs, 3382545 complete and 0 interrupted iterations
tail_open_loop   [  98% ] 2774/3000 VUs  7m21.0s/7m30s  19498.50 iters/s

running (7m22.0s), 0583/3000 VUs, 3404262 complete and 0 interrupted iterations
tail_open_loop   [  98% ] 0583/3000 VUs  7m22.0s/7m30s  19554.17 iters/s

running (7m23.0s), 2998/3000 VUs, 3420961 complete and 0 interrupted iterations
tail_open_loop   [  98% ] 2998/3000 VUs  7m23.0s/7m30s  19609.77 iters/s

running (7m24.0s), 2303/3000 VUs, 3440463 complete and 0 interrupted iterations
tail_open_loop   [  99% ] 2303/3000 VUs  7m24.0s/7m30s  19665.68 iters/s

running (7m25.0s), 2987/3000 VUs, 3459386 complete and 0 interrupted iterations
tail_open_loop   [  99% ] 2987/3000 VUs  7m25.0s/7m30s  19720.75 iters/s

running (7m26.0s), 0203/3000 VUs, 3481891 complete and 0 interrupted iterations
tail_open_loop   [  99% ] 0203/3000 VUs  7m26.0s/7m30s  19776.53 iters/s

running (7m27.0s), 2497/3000 VUs, 3499401 complete and 0 interrupted iterations
tail_open_loop   [  99% ] 2497/3000 VUs  7m27.0s/7m30s  19832.22 iters/s

running (7m28.0s), 2501/3000 VUs, 3519047 complete and 0 interrupted iterations
tail_open_loop   [ 100% ] 2501/3000 VUs  7m28.0s/7m30s  19887.83 iters/s

running (7m29.0s), 1553/3000 VUs, 3539333 complete and 0 interrupted iterations
tail_open_loop   [ 100% ] 1553/3000 VUs  7m29.0s/7m30s  19942.96 iters/s

running (7m30.0s), 2596/3000 VUs, 3558141 complete and 0 interrupted iterations
tail_open_loop   [ 100% ] 2596/3000 VUs  7m30.0s/7m30s  19998.80 iters/s


  █ THRESHOLDS 

    http_req_duration
    ✗ 'p(95)<250' p(95)=283.82ms
    ✗ 'p(99)<500' p(99)=1.07s
    ✗ 'p(99.9)<1000' p(99.9)=1.48s

    http_req_failed
    ✓ 'rate<0.05' rate=0.00%


  █ TOTAL RESULTS 

    checks_total.......: 3561131 7912.509308/s
    checks_succeeded...: 100.00% 3561131 out of 3561131
    checks_failed......: 0.00%   0 out of 3561131

    ✓ status is 200 or 404

    HTTP
    http_req_duration..............: avg=62.08ms min=139µs    med=1.07ms max=1.95s p(90)=115.32ms p(95)=283.82ms p(99)=1.07s p(99.9)=1.48s
      { expected_response:true }...: avg=62.08ms min=139µs    med=1.07ms max=1.95s p(90)=115.32ms p(95)=283.82ms p(99)=1.07s p(99.9)=1.48s
    http_req_failed................: 0.00%   0 out of 3561131
    http_reqs......................: 3561131 7912.509308/s

    EXECUTION
    dropped_iterations.............: 308805  686.136634/s
    iteration_duration.............: avg=62.13ms min=158.41µs med=1.12ms max=1.95s p(90)=115.36ms p(95)=284.12ms p(99)=1.07s p(99.9)=1.48s
    iterations.....................: 3561131 7912.509308/s
    vus............................: 2595    min=0            max=3000
    vus_max........................: 3000    min=300          max=3000

    NETWORK
    data_received..................: 502 MB  1.1 MB/s
    data_sent......................: 399 MB  886 kB/s




running (7m30.1s), 0000/3000 VUs, 3561131 complete and 0 interrupted iterations
tail_open_loop ✓ [ 100% ] 0000/3000 VUs  7m30s  19999.60 iters/s
