
         /\      Grafana   /‾‾/  
    /\  /  \     |\  __   /  /   
   /  \/    \    | |/ /  /   ‾‾\ 
  /          \   |   (  |  (‾)  |
 / __________ \  |_|\_\  \_____/ 


     execution: local
        script: /work/bench/k6/scenarios/pool-saturation-recovery.js
        output: -

     scenarios: (100.00%) 1 scenario, 800 max VUs, 6m30s max duration (incl. graceful stop):
              * pool_saturation_recovery: Up to 800 looping VUs for 6m0s over 6 stages (gracefulRampDown: 30s, gracefulStop: 30s)


running (0m00.9s), 010/800 VUs, 3974 complete and 0 interrupted iterations
pool_saturation_recovery   [   0% ] 010/800 VUs  0m00.9s/6m00.0s

running (0m01.9s), 011/800 VUs, 8281 complete and 0 interrupted iterations
pool_saturation_recovery   [   1% ] 011/800 VUs  0m01.9s/6m00.0s

running (0m02.9s), 011/800 VUs, 12684 complete and 0 interrupted iterations
pool_saturation_recovery   [   1% ] 011/800 VUs  0m02.9s/6m00.0s

running (0m03.9s), 012/800 VUs, 16921 complete and 0 interrupted iterations
pool_saturation_recovery   [   1% ] 012/800 VUs  0m03.9s/6m00.0s

running (0m04.9s), 013/800 VUs, 21028 complete and 0 interrupted iterations
pool_saturation_recovery   [   1% ] 013/800 VUs  0m04.9s/6m00.0s

running (0m05.9s), 013/800 VUs, 25379 complete and 0 interrupted iterations
pool_saturation_recovery   [   2% ] 013/800 VUs  0m05.9s/6m00.0s

running (0m06.9s), 014/800 VUs, 29354 complete and 0 interrupted iterations
pool_saturation_recovery   [   2% ] 014/800 VUs  0m06.9s/6m00.0s

running (0m07.9s), 015/800 VUs, 34012 complete and 0 interrupted iterations
pool_saturation_recovery   [   2% ] 015/800 VUs  0m07.9s/6m00.0s

running (0m08.9s), 015/800 VUs, 38857 complete and 0 interrupted iterations
pool_saturation_recovery   [   2% ] 015/800 VUs  0m08.9s/6m00.0s

running (0m09.9s), 016/800 VUs, 43663 complete and 0 interrupted iterations
pool_saturation_recovery   [   3% ] 016/800 VUs  0m09.9s/6m00.0s

running (0m10.9s), 017/800 VUs, 48401 complete and 0 interrupted iterations
pool_saturation_recovery   [   3% ] 017/800 VUs  0m10.9s/6m00.0s

running (0m11.9s), 017/800 VUs, 53282 complete and 0 interrupted iterations
pool_saturation_recovery   [   3% ] 017/800 VUs  0m11.9s/6m00.0s

running (0m12.9s), 018/800 VUs, 58474 complete and 0 interrupted iterations
pool_saturation_recovery   [   4% ] 018/800 VUs  0m12.9s/6m00.0s

running (0m13.9s), 019/800 VUs, 62912 complete and 0 interrupted iterations
pool_saturation_recovery   [   4% ] 019/800 VUs  0m13.9s/6m00.0s

running (0m14.9s), 019/800 VUs, 67716 complete and 0 interrupted iterations
pool_saturation_recovery   [   4% ] 019/800 VUs  0m14.9s/6m00.0s

running (0m15.9s), 020/800 VUs, 72461 complete and 0 interrupted iterations
pool_saturation_recovery   [   4% ] 020/800 VUs  0m15.9s/6m00.0s

running (0m16.9s), 021/800 VUs, 77179 complete and 0 interrupted iterations
pool_saturation_recovery   [   5% ] 021/800 VUs  0m16.9s/6m00.0s

running (0m17.9s), 021/800 VUs, 81986 complete and 0 interrupted iterations
pool_saturation_recovery   [   5% ] 021/800 VUs  0m17.9s/6m00.0s

running (0m18.9s), 022/800 VUs, 86685 complete and 0 interrupted iterations
pool_saturation_recovery   [   5% ] 022/800 VUs  0m18.9s/6m00.0s

running (0m19.9s), 023/800 VUs, 91990 complete and 0 interrupted iterations
pool_saturation_recovery   [   6% ] 023/800 VUs  0m19.9s/6m00.0s

running (0m20.9s), 023/800 VUs, 97221 complete and 0 interrupted iterations
pool_saturation_recovery   [   6% ] 023/800 VUs  0m20.9s/6m00.0s

running (0m21.9s), 024/800 VUs, 102569 complete and 0 interrupted iterations
pool_saturation_recovery   [   6% ] 024/800 VUs  0m21.9s/6m00.0s

running (0m22.9s), 025/800 VUs, 107791 complete and 0 interrupted iterations
pool_saturation_recovery   [   6% ] 025/800 VUs  0m22.9s/6m00.0s

running (0m23.9s), 025/800 VUs, 112544 complete and 0 interrupted iterations
pool_saturation_recovery   [   7% ] 025/800 VUs  0m23.9s/6m00.0s

running (0m24.9s), 026/800 VUs, 117704 complete and 0 interrupted iterations
pool_saturation_recovery   [   7% ] 026/800 VUs  0m24.9s/6m00.0s

running (0m25.9s), 027/800 VUs, 122666 complete and 0 interrupted iterations
pool_saturation_recovery   [   7% ] 027/800 VUs  0m25.9s/6m00.0s

running (0m26.9s), 027/800 VUs, 127730 complete and 0 interrupted iterations
pool_saturation_recovery   [   7% ] 027/800 VUs  0m26.9s/6m00.0s

running (0m27.9s), 028/800 VUs, 132941 complete and 0 interrupted iterations
pool_saturation_recovery   [   8% ] 028/800 VUs  0m27.9s/6m00.0s

running (0m28.9s), 029/800 VUs, 138498 complete and 0 interrupted iterations
pool_saturation_recovery   [   8% ] 029/800 VUs  0m28.9s/6m00.0s

running (0m29.9s), 029/800 VUs, 143935 complete and 0 interrupted iterations
pool_saturation_recovery   [   8% ] 029/800 VUs  0m29.9s/6m00.0s

running (0m30.9s), 030/800 VUs, 149759 complete and 0 interrupted iterations
pool_saturation_recovery   [   9% ] 030/800 VUs  0m30.9s/6m00.0s

running (0m31.9s), 031/800 VUs, 155113 complete and 0 interrupted iterations
pool_saturation_recovery   [   9% ] 031/800 VUs  0m31.9s/6m00.0s

running (0m32.9s), 031/800 VUs, 160792 complete and 0 interrupted iterations
pool_saturation_recovery   [   9% ] 031/800 VUs  0m32.9s/6m00.0s

running (0m33.9s), 032/800 VUs, 166392 complete and 0 interrupted iterations
pool_saturation_recovery   [   9% ] 032/800 VUs  0m33.9s/6m00.0s

running (0m34.9s), 033/800 VUs, 172003 complete and 0 interrupted iterations
pool_saturation_recovery   [  10% ] 033/800 VUs  0m34.9s/6m00.0s

running (0m35.9s), 033/800 VUs, 177669 complete and 0 interrupted iterations
pool_saturation_recovery   [  10% ] 033/800 VUs  0m35.9s/6m00.0s

running (0m36.9s), 034/800 VUs, 182942 complete and 0 interrupted iterations
pool_saturation_recovery   [  10% ] 034/800 VUs  0m36.9s/6m00.0s

running (0m37.9s), 035/800 VUs, 188529 complete and 0 interrupted iterations
pool_saturation_recovery   [  11% ] 035/800 VUs  0m37.9s/6m00.0s

running (0m38.9s), 035/800 VUs, 194293 complete and 0 interrupted iterations
pool_saturation_recovery   [  11% ] 035/800 VUs  0m38.9s/6m00.0s

running (0m39.9s), 036/800 VUs, 199819 complete and 0 interrupted iterations
pool_saturation_recovery   [  11% ] 036/800 VUs  0m39.9s/6m00.0s

running (0m40.9s), 037/800 VUs, 205612 complete and 0 interrupted iterations
pool_saturation_recovery   [  11% ] 037/800 VUs  0m40.9s/6m00.0s

running (0m41.9s), 037/800 VUs, 210981 complete and 0 interrupted iterations
pool_saturation_recovery   [  12% ] 037/800 VUs  0m41.9s/6m00.0s

running (0m42.9s), 038/800 VUs, 216636 complete and 0 interrupted iterations
pool_saturation_recovery   [  12% ] 038/800 VUs  0m42.9s/6m00.0s

running (0m43.9s), 039/800 VUs, 222274 complete and 0 interrupted iterations
pool_saturation_recovery   [  12% ] 039/800 VUs  0m43.9s/6m00.0s

running (0m44.9s), 039/800 VUs, 228102 complete and 0 interrupted iterations
pool_saturation_recovery   [  12% ] 039/800 VUs  0m44.9s/6m00.0s

running (0m46.0s), 040/800 VUs, 233910 complete and 0 interrupted iterations
pool_saturation_recovery   [  13% ] 040/800 VUs  0m46.0s/6m00.0s

running (0m46.9s), 041/800 VUs, 238874 complete and 0 interrupted iterations
pool_saturation_recovery   [  13% ] 041/800 VUs  0m46.9s/6m00.0s

running (0m47.9s), 041/800 VUs, 244245 complete and 0 interrupted iterations
pool_saturation_recovery   [  13% ] 041/800 VUs  0m47.9s/6m00.0s

running (0m48.9s), 042/800 VUs, 249722 complete and 0 interrupted iterations
pool_saturation_recovery   [  14% ] 042/800 VUs  0m48.9s/6m00.0s

running (0m49.9s), 043/800 VUs, 255329 complete and 0 interrupted iterations
pool_saturation_recovery   [  14% ] 043/800 VUs  0m49.9s/6m00.0s

running (0m50.9s), 043/800 VUs, 260860 complete and 0 interrupted iterations
pool_saturation_recovery   [  14% ] 043/800 VUs  0m50.9s/6m00.0s

running (0m51.9s), 044/800 VUs, 266713 complete and 0 interrupted iterations
pool_saturation_recovery   [  14% ] 044/800 VUs  0m51.9s/6m00.0s

running (0m52.9s), 045/800 VUs, 272285 complete and 0 interrupted iterations
pool_saturation_recovery   [  15% ] 045/800 VUs  0m52.9s/6m00.0s

running (0m53.9s), 045/800 VUs, 277780 complete and 0 interrupted iterations
pool_saturation_recovery   [  15% ] 045/800 VUs  0m53.9s/6m00.0s

running (0m54.9s), 046/800 VUs, 283496 complete and 0 interrupted iterations
pool_saturation_recovery   [  15% ] 046/800 VUs  0m54.9s/6m00.0s

running (0m55.9s), 047/800 VUs, 289325 complete and 0 interrupted iterations
pool_saturation_recovery   [  16% ] 047/800 VUs  0m55.9s/6m00.0s

running (0m56.9s), 047/800 VUs, 295495 complete and 0 interrupted iterations
pool_saturation_recovery   [  16% ] 047/800 VUs  0m56.9s/6m00.0s

running (0m57.9s), 048/800 VUs, 300979 complete and 0 interrupted iterations
pool_saturation_recovery   [  16% ] 048/800 VUs  0m57.9s/6m00.0s

running (0m58.9s), 049/800 VUs, 306601 complete and 0 interrupted iterations
pool_saturation_recovery   [  16% ] 049/800 VUs  0m58.9s/6m00.0s

running (0m59.9s), 049/800 VUs, 312423 complete and 0 interrupted iterations
pool_saturation_recovery   [  17% ] 049/800 VUs  0m59.9s/6m00.0s

running (1m00.9s), 050/800 VUs, 318057 complete and 0 interrupted iterations
pool_saturation_recovery   [  17% ] 050/800 VUs  1m00.9s/6m00.0s

running (1m01.9s), 051/800 VUs, 323773 complete and 0 interrupted iterations
pool_saturation_recovery   [  17% ] 051/800 VUs  1m01.9s/6m00.0s

running (1m02.9s), 052/800 VUs, 329521 complete and 0 interrupted iterations
pool_saturation_recovery   [  17% ] 052/800 VUs  1m02.9s/6m00.0s

running (1m03.9s), 053/800 VUs, 334919 complete and 0 interrupted iterations
pool_saturation_recovery   [  18% ] 053/800 VUs  1m03.9s/6m00.0s

running (1m04.9s), 054/800 VUs, 340392 complete and 0 interrupted iterations
pool_saturation_recovery   [  18% ] 054/800 VUs  1m04.9s/6m00.0s

running (1m05.9s), 054/800 VUs, 345781 complete and 0 interrupted iterations
pool_saturation_recovery   [  18% ] 054/800 VUs  1m05.9s/6m00.0s

running (1m06.9s), 055/800 VUs, 350866 complete and 0 interrupted iterations
pool_saturation_recovery   [  19% ] 055/800 VUs  1m06.9s/6m00.0s

running (1m07.9s), 056/800 VUs, 356385 complete and 0 interrupted iterations
pool_saturation_recovery   [  19% ] 056/800 VUs  1m07.9s/6m00.0s

running (1m08.9s), 057/800 VUs, 361903 complete and 0 interrupted iterations
pool_saturation_recovery   [  19% ] 057/800 VUs  1m08.9s/6m00.0s

running (1m09.9s), 058/800 VUs, 366525 complete and 0 interrupted iterations
pool_saturation_recovery   [  19% ] 058/800 VUs  1m09.9s/6m00.0s

running (1m10.9s), 059/800 VUs, 371206 complete and 0 interrupted iterations
pool_saturation_recovery   [  20% ] 059/800 VUs  1m10.9s/6m00.0s

running (1m11.9s), 059/800 VUs, 376080 complete and 0 interrupted iterations
pool_saturation_recovery   [  20% ] 059/800 VUs  1m11.9s/6m00.0s

running (1m12.9s), 060/800 VUs, 380993 complete and 0 interrupted iterations
pool_saturation_recovery   [  20% ] 060/800 VUs  1m12.9s/6m00.0s

running (1m13.9s), 061/800 VUs, 385006 complete and 0 interrupted iterations
pool_saturation_recovery   [  21% ] 061/800 VUs  1m13.9s/6m00.0s

running (1m14.9s), 062/800 VUs, 389143 complete and 0 interrupted iterations
pool_saturation_recovery   [  21% ] 062/800 VUs  1m14.9s/6m00.0s

running (1m15.9s), 063/800 VUs, 393891 complete and 0 interrupted iterations
pool_saturation_recovery   [  21% ] 063/800 VUs  1m15.9s/6m00.0s

running (1m16.9s), 064/800 VUs, 399421 complete and 0 interrupted iterations
pool_saturation_recovery   [  21% ] 064/800 VUs  1m16.9s/6m00.0s

running (1m17.9s), 064/800 VUs, 404778 complete and 0 interrupted iterations
pool_saturation_recovery   [  22% ] 064/800 VUs  1m17.9s/6m00.0s

running (1m18.9s), 065/800 VUs, 409865 complete and 0 interrupted iterations
pool_saturation_recovery   [  22% ] 065/800 VUs  1m18.9s/6m00.0s

running (1m19.9s), 066/800 VUs, 415152 complete and 0 interrupted iterations
pool_saturation_recovery   [  22% ] 066/800 VUs  1m19.9s/6m00.0s

running (1m20.9s), 067/800 VUs, 420882 complete and 0 interrupted iterations
pool_saturation_recovery   [  22% ] 067/800 VUs  1m20.9s/6m00.0s

running (1m21.9s), 068/800 VUs, 426659 complete and 0 interrupted iterations
pool_saturation_recovery   [  23% ] 068/800 VUs  1m21.9s/6m00.0s

running (1m22.9s), 069/800 VUs, 432455 complete and 0 interrupted iterations
pool_saturation_recovery   [  23% ] 069/800 VUs  1m22.9s/6m00.0s

running (1m23.9s), 069/800 VUs, 438070 complete and 0 interrupted iterations
pool_saturation_recovery   [  23% ] 069/800 VUs  1m23.9s/6m00.0s

running (1m24.9s), 070/800 VUs, 443492 complete and 0 interrupted iterations
pool_saturation_recovery   [  24% ] 070/800 VUs  1m24.9s/6m00.0s

running (1m25.9s), 071/800 VUs, 448978 complete and 0 interrupted iterations
pool_saturation_recovery   [  24% ] 071/800 VUs  1m25.9s/6m00.0s

running (1m26.9s), 072/800 VUs, 454473 complete and 0 interrupted iterations
pool_saturation_recovery   [  24% ] 072/800 VUs  1m26.9s/6m00.0s

running (1m27.9s), 073/800 VUs, 460342 complete and 0 interrupted iterations
pool_saturation_recovery   [  24% ] 073/800 VUs  1m27.9s/6m00.0s

running (1m28.9s), 074/800 VUs, 466152 complete and 0 interrupted iterations
pool_saturation_recovery   [  25% ] 074/800 VUs  1m28.9s/6m00.0s

running (1m29.9s), 074/800 VUs, 471588 complete and 0 interrupted iterations
pool_saturation_recovery   [  25% ] 074/800 VUs  1m29.9s/6m00.0s

running (1m30.9s), 075/800 VUs, 477029 complete and 0 interrupted iterations
pool_saturation_recovery   [  25% ] 075/800 VUs  1m30.9s/6m00.0s

running (1m31.9s), 076/800 VUs, 482721 complete and 0 interrupted iterations
pool_saturation_recovery   [  26% ] 076/800 VUs  1m31.9s/6m00.0s

running (1m32.9s), 077/800 VUs, 488431 complete and 0 interrupted iterations
pool_saturation_recovery   [  26% ] 077/800 VUs  1m32.9s/6m00.0s

running (1m33.9s), 078/800 VUs, 494282 complete and 0 interrupted iterations
pool_saturation_recovery   [  26% ] 078/800 VUs  1m33.9s/6m00.0s

running (1m34.9s), 079/800 VUs, 499822 complete and 0 interrupted iterations
pool_saturation_recovery   [  26% ] 079/800 VUs  1m34.9s/6m00.0s

running (1m35.9s), 079/800 VUs, 505287 complete and 0 interrupted iterations
pool_saturation_recovery   [  27% ] 079/800 VUs  1m35.9s/6m00.0s

running (1m36.9s), 080/800 VUs, 510851 complete and 0 interrupted iterations
pool_saturation_recovery   [  27% ] 080/800 VUs  1m36.9s/6m00.0s

running (1m37.9s), 081/800 VUs, 516425 complete and 0 interrupted iterations
pool_saturation_recovery   [  27% ] 081/800 VUs  1m37.9s/6m00.0s

running (1m38.9s), 082/800 VUs, 522102 complete and 0 interrupted iterations
pool_saturation_recovery   [  27% ] 082/800 VUs  1m38.9s/6m00.0s

running (1m39.9s), 083/800 VUs, 527404 complete and 0 interrupted iterations
pool_saturation_recovery   [  28% ] 083/800 VUs  1m39.9s/6m00.0s

running (1m40.9s), 084/800 VUs, 532597 complete and 0 interrupted iterations
pool_saturation_recovery   [  28% ] 084/800 VUs  1m40.9s/6m00.0s

running (1m41.9s), 084/800 VUs, 538159 complete and 0 interrupted iterations
pool_saturation_recovery   [  28% ] 084/800 VUs  1m41.9s/6m00.0s

running (1m42.9s), 085/800 VUs, 543742 complete and 0 interrupted iterations
pool_saturation_recovery   [  29% ] 085/800 VUs  1m42.9s/6m00.0s

running (1m43.9s), 086/800 VUs, 549431 complete and 0 interrupted iterations
pool_saturation_recovery   [  29% ] 086/800 VUs  1m43.9s/6m00.0s

running (1m44.9s), 087/800 VUs, 554986 complete and 0 interrupted iterations
pool_saturation_recovery   [  29% ] 087/800 VUs  1m44.9s/6m00.0s

running (1m45.9s), 088/800 VUs, 560424 complete and 0 interrupted iterations
pool_saturation_recovery   [  29% ] 088/800 VUs  1m45.9s/6m00.0s

running (1m46.9s), 089/800 VUs, 565858 complete and 0 interrupted iterations
pool_saturation_recovery   [  30% ] 089/800 VUs  1m46.9s/6m00.0s

running (1m47.9s), 089/800 VUs, 571480 complete and 0 interrupted iterations
pool_saturation_recovery   [  30% ] 089/800 VUs  1m47.9s/6m00.0s

running (1m48.9s), 090/800 VUs, 577195 complete and 0 interrupted iterations
pool_saturation_recovery   [  30% ] 090/800 VUs  1m48.9s/6m00.0s

running (1m49.9s), 091/800 VUs, 582814 complete and 0 interrupted iterations
pool_saturation_recovery   [  31% ] 091/800 VUs  1m49.9s/6m00.0s

running (1m50.9s), 092/800 VUs, 588496 complete and 0 interrupted iterations
pool_saturation_recovery   [  31% ] 092/800 VUs  1m50.9s/6m00.0s

running (1m51.9s), 093/800 VUs, 593279 complete and 0 interrupted iterations
pool_saturation_recovery   [  31% ] 093/800 VUs  1m51.9s/6m00.0s

running (1m52.9s), 094/800 VUs, 598760 complete and 0 interrupted iterations
pool_saturation_recovery   [  31% ] 094/800 VUs  1m52.9s/6m00.0s

running (1m53.9s), 094/800 VUs, 604271 complete and 0 interrupted iterations
pool_saturation_recovery   [  32% ] 094/800 VUs  1m53.9s/6m00.0s

running (1m54.9s), 095/800 VUs, 609921 complete and 0 interrupted iterations
pool_saturation_recovery   [  32% ] 095/800 VUs  1m54.9s/6m00.0s

running (1m55.9s), 096/800 VUs, 615691 complete and 0 interrupted iterations
pool_saturation_recovery   [  32% ] 096/800 VUs  1m55.9s/6m00.0s

running (1m56.9s), 097/800 VUs, 621117 complete and 0 interrupted iterations
pool_saturation_recovery   [  32% ] 097/800 VUs  1m56.9s/6m00.0s

running (1m57.9s), 098/800 VUs, 626773 complete and 0 interrupted iterations
pool_saturation_recovery   [  33% ] 098/800 VUs  1m57.9s/6m00.0s

running (1m58.9s), 099/800 VUs, 632673 complete and 0 interrupted iterations
pool_saturation_recovery   [  33% ] 099/800 VUs  1m58.9s/6m00.0s

running (1m59.9s), 099/800 VUs, 638482 complete and 0 interrupted iterations
pool_saturation_recovery   [  33% ] 099/800 VUs  1m59.9s/6m00.0s

running (2m00.9s), 101/800 VUs, 644062 complete and 0 interrupted iterations
pool_saturation_recovery   [  34% ] 101/800 VUs  2m00.9s/6m00.0s

running (2m01.9s), 103/800 VUs, 649566 complete and 0 interrupted iterations
pool_saturation_recovery   [  34% ] 103/800 VUs  2m01.9s/6m00.0s

running (2m02.9s), 104/800 VUs, 655288 complete and 0 interrupted iterations
pool_saturation_recovery   [  34% ] 104/800 VUs  2m02.9s/6m00.0s

running (2m03.9s), 106/800 VUs, 661013 complete and 0 interrupted iterations
pool_saturation_recovery   [  34% ] 106/800 VUs  2m03.9s/6m00.0s

running (2m04.9s), 108/800 VUs, 666898 complete and 0 interrupted iterations
pool_saturation_recovery   [  35% ] 108/800 VUs  2m04.9s/6m00.0s

running (2m05.9s), 109/800 VUs, 672664 complete and 0 interrupted iterations
pool_saturation_recovery   [  35% ] 109/800 VUs  2m05.9s/6m00.0s

running (2m06.9s), 111/800 VUs, 678355 complete and 0 interrupted iterations
pool_saturation_recovery   [  35% ] 111/800 VUs  2m06.9s/6m00.0s

running (2m07.9s), 113/800 VUs, 683719 complete and 0 interrupted iterations
pool_saturation_recovery   [  36% ] 113/800 VUs  2m07.9s/6m00.0s

running (2m08.9s), 114/800 VUs, 689506 complete and 0 interrupted iterations
pool_saturation_recovery   [  36% ] 114/800 VUs  2m08.9s/6m00.0s

running (2m09.9s), 116/800 VUs, 695090 complete and 0 interrupted iterations
pool_saturation_recovery   [  36% ] 116/800 VUs  2m09.9s/6m00.0s

running (2m10.9s), 118/800 VUs, 700870 complete and 0 interrupted iterations
pool_saturation_recovery   [  36% ] 118/800 VUs  2m10.9s/6m00.0s

running (2m11.9s), 119/800 VUs, 706653 complete and 0 interrupted iterations
pool_saturation_recovery   [  37% ] 119/800 VUs  2m11.9s/6m00.0s

running (2m12.9s), 121/800 VUs, 712179 complete and 0 interrupted iterations
pool_saturation_recovery   [  37% ] 121/800 VUs  2m12.9s/6m00.0s

running (2m13.9s), 123/800 VUs, 718001 complete and 0 interrupted iterations
pool_saturation_recovery   [  37% ] 123/800 VUs  2m13.9s/6m00.0s

running (2m14.9s), 124/800 VUs, 723751 complete and 0 interrupted iterations
pool_saturation_recovery   [  37% ] 124/800 VUs  2m14.9s/6m00.0s

running (2m15.9s), 126/800 VUs, 729436 complete and 0 interrupted iterations
pool_saturation_recovery   [  38% ] 126/800 VUs  2m15.9s/6m00.0s

running (2m16.9s), 128/800 VUs, 735139 complete and 0 interrupted iterations
pool_saturation_recovery   [  38% ] 128/800 VUs  2m16.9s/6m00.0s

running (2m17.9s), 129/800 VUs, 740671 complete and 0 interrupted iterations
pool_saturation_recovery   [  38% ] 129/800 VUs  2m17.9s/6m00.0s

running (2m18.9s), 131/800 VUs, 746341 complete and 0 interrupted iterations
pool_saturation_recovery   [  39% ] 131/800 VUs  2m18.9s/6m00.0s

running (2m19.9s), 133/800 VUs, 752202 complete and 0 interrupted iterations
pool_saturation_recovery   [  39% ] 133/800 VUs  2m19.9s/6m00.0s

running (2m20.9s), 134/800 VUs, 758002 complete and 0 interrupted iterations
pool_saturation_recovery   [  39% ] 134/800 VUs  2m20.9s/6m00.0s

running (2m21.9s), 136/800 VUs, 764046 complete and 0 interrupted iterations
pool_saturation_recovery   [  39% ] 136/800 VUs  2m21.9s/6m00.0s

running (2m22.9s), 138/800 VUs, 769849 complete and 0 interrupted iterations
pool_saturation_recovery   [  40% ] 138/800 VUs  2m22.9s/6m00.0s

running (2m23.9s), 139/800 VUs, 774827 complete and 0 interrupted iterations
pool_saturation_recovery   [  40% ] 139/800 VUs  2m24.0s/6m00.0s

running (2m24.9s), 141/800 VUs, 780428 complete and 0 interrupted iterations
pool_saturation_recovery   [  40% ] 141/800 VUs  2m24.9s/6m00.0s

running (2m25.9s), 143/800 VUs, 786007 complete and 0 interrupted iterations
pool_saturation_recovery   [  41% ] 143/800 VUs  2m25.9s/6m00.0s

running (2m26.9s), 144/800 VUs, 791717 complete and 0 interrupted iterations
pool_saturation_recovery   [  41% ] 144/800 VUs  2m26.9s/6m00.0s

running (2m27.9s), 146/800 VUs, 797382 complete and 0 interrupted iterations
pool_saturation_recovery   [  41% ] 146/800 VUs  2m27.9s/6m00.0s

running (2m28.9s), 148/800 VUs, 802742 complete and 0 interrupted iterations
pool_saturation_recovery   [  41% ] 148/800 VUs  2m28.9s/6m00.0s

running (2m29.9s), 149/800 VUs, 808365 complete and 0 interrupted iterations
pool_saturation_recovery   [  42% ] 149/800 VUs  2m29.9s/6m00.0s

running (2m30.9s), 151/800 VUs, 814111 complete and 0 interrupted iterations
pool_saturation_recovery   [  42% ] 151/800 VUs  2m30.9s/6m00.0s

running (2m31.9s), 153/800 VUs, 819834 complete and 0 interrupted iterations
pool_saturation_recovery   [  42% ] 153/800 VUs  2m31.9s/6m00.0s

running (2m32.9s), 154/800 VUs, 825559 complete and 0 interrupted iterations
pool_saturation_recovery   [  42% ] 154/800 VUs  2m32.9s/6m00.0s

running (2m33.9s), 156/800 VUs, 830988 complete and 0 interrupted iterations
pool_saturation_recovery   [  43% ] 156/800 VUs  2m33.9s/6m00.0s

running (2m34.9s), 158/800 VUs, 836655 complete and 0 interrupted iterations
pool_saturation_recovery   [  43% ] 158/800 VUs  2m34.9s/6m00.0s

running (2m35.9s), 159/800 VUs, 842431 complete and 0 interrupted iterations
pool_saturation_recovery   [  43% ] 159/800 VUs  2m35.9s/6m00.0s

running (2m36.9s), 161/800 VUs, 848239 complete and 0 interrupted iterations
pool_saturation_recovery   [  44% ] 161/800 VUs  2m36.9s/6m00.0s

running (2m37.9s), 163/800 VUs, 854131 complete and 0 interrupted iterations
pool_saturation_recovery   [  44% ] 163/800 VUs  2m37.9s/6m00.0s

running (2m38.9s), 164/800 VUs, 859815 complete and 0 interrupted iterations
pool_saturation_recovery   [  44% ] 164/800 VUs  2m38.9s/6m00.0s

running (2m39.9s), 166/800 VUs, 864904 complete and 0 interrupted iterations
pool_saturation_recovery   [  44% ] 166/800 VUs  2m39.9s/6m00.0s

running (2m40.9s), 168/800 VUs, 870133 complete and 0 interrupted iterations
pool_saturation_recovery   [  45% ] 168/800 VUs  2m40.9s/6m00.0s

running (2m42.0s), 170/800 VUs, 875767 complete and 0 interrupted iterations
pool_saturation_recovery   [  45% ] 170/800 VUs  2m42.0s/6m00.0s

running (2m42.9s), 171/800 VUs, 880550 complete and 0 interrupted iterations
pool_saturation_recovery   [  45% ] 171/800 VUs  2m42.9s/6m00.0s

running (2m43.9s), 173/800 VUs, 885444 complete and 0 interrupted iterations
pool_saturation_recovery   [  46% ] 173/800 VUs  2m43.9s/6m00.0s

running (2m44.9s), 174/800 VUs, 890641 complete and 0 interrupted iterations
pool_saturation_recovery   [  46% ] 174/800 VUs  2m44.9s/6m00.0s

running (2m45.9s), 176/800 VUs, 896541 complete and 0 interrupted iterations
pool_saturation_recovery   [  46% ] 176/800 VUs  2m45.9s/6m00.0s

running (2m46.9s), 178/800 VUs, 902305 complete and 0 interrupted iterations
pool_saturation_recovery   [  46% ] 178/800 VUs  2m46.9s/6m00.0s

running (2m47.9s), 179/800 VUs, 907883 complete and 0 interrupted iterations
pool_saturation_recovery   [  47% ] 179/800 VUs  2m47.9s/6m00.0s

running (2m48.9s), 181/800 VUs, 913281 complete and 0 interrupted iterations
pool_saturation_recovery   [  47% ] 181/800 VUs  2m48.9s/6m00.0s

running (2m49.9s), 183/800 VUs, 918499 complete and 0 interrupted iterations
pool_saturation_recovery   [  47% ] 183/800 VUs  2m49.9s/6m00.0s

running (2m50.9s), 184/800 VUs, 923853 complete and 0 interrupted iterations
pool_saturation_recovery   [  47% ] 184/800 VUs  2m50.9s/6m00.0s

running (2m51.9s), 186/800 VUs, 929475 complete and 0 interrupted iterations
pool_saturation_recovery   [  48% ] 186/800 VUs  2m51.9s/6m00.0s

running (2m52.9s), 188/800 VUs, 935331 complete and 0 interrupted iterations
pool_saturation_recovery   [  48% ] 188/800 VUs  2m52.9s/6m00.0s

running (2m53.9s), 189/800 VUs, 940963 complete and 0 interrupted iterations
pool_saturation_recovery   [  48% ] 189/800 VUs  2m53.9s/6m00.0s

running (2m54.9s), 191/800 VUs, 946824 complete and 0 interrupted iterations
pool_saturation_recovery   [  49% ] 191/800 VUs  2m54.9s/6m00.0s

running (2m55.9s), 193/800 VUs, 951650 complete and 0 interrupted iterations
pool_saturation_recovery   [  49% ] 193/800 VUs  2m55.9s/6m00.0s

running (2m56.9s), 194/800 VUs, 957322 complete and 0 interrupted iterations
pool_saturation_recovery   [  49% ] 194/800 VUs  2m56.9s/6m00.0s

running (2m57.9s), 196/800 VUs, 963118 complete and 0 interrupted iterations
pool_saturation_recovery   [  49% ] 196/800 VUs  2m57.9s/6m00.0s

running (2m58.9s), 198/800 VUs, 968993 complete and 0 interrupted iterations
pool_saturation_recovery   [  50% ] 198/800 VUs  2m58.9s/6m00.0s

running (2m59.9s), 199/800 VUs, 974468 complete and 0 interrupted iterations
pool_saturation_recovery   [  50% ] 199/800 VUs  2m59.9s/6m00.0s

running (3m00.9s), 203/800 VUs, 979769 complete and 0 interrupted iterations
pool_saturation_recovery   [  50% ] 203/800 VUs  3m00.9s/6m00.0s

running (3m01.9s), 206/800 VUs, 985495 complete and 0 interrupted iterations
pool_saturation_recovery   [  51% ] 206/800 VUs  3m01.9s/6m00.0s

running (3m02.9s), 209/800 VUs, 991129 complete and 0 interrupted iterations
pool_saturation_recovery   [  51% ] 209/800 VUs  3m02.9s/6m00.0s

running (3m03.9s), 213/800 VUs, 995594 complete and 0 interrupted iterations
pool_saturation_recovery   [  51% ] 213/800 VUs  3m03.9s/6m00.0s

running (3m04.9s), 216/800 VUs, 1000764 complete and 0 interrupted iterations
pool_saturation_recovery   [  51% ] 216/800 VUs  3m04.9s/6m00.0s

running (3m05.9s), 219/800 VUs, 1006130 complete and 0 interrupted iterations
pool_saturation_recovery   [  52% ] 219/800 VUs  3m05.9s/6m00.0s

running (3m06.9s), 223/800 VUs, 1011329 complete and 0 interrupted iterations
pool_saturation_recovery   [  52% ] 223/800 VUs  3m06.9s/6m00.0s

running (3m07.9s), 226/800 VUs, 1017263 complete and 0 interrupted iterations
pool_saturation_recovery   [  52% ] 226/800 VUs  3m07.9s/6m00.0s

running (3m08.9s), 229/800 VUs, 1022478 complete and 0 interrupted iterations
pool_saturation_recovery   [  52% ] 229/800 VUs  3m08.9s/6m00.0s

running (3m09.9s), 233/800 VUs, 1027374 complete and 0 interrupted iterations
pool_saturation_recovery   [  53% ] 233/800 VUs  3m09.9s/6m00.0s

running (3m10.9s), 236/800 VUs, 1032086 complete and 0 interrupted iterations
pool_saturation_recovery   [  53% ] 236/800 VUs  3m10.9s/6m00.0s

running (3m11.9s), 239/800 VUs, 1037500 complete and 0 interrupted iterations
pool_saturation_recovery   [  53% ] 239/800 VUs  3m11.9s/6m00.0s

running (3m12.9s), 243/800 VUs, 1042894 complete and 0 interrupted iterations
pool_saturation_recovery   [  54% ] 243/800 VUs  3m12.9s/6m00.0s

running (3m13.9s), 246/800 VUs, 1048391 complete and 0 interrupted iterations
pool_saturation_recovery   [  54% ] 246/800 VUs  3m13.9s/6m00.0s

running (3m14.9s), 249/800 VUs, 1053890 complete and 0 interrupted iterations
pool_saturation_recovery   [  54% ] 249/800 VUs  3m14.9s/6m00.0s

running (3m15.9s), 253/800 VUs, 1058237 complete and 0 interrupted iterations
pool_saturation_recovery   [  54% ] 253/800 VUs  3m15.9s/6m00.0s

running (3m16.9s), 256/800 VUs, 1063293 complete and 0 interrupted iterations
pool_saturation_recovery   [  55% ] 256/800 VUs  3m16.9s/6m00.0s

running (3m17.9s), 259/800 VUs, 1068700 complete and 0 interrupted iterations
pool_saturation_recovery   [  55% ] 259/800 VUs  3m17.9s/6m00.0s

running (3m18.9s), 263/800 VUs, 1074311 complete and 0 interrupted iterations
pool_saturation_recovery   [  55% ] 263/800 VUs  3m18.9s/6m00.0s

running (3m19.9s), 266/800 VUs, 1080139 complete and 0 interrupted iterations
pool_saturation_recovery   [  56% ] 266/800 VUs  3m19.9s/6m00.0s

running (3m20.9s), 269/800 VUs, 1085765 complete and 0 interrupted iterations
pool_saturation_recovery   [  56% ] 269/800 VUs  3m20.9s/6m00.0s

running (3m21.9s), 273/800 VUs, 1091334 complete and 0 interrupted iterations
pool_saturation_recovery   [  56% ] 273/800 VUs  3m21.9s/6m00.0s

running (3m22.9s), 276/800 VUs, 1097266 complete and 0 interrupted iterations
pool_saturation_recovery   [  56% ] 276/800 VUs  3m22.9s/6m00.0s

running (3m23.9s), 279/800 VUs, 1102963 complete and 0 interrupted iterations
pool_saturation_recovery   [  57% ] 279/800 VUs  3m23.9s/6m00.0s

running (3m24.9s), 283/800 VUs, 1108595 complete and 0 interrupted iterations
pool_saturation_recovery   [  57% ] 283/800 VUs  3m24.9s/6m00.0s

running (3m25.9s), 286/800 VUs, 1114445 complete and 0 interrupted iterations
pool_saturation_recovery   [  57% ] 286/800 VUs  3m25.9s/6m00.0s

running (3m26.9s), 289/800 VUs, 1120108 complete and 0 interrupted iterations
pool_saturation_recovery   [  57% ] 289/800 VUs  3m26.9s/6m00.0s

running (3m27.9s), 293/800 VUs, 1124746 complete and 0 interrupted iterations
pool_saturation_recovery   [  58% ] 293/800 VUs  3m27.9s/6m00.0s

running (3m28.9s), 296/800 VUs, 1130147 complete and 0 interrupted iterations
pool_saturation_recovery   [  58% ] 296/800 VUs  3m28.9s/6m00.0s

running (3m29.9s), 299/800 VUs, 1135967 complete and 0 interrupted iterations
pool_saturation_recovery   [  58% ] 299/800 VUs  3m29.9s/6m00.0s

running (3m30.9s), 303/800 VUs, 1141765 complete and 0 interrupted iterations
pool_saturation_recovery   [  59% ] 303/800 VUs  3m30.9s/6m00.0s

running (3m31.9s), 306/800 VUs, 1147466 complete and 0 interrupted iterations
pool_saturation_recovery   [  59% ] 306/800 VUs  3m31.9s/6m00.0s

running (3m32.9s), 309/800 VUs, 1153010 complete and 0 interrupted iterations
pool_saturation_recovery   [  59% ] 309/800 VUs  3m32.9s/6m00.0s

running (3m33.9s), 313/800 VUs, 1158662 complete and 0 interrupted iterations
pool_saturation_recovery   [  59% ] 313/800 VUs  3m33.9s/6m00.0s

running (3m34.9s), 316/800 VUs, 1164265 complete and 0 interrupted iterations
pool_saturation_recovery   [  60% ] 316/800 VUs  3m34.9s/6m00.0s

running (3m35.9s), 319/800 VUs, 1169907 complete and 0 interrupted iterations
pool_saturation_recovery   [  60% ] 319/800 VUs  3m35.9s/6m00.0s

running (3m36.9s), 323/800 VUs, 1175666 complete and 0 interrupted iterations
pool_saturation_recovery   [  60% ] 323/800 VUs  3m36.9s/6m00.0s

running (3m37.9s), 326/800 VUs, 1181033 complete and 0 interrupted iterations
pool_saturation_recovery   [  61% ] 326/800 VUs  3m37.9s/6m00.0s

running (3m38.9s), 329/800 VUs, 1186647 complete and 0 interrupted iterations
pool_saturation_recovery   [  61% ] 329/800 VUs  3m38.9s/6m00.0s

running (3m39.9s), 333/800 VUs, 1192173 complete and 0 interrupted iterations
pool_saturation_recovery   [  61% ] 333/800 VUs  3m39.9s/6m00.0s

running (3m40.9s), 336/800 VUs, 1197845 complete and 0 interrupted iterations
pool_saturation_recovery   [  61% ] 336/800 VUs  3m40.9s/6m00.0s

running (3m41.9s), 339/800 VUs, 1203674 complete and 0 interrupted iterations
pool_saturation_recovery   [  62% ] 339/800 VUs  3m41.9s/6m00.0s

running (3m42.9s), 343/800 VUs, 1209402 complete and 0 interrupted iterations
pool_saturation_recovery   [  62% ] 343/800 VUs  3m42.9s/6m00.0s

running (3m43.9s), 346/800 VUs, 1214777 complete and 0 interrupted iterations
pool_saturation_recovery   [  62% ] 346/800 VUs  3m43.9s/6m00.0s

running (3m44.9s), 349/800 VUs, 1220413 complete and 0 interrupted iterations
pool_saturation_recovery   [  62% ] 349/800 VUs  3m44.9s/6m00.0s

running (3m45.9s), 353/800 VUs, 1226066 complete and 0 interrupted iterations
pool_saturation_recovery   [  63% ] 353/800 VUs  3m45.9s/6m00.0s

running (3m46.9s), 356/800 VUs, 1231739 complete and 0 interrupted iterations
pool_saturation_recovery   [  63% ] 356/800 VUs  3m46.9s/6m00.0s

running (3m47.9s), 359/800 VUs, 1237423 complete and 0 interrupted iterations
pool_saturation_recovery   [  63% ] 359/800 VUs  3m47.9s/6m00.0s

running (3m48.9s), 363/800 VUs, 1242985 complete and 0 interrupted iterations
pool_saturation_recovery   [  64% ] 363/800 VUs  3m48.9s/6m00.0s

running (3m49.9s), 366/800 VUs, 1248553 complete and 0 interrupted iterations
pool_saturation_recovery   [  64% ] 366/800 VUs  3m49.9s/6m00.0s

running (3m50.9s), 369/800 VUs, 1254210 complete and 0 interrupted iterations
pool_saturation_recovery   [  64% ] 369/800 VUs  3m50.9s/6m00.0s

running (3m51.9s), 373/800 VUs, 1259730 complete and 0 interrupted iterations
pool_saturation_recovery   [  64% ] 373/800 VUs  3m51.9s/6m00.0s

running (3m52.9s), 376/800 VUs, 1265096 complete and 0 interrupted iterations
pool_saturation_recovery   [  65% ] 376/800 VUs  3m52.9s/6m00.0s

running (3m53.9s), 379/800 VUs, 1270317 complete and 0 interrupted iterations
pool_saturation_recovery   [  65% ] 379/800 VUs  3m53.9s/6m00.0s

running (3m54.9s), 383/800 VUs, 1275787 complete and 0 interrupted iterations
pool_saturation_recovery   [  65% ] 383/800 VUs  3m54.9s/6m00.0s

running (3m55.9s), 386/800 VUs, 1281590 complete and 0 interrupted iterations
pool_saturation_recovery   [  66% ] 386/800 VUs  3m55.9s/6m00.0s

running (3m56.9s), 389/800 VUs, 1287322 complete and 0 interrupted iterations
pool_saturation_recovery   [  66% ] 389/800 VUs  3m56.9s/6m00.0s

running (3m57.9s), 393/800 VUs, 1292265 complete and 0 interrupted iterations
pool_saturation_recovery   [  66% ] 393/800 VUs  3m57.9s/6m00.0s

running (3m58.9s), 396/800 VUs, 1297843 complete and 0 interrupted iterations
pool_saturation_recovery   [  66% ] 396/800 VUs  3m58.9s/6m00.0s

running (3m59.9s), 399/800 VUs, 1303301 complete and 0 interrupted iterations
pool_saturation_recovery   [  67% ] 399/800 VUs  3m59.9s/6m00.0s

running (4m00.9s), 406/800 VUs, 1308373 complete and 0 interrupted iterations
pool_saturation_recovery   [  67% ] 406/800 VUs  4m00.9s/6m00.0s

running (4m01.9s), 412/800 VUs, 1314046 complete and 0 interrupted iterations
pool_saturation_recovery   [  67% ] 412/800 VUs  4m01.9s/6m00.0s

running (4m02.9s), 419/800 VUs, 1319372 complete and 0 interrupted iterations
pool_saturation_recovery   [  67% ] 419/800 VUs  4m02.9s/6m00.0s

running (4m03.9s), 426/800 VUs, 1323520 complete and 0 interrupted iterations
pool_saturation_recovery   [  68% ] 426/800 VUs  4m03.9s/6m00.0s

running (4m04.9s), 432/800 VUs, 1327657 complete and 0 interrupted iterations
pool_saturation_recovery   [  68% ] 432/800 VUs  4m04.9s/6m00.0s

running (4m05.9s), 439/800 VUs, 1332979 complete and 0 interrupted iterations
pool_saturation_recovery   [  68% ] 439/800 VUs  4m05.9s/6m00.0s

running (4m06.9s), 446/800 VUs, 1338729 complete and 0 interrupted iterations
pool_saturation_recovery   [  69% ] 446/800 VUs  4m06.9s/6m00.0s

running (4m07.9s), 452/800 VUs, 1344495 complete and 0 interrupted iterations
pool_saturation_recovery   [  69% ] 452/800 VUs  4m07.9s/6m00.0s

running (4m08.9s), 459/800 VUs, 1349726 complete and 0 interrupted iterations
pool_saturation_recovery   [  69% ] 459/800 VUs  4m08.9s/6m00.0s

running (4m09.9s), 466/800 VUs, 1355074 complete and 0 interrupted iterations
pool_saturation_recovery   [  69% ] 466/800 VUs  4m09.9s/6m00.0s

running (4m10.9s), 472/800 VUs, 1360585 complete and 0 interrupted iterations
pool_saturation_recovery   [  70% ] 472/800 VUs  4m10.9s/6m00.0s

running (4m11.9s), 479/800 VUs, 1366218 complete and 0 interrupted iterations
pool_saturation_recovery   [  70% ] 479/800 VUs  4m11.9s/6m00.0s

running (4m12.9s), 486/800 VUs, 1371703 complete and 0 interrupted iterations
pool_saturation_recovery   [  70% ] 486/800 VUs  4m12.9s/6m00.0s

running (4m13.9s), 492/800 VUs, 1377482 complete and 0 interrupted iterations
pool_saturation_recovery   [  71% ] 492/800 VUs  4m13.9s/6m00.0s

running (4m14.9s), 499/800 VUs, 1383113 complete and 0 interrupted iterations
pool_saturation_recovery   [  71% ] 499/800 VUs  4m14.9s/6m00.0s

running (4m15.9s), 506/800 VUs, 1388605 complete and 0 interrupted iterations
pool_saturation_recovery   [  71% ] 506/800 VUs  4m15.9s/6m00.0s

running (4m16.9s), 512/800 VUs, 1394292 complete and 0 interrupted iterations
pool_saturation_recovery   [  71% ] 512/800 VUs  4m16.9s/6m00.0s

running (4m17.9s), 519/800 VUs, 1399980 complete and 0 interrupted iterations
pool_saturation_recovery   [  72% ] 519/800 VUs  4m17.9s/6m00.0s

running (4m18.9s), 526/800 VUs, 1405572 complete and 0 interrupted iterations
pool_saturation_recovery   [  72% ] 526/800 VUs  4m18.9s/6m00.0s

running (4m19.9s), 532/800 VUs, 1411258 complete and 0 interrupted iterations
pool_saturation_recovery   [  72% ] 532/800 VUs  4m19.9s/6m00.0s

running (4m20.9s), 539/800 VUs, 1416626 complete and 0 interrupted iterations
pool_saturation_recovery   [  72% ] 539/800 VUs  4m20.9s/6m00.0s

running (4m21.9s), 546/800 VUs, 1422345 complete and 0 interrupted iterations
pool_saturation_recovery   [  73% ] 546/800 VUs  4m21.9s/6m00.0s

running (4m22.9s), 552/800 VUs, 1428091 complete and 0 interrupted iterations
pool_saturation_recovery   [  73% ] 552/800 VUs  4m22.9s/6m00.0s

running (4m23.9s), 559/800 VUs, 1433538 complete and 0 interrupted iterations
pool_saturation_recovery   [  73% ] 559/800 VUs  4m23.9s/6m00.0s

running (4m24.9s), 566/800 VUs, 1439206 complete and 0 interrupted iterations
pool_saturation_recovery   [  74% ] 566/800 VUs  4m24.9s/6m00.0s

running (4m25.9s), 572/800 VUs, 1444221 complete and 0 interrupted iterations
pool_saturation_recovery   [  74% ] 572/800 VUs  4m25.9s/6m00.0s

running (4m26.9s), 579/800 VUs, 1449464 complete and 0 interrupted iterations
pool_saturation_recovery   [  74% ] 579/800 VUs  4m26.9s/6m00.0s

running (4m27.9s), 586/800 VUs, 1455028 complete and 0 interrupted iterations
pool_saturation_recovery   [  74% ] 586/800 VUs  4m27.9s/6m00.0s

running (4m28.9s), 592/800 VUs, 1460691 complete and 0 interrupted iterations
pool_saturation_recovery   [  75% ] 592/800 VUs  4m28.9s/6m00.0s

running (4m29.9s), 599/800 VUs, 1466486 complete and 0 interrupted iterations
pool_saturation_recovery   [  75% ] 599/800 VUs  4m29.9s/6m00.0s

running (4m30.9s), 606/800 VUs, 1472067 complete and 0 interrupted iterations
pool_saturation_recovery   [  75% ] 606/800 VUs  4m30.9s/6m00.0s

running (4m31.9s), 612/800 VUs, 1477485 complete and 0 interrupted iterations
pool_saturation_recovery   [  76% ] 612/800 VUs  4m31.9s/6m00.0s

running (4m32.9s), 619/800 VUs, 1483212 complete and 0 interrupted iterations
pool_saturation_recovery   [  76% ] 619/800 VUs  4m32.9s/6m00.0s

running (4m33.9s), 626/800 VUs, 1488918 complete and 0 interrupted iterations
pool_saturation_recovery   [  76% ] 626/800 VUs  4m33.9s/6m00.0s

running (4m34.9s), 632/800 VUs, 1494041 complete and 0 interrupted iterations
pool_saturation_recovery   [  76% ] 632/800 VUs  4m34.9s/6m00.0s

running (4m35.9s), 639/800 VUs, 1499352 complete and 0 interrupted iterations
pool_saturation_recovery   [  77% ] 639/800 VUs  4m35.9s/6m00.0s

running (4m36.9s), 646/800 VUs, 1504709 complete and 0 interrupted iterations
pool_saturation_recovery   [  77% ] 646/800 VUs  4m36.9s/6m00.0s

running (4m37.9s), 652/800 VUs, 1510402 complete and 0 interrupted iterations
pool_saturation_recovery   [  77% ] 652/800 VUs  4m37.9s/6m00.0s

running (4m38.9s), 659/800 VUs, 1516146 complete and 0 interrupted iterations
pool_saturation_recovery   [  77% ] 659/800 VUs  4m38.9s/6m00.0s

running (4m39.9s), 666/800 VUs, 1520659 complete and 0 interrupted iterations
pool_saturation_recovery   [  78% ] 666/800 VUs  4m39.9s/6m00.0s

running (4m40.9s), 672/800 VUs, 1526095 complete and 0 interrupted iterations
pool_saturation_recovery   [  78% ] 672/800 VUs  4m40.9s/6m00.0s

running (4m41.9s), 679/800 VUs, 1531338 complete and 0 interrupted iterations
pool_saturation_recovery   [  78% ] 679/800 VUs  4m41.9s/6m00.0s

running (4m42.9s), 686/800 VUs, 1536810 complete and 0 interrupted iterations
pool_saturation_recovery   [  79% ] 686/800 VUs  4m42.9s/6m00.0s

running (4m43.9s), 692/800 VUs, 1542239 complete and 0 interrupted iterations
pool_saturation_recovery   [  79% ] 692/800 VUs  4m43.9s/6m00.0s

running (4m44.9s), 699/800 VUs, 1547167 complete and 0 interrupted iterations
pool_saturation_recovery   [  79% ] 699/800 VUs  4m44.9s/6m00.0s

running (4m45.9s), 706/800 VUs, 1553327 complete and 0 interrupted iterations
pool_saturation_recovery   [  79% ] 706/800 VUs  4m45.9s/6m00.0s

running (4m46.9s), 712/800 VUs, 1558976 complete and 0 interrupted iterations
pool_saturation_recovery   [  80% ] 712/800 VUs  4m46.9s/6m00.0s

running (4m47.9s), 719/800 VUs, 1564445 complete and 0 interrupted iterations
pool_saturation_recovery   [  80% ] 719/800 VUs  4m47.9s/6m00.0s

running (4m48.9s), 726/800 VUs, 1570112 complete and 0 interrupted iterations
pool_saturation_recovery   [  80% ] 726/800 VUs  4m48.9s/6m00.0s

running (4m49.9s), 732/800 VUs, 1575580 complete and 0 interrupted iterations
pool_saturation_recovery   [  81% ] 732/800 VUs  4m49.9s/6m00.0s

running (4m50.9s), 739/800 VUs, 1581120 complete and 0 interrupted iterations
pool_saturation_recovery   [  81% ] 739/800 VUs  4m50.9s/6m00.0s

running (4m51.9s), 746/800 VUs, 1586697 complete and 0 interrupted iterations
pool_saturation_recovery   [  81% ] 746/800 VUs  4m51.9s/6m00.0s

running (4m52.9s), 752/800 VUs, 1592179 complete and 0 interrupted iterations
pool_saturation_recovery   [  81% ] 752/800 VUs  4m52.9s/6m00.0s

running (4m53.9s), 759/800 VUs, 1597778 complete and 0 interrupted iterations
pool_saturation_recovery   [  82% ] 759/800 VUs  4m53.9s/6m00.0s

running (4m54.9s), 766/800 VUs, 1603398 complete and 0 interrupted iterations
pool_saturation_recovery   [  82% ] 766/800 VUs  4m54.9s/6m00.0s

running (4m55.9s), 772/800 VUs, 1608978 complete and 0 interrupted iterations
pool_saturation_recovery   [  82% ] 772/800 VUs  4m55.9s/6m00.0s

running (4m56.9s), 779/800 VUs, 1614704 complete and 0 interrupted iterations
pool_saturation_recovery   [  82% ] 779/800 VUs  4m56.9s/6m00.0s

running (4m58.0s), 786/800 VUs, 1620138 complete and 0 interrupted iterations
pool_saturation_recovery   [  83% ] 786/800 VUs  4m58.0s/6m00.0s

running (4m58.9s), 792/800 VUs, 1625662 complete and 0 interrupted iterations
pool_saturation_recovery   [  83% ] 792/800 VUs  4m58.9s/6m00.0s

running (4m59.9s), 799/800 VUs, 1631137 complete and 0 interrupted iterations
pool_saturation_recovery   [  83% ] 799/800 VUs  4m59.9s/6m00.0s

running (5m00.9s), 790/800 VUs, 1636489 complete and 0 interrupted iterations
pool_saturation_recovery   [  84% ] 790/800 VUs  5m00.9s/6m00.0s

running (5m01.9s), 780/800 VUs, 1641693 complete and 0 interrupted iterations
pool_saturation_recovery   [  84% ] 780/800 VUs  5m01.9s/6m00.0s

running (5m02.9s), 772/800 VUs, 1647284 complete and 0 interrupted iterations
pool_saturation_recovery   [  84% ] 772/800 VUs  5m02.9s/6m00.0s

running (5m03.9s), 764/800 VUs, 1652835 complete and 0 interrupted iterations
pool_saturation_recovery   [  84% ] 764/800 VUs  5m03.9s/6m00.0s

running (5m04.9s), 754/800 VUs, 1658565 complete and 0 interrupted iterations
pool_saturation_recovery   [  85% ] 754/800 VUs  5m04.9s/6m00.0s

running (5m05.9s), 745/800 VUs, 1664331 complete and 0 interrupted iterations
pool_saturation_recovery   [  85% ] 745/800 VUs  5m05.9s/6m00.0s

running (5m06.9s), 736/800 VUs, 1670071 complete and 0 interrupted iterations
pool_saturation_recovery   [  85% ] 736/800 VUs  5m06.9s/6m00.0s

running (5m07.9s), 729/800 VUs, 1675805 complete and 0 interrupted iterations
pool_saturation_recovery   [  86% ] 729/800 VUs  5m07.9s/6m00.0s

running (5m08.9s), 722/800 VUs, 1681255 complete and 0 interrupted iterations
pool_saturation_recovery   [  86% ] 722/800 VUs  5m08.9s/6m00.0s

running (5m09.9s), 714/800 VUs, 1686939 complete and 0 interrupted iterations
pool_saturation_recovery   [  86% ] 714/800 VUs  5m09.9s/6m00.0s

running (5m10.9s), 706/800 VUs, 1692340 complete and 0 interrupted iterations
pool_saturation_recovery   [  86% ] 706/800 VUs  5m10.9s/6m00.0s

running (5m11.9s), 689/800 VUs, 1698024 complete and 0 interrupted iterations
pool_saturation_recovery   [  87% ] 689/800 VUs  5m11.9s/6m00.0s

running (5m12.9s), 676/800 VUs, 1703602 complete and 0 interrupted iterations
pool_saturation_recovery   [  87% ] 676/800 VUs  5m12.9s/6m00.0s

running (5m13.9s), 665/800 VUs, 1708957 complete and 0 interrupted iterations
pool_saturation_recovery   [  87% ] 665/800 VUs  5m13.9s/6m00.0s

running (5m14.9s), 649/800 VUs, 1714576 complete and 0 interrupted iterations
pool_saturation_recovery   [  87% ] 649/800 VUs  5m14.9s/6m00.0s

running (5m15.9s), 634/800 VUs, 1720237 complete and 0 interrupted iterations
pool_saturation_recovery   [  88% ] 634/800 VUs  5m15.9s/6m00.0s

running (5m16.9s), 619/800 VUs, 1725796 complete and 0 interrupted iterations
pool_saturation_recovery   [  88% ] 619/800 VUs  5m16.9s/6m00.0s

running (5m17.9s), 603/800 VUs, 1731653 complete and 0 interrupted iterations
pool_saturation_recovery   [  88% ] 603/800 VUs  5m17.9s/6m00.0s

running (5m18.9s), 593/800 VUs, 1737119 complete and 0 interrupted iterations
pool_saturation_recovery   [  89% ] 593/800 VUs  5m18.9s/6m00.0s

running (5m19.9s), 578/800 VUs, 1742585 complete and 0 interrupted iterations
pool_saturation_recovery   [  89% ] 578/800 VUs  5m19.9s/6m00.0s

running (5m20.9s), 565/800 VUs, 1748415 complete and 0 interrupted iterations
pool_saturation_recovery   [  89% ] 565/800 VUs  5m20.9s/6m00.0s

running (5m21.9s), 550/800 VUs, 1754113 complete and 0 interrupted iterations
pool_saturation_recovery   [  89% ] 550/800 VUs  5m21.9s/6m00.0s

running (5m22.9s), 536/800 VUs, 1759688 complete and 0 interrupted iterations
pool_saturation_recovery   [  90% ] 536/800 VUs  5m22.9s/6m00.0s

running (5m23.9s), 523/800 VUs, 1765252 complete and 0 interrupted iterations
pool_saturation_recovery   [  90% ] 523/800 VUs  5m23.9s/6m00.0s

running (5m24.9s), 510/800 VUs, 1770595 complete and 0 interrupted iterations
pool_saturation_recovery   [  90% ] 510/800 VUs  5m24.9s/6m00.0s

running (5m25.9s), 495/800 VUs, 1776305 complete and 0 interrupted iterations
pool_saturation_recovery   [  91% ] 495/800 VUs  5m25.9s/6m00.0s

running (5m26.9s), 482/800 VUs, 1782087 complete and 0 interrupted iterations
pool_saturation_recovery   [  91% ] 482/800 VUs  5m26.9s/6m00.0s

running (5m27.9s), 468/800 VUs, 1787224 complete and 0 interrupted iterations
pool_saturation_recovery   [  91% ] 468/800 VUs  5m27.9s/6m00.0s

running (5m28.9s), 456/800 VUs, 1793033 complete and 0 interrupted iterations
pool_saturation_recovery   [  91% ] 456/800 VUs  5m28.9s/6m00.0s

running (5m29.9s), 440/800 VUs, 1798218 complete and 0 interrupted iterations
pool_saturation_recovery   [  92% ] 440/800 VUs  5m29.9s/6m00.0s

running (5m30.9s), 428/800 VUs, 1803939 complete and 0 interrupted iterations
pool_saturation_recovery   [  92% ] 428/800 VUs  5m30.9s/6m00.0s

running (5m31.9s), 415/800 VUs, 1809491 complete and 0 interrupted iterations
pool_saturation_recovery   [  92% ] 415/800 VUs  5m31.9s/6m00.0s

running (5m32.9s), 403/800 VUs, 1815090 complete and 0 interrupted iterations
pool_saturation_recovery   [  92% ] 403/800 VUs  5m32.9s/6m00.0s

running (5m33.9s), 389/800 VUs, 1820932 complete and 0 interrupted iterations
pool_saturation_recovery   [  93% ] 389/800 VUs  5m33.9s/6m00.0s

running (5m34.9s), 375/800 VUs, 1826231 complete and 0 interrupted iterations
pool_saturation_recovery   [  93% ] 375/800 VUs  5m34.9s/6m00.0s

running (5m35.9s), 362/800 VUs, 1831902 complete and 0 interrupted iterations
pool_saturation_recovery   [  93% ] 362/800 VUs  5m35.9s/6m00.0s

running (5m36.9s), 349/800 VUs, 1837595 complete and 0 interrupted iterations
pool_saturation_recovery   [  94% ] 349/800 VUs  5m36.9s/6m00.0s

running (5m37.9s), 335/800 VUs, 1843168 complete and 0 interrupted iterations
pool_saturation_recovery   [  94% ] 335/800 VUs  5m37.9s/6m00.0s

running (5m38.9s), 323/800 VUs, 1848855 complete and 0 interrupted iterations
pool_saturation_recovery   [  94% ] 323/800 VUs  5m38.9s/6m00.0s

running (5m39.9s), 310/800 VUs, 1853378 complete and 0 interrupted iterations
pool_saturation_recovery   [  94% ] 310/800 VUs  5m39.9s/6m00.0s

running (5m40.9s), 296/800 VUs, 1858844 complete and 0 interrupted iterations
pool_saturation_recovery   [  95% ] 296/800 VUs  5m40.9s/6m00.0s

running (5m41.9s), 281/800 VUs, 1864570 complete and 0 interrupted iterations
pool_saturation_recovery   [  95% ] 281/800 VUs  5m41.9s/6m00.0s

running (5m42.9s), 269/800 VUs, 1870329 complete and 0 interrupted iterations
pool_saturation_recovery   [  95% ] 269/800 VUs  5m42.9s/6m00.0s

running (5m43.9s), 255/800 VUs, 1875953 complete and 0 interrupted iterations
pool_saturation_recovery   [  96% ] 255/800 VUs  5m43.9s/6m00.0s

running (5m44.9s), 240/800 VUs, 1881499 complete and 0 interrupted iterations
pool_saturation_recovery   [  96% ] 240/800 VUs  5m44.9s/6m00.0s

running (5m45.9s), 228/800 VUs, 1886881 complete and 0 interrupted iterations
pool_saturation_recovery   [  96% ] 228/800 VUs  5m45.9s/6m00.0s

running (5m46.9s), 214/800 VUs, 1892575 complete and 0 interrupted iterations
pool_saturation_recovery   [  96% ] 214/800 VUs  5m46.9s/6m00.0s

running (5m47.9s), 202/800 VUs, 1898414 complete and 0 interrupted iterations
pool_saturation_recovery   [  97% ] 202/800 VUs  5m47.9s/6m00.0s

running (5m48.9s), 189/800 VUs, 1903996 complete and 0 interrupted iterations
pool_saturation_recovery   [  97% ] 189/800 VUs  5m48.9s/6m00.0s

running (5m49.9s), 177/800 VUs, 1909825 complete and 0 interrupted iterations
pool_saturation_recovery   [  97% ] 176/800 VUs  5m49.9s/6m00.0s

running (5m50.9s), 164/800 VUs, 1915117 complete and 0 interrupted iterations
pool_saturation_recovery   [  97% ] 164/800 VUs  5m50.9s/6m00.0s

running (5m51.9s), 151/800 VUs, 1920673 complete and 0 interrupted iterations
pool_saturation_recovery   [  98% ] 151/800 VUs  5m51.9s/6m00.0s

running (5m52.9s), 139/800 VUs, 1926205 complete and 0 interrupted iterations
pool_saturation_recovery   [  98% ] 139/800 VUs  5m52.9s/6m00.0s

running (5m53.9s), 127/800 VUs, 1931649 complete and 0 interrupted iterations
pool_saturation_recovery   [  98% ] 127/800 VUs  5m53.9s/6m00.0s

running (5m54.9s), 114/800 VUs, 1936047 complete and 0 interrupted iterations
pool_saturation_recovery   [  99% ] 114/800 VUs  5m54.9s/6m00.0s

running (5m55.9s), 101/800 VUs, 1941055 complete and 0 interrupted iterations
pool_saturation_recovery   [  99% ] 101/800 VUs  5m55.9s/6m00.0s

running (5m56.9s), 089/800 VUs, 1945431 complete and 0 interrupted iterations
pool_saturation_recovery   [  99% ] 089/800 VUs  5m56.9s/6m00.0s

running (5m57.9s), 076/800 VUs, 1950086 complete and 0 interrupted iterations
pool_saturation_recovery   [  99% ] 076/800 VUs  5m57.9s/6m00.0s

running (5m58.9s), 064/800 VUs, 1954645 complete and 0 interrupted iterations
pool_saturation_recovery   [ 100% ] 064/800 VUs  5m58.9s/6m00.0s

running (5m59.9s), 051/800 VUs, 1959283 complete and 0 interrupted iterations
pool_saturation_recovery   [ 100% ] 051/800 VUs  5m59.9s/6m00.0s


  █ THRESHOLDS 

    http_req_duration
    ✓ 'p(99)<1500' p(99)=137.03ms

    http_req_failed
    ✗ 'rate<0.15' rate=100.00%


  █ TOTAL RESULTS 

    checks_total.......: 1959564 5443.063389/s
    checks_succeeded...: 99.98%  1959351 out of 1959564
    checks_failed......: 0.01%   213 out of 1959564

    ✗ status is 200 or 404
      ↳  99% — ✓ 1959351 / ✗ 213

    HTTP
    http_req_duration....: avg=45.3ms  med=30.18ms max=295.38ms p(95)=119.15ms p(99)=137.03ms p(99.9)=197.7ms 
    http_req_failed......: 100.00% 1959564 out of 1959564
    http_reqs............: 1959564 5443.063389/s

    EXECUTION
    iteration_duration...: avg=48.72ms med=30.37ms max=30.08s   p(95)=119.35ms p(99)=137.39ms p(99.9)=203.39ms
    iterations...........: 1959564 5443.063389/s
    vus..................: 51      min=10                 max=799
    vus_max..............: 800     min=800                max=800

    NETWORK
    data_received........: 276 MB  767 kB/s
    data_sent............: 257 MB  713 kB/s




running (6m00.0s), 000/800 VUs, 1959564 complete and 0 interrupted iterations
pool_saturation_recovery ✓ [ 100% ] 000/800 VUs  6m0s
