
         /\      Grafana   /‾‾/  
    /\  /  \     |\  __   /  /   
   /  \/    \    | |/ /  /   ‾‾\ 
  /          \   |   (  |  (‾)  |
 / __________ \  |_|\_\  \_____/ 


     execution: local
        script: bench/k6/tail-latency.js
        output: -

     scenarios: (100.00%) 1 scenario, 3000 max VUs, 8m0s max duration (incl. graceful stop):
              * tail_open_loop: Up to 20000.00 iterations/s for 7m30s over 5 stages (maxVUs: 300-3000, gracefulStop: 30s)


running (0m01.0s), 0001/0300 VUs, 1970 complete and 0 interrupted iterations
tail_open_loop   [   0% ] 0001/0300 VUs  0m01.0s/7m30s  02000.00 iters/s

running (0m02.0s), 0000/0300 VUs, 3970 complete and 0 interrupted iterations
tail_open_loop   [   0% ] 0000/0300 VUs  0m02.0s/7m30s  02000.00 iters/s

running (0m03.0s), 0000/0300 VUs, 5970 complete and 0 interrupted iterations
tail_open_loop   [   1% ] 0001/0300 VUs  0m03.0s/7m30s  02000.00 iters/s

running (0m04.0s), 0001/0300 VUs, 7970 complete and 0 interrupted iterations
tail_open_loop   [   1% ] 0001/0300 VUs  0m04.0s/7m30s  02000.00 iters/s

running (0m05.0s), 0001/0300 VUs, 9970 complete and 0 interrupted iterations
tail_open_loop   [   1% ] 0001/0300 VUs  0m05.0s/7m30s  02000.00 iters/s

running (0m06.0s), 0000/0300 VUs, 11970 complete and 0 interrupted iterations
tail_open_loop   [   1% ] 0000/0300 VUs  0m06.0s/7m30s  02000.00 iters/s

running (0m07.0s), 0000/0300 VUs, 13970 complete and 0 interrupted iterations
tail_open_loop   [   2% ] 0001/0300 VUs  0m07.0s/7m30s  02000.00 iters/s

running (0m08.0s), 0001/0300 VUs, 15970 complete and 0 interrupted iterations
tail_open_loop   [   2% ] 0001/0300 VUs  0m08.0s/7m30s  02000.00 iters/s

running (0m09.0s), 0001/0300 VUs, 17970 complete and 0 interrupted iterations
tail_open_loop   [   2% ] 0001/0300 VUs  0m09.0s/7m30s  02000.00 iters/s

running (0m10.0s), 0000/0300 VUs, 19970 complete and 0 interrupted iterations
tail_open_loop   [   2% ] 0000/0300 VUs  0m10.0s/7m30s  02000.00 iters/s

running (0m11.0s), 0001/0300 VUs, 21970 complete and 0 interrupted iterations
tail_open_loop   [   2% ] 0001/0300 VUs  0m11.0s/7m30s  02000.00 iters/s

running (0m12.0s), 0000/0300 VUs, 23970 complete and 0 interrupted iterations
tail_open_loop   [   3% ] 0000/0300 VUs  0m12.0s/7m30s  02000.00 iters/s

running (0m13.0s), 0001/0300 VUs, 25970 complete and 0 interrupted iterations
tail_open_loop   [   3% ] 0001/0300 VUs  0m13.0s/7m30s  02000.00 iters/s

running (0m14.0s), 0000/0300 VUs, 27970 complete and 0 interrupted iterations
tail_open_loop   [   3% ] 0000/0300 VUs  0m14.0s/7m30s  02000.00 iters/s

running (0m15.0s), 0000/0300 VUs, 29970 complete and 0 interrupted iterations
tail_open_loop   [   3% ] 0000/0300 VUs  0m15.0s/7m30s  02000.00 iters/s

running (0m16.0s), 0000/0300 VUs, 31970 complete and 0 interrupted iterations
tail_open_loop   [   4% ] 0000/0300 VUs  0m16.0s/7m30s  02000.00 iters/s

running (0m17.0s), 0000/0300 VUs, 33970 complete and 0 interrupted iterations
tail_open_loop   [   4% ] 0000/0300 VUs  0m17.0s/7m30s  02000.00 iters/s

running (0m18.0s), 0000/0300 VUs, 35970 complete and 0 interrupted iterations
tail_open_loop   [   4% ] 0000/0300 VUs  0m18.0s/7m30s  02000.00 iters/s

running (0m19.0s), 0000/0300 VUs, 37970 complete and 0 interrupted iterations
tail_open_loop   [   4% ] 0000/0300 VUs  0m19.0s/7m30s  02000.00 iters/s

running (0m20.0s), 0001/0300 VUs, 39970 complete and 0 interrupted iterations
tail_open_loop   [   4% ] 0001/0300 VUs  0m20.0s/7m30s  02000.00 iters/s

running (0m21.0s), 0000/0300 VUs, 41970 complete and 0 interrupted iterations
tail_open_loop   [   5% ] 0000/0300 VUs  0m21.0s/7m30s  02000.00 iters/s

running (0m22.0s), 0000/0300 VUs, 43970 complete and 0 interrupted iterations
tail_open_loop   [   5% ] 0000/0300 VUs  0m22.0s/7m30s  02000.00 iters/s

running (0m23.0s), 0001/0300 VUs, 45970 complete and 0 interrupted iterations
tail_open_loop   [   5% ] 0001/0300 VUs  0m23.0s/7m30s  02000.00 iters/s

running (0m24.0s), 0000/0300 VUs, 47970 complete and 0 interrupted iterations
tail_open_loop   [   5% ] 0000/0300 VUs  0m24.0s/7m30s  02000.00 iters/s

running (0m25.0s), 0000/0300 VUs, 49970 complete and 0 interrupted iterations
tail_open_loop   [   6% ] 0000/0300 VUs  0m25.0s/7m30s  02000.00 iters/s

running (0m26.0s), 0000/0300 VUs, 51970 complete and 0 interrupted iterations
tail_open_loop   [   6% ] 0000/0300 VUs  0m26.0s/7m30s  02000.00 iters/s

running (0m27.0s), 0000/0300 VUs, 53970 complete and 0 interrupted iterations
tail_open_loop   [   6% ] 0000/0300 VUs  0m27.0s/7m30s  02000.00 iters/s

running (0m28.0s), 0001/0300 VUs, 55970 complete and 0 interrupted iterations
tail_open_loop   [   6% ] 0001/0300 VUs  0m28.0s/7m30s  02000.00 iters/s

running (0m29.0s), 0001/0300 VUs, 57970 complete and 0 interrupted iterations
tail_open_loop   [   6% ] 0001/0300 VUs  0m29.0s/7m30s  02000.00 iters/s

running (0m30.0s), 0001/0300 VUs, 59970 complete and 0 interrupted iterations
tail_open_loop   [   7% ] 0001/0300 VUs  0m30.0s/7m30s  02000.00 iters/s

running (0m31.0s), 0000/0300 VUs, 61970 complete and 0 interrupted iterations
tail_open_loop   [   7% ] 0000/0300 VUs  0m31.0s/7m30s  02000.00 iters/s

running (0m32.0s), 0000/0300 VUs, 63970 complete and 0 interrupted iterations
tail_open_loop   [   7% ] 0000/0300 VUs  0m32.0s/7m30s  02000.00 iters/s

running (0m33.0s), 0000/0300 VUs, 65970 complete and 0 interrupted iterations
tail_open_loop   [   7% ] 0000/0300 VUs  0m33.0s/7m30s  02000.00 iters/s

running (0m34.0s), 0000/0300 VUs, 67970 complete and 0 interrupted iterations
tail_open_loop   [   8% ] 0000/0300 VUs  0m34.0s/7m30s  02000.00 iters/s

running (0m35.0s), 0001/0300 VUs, 69970 complete and 0 interrupted iterations
tail_open_loop   [   8% ] 0001/0300 VUs  0m35.0s/7m30s  02000.00 iters/s

running (0m36.0s), 0000/0300 VUs, 71970 complete and 0 interrupted iterations
tail_open_loop   [   8% ] 0000/0300 VUs  0m36.0s/7m30s  02000.00 iters/s

running (0m37.0s), 0000/0300 VUs, 73970 complete and 0 interrupted iterations
tail_open_loop   [   8% ] 0000/0300 VUs  0m37.0s/7m30s  02000.00 iters/s

running (0m38.0s), 0001/0300 VUs, 75970 complete and 0 interrupted iterations
tail_open_loop   [   8% ] 0001/0300 VUs  0m38.0s/7m30s  02000.00 iters/s

running (0m39.0s), 0000/0300 VUs, 77970 complete and 0 interrupted iterations
tail_open_loop   [   9% ] 0000/0300 VUs  0m39.0s/7m30s  02000.00 iters/s

running (0m40.0s), 0001/0300 VUs, 79970 complete and 0 interrupted iterations
tail_open_loop   [   9% ] 0001/0300 VUs  0m40.0s/7m30s  02000.00 iters/s

running (0m41.0s), 0000/0300 VUs, 81970 complete and 0 interrupted iterations
tail_open_loop   [   9% ] 0000/0300 VUs  0m41.0s/7m30s  02000.00 iters/s

running (0m42.0s), 0001/0300 VUs, 83970 complete and 0 interrupted iterations
tail_open_loop   [   9% ] 0001/0300 VUs  0m42.0s/7m30s  02000.00 iters/s

running (0m43.0s), 0001/0300 VUs, 85970 complete and 0 interrupted iterations
tail_open_loop   [  10% ] 0001/0300 VUs  0m43.0s/7m30s  02000.00 iters/s

running (0m44.0s), 0000/0300 VUs, 87970 complete and 0 interrupted iterations
tail_open_loop   [  10% ] 0001/0300 VUs  0m44.0s/7m30s  02000.00 iters/s

running (0m45.0s), 0000/0300 VUs, 89970 complete and 0 interrupted iterations
tail_open_loop   [  10% ] 0000/0300 VUs  0m45.0s/7m30s  02000.00 iters/s

running (0m46.0s), 0001/0300 VUs, 91970 complete and 0 interrupted iterations
tail_open_loop   [  10% ] 0001/0300 VUs  0m46.0s/7m30s  02000.00 iters/s

running (0m47.0s), 0000/0300 VUs, 93970 complete and 0 interrupted iterations
tail_open_loop   [  10% ] 0000/0300 VUs  0m47.0s/7m30s  02000.00 iters/s

running (0m48.0s), 0000/0300 VUs, 95970 complete and 0 interrupted iterations
tail_open_loop   [  11% ] 0000/0300 VUs  0m48.0s/7m30s  02000.00 iters/s

running (0m49.0s), 0001/0300 VUs, 97970 complete and 0 interrupted iterations
tail_open_loop   [  11% ] 0001/0300 VUs  0m49.0s/7m30s  02000.00 iters/s

running (0m50.0s), 0001/0300 VUs, 99970 complete and 0 interrupted iterations
tail_open_loop   [  11% ] 0001/0300 VUs  0m50.0s/7m30s  02000.00 iters/s

running (0m51.0s), 0000/0300 VUs, 101970 complete and 0 interrupted iterations
tail_open_loop   [  11% ] 0000/0300 VUs  0m51.0s/7m30s  02000.00 iters/s

running (0m52.0s), 0000/0300 VUs, 103970 complete and 0 interrupted iterations
tail_open_loop   [  12% ] 0000/0300 VUs  0m52.0s/7m30s  02000.00 iters/s

running (0m53.0s), 0000/0300 VUs, 105970 complete and 0 interrupted iterations
tail_open_loop   [  12% ] 0000/0300 VUs  0m53.0s/7m30s  02000.00 iters/s

running (0m54.0s), 0001/0300 VUs, 107970 complete and 0 interrupted iterations
tail_open_loop   [  12% ] 0001/0300 VUs  0m54.0s/7m30s  02000.00 iters/s

running (0m55.0s), 0000/0300 VUs, 109970 complete and 0 interrupted iterations
tail_open_loop   [  12% ] 0000/0300 VUs  0m55.0s/7m30s  02000.00 iters/s

running (0m56.0s), 0001/0300 VUs, 111970 complete and 0 interrupted iterations
tail_open_loop   [  12% ] 0001/0300 VUs  0m56.0s/7m30s  02000.00 iters/s

running (0m57.0s), 0001/0300 VUs, 113970 complete and 0 interrupted iterations
tail_open_loop   [  13% ] 0001/0300 VUs  0m57.0s/7m30s  02000.00 iters/s

running (0m58.0s), 0001/0300 VUs, 115970 complete and 0 interrupted iterations
tail_open_loop   [  13% ] 0001/0300 VUs  0m58.0s/7m30s  02000.00 iters/s

running (0m59.0s), 0000/0300 VUs, 117970 complete and 0 interrupted iterations
tail_open_loop   [  13% ] 0000/0300 VUs  0m59.0s/7m30s  02000.00 iters/s

running (1m00.0s), 0001/0300 VUs, 119970 complete and 0 interrupted iterations
tail_open_loop   [  13% ] 0001/0300 VUs  1m00.0s/7m30s  02000.00 iters/s

running (1m01.0s), 0001/0300 VUs, 121970 complete and 0 interrupted iterations
tail_open_loop   [  14% ] 0001/0300 VUs  1m01.0s/7m30s  02000.00 iters/s

running (1m02.0s), 0001/0300 VUs, 123970 complete and 0 interrupted iterations
tail_open_loop   [  14% ] 0001/0300 VUs  1m02.0s/7m30s  02000.00 iters/s

running (1m03.0s), 0001/0300 VUs, 125970 complete and 0 interrupted iterations
tail_open_loop   [  14% ] 0001/0300 VUs  1m03.0s/7m30s  02000.00 iters/s

running (1m04.0s), 0001/0300 VUs, 127970 complete and 0 interrupted iterations
tail_open_loop   [  14% ] 0001/0300 VUs  1m04.0s/7m30s  02000.00 iters/s

running (1m05.0s), 0000/0300 VUs, 129970 complete and 0 interrupted iterations
tail_open_loop   [  14% ] 0000/0300 VUs  1m05.0s/7m30s  02000.00 iters/s

running (1m06.0s), 0001/0300 VUs, 131970 complete and 0 interrupted iterations
tail_open_loop   [  15% ] 0001/0300 VUs  1m06.0s/7m30s  02000.00 iters/s

running (1m07.0s), 0001/0300 VUs, 133970 complete and 0 interrupted iterations
tail_open_loop   [  15% ] 0001/0300 VUs  1m07.0s/7m30s  02000.00 iters/s

running (1m08.0s), 0001/0300 VUs, 135970 complete and 0 interrupted iterations
tail_open_loop   [  15% ] 0001/0300 VUs  1m08.0s/7m30s  02000.00 iters/s

running (1m09.0s), 0001/0300 VUs, 137970 complete and 0 interrupted iterations
tail_open_loop   [  15% ] 0001/0300 VUs  1m09.0s/7m30s  02000.00 iters/s

running (1m10.0s), 0000/0300 VUs, 139970 complete and 0 interrupted iterations
tail_open_loop   [  16% ] 0000/0300 VUs  1m10.0s/7m30s  02000.00 iters/s

running (1m11.0s), 0000/0300 VUs, 141970 complete and 0 interrupted iterations
tail_open_loop   [  16% ] 0000/0300 VUs  1m11.0s/7m30s  02000.00 iters/s

running (1m12.0s), 0001/0300 VUs, 143970 complete and 0 interrupted iterations
tail_open_loop   [  16% ] 0001/0300 VUs  1m12.0s/7m30s  02000.00 iters/s

running (1m13.0s), 0000/0300 VUs, 145970 complete and 0 interrupted iterations
tail_open_loop   [  16% ] 0000/0300 VUs  1m13.0s/7m30s  02000.00 iters/s

running (1m14.0s), 0000/0300 VUs, 147970 complete and 0 interrupted iterations
tail_open_loop   [  16% ] 0000/0300 VUs  1m14.0s/7m30s  02000.00 iters/s

running (1m15.0s), 0001/0300 VUs, 149970 complete and 0 interrupted iterations
tail_open_loop   [  17% ] 0001/0300 VUs  1m15.0s/7m30s  02000.00 iters/s

running (1m16.0s), 0001/0300 VUs, 151970 complete and 0 interrupted iterations
tail_open_loop   [  17% ] 0001/0300 VUs  1m16.0s/7m30s  02000.00 iters/s

running (1m17.0s), 0000/0300 VUs, 153970 complete and 0 interrupted iterations
tail_open_loop   [  17% ] 0000/0300 VUs  1m17.0s/7m30s  02000.00 iters/s

running (1m18.0s), 0000/0300 VUs, 155970 complete and 0 interrupted iterations
tail_open_loop   [  17% ] 0000/0300 VUs  1m18.0s/7m30s  02000.00 iters/s

running (1m19.0s), 0000/0300 VUs, 157970 complete and 0 interrupted iterations
tail_open_loop   [  18% ] 0000/0300 VUs  1m19.0s/7m30s  02000.00 iters/s

running (1m20.0s), 0000/0300 VUs, 159970 complete and 0 interrupted iterations
tail_open_loop   [  18% ] 0000/0300 VUs  1m20.0s/7m30s  02000.00 iters/s

running (1m21.0s), 0000/0300 VUs, 161970 complete and 0 interrupted iterations
tail_open_loop   [  18% ] 0000/0300 VUs  1m21.0s/7m30s  02000.00 iters/s

running (1m22.0s), 0000/0300 VUs, 163970 complete and 0 interrupted iterations
tail_open_loop   [  18% ] 0000/0300 VUs  1m22.0s/7m30s  02000.00 iters/s

running (1m23.0s), 0001/0300 VUs, 165970 complete and 0 interrupted iterations
tail_open_loop   [  18% ] 0001/0300 VUs  1m23.0s/7m30s  02000.00 iters/s

running (1m24.0s), 0000/0300 VUs, 167970 complete and 0 interrupted iterations
tail_open_loop   [  19% ] 0000/0300 VUs  1m24.0s/7m30s  02000.00 iters/s

running (1m25.0s), 0000/0300 VUs, 169970 complete and 0 interrupted iterations
tail_open_loop   [  19% ] 0000/0300 VUs  1m25.0s/7m30s  02000.00 iters/s

running (1m26.0s), 0001/0300 VUs, 171970 complete and 0 interrupted iterations
tail_open_loop   [  19% ] 0001/0300 VUs  1m26.0s/7m30s  02000.00 iters/s

running (1m27.0s), 0000/0300 VUs, 173970 complete and 0 interrupted iterations
tail_open_loop   [  19% ] 0000/0300 VUs  1m27.0s/7m30s  02000.00 iters/s

running (1m28.0s), 0000/0300 VUs, 175970 complete and 0 interrupted iterations
tail_open_loop   [  20% ] 0000/0300 VUs  1m28.0s/7m30s  02000.00 iters/s

running (1m29.0s), 0000/0300 VUs, 177970 complete and 0 interrupted iterations
tail_open_loop   [  20% ] 0001/0300 VUs  1m29.0s/7m30s  02000.00 iters/s

running (1m30.0s), 0000/0300 VUs, 179970 complete and 0 interrupted iterations
tail_open_loop   [  20% ] 0000/0300 VUs  1m30.0s/7m30s  02000.00 iters/s

running (1m31.0s), 0001/0300 VUs, 181986 complete and 0 interrupted iterations
tail_open_loop   [  20% ] 0001/0300 VUs  1m31.0s/7m30s  02032.86 iters/s

running (1m32.0s), 0000/0300 VUs, 184036 complete and 0 interrupted iterations
tail_open_loop   [  20% ] 0000/0300 VUs  1m32.0s/7m30s  02066.18 iters/s

running (1m33.0s), 0001/0300 VUs, 186118 complete and 0 interrupted iterations
tail_open_loop   [  21% ] 0001/0300 VUs  1m33.0s/7m30s  02099.52 iters/s

running (1m34.0s), 0000/0300 VUs, 188235 complete and 0 interrupted iterations
tail_open_loop   [  21% ] 0000/0300 VUs  1m34.0s/7m30s  02132.85 iters/s

running (1m35.0s), 0001/0300 VUs, 190384 complete and 0 interrupted iterations
tail_open_loop   [  21% ] 0001/0300 VUs  1m35.0s/7m30s  02166.19 iters/s

running (1m36.0s), 0001/0300 VUs, 192567 complete and 0 interrupted iterations
tail_open_loop   [  21% ] 0001/0300 VUs  1m36.0s/7m30s  02199.52 iters/s

running (1m37.0s), 0001/0300 VUs, 194783 complete and 0 interrupted iterations
tail_open_loop   [  22% ] 0001/0300 VUs  1m37.0s/7m30s  02232.86 iters/s

running (1m38.0s), 0000/0300 VUs, 197033 complete and 0 interrupted iterations
tail_open_loop   [  22% ] 0000/0300 VUs  1m38.0s/7m30s  02266.18 iters/s

running (1m39.0s), 0000/0300 VUs, 199316 complete and 0 interrupted iterations
tail_open_loop   [  22% ] 0000/0300 VUs  1m39.0s/7m30s  02299.52 iters/s

running (1m40.0s), 0000/0300 VUs, 201632 complete and 0 interrupted iterations
tail_open_loop   [  22% ] 0000/0300 VUs  1m40.0s/7m30s  02332.85 iters/s

running (1m41.0s), 0001/0300 VUs, 203981 complete and 0 interrupted iterations
tail_open_loop   [  22% ] 0001/0300 VUs  1m41.0s/7m30s  02366.19 iters/s

running (1m42.0s), 0001/0300 VUs, 206364 complete and 0 interrupted iterations
tail_open_loop   [  23% ] 0001/0300 VUs  1m42.0s/7m30s  02399.52 iters/s

running (1m43.0s), 0001/0300 VUs, 208780 complete and 0 interrupted iterations
tail_open_loop   [  23% ] 0001/0300 VUs  1m43.0s/7m30s  02432.85 iters/s

running (1m44.0s), 0000/0300 VUs, 211230 complete and 0 interrupted iterations
tail_open_loop   [  23% ] 0000/0300 VUs  1m44.0s/7m30s  02466.18 iters/s

running (1m45.0s), 0000/0300 VUs, 213713 complete and 0 interrupted iterations
tail_open_loop   [  23% ] 0000/0300 VUs  1m45.0s/7m30s  02499.51 iters/s

running (1m46.0s), 0000/0300 VUs, 216229 complete and 0 interrupted iterations
tail_open_loop   [  24% ] 0000/0300 VUs  1m46.0s/7m30s  02532.84 iters/s

running (1m47.0s), 0001/0300 VUs, 218778 complete and 0 interrupted iterations
tail_open_loop   [  24% ] 0001/0300 VUs  1m47.0s/7m30s  02566.18 iters/s

running (1m48.0s), 0001/0300 VUs, 221361 complete and 0 interrupted iterations
tail_open_loop   [  24% ] 0001/0300 VUs  1m48.0s/7m30s  02599.52 iters/s

running (1m49.0s), 0001/0300 VUs, 223977 complete and 0 interrupted iterations
tail_open_loop   [  24% ] 0001/0300 VUs  1m49.0s/7m30s  02632.85 iters/s

running (1m50.0s), 0001/0300 VUs, 226627 complete and 0 interrupted iterations
tail_open_loop   [  24% ] 0001/0300 VUs  1m50.0s/7m30s  02666.19 iters/s

running (1m51.0s), 0000/0300 VUs, 229310 complete and 0 interrupted iterations
tail_open_loop   [  25% ] 0000/0300 VUs  1m51.0s/7m30s  02699.51 iters/s

running (1m52.0s), 0001/0300 VUs, 232026 complete and 0 interrupted iterations
tail_open_loop   [  25% ] 0001/0300 VUs  1m52.0s/7m30s  02732.85 iters/s

running (1m53.0s), 0001/0300 VUs, 234775 complete and 0 interrupted iterations
tail_open_loop   [  25% ] 0001/0300 VUs  1m53.0s/7m30s  02766.18 iters/s

running (1m54.0s), 0001/0300 VUs, 237558 complete and 0 interrupted iterations
tail_open_loop   [  25% ] 0001/0300 VUs  1m54.0s/7m30s  02799.52 iters/s

running (1m55.0s), 0001/0300 VUs, 240374 complete and 0 interrupted iterations
tail_open_loop   [  26% ] 0001/0300 VUs  1m55.0s/7m30s  02832.85 iters/s

running (1m56.0s), 0001/0300 VUs, 243224 complete and 0 interrupted iterations
tail_open_loop   [  26% ] 0001/0300 VUs  1m56.0s/7m30s  02866.18 iters/s

running (1m57.0s), 0000/0300 VUs, 246107 complete and 0 interrupted iterations
tail_open_loop   [  26% ] 0000/0300 VUs  1m57.0s/7m30s  02899.52 iters/s

running (1m58.0s), 0001/0300 VUs, 249023 complete and 0 interrupted iterations
tail_open_loop   [  26% ] 0001/0300 VUs  1m58.0s/7m30s  02932.86 iters/s

running (1m59.0s), 0001/0300 VUs, 251972 complete and 0 interrupted iterations
tail_open_loop   [  26% ] 0001/0300 VUs  1m59.0s/7m30s  02966.18 iters/s

running (2m00.0s), 0001/0300 VUs, 254955 complete and 0 interrupted iterations
tail_open_loop   [  27% ] 0001/0300 VUs  2m00.0s/7m30s  02999.52 iters/s

running (2m01.0s), 0001/0300 VUs, 257971 complete and 0 interrupted iterations
tail_open_loop   [  27% ] 0001/0300 VUs  2m01.0s/7m30s  03032.85 iters/s

running (2m02.0s), 0001/0300 VUs, 261021 complete and 0 interrupted iterations
tail_open_loop   [  27% ] 0001/0300 VUs  2m02.0s/7m30s  03066.19 iters/s

running (2m03.0s), 0001/0300 VUs, 264104 complete and 0 interrupted iterations
tail_open_loop   [  27% ] 0001/0300 VUs  2m03.0s/7m30s  03099.52 iters/s

running (2m04.0s), 0001/0300 VUs, 267220 complete and 0 interrupted iterations
tail_open_loop   [  28% ] 0001/0300 VUs  2m04.0s/7m30s  03132.85 iters/s

running (2m05.0s), 0000/0300 VUs, 270370 complete and 0 interrupted iterations
tail_open_loop   [  28% ] 0000/0300 VUs  2m05.0s/7m30s  03166.18 iters/s

running (2m06.0s), 0001/0300 VUs, 273552 complete and 0 interrupted iterations
tail_open_loop   [  28% ] 0001/0300 VUs  2m06.0s/7m30s  03199.52 iters/s

running (2m07.0s), 0001/0300 VUs, 276768 complete and 0 interrupted iterations
tail_open_loop   [  28% ] 0001/0300 VUs  2m07.0s/7m30s  03232.85 iters/s

running (2m08.0s), 0001/0300 VUs, 280018 complete and 0 interrupted iterations
tail_open_loop   [  28% ] 0001/0300 VUs  2m08.0s/7m30s  03266.18 iters/s

running (2m09.0s), 0001/0300 VUs, 283301 complete and 0 interrupted iterations
tail_open_loop   [  29% ] 0001/0300 VUs  2m09.0s/7m30s  03299.51 iters/s

running (2m10.0s), 0001/0300 VUs, 286617 complete and 0 interrupted iterations
tail_open_loop   [  29% ] 0001/0300 VUs  2m10.0s/7m30s  03332.86 iters/s

running (2m11.0s), 0001/0300 VUs, 289966 complete and 0 interrupted iterations
tail_open_loop   [  29% ] 0001/0300 VUs  2m11.0s/7m30s  03366.19 iters/s

running (2m12.0s), 0001/0300 VUs, 293349 complete and 0 interrupted iterations
tail_open_loop   [  29% ] 0001/0300 VUs  2m12.0s/7m30s  03399.51 iters/s

running (2m13.0s), 0001/0300 VUs, 296766 complete and 0 interrupted iterations
tail_open_loop   [  30% ] 0001/0300 VUs  2m13.0s/7m30s  03432.85 iters/s

running (2m14.0s), 0001/0300 VUs, 300215 complete and 0 interrupted iterations
tail_open_loop   [  30% ] 0001/0300 VUs  2m14.0s/7m30s  03466.19 iters/s

running (2m15.0s), 0001/0300 VUs, 303698 complete and 0 interrupted iterations
tail_open_loop   [  30% ] 0001/0300 VUs  2m15.0s/7m30s  03499.53 iters/s

running (2m16.0s), 0001/0300 VUs, 307214 complete and 0 interrupted iterations
tail_open_loop   [  30% ] 0001/0300 VUs  2m16.0s/7m30s  03532.84 iters/s

running (2m17.0s), 0001/0300 VUs, 310764 complete and 0 interrupted iterations
tail_open_loop   [  30% ] 0001/0300 VUs  2m17.0s/7m30s  03566.18 iters/s

running (2m18.0s), 0001/0300 VUs, 314346 complete and 0 interrupted iterations
tail_open_loop   [  31% ] 0001/0300 VUs  2m18.0s/7m30s  03599.52 iters/s

running (2m19.0s), 0001/0300 VUs, 317962 complete and 0 interrupted iterations
tail_open_loop   [  31% ] 0001/0300 VUs  2m19.0s/7m30s  03632.84 iters/s

running (2m20.0s), 0001/0300 VUs, 321612 complete and 0 interrupted iterations
tail_open_loop   [  31% ] 0001/0300 VUs  2m20.0s/7m30s  03666.19 iters/s

running (2m21.0s), 0001/0300 VUs, 325295 complete and 0 interrupted iterations
tail_open_loop   [  31% ] 0001/0300 VUs  2m21.0s/7m30s  03699.51 iters/s

running (2m22.0s), 0017/0300 VUs, 328995 complete and 0 interrupted iterations
tail_open_loop   [  32% ] 0017/0300 VUs  2m22.0s/7m30s  03732.85 iters/s

running (2m23.0s), 0001/0300 VUs, 332761 complete and 0 interrupted iterations
tail_open_loop   [  32% ] 0001/0300 VUs  2m23.0s/7m30s  03766.18 iters/s

running (2m24.0s), 0001/0300 VUs, 336543 complete and 0 interrupted iterations
tail_open_loop   [  32% ] 0001/0300 VUs  2m24.0s/7m30s  03799.52 iters/s

running (2m25.0s), 0001/0300 VUs, 340360 complete and 0 interrupted iterations
tail_open_loop   [  32% ] 0001/0300 VUs  2m25.0s/7m30s  03832.84 iters/s

running (2m26.0s), 0001/0300 VUs, 344209 complete and 0 interrupted iterations
tail_open_loop   [  32% ] 0001/0300 VUs  2m26.0s/7m30s  03866.18 iters/s

running (2m27.0s), 0001/0300 VUs, 348092 complete and 0 interrupted iterations
tail_open_loop   [  33% ] 0001/0300 VUs  2m27.0s/7m30s  03899.52 iters/s

running (2m28.0s), 0001/0300 VUs, 352008 complete and 0 interrupted iterations
tail_open_loop   [  33% ] 0001/0300 VUs  2m28.0s/7m30s  03932.86 iters/s

running (2m29.0s), 0001/0300 VUs, 355958 complete and 0 interrupted iterations
tail_open_loop   [  33% ] 0001/0300 VUs  2m29.0s/7m30s  03966.18 iters/s

running (2m30.0s), 0001/0300 VUs, 359941 complete and 0 interrupted iterations
tail_open_loop   [  33% ] 0001/0300 VUs  2m30.0s/7m30s  03999.52 iters/s

running (2m31.0s), 0001/0300 VUs, 363957 complete and 0 interrupted iterations
tail_open_loop   [  34% ] 0001/0300 VUs  2m31.0s/7m30s  04032.86 iters/s

running (2m32.0s), 0001/0300 VUs, 368006 complete and 0 interrupted iterations
tail_open_loop   [  34% ] 0001/0300 VUs  2m32.0s/7m30s  04066.18 iters/s

running (2m33.0s), 0001/0300 VUs, 372089 complete and 0 interrupted iterations
tail_open_loop   [  34% ] 0001/0300 VUs  2m33.0s/7m30s  04099.50 iters/s

running (2m34.0s), 0001/0300 VUs, 376205 complete and 0 interrupted iterations
tail_open_loop   [  34% ] 0001/0300 VUs  2m34.0s/7m30s  04132.85 iters/s

running (2m35.0s), 0001/0300 VUs, 380355 complete and 0 interrupted iterations
tail_open_loop   [  34% ] 0001/0300 VUs  2m35.0s/7m30s  04166.18 iters/s

running (2m36.0s), 0002/0300 VUs, 384537 complete and 0 interrupted iterations
tail_open_loop   [  35% ] 0002/0300 VUs  2m36.0s/7m30s  04199.53 iters/s

running (2m37.0s), 0002/0300 VUs, 388753 complete and 0 interrupted iterations
tail_open_loop   [  35% ] 0002/0300 VUs  2m37.0s/7m30s  04232.86 iters/s

running (2m38.0s), 0001/0300 VUs, 393003 complete and 0 interrupted iterations
tail_open_loop   [  35% ] 0001/0300 VUs  2m38.0s/7m30s  04266.19 iters/s

running (2m39.0s), 0001/0300 VUs, 397286 complete and 0 interrupted iterations
tail_open_loop   [  35% ] 0001/0300 VUs  2m39.0s/7m30s  04299.52 iters/s

running (2m40.0s), 0001/0300 VUs, 401602 complete and 0 interrupted iterations
tail_open_loop   [  36% ] 0001/0300 VUs  2m40.0s/7m30s  04332.83 iters/s

running (2m41.0s), 0002/0300 VUs, 405951 complete and 0 interrupted iterations
tail_open_loop   [  36% ] 0002/0300 VUs  2m41.0s/7m30s  04366.18 iters/s

running (2m42.0s), 0001/0300 VUs, 410335 complete and 0 interrupted iterations
tail_open_loop   [  36% ] 0001/0300 VUs  2m42.0s/7m30s  04399.51 iters/s

running (2m43.0s), 0001/0300 VUs, 414751 complete and 0 interrupted iterations
tail_open_loop   [  36% ] 0001/0300 VUs  2m43.0s/7m30s  04432.84 iters/s

running (2m44.0s), 0002/0300 VUs, 419200 complete and 0 interrupted iterations
tail_open_loop   [  36% ] 0002/0300 VUs  2m44.0s/7m30s  04466.18 iters/s

running (2m45.0s), 0001/0300 VUs, 423683 complete and 0 interrupted iterations
tail_open_loop   [  37% ] 0001/0300 VUs  2m45.0s/7m30s  04499.52 iters/s

running (2m46.0s), 0001/0300 VUs, 428200 complete and 0 interrupted iterations
tail_open_loop   [  37% ] 0001/0300 VUs  2m46.0s/7m30s  04532.87 iters/s

running (2m47.0s), 0002/0300 VUs, 432748 complete and 0 interrupted iterations
tail_open_loop   [  37% ] 0002/0300 VUs  2m47.0s/7m30s  04566.17 iters/s

running (2m48.0s), 0001/0300 VUs, 437332 complete and 0 interrupted iterations
tail_open_loop   [  37% ] 0001/0300 VUs  2m48.0s/7m30s  04599.52 iters/s

running (2m49.0s), 0001/0300 VUs, 441948 complete and 0 interrupted iterations
tail_open_loop   [  38% ] 0001/0300 VUs  2m49.0s/7m30s  04632.85 iters/s

running (2m50.0s), 0002/0300 VUs, 446597 complete and 0 interrupted iterations
tail_open_loop   [  38% ] 0002/0300 VUs  2m50.0s/7m30s  04666.20 iters/s

running (2m51.0s), 0001/0300 VUs, 451280 complete and 0 interrupted iterations
tail_open_loop   [  38% ] 0001/0300 VUs  2m51.0s/7m30s  04699.51 iters/s

running (2m52.0s), 0001/0300 VUs, 455996 complete and 0 interrupted iterations
tail_open_loop   [  38% ] 0001/0300 VUs  2m52.0s/7m30s  04732.85 iters/s

running (2m53.0s), 0001/0300 VUs, 460746 complete and 0 interrupted iterations
tail_open_loop   [  38% ] 0001/0300 VUs  2m53.0s/7m30s  04766.19 iters/s

running (2m54.0s), 0001/0300 VUs, 465529 complete and 0 interrupted iterations
tail_open_loop   [  39% ] 0001/0300 VUs  2m54.0s/7m30s  04799.52 iters/s

running (2m55.0s), 0001/0300 VUs, 470345 complete and 0 interrupted iterations
tail_open_loop   [  39% ] 0001/0300 VUs  2m55.0s/7m30s  04832.86 iters/s

running (2m56.0s), 0002/0300 VUs, 475194 complete and 0 interrupted iterations
tail_open_loop   [  39% ] 0002/0300 VUs  2m56.0s/7m30s  04866.18 iters/s

running (2m57.0s), 0001/0300 VUs, 480077 complete and 0 interrupted iterations
tail_open_loop   [  39% ] 0001/0300 VUs  2m57.0s/7m30s  04899.51 iters/s

running (2m58.0s), 0001/0300 VUs, 484993 complete and 0 interrupted iterations
tail_open_loop   [  40% ] 0001/0300 VUs  2m58.0s/7m30s  04932.86 iters/s

running (2m59.0s), 0001/0300 VUs, 489943 complete and 0 interrupted iterations
tail_open_loop   [  40% ] 0001/0300 VUs  2m59.0s/7m30s  04966.18 iters/s

running (3m00.0s), 0001/0300 VUs, 494926 complete and 0 interrupted iterations
tail_open_loop   [  40% ] 0001/0300 VUs  3m00.0s/7m30s  04999.53 iters/s

running (3m01.0s), 0002/0300 VUs, 499952 complete and 0 interrupted iterations
tail_open_loop   [  40% ] 0002/0300 VUs  3m01.0s/7m30s  05054.77 iters/s

running (3m02.0s), 0001/0300 VUs, 505035 complete and 0 interrupted iterations
tail_open_loop   [  40% ] 0001/0300 VUs  3m02.0s/7m30s  05110.28 iters/s

running (3m03.0s), 0002/0300 VUs, 510173 complete and 0 interrupted iterations
tail_open_loop   [  41% ] 0002/0300 VUs  3m03.0s/7m30s  05165.85 iters/s

running (3m04.0s), 0001/0300 VUs, 515367 complete and 0 interrupted iterations
tail_open_loop   [  41% ] 0001/0300 VUs  3m04.0s/7m30s  05221.41 iters/s

running (3m05.0s), 0002/0300 VUs, 520616 complete and 0 interrupted iterations
tail_open_loop   [  41% ] 0002/0300 VUs  3m05.0s/7m30s  05276.99 iters/s

running (3m06.0s), 0001/0300 VUs, 525921 complete and 0 interrupted iterations
tail_open_loop   [  41% ] 0001/0300 VUs  3m06.0s/7m30s  05332.51 iters/s

running (3m07.0s), 0001/0300 VUs, 531281 complete and 0 interrupted iterations
tail_open_loop   [  42% ] 0001/0300 VUs  3m07.0s/7m30s  05388.08 iters/s

running (3m08.0s), 0001/0300 VUs, 536697 complete and 0 interrupted iterations
tail_open_loop   [  42% ] 0001/0300 VUs  3m08.0s/7m30s  05443.66 iters/s

running (3m09.0s), 0002/0300 VUs, 542168 complete and 0 interrupted iterations
tail_open_loop   [  42% ] 0002/0300 VUs  3m09.0s/7m30s  05499.19 iters/s

running (3m10.0s), 0001/0300 VUs, 547695 complete and 0 interrupted iterations
tail_open_loop   [  42% ] 0001/0300 VUs  3m10.0s/7m30s  05554.75 iters/s

running (3m11.0s), 0001/0300 VUs, 553278 complete and 0 interrupted iterations
tail_open_loop   [  42% ] 0001/0300 VUs  3m11.0s/7m30s  05610.32 iters/s

running (3m12.0s), 0002/0300 VUs, 558915 complete and 0 interrupted iterations
tail_open_loop   [  43% ] 0002/0300 VUs  3m12.0s/7m30s  05665.85 iters/s

running (3m13.0s), 0001/0300 VUs, 564610 complete and 0 interrupted iterations
tail_open_loop   [  43% ] 0001/0300 VUs  3m13.0s/7m30s  05721.41 iters/s

running (3m14.0s), 0001/0300 VUs, 570359 complete and 0 interrupted iterations
tail_open_loop   [  43% ] 0001/0300 VUs  3m14.0s/7m30s  05776.97 iters/s

running (3m15.0s), 0001/0300 VUs, 576164 complete and 0 interrupted iterations
tail_open_loop   [  43% ] 0001/0300 VUs  3m15.0s/7m30s  05832.54 iters/s

running (3m16.0s), 0002/0300 VUs, 582023 complete and 0 interrupted iterations
tail_open_loop   [  44% ] 0002/0300 VUs  3m16.0s/7m30s  05888.07 iters/s

running (3m17.0s), 0001/0300 VUs, 587940 complete and 0 interrupted iterations
tail_open_loop   [  44% ] 0001/0300 VUs  3m17.0s/7m30s  05943.64 iters/s

running (3m18.0s), 0002/0300 VUs, 593911 complete and 0 interrupted iterations
tail_open_loop   [  44% ] 0002/0300 VUs  3m18.0s/7m30s  05999.20 iters/s

running (3m19.0s), 0001/0300 VUs, 599938 complete and 0 interrupted iterations
tail_open_loop   [  44% ] 0001/0300 VUs  3m19.0s/7m30s  06054.73 iters/s

running (3m20.0s), 0002/0300 VUs, 606020 complete and 0 interrupted iterations
tail_open_loop   [  44% ] 0002/0300 VUs  3m20.0s/7m30s  06110.30 iters/s

running (3m21.0s), 0001/0300 VUs, 612159 complete and 0 interrupted iterations
tail_open_loop   [  45% ] 0001/0300 VUs  3m21.0s/7m30s  06165.84 iters/s

running (3m22.0s), 0002/0300 VUs, 618352 complete and 0 interrupted iterations
tail_open_loop   [  45% ] 0002/0300 VUs  3m22.0s/7m30s  06221.42 iters/s

running (3m23.0s), 0002/0300 VUs, 624601 complete and 0 interrupted iterations
tail_open_loop   [  45% ] 0002/0300 VUs  3m23.0s/7m30s  06276.99 iters/s

running (3m24.0s), 0001/0300 VUs, 630906 complete and 0 interrupted iterations
tail_open_loop   [  45% ] 0001/0300 VUs  3m24.0s/7m30s  06332.52 iters/s

running (3m25.0s), 0002/0300 VUs, 637266 complete and 0 interrupted iterations
tail_open_loop   [  46% ] 0002/0300 VUs  3m25.0s/7m30s  06388.10 iters/s

running (3m26.0s), 0002/0300 VUs, 643682 complete and 0 interrupted iterations
tail_open_loop   [  46% ] 0002/0300 VUs  3m26.0s/7m30s  06443.67 iters/s

running (3m27.0s), 0001/0300 VUs, 650154 complete and 0 interrupted iterations
tail_open_loop   [  46% ] 0001/0300 VUs  3m27.0s/7m30s  06499.20 iters/s

running (3m28.0s), 0001/0300 VUs, 656681 complete and 0 interrupted iterations
tail_open_loop   [  46% ] 0001/0300 VUs  3m28.0s/7m30s  06554.76 iters/s

running (3m29.0s), 0001/0300 VUs, 663263 complete and 0 interrupted iterations
tail_open_loop   [  46% ] 0001/0300 VUs  3m29.0s/7m30s  06610.30 iters/s

running (3m30.0s), 0002/0300 VUs, 669901 complete and 0 interrupted iterations
tail_open_loop   [  47% ] 0002/0300 VUs  3m30.0s/7m30s  06665.87 iters/s

running (3m31.0s), 0002/0300 VUs, 676595 complete and 0 interrupted iterations
tail_open_loop   [  47% ] 0002/0300 VUs  3m31.0s/7m30s  06721.42 iters/s

running (3m32.0s), 0003/0300 VUs, 683343 complete and 0 interrupted iterations
tail_open_loop   [  47% ] 0003/0300 VUs  3m32.0s/7m30s  06777.00 iters/s

running (3m33.0s), 0003/0300 VUs, 690147 complete and 0 interrupted iterations
tail_open_loop   [  47% ] 0003/0300 VUs  3m33.0s/7m30s  06832.51 iters/s

running (3m34.0s), 0002/0300 VUs, 697008 complete and 0 interrupted iterations
tail_open_loop   [  48% ] 0002/0300 VUs  3m34.0s/7m30s  06888.05 iters/s

running (3m35.0s), 0003/0300 VUs, 703924 complete and 0 interrupted iterations
tail_open_loop   [  48% ] 0003/0300 VUs  3m35.0s/7m30s  06943.67 iters/s

running (3m36.0s), 0002/0300 VUs, 710896 complete and 0 interrupted iterations
tail_open_loop   [  48% ] 0002/0300 VUs  3m36.0s/7m30s  06999.17 iters/s

running (3m37.0s), 0002/0300 VUs, 717923 complete and 0 interrupted iterations
tail_open_loop   [  48% ] 0002/0300 VUs  3m37.0s/7m30s  07054.77 iters/s

running (3m38.0s), 0002/0300 VUs, 725005 complete and 0 interrupted iterations
tail_open_loop   [  48% ] 0002/0300 VUs  3m38.0s/7m30s  07110.30 iters/s

running (3m39.0s), 0002/0300 VUs, 732143 complete and 0 interrupted iterations
tail_open_loop   [  49% ] 0002/0300 VUs  3m39.0s/7m30s  07165.84 iters/s

running (3m40.0s), 0002/0300 VUs, 739337 complete and 0 interrupted iterations
tail_open_loop   [  49% ] 0002/0300 VUs  3m40.0s/7m30s  07221.42 iters/s

running (3m41.0s), 0003/0300 VUs, 746585 complete and 0 interrupted iterations
tail_open_loop   [  49% ] 0003/0300 VUs  3m41.0s/7m30s  07277.01 iters/s

running (3m42.0s), 0003/0300 VUs, 753890 complete and 0 interrupted iterations
tail_open_loop   [  49% ] 0003/0300 VUs  3m42.0s/7m30s  07332.51 iters/s

running (3m43.0s), 0002/0300 VUs, 761252 complete and 0 interrupted iterations
tail_open_loop   [  50% ] 0002/0300 VUs  3m43.0s/7m30s  07388.09 iters/s

running (3m44.0s), 0002/0300 VUs, 768667 complete and 0 interrupted iterations
tail_open_loop   [  50% ] 0002/0300 VUs  3m44.0s/7m30s  07443.63 iters/s

running (3m45.0s), 0003/0300 VUs, 776138 complete and 0 interrupted iterations
tail_open_loop   [  50% ] 0003/0300 VUs  3m45.0s/7m30s  07499.23 iters/s

running (3m46.0s), 0003/0300 VUs, 783665 complete and 0 interrupted iterations
tail_open_loop   [  50% ] 0003/0300 VUs  3m46.0s/7m30s  07554.75 iters/s

running (3m47.0s), 0003/0300 VUs, 791247 complete and 0 interrupted iterations
tail_open_loop   [  50% ] 0003/0300 VUs  3m47.0s/7m30s  07610.29 iters/s

running (3m48.0s), 0002/0300 VUs, 798886 complete and 0 interrupted iterations
tail_open_loop   [  51% ] 0002/0300 VUs  3m48.0s/7m30s  07665.89 iters/s

running (3m49.0s), 0002/0300 VUs, 806580 complete and 0 interrupted iterations
tail_open_loop   [  51% ] 0002/0300 VUs  3m49.0s/7m30s  07721.41 iters/s

running (3m50.0s), 0002/0300 VUs, 814329 complete and 0 interrupted iterations
tail_open_loop   [  51% ] 0002/0300 VUs  3m50.0s/7m30s  07776.96 iters/s

running (3m51.0s), 0003/0300 VUs, 822133 complete and 0 interrupted iterations
tail_open_loop   [  51% ] 0003/0300 VUs  3m51.0s/7m30s  07832.51 iters/s

running (3m52.0s), 0003/0300 VUs, 829993 complete and 0 interrupted iterations
tail_open_loop   [  52% ] 0003/0300 VUs  3m52.0s/7m30s  07888.05 iters/s

running (3m53.0s), 0003/0300 VUs, 837909 complete and 0 interrupted iterations
tail_open_loop   [  52% ] 0003/0300 VUs  3m53.0s/7m30s  07943.63 iters/s

running (3m54.0s), 0002/0300 VUs, 845881 complete and 0 interrupted iterations
tail_open_loop   [  52% ] 0002/0300 VUs  3m54.0s/7m30s  07999.23 iters/s

running (3m55.0s), 0003/0300 VUs, 853907 complete and 0 interrupted iterations
tail_open_loop   [  52% ] 0003/0300 VUs  3m55.0s/7m30s  08054.77 iters/s

running (3m56.0s), 0003/0300 VUs, 861990 complete and 0 interrupted iterations
tail_open_loop   [  52% ] 0003/0300 VUs  3m56.0s/7m30s  08110.30 iters/s

running (3m57.0s), 0003/0300 VUs, 870128 complete and 0 interrupted iterations
tail_open_loop   [  53% ] 0003/0300 VUs  3m57.0s/7m30s  08165.87 iters/s

running (3m58.0s), 0002/0300 VUs, 878322 complete and 0 interrupted iterations
tail_open_loop   [  53% ] 0002/0300 VUs  3m58.0s/7m30s  08221.45 iters/s

running (3m59.0s), 0003/0300 VUs, 886571 complete and 0 interrupted iterations
tail_open_loop   [  53% ] 0003/0300 VUs  3m59.0s/7m30s  08276.91 iters/s

running (4m00.0s), 0002/0300 VUs, 894876 complete and 0 interrupted iterations
tail_open_loop   [  53% ] 0002/0300 VUs  4m00.0s/7m30s  08332.57 iters/s

running (4m01.0s), 0004/0300 VUs, 903235 complete and 0 interrupted iterations
tail_open_loop   [  54% ] 0004/0300 VUs  4m01.0s/7m30s  08388.07 iters/s

running (4m02.0s), 0003/0300 VUs, 911652 complete and 0 interrupted iterations
tail_open_loop   [  54% ] 0003/0300 VUs  4m02.0s/7m30s  08443.59 iters/s

running (4m03.0s), 0002/0300 VUs, 920124 complete and 0 interrupted iterations
tail_open_loop   [  54% ] 0003/0300 VUs  4m03.0s/7m30s  08499.21 iters/s

running (4m04.0s), 0004/0300 VUs, 928649 complete and 0 interrupted iterations
tail_open_loop   [  54% ] 0004/0300 VUs  4m04.0s/7m30s  08554.76 iters/s

running (4m05.0s), 0003/0300 VUs, 937233 complete and 0 interrupted iterations
tail_open_loop   [  54% ] 0003/0300 VUs  4m05.0s/7m30s  08610.30 iters/s

running (4m06.0s), 0003/0300 VUs, 945871 complete and 0 interrupted iterations
tail_open_loop   [  55% ] 0003/0300 VUs  4m06.0s/7m30s  08665.81 iters/s

running (4m07.0s), 0003/0300 VUs, 954565 complete and 0 interrupted iterations
tail_open_loop   [  55% ] 0003/0300 VUs  4m07.0s/7m30s  08721.44 iters/s

running (4m08.0s), 0003/0300 VUs, 963314 complete and 0 interrupted iterations
tail_open_loop   [  55% ] 0003/0300 VUs  4m08.0s/7m30s  08777.01 iters/s

running (4m09.0s), 0002/0300 VUs, 972119 complete and 0 interrupted iterations
tail_open_loop   [  55% ] 0002/0300 VUs  4m09.0s/7m30s  08832.52 iters/s

running (4m10.0s), 0004/0300 VUs, 980978 complete and 0 interrupted iterations
tail_open_loop   [  56% ] 0004/0300 VUs  4m10.0s/7m30s  08888.10 iters/s

running (4m11.0s), 0003/0300 VUs, 989895 complete and 0 interrupted iterations
tail_open_loop   [  56% ] 0003/0300 VUs  4m11.0s/7m30s  08943.66 iters/s

running (4m12.0s), 0004/0300 VUs, 998865 complete and 0 interrupted iterations
tail_open_loop   [  56% ] 0004/0300 VUs  4m12.0s/7m30s  08999.20 iters/s

running (4m13.0s), 0005/0300 VUs, 1007892 complete and 0 interrupted iterations
tail_open_loop   [  56% ] 0005/0300 VUs  4m13.0s/7m30s  09054.77 iters/s

running (4m14.0s), 0003/0300 VUs, 1016975 complete and 0 interrupted iterations
tail_open_loop   [  56% ] 0003/0300 VUs  4m14.0s/7m30s  09110.37 iters/s

running (4m15.0s), 0004/0300 VUs, 1026113 complete and 0 interrupted iterations
tail_open_loop   [  57% ] 0004/0300 VUs  4m15.0s/7m30s  09165.90 iters/s

running (4m16.0s), 0003/0300 VUs, 1035307 complete and 0 interrupted iterations
tail_open_loop   [  57% ] 0003/0300 VUs  4m16.0s/7m30s  09221.43 iters/s

running (4m17.0s), 0005/0300 VUs, 1044555 complete and 0 interrupted iterations
tail_open_loop   [  57% ] 0005/0300 VUs  4m17.0s/7m30s  09276.95 iters/s

running (4m18.0s), 0003/0300 VUs, 1053861 complete and 0 interrupted iterations
tail_open_loop   [  57% ] 0003/0300 VUs  4m18.0s/7m30s  09332.54 iters/s

running (4m19.0s), 0003/0300 VUs, 1063222 complete and 0 interrupted iterations
tail_open_loop   [  58% ] 0003/0300 VUs  4m19.0s/7m30s  09388.08 iters/s

running (4m20.0s), 0004/0300 VUs, 1072637 complete and 0 interrupted iterations
tail_open_loop   [  58% ] 0004/0300 VUs  4m20.0s/7m30s  09443.67 iters/s

running (4m21.0s), 0004/0300 VUs, 1082108 complete and 0 interrupted iterations
tail_open_loop   [  58% ] 0004/0300 VUs  4m21.0s/7m30s  09499.20 iters/s

running (4m22.0s), 0005/0300 VUs, 1091634 complete and 0 interrupted iterations
tail_open_loop   [  58% ] 0005/0300 VUs  4m22.0s/7m30s  09554.75 iters/s

running (4m23.0s), 0005/0300 VUs, 1101217 complete and 0 interrupted iterations
tail_open_loop   [  58% ] 0005/0300 VUs  4m23.0s/7m30s  09610.39 iters/s

running (4m24.0s), 0004/0300 VUs, 1110856 complete and 0 interrupted iterations
tail_open_loop   [  59% ] 0004/0300 VUs  4m24.0s/7m30s  09665.85 iters/s

running (4m25.0s), 0003/0300 VUs, 1120549 complete and 0 interrupted iterations
tail_open_loop   [  59% ] 0003/0300 VUs  4m25.0s/7m30s  09721.48 iters/s

running (4m26.0s), 0004/0300 VUs, 1130298 complete and 0 interrupted iterations
tail_open_loop   [  59% ] 0004/0300 VUs  4m26.0s/7m30s  09776.99 iters/s

running (4m27.0s), 0004/0300 VUs, 1140103 complete and 0 interrupted iterations
tail_open_loop   [  59% ] 0004/0300 VUs  4m27.0s/7m30s  09832.55 iters/s

running (4m28.0s), 0003/0300 VUs, 1149964 complete and 0 interrupted iterations
tail_open_loop   [  60% ] 0003/0300 VUs  4m28.0s/7m30s  09888.07 iters/s

running (4m29.0s), 0004/0300 VUs, 1159880 complete and 0 interrupted iterations
tail_open_loop   [  60% ] 0004/0300 VUs  4m29.0s/7m30s  09943.62 iters/s

running (4m30.0s), 0005/0300 VUs, 1169850 complete and 0 interrupted iterations
tail_open_loop   [  60% ] 0005/0300 VUs  4m30.0s/7m30s  09999.20 iters/s

running (4m31.0s), 0080/0300 VUs, 1179801 complete and 0 interrupted iterations
tail_open_loop   [  60% ] 0080/0300 VUs  4m31.0s/7m30s  10054.80 iters/s

running (4m32.0s), 0005/0300 VUs, 1189960 complete and 0 interrupted iterations
tail_open_loop   [  60% ] 0005/0300 VUs  4m32.0s/7m30s  10110.30 iters/s

running (4m33.0s), 0005/0300 VUs, 1200097 complete and 0 interrupted iterations
tail_open_loop   [  61% ] 0005/0300 VUs  4m33.0s/7m30s  10165.80 iters/s

running (4m34.0s), 0006/0300 VUs, 1210290 complete and 0 interrupted iterations
tail_open_loop   [  61% ] 0006/0300 VUs  4m34.0s/7m30s  10221.40 iters/s

running (4m35.0s), 0005/0300 VUs, 1220540 complete and 0 interrupted iterations
tail_open_loop   [  61% ] 0005/0300 VUs  4m35.0s/7m30s  10276.96 iters/s

running (4m36.0s), 0006/0300 VUs, 1230844 complete and 0 interrupted iterations
tail_open_loop   [  61% ] 0006/0300 VUs  4m36.0s/7m30s  10332.50 iters/s

running (4m37.0s), 0004/0300 VUs, 1241205 complete and 0 interrupted iterations
tail_open_loop   [  62% ] 0004/0300 VUs  4m37.0s/7m30s  10388.10 iters/s

running (4m38.0s), 0003/0300 VUs, 1251622 complete and 0 interrupted iterations
tail_open_loop   [  62% ] 0003/0300 VUs  4m38.0s/7m30s  10443.65 iters/s

running (4m39.0s), 0004/0300 VUs, 1262093 complete and 0 interrupted iterations
tail_open_loop   [  62% ] 0004/0300 VUs  4m39.0s/7m30s  10499.13 iters/s

running (4m40.0s), 0076/0300 VUs, 1272548 complete and 0 interrupted iterations
tail_open_loop   [  62% ] 0076/0300 VUs  4m40.0s/7m30s  10554.76 iters/s

running (4m41.0s), 0004/0300 VUs, 1283202 complete and 0 interrupted iterations
tail_open_loop   [  62% ] 0004/0300 VUs  4m41.0s/7m30s  10610.30 iters/s

running (4m42.0s), 0005/0300 VUs, 1293840 complete and 0 interrupted iterations
tail_open_loop   [  63% ] 0005/0300 VUs  4m42.0s/7m30s  10665.87 iters/s

running (4m43.0s), 0004/0300 VUs, 1304534 complete and 0 interrupted iterations
tail_open_loop   [  63% ] 0004/0300 VUs  4m43.0s/7m30s  10721.33 iters/s

running (4m44.0s), 0006/0300 VUs, 1315282 complete and 0 interrupted iterations
tail_open_loop   [  63% ] 0006/0300 VUs  4m44.0s/7m30s  10777.02 iters/s

running (4m45.0s), 0004/0300 VUs, 1326089 complete and 0 interrupted iterations
tail_open_loop   [  63% ] 0004/0300 VUs  4m45.0s/7m30s  10832.48 iters/s

running (4m46.0s), 0005/0300 VUs, 1336947 complete and 0 interrupted iterations
tail_open_loop   [  64% ] 0005/0300 VUs  4m46.0s/7m30s  10888.15 iters/s

running (4m47.0s), 0005/0300 VUs, 1347864 complete and 0 interrupted iterations
tail_open_loop   [  64% ] 0005/0300 VUs  4m47.0s/7m30s  10943.67 iters/s

running (4m48.0s), 0005/0300 VUs, 1358834 complete and 0 interrupted iterations
tail_open_loop   [  64% ] 0005/0300 VUs  4m48.0s/7m30s  10999.29 iters/s

running (4m49.0s), 0103/0300 VUs, 1369764 complete and 0 interrupted iterations
tail_open_loop   [  64% ] 0103/0300 VUs  4m49.0s/7m30s  11054.85 iters/s

running (4m50.0s), 0006/0300 VUs, 1380944 complete and 0 interrupted iterations
tail_open_loop   [  64% ] 0006/0300 VUs  4m50.0s/7m30s  11110.37 iters/s

running (4m51.0s), 0004/0300 VUs, 1392083 complete and 0 interrupted iterations
tail_open_loop   [  65% ] 0004/0300 VUs  4m51.0s/7m30s  11165.95 iters/s

running (4m52.0s), 0005/0300 VUs, 1403276 complete and 0 interrupted iterations
tail_open_loop   [  65% ] 0005/0300 VUs  4m52.0s/7m30s  11221.46 iters/s

running (4m53.0s), 0008/0300 VUs, 1414523 complete and 0 interrupted iterations
tail_open_loop   [  65% ] 0008/0300 VUs  4m53.0s/7m30s  11276.88 iters/s

running (4m54.0s), 0008/0300 VUs, 1425828 complete and 0 interrupted iterations
tail_open_loop   [  65% ] 0008/0300 VUs  4m54.0s/7m30s  11332.47 iters/s

running (4m55.0s), 0005/0300 VUs, 1437190 complete and 0 interrupted iterations
tail_open_loop   [  66% ] 0006/0300 VUs  4m55.0s/7m30s  11388.09 iters/s

running (4m56.0s), 0005/0300 VUs, 1448606 complete and 0 interrupted iterations
tail_open_loop   [  66% ] 0006/0300 VUs  4m56.0s/7m30s  11443.61 iters/s

running (4m57.0s), 0006/0300 VUs, 1460077 complete and 0 interrupted iterations
tail_open_loop   [  66% ] 0006/0300 VUs  4m57.0s/7m30s  11499.14 iters/s

running (4m58.0s), 0005/0300 VUs, 1471605 complete and 0 interrupted iterations
tail_open_loop   [  66% ] 0005/0300 VUs  4m58.0s/7m30s  11554.82 iters/s

running (4m59.0s), 0004/0300 VUs, 1483188 complete and 0 interrupted iterations
tail_open_loop   [  66% ] 0004/0300 VUs  4m59.0s/7m30s  11610.36 iters/s

running (5m00.0s), 0005/0300 VUs, 1494825 complete and 0 interrupted iterations
tail_open_loop   [  67% ] 0005/0300 VUs  5m00.0s/7m30s  11665.75 iters/s

running (5m01.0s), 0004/0300 VUs, 1506519 complete and 0 interrupted iterations
tail_open_loop   [  67% ] 0004/0300 VUs  5m01.0s/7m30s  11721.41 iters/s

running (5m02.0s), 0005/0300 VUs, 1518268 complete and 0 interrupted iterations
tail_open_loop   [  67% ] 0005/0300 VUs  5m02.0s/7m30s  11777.04 iters/s

running (5m03.0s), 0006/0300 VUs, 1530072 complete and 0 interrupted iterations
tail_open_loop   [  67% ] 0005/0300 VUs  5m03.0s/7m30s  11832.50 iters/s

running (5m04.0s), 0006/0300 VUs, 1541932 complete and 0 interrupted iterations
tail_open_loop   [  68% ] 0006/0300 VUs  5m04.0s/7m30s  11888.06 iters/s

running (5m05.0s), 0028/0300 VUs, 1553826 complete and 0 interrupted iterations
tail_open_loop   [  68% ] 0028/0300 VUs  5m05.0s/7m30s  11943.72 iters/s

running (5m06.0s), 0005/0300 VUs, 1565820 complete and 0 interrupted iterations
tail_open_loop   [  68% ] 0005/0300 VUs  5m06.0s/7m30s  11999.18 iters/s

running (5m07.0s), 0005/0300 VUs, 1577848 complete and 0 interrupted iterations
tail_open_loop   [  68% ] 0005/0300 VUs  5m07.0s/7m30s  12054.73 iters/s

running (5m08.0s), 0007/0300 VUs, 1589928 complete and 0 interrupted iterations
tail_open_loop   [  68% ] 0007/0300 VUs  5m08.0s/7m30s  12110.35 iters/s

running (5m09.0s), 0007/0300 VUs, 1602066 complete and 0 interrupted iterations
tail_open_loop   [  69% ] 0007/0300 VUs  5m09.0s/7m30s  12165.89 iters/s

running (5m10.0s), 0006/0300 VUs, 1614261 complete and 0 interrupted iterations
tail_open_loop   [  69% ] 0006/0300 VUs  5m10.0s/7m30s  12221.50 iters/s

running (5m11.0s), 0007/0300 VUs, 1626509 complete and 0 interrupted iterations
tail_open_loop   [  69% ] 0007/0300 VUs  5m11.0s/7m30s  12277.02 iters/s

running (5m12.0s), 0006/0300 VUs, 1638814 complete and 0 interrupted iterations
tail_open_loop   [  69% ] 0006/0300 VUs  5m12.0s/7m30s  12332.43 iters/s

running (5m13.0s), 0006/0300 VUs, 1651175 complete and 0 interrupted iterations
tail_open_loop   [  70% ] 0006/0300 VUs  5m13.0s/7m30s  12388.04 iters/s

running (5m14.0s), 0006/0300 VUs, 1663591 complete and 0 interrupted iterations
tail_open_loop   [  70% ] 0006/0300 VUs  5m14.0s/7m30s  12443.69 iters/s

running (5m15.0s), 0007/0300 VUs, 1676061 complete and 0 interrupted iterations
tail_open_loop   [  70% ] 0007/0300 VUs  5m15.0s/7m30s  12499.06 iters/s

running (5m16.0s), 0008/0300 VUs, 1688588 complete and 0 interrupted iterations
tail_open_loop   [  70% ] 0008/0300 VUs  5m16.0s/7m30s  12554.77 iters/s

running (5m17.0s), 0006/0300 VUs, 1701172 complete and 0 interrupted iterations
tail_open_loop   [  70% ] 0006/0300 VUs  5m17.0s/7m30s  12610.18 iters/s

running (5m18.0s), 0006/0300 VUs, 1713810 complete and 0 interrupted iterations
tail_open_loop   [  71% ] 0006/0300 VUs  5m18.0s/7m30s  12665.92 iters/s

running (5m19.0s), 0006/0300 VUs, 1726503 complete and 0 interrupted iterations
tail_open_loop   [  71% ] 0006/0300 VUs  5m19.0s/7m30s  12721.35 iters/s

running (5m20.0s), 0006/0300 VUs, 1739253 complete and 0 interrupted iterations
tail_open_loop   [  71% ] 0006/0300 VUs  5m20.0s/7m30s  12776.94 iters/s

running (5m21.0s), 0005/0300 VUs, 1752060 complete and 0 interrupted iterations
tail_open_loop   [  71% ] 0005/0300 VUs  5m21.0s/7m30s  12832.52 iters/s

running (5m22.0s), 0006/0300 VUs, 1764918 complete and 0 interrupted iterations
tail_open_loop   [  72% ] 0006/0300 VUs  5m22.0s/7m30s  12888.09 iters/s

running (5m23.0s), 0006/0300 VUs, 1777834 complete and 0 interrupted iterations
tail_open_loop   [  72% ] 0006/0300 VUs  5m23.0s/7m30s  12943.64 iters/s

running (5m24.0s), 0007/0300 VUs, 1790804 complete and 0 interrupted iterations
tail_open_loop   [  72% ] 0006/0300 VUs  5m24.0s/7m30s  12999.17 iters/s

running (5m25.0s), 0004/0300 VUs, 1803833 complete and 0 interrupted iterations
tail_open_loop   [  72% ] 0004/0300 VUs  5m25.0s/7m30s  13054.66 iters/s

running (5m26.0s), 0006/0300 VUs, 1816914 complete and 0 interrupted iterations
tail_open_loop   [  72% ] 0006/0300 VUs  5m26.0s/7m30s  13110.28 iters/s

running (5m27.0s), 0007/0300 VUs, 1830052 complete and 0 interrupted iterations
tail_open_loop   [  73% ] 0007/0300 VUs  5m27.0s/7m30s  13165.86 iters/s

running (5m28.0s), 0007/0300 VUs, 1843247 complete and 0 interrupted iterations
tail_open_loop   [  73% ] 0007/0300 VUs  5m28.0s/7m30s  13221.39 iters/s

running (5m29.0s), 0006/0300 VUs, 1856495 complete and 0 interrupted iterations
tail_open_loop   [  73% ] 0006/0300 VUs  5m29.0s/7m30s  13277.04 iters/s

running (5m30.0s), 0006/0300 VUs, 1869802 complete and 0 interrupted iterations
tail_open_loop   [  73% ] 0006/0300 VUs  5m30.0s/7m30s  13332.44 iters/s

running (5m31.0s), 0006/0300 VUs, 1883160 complete and 0 interrupted iterations
tail_open_loop   [  74% ] 0006/0300 VUs  5m31.0s/7m30s  13388.14 iters/s

running (5m32.0s), 0006/0300 VUs, 1896577 complete and 0 interrupted iterations
tail_open_loop   [  74% ] 0006/0300 VUs  5m32.0s/7m30s  13443.75 iters/s

running (5m33.0s), 0007/0300 VUs, 1910047 complete and 0 interrupted iterations
tail_open_loop   [  74% ] 0007/0300 VUs  5m33.0s/7m30s  13499.10 iters/s

running (5m34.0s), 0007/0300 VUs, 1923573 complete and 0 interrupted iterations
tail_open_loop   [  74% ] 0007/0300 VUs  5m34.0s/7m30s  13554.73 iters/s

running (5m35.0s), 0006/0300 VUs, 1937157 complete and 0 interrupted iterations
tail_open_loop   [  74% ] 0007/0300 VUs  5m35.0s/7m30s  13610.26 iters/s

running (5m36.0s), 0008/0300 VUs, 1950793 complete and 0 interrupted iterations
tail_open_loop   [  75% ] 0008/0300 VUs  5m36.0s/7m30s  13665.87 iters/s

running (5m37.0s), 0005/0300 VUs, 1964489 complete and 0 interrupted iterations
tail_open_loop   [  75% ] 0006/0300 VUs  5m37.0s/7m30s  13721.37 iters/s

running (5m38.0s), 0005/0300 VUs, 1978238 complete and 0 interrupted iterations
tail_open_loop   [  75% ] 0005/0300 VUs  5m38.0s/7m30s  13776.95 iters/s

running (5m39.0s), 0004/0300 VUs, 1992046 complete and 0 interrupted iterations
tail_open_loop   [  75% ] 0004/0300 VUs  5m39.0s/7m30s  13832.41 iters/s

running (5m40.0s), 0007/0300 VUs, 2005903 complete and 0 interrupted iterations
tail_open_loop   [  76% ] 0005/0300 VUs  5m40.0s/7m30s  13888.12 iters/s

running (5m41.0s), 0007/0300 VUs, 2019818 complete and 0 interrupted iterations
tail_open_loop   [  76% ] 0007/0300 VUs  5m41.0s/7m30s  13943.70 iters/s

running (5m42.0s), 0006/0300 VUs, 2033791 complete and 0 interrupted iterations
tail_open_loop   [  76% ] 0006/0300 VUs  5m42.0s/7m30s  13999.13 iters/s

running (5m43.0s), 0007/0300 VUs, 2047817 complete and 0 interrupted iterations
tail_open_loop   [  76% ] 0007/0300 VUs  5m43.0s/7m30s  14054.62 iters/s

running (5m44.0s), 0009/0300 VUs, 2061897 complete and 0 interrupted iterations
tail_open_loop   [  76% ] 0009/0300 VUs  5m44.0s/7m30s  14110.34 iters/s

running (5m45.0s), 0007/0300 VUs, 2076037 complete and 0 interrupted iterations
tail_open_loop   [  77% ] 0007/0300 VUs  5m45.0s/7m30s  14165.71 iters/s

running (5m46.0s), 0006/0300 VUs, 2090231 complete and 0 interrupted iterations
tail_open_loop   [  77% ] 0006/0300 VUs  5m46.0s/7m30s  14221.31 iters/s

running (5m47.0s), 0006/0300 VUs, 2104481 complete and 0 interrupted iterations
tail_open_loop   [  77% ] 0006/0300 VUs  5m47.0s/7m30s  14276.94 iters/s

running (5m48.0s), 0008/0304 VUs, 2118712 complete and 0 interrupted iterations
tail_open_loop   [  77% ] 0008/0304 VUs  5m48.0s/7m30s  14332.60 iters/s

running (5m49.0s), 0008/0304 VUs, 2133071 complete and 0 interrupted iterations
tail_open_loop   [  78% ] 0008/0304 VUs  5m49.0s/7m30s  14388.08 iters/s

running (5m50.0s), 0006/0304 VUs, 2147487 complete and 0 interrupted iterations
tail_open_loop   [  78% ] 0006/0304 VUs  5m50.0s/7m30s  14443.56 iters/s

running (5m51.0s), 0007/0304 VUs, 2161959 complete and 0 interrupted iterations
tail_open_loop   [  78% ] 0007/0304 VUs  5m51.0s/7m30s  14499.27 iters/s

running (5m52.0s), 0006/0304 VUs, 2176487 complete and 0 interrupted iterations
tail_open_loop   [  78% ] 0006/0304 VUs  5m52.0s/7m30s  14554.77 iters/s

running (5m53.0s), 0007/0304 VUs, 2191069 complete and 0 interrupted iterations
tail_open_loop   [  78% ] 0007/0304 VUs  5m53.0s/7m30s  14610.48 iters/s

running (5m54.0s), 0009/0304 VUs, 2205705 complete and 0 interrupted iterations
tail_open_loop   [  79% ] 0009/0304 VUs  5m54.0s/7m30s  14665.98 iters/s

running (5m55.0s), 0009/0304 VUs, 2220400 complete and 0 interrupted iterations
tail_open_loop   [  79% ] 0009/0304 VUs  5m55.0s/7m30s  14721.47 iters/s

running (5m56.0s), 0009/0304 VUs, 2235147 complete and 0 interrupted iterations
tail_open_loop   [  79% ] 0009/0304 VUs  5m56.0s/7m30s  14776.94 iters/s

running (5m57.0s), 0008/0304 VUs, 2249954 complete and 0 interrupted iterations
tail_open_loop   [  79% ] 0008/0304 VUs  5m57.0s/7m30s  14832.39 iters/s

running (5m58.0s), 0006/0304 VUs, 2264816 complete and 0 interrupted iterations
tail_open_loop   [  80% ] 0006/0304 VUs  5m58.0s/7m30s  14888.04 iters/s

running (5m59.0s), 0008/0304 VUs, 2279730 complete and 0 interrupted iterations
tail_open_loop   [  80% ] 0008/0304 VUs  5m59.0s/7m30s  14943.66 iters/s

running (6m00.0s), 0005/0304 VUs, 2294703 complete and 0 interrupted iterations
tail_open_loop   [  80% ] 0005/0304 VUs  6m00.0s/7m30s  14999.25 iters/s

running (6m01.0s), 0014/0304 VUs, 2309720 complete and 0 interrupted iterations
tail_open_loop   [  80% ] 0014/0304 VUs  6m01.0s/7m30s  15054.80 iters/s

running (6m02.0s), 0010/0304 VUs, 2324808 complete and 0 interrupted iterations
tail_open_loop   [  80% ] 0010/0304 VUs  6m02.0s/7m30s  15110.31 iters/s

running (6m03.0s), 0007/0304 VUs, 2339950 complete and 0 interrupted iterations
tail_open_loop   [  81% ] 0007/0304 VUs  6m03.0s/7m30s  15165.99 iters/s

running (6m04.0s), 0008/0304 VUs, 2355142 complete and 0 interrupted iterations
tail_open_loop   [  81% ] 0008/0304 VUs  6m04.0s/7m30s  15221.40 iters/s

running (6m05.0s), 0006/0304 VUs, 2370395 complete and 0 interrupted iterations
tail_open_loop   [  81% ] 0006/0304 VUs  6m05.0s/7m30s  15276.97 iters/s

running (6m06.0s), 0009/0304 VUs, 2385695 complete and 0 interrupted iterations
tail_open_loop   [  81% ] 0009/0304 VUs  6m06.0s/7m30s  15332.48 iters/s

running (6m07.0s), 0008/0304 VUs, 2401056 complete and 0 interrupted iterations
tail_open_loop   [  82% ] 0008/0304 VUs  6m07.0s/7m30s  15388.17 iters/s

running (6m08.0s), 0006/0304 VUs, 2416474 complete and 0 interrupted iterations
tail_open_loop   [  82% ] 0006/0304 VUs  6m08.0s/7m30s  15443.78 iters/s

running (6m09.0s), 0009/0304 VUs, 2431942 complete and 0 interrupted iterations
tail_open_loop   [  82% ] 0009/0304 VUs  6m09.0s/7m30s  15499.07 iters/s

running (6m10.0s), 0008/0304 VUs, 2447471 complete and 0 interrupted iterations
tail_open_loop   [  82% ] 0008/0304 VUs  6m10.0s/7m30s  15554.76 iters/s

running (6m11.0s), 0009/0304 VUs, 2463052 complete and 0 interrupted iterations
tail_open_loop   [  82% ] 0009/0304 VUs  6m11.0s/7m30s  15610.37 iters/s

running (6m12.0s), 0006/0304 VUs, 2478693 complete and 0 interrupted iterations
tail_open_loop   [  83% ] 0006/0304 VUs  6m12.0s/7m30s  15665.63 iters/s

running (6m13.0s), 0007/0304 VUs, 2494386 complete and 0 interrupted iterations
tail_open_loop   [  83% ] 0007/0304 VUs  6m13.0s/7m30s  15721.29 iters/s

running (6m14.0s), 0009/0304 VUs, 2510132 complete and 0 interrupted iterations
tail_open_loop   [  83% ] 0008/0304 VUs  6m14.0s/7m30s  15777.10 iters/s

running (6m15.0s), 0009/0304 VUs, 2525937 complete and 0 interrupted iterations
tail_open_loop   [  83% ] 0009/0304 VUs  6m15.0s/7m30s  15832.55 iters/s

running (6m16.0s), 0011/0304 VUs, 2541796 complete and 0 interrupted iterations
tail_open_loop   [  84% ] 0011/0304 VUs  6m16.0s/7m30s  15888.15 iters/s

running (6m17.0s), 0008/0304 VUs, 2557715 complete and 0 interrupted iterations
tail_open_loop   [  84% ] 0008/0304 VUs  6m17.0s/7m30s  15943.62 iters/s

running (6m18.0s), 0008/0304 VUs, 2573687 complete and 0 interrupted iterations
tail_open_loop   [  84% ] 0008/0304 VUs  6m18.0s/7m30s  15998.98 iters/s

running (6m19.0s), 0009/0304 VUs, 2589712 complete and 0 interrupted iterations
tail_open_loop   [  84% ] 0009/0304 VUs  6m19.0s/7m30s  16054.71 iters/s

running (6m20.0s), 0011/0304 VUs, 2605795 complete and 0 interrupted iterations
tail_open_loop   [  84% ] 0012/0304 VUs  6m20.0s/7m30s  16110.32 iters/s

running (6m21.0s), 0008/0304 VUs, 2621934 complete and 0 interrupted iterations
tail_open_loop   [  85% ] 0008/0304 VUs  6m21.0s/7m30s  16165.80 iters/s

running (6m22.0s), 0009/0304 VUs, 2638127 complete and 0 interrupted iterations
tail_open_loop   [  85% ] 0009/0304 VUs  6m22.0s/7m30s  16221.39 iters/s

running (6m23.0s), 0009/0304 VUs, 2654375 complete and 0 interrupted iterations
tail_open_loop   [  85% ] 0009/0304 VUs  6m23.0s/7m30s  16276.84 iters/s

running (6m24.0s), 0010/0304 VUs, 2670680 complete and 0 interrupted iterations
tail_open_loop   [  85% ] 0010/0304 VUs  6m24.0s/7m30s  16332.66 iters/s

running (6m25.0s), 0010/0304 VUs, 2687039 complete and 0 interrupted iterations
tail_open_loop   [  86% ] 0010/0304 VUs  6m25.0s/7m30s  16388.07 iters/s

running (6m26.0s), 0010/0304 VUs, 2703458 complete and 0 interrupted iterations
tail_open_loop   [  86% ] 0010/0304 VUs  6m26.0s/7m30s  16443.85 iters/s

running (6m27.0s), 0018/0304 VUs, 2719919 complete and 0 interrupted iterations
tail_open_loop   [  86% ] 0018/0304 VUs  6m27.0s/7m30s  16499.20 iters/s

running (6m28.0s), 0006/0304 VUs, 2736457 complete and 0 interrupted iterations
tail_open_loop   [  86% ] 0006/0304 VUs  6m28.0s/7m30s  16554.92 iters/s

running (6m29.0s), 0010/0304 VUs, 2753037 complete and 0 interrupted iterations
tail_open_loop   [  86% ] 0010/0304 VUs  6m29.0s/7m30s  16610.19 iters/s

running (6m30.0s), 0008/0304 VUs, 2769677 complete and 0 interrupted iterations
tail_open_loop   [  87% ] 0009/0304 VUs  6m30.0s/7m30s  16665.83 iters/s

running (6m31.0s), 0007/0309 VUs, 2786335 complete and 0 interrupted iterations
tail_open_loop   [  87% ] 0007/0309 VUs  6m31.0s/7m30s  16721.57 iters/s

running (6m32.0s), 0012/0309 VUs, 2803081 complete and 0 interrupted iterations
tail_open_loop   [  87% ] 0012/0309 VUs  6m32.0s/7m30s  16777.12 iters/s

running (6m33.0s), 0010/0309 VUs, 2819886 complete and 0 interrupted iterations
tail_open_loop   [  87% ] 0010/0309 VUs  6m33.0s/7m30s  16832.47 iters/s

running (6m34.0s), 0008/0309 VUs, 2836749 complete and 0 interrupted iterations
tail_open_loop   [  88% ] 0008/0309 VUs  6m34.0s/7m30s  16888.18 iters/s

running (6m35.0s), 0009/0309 VUs, 2853663 complete and 0 interrupted iterations
tail_open_loop   [  88% ] 0009/0309 VUs  6m35.0s/7m30s  16943.41 iters/s

running (6m36.0s), 0011/0309 VUs, 2870634 complete and 0 interrupted iterations
tail_open_loop   [  88% ] 0011/0309 VUs  6m36.0s/7m30s  16999.29 iters/s

running (6m37.0s), 0009/0309 VUs, 2887661 complete and 0 interrupted iterations
tail_open_loop   [  88% ] 0009/0309 VUs  6m37.0s/7m30s  17054.66 iters/s

running (6m38.0s), 0008/0309 VUs, 2904745 complete and 0 interrupted iterations
tail_open_loop   [  88% ] 0008/0309 VUs  6m38.0s/7m30s  17110.40 iters/s

running (6m39.0s), 0009/0309 VUs, 2921882 complete and 0 interrupted iterations
tail_open_loop   [  89% ] 0008/0309 VUs  6m39.0s/7m30s  17165.91 iters/s

running (6m40.0s), 0008/0309 VUs, 2939080 complete and 0 interrupted iterations
tail_open_loop   [  89% ] 0008/0309 VUs  6m40.0s/7m30s  17221.49 iters/s

running (6m41.0s), 0010/0309 VUs, 2956325 complete and 0 interrupted iterations
tail_open_loop   [  89% ] 0010/0309 VUs  6m41.0s/7m30s  17276.83 iters/s

running (6m42.0s), 0008/0309 VUs, 2973634 complete and 0 interrupted iterations
tail_open_loop   [  89% ] 0008/0309 VUs  6m42.0s/7m30s  17332.52 iters/s

running (6m43.0s), 0011/0309 VUs, 2990989 complete and 0 interrupted iterations
tail_open_loop   [  90% ] 0011/0309 VUs  6m43.0s/7m30s  17387.98 iters/s

running (6m44.0s), 0009/0309 VUs, 3008406 complete and 0 interrupted iterations
tail_open_loop   [  90% ] 0009/0309 VUs  6m44.0s/7m30s  17443.79 iters/s

running (6m45.0s), 0011/0309 VUs, 3025875 complete and 0 interrupted iterations
tail_open_loop   [  90% ] 0011/0309 VUs  6m45.0s/7m30s  17499.34 iters/s

running (6m46.0s), 0009/0309 VUs, 3043404 complete and 0 interrupted iterations
tail_open_loop   [  90% ] 0009/0309 VUs  6m46.0s/7m30s  17554.64 iters/s

running (6m47.0s), 0008/0309 VUs, 3060988 complete and 0 interrupted iterations
tail_open_loop   [  90% ] 0008/0309 VUs  6m47.0s/7m30s  17610.28 iters/s

running (6m48.0s), 0015/0309 VUs, 3078620 complete and 0 interrupted iterations
tail_open_loop   [  91% ] 0015/0309 VUs  6m48.0s/7m30s  17665.66 iters/s

running (6m49.0s), 0007/0310 VUs, 3096293 complete and 0 interrupted iterations
tail_open_loop   [  91% ] 0007/0310 VUs  6m49.0s/7m30s  17721.38 iters/s

running (6m50.0s), 0010/0310 VUs, 3114040 complete and 0 interrupted iterations
tail_open_loop   [  91% ] 0010/0310 VUs  6m50.0s/7m30s  17776.83 iters/s

running (6m51.0s), 0011/0310 VUs, 3131846 complete and 0 interrupted iterations
tail_open_loop   [  91% ] 0011/0310 VUs  6m51.0s/7m30s  17832.62 iters/s

running (6m52.0s), 0008/0331 VUs, 3149665 complete and 0 interrupted iterations
tail_open_loop   [  92% ] 0008/0331 VUs  6m52.0s/7m30s  17888.13 iters/s

running (6m53.0s), 0008/0331 VUs, 3167580 complete and 0 interrupted iterations
tail_open_loop   [  92% ] 0008/0331 VUs  6m53.0s/7m30s  17943.66 iters/s

running (6m54.0s), 0007/0331 VUs, 3185552 complete and 0 interrupted iterations
tail_open_loop   [  92% ] 0007/0331 VUs  6m54.0s/7m30s  17999.21 iters/s

running (6m55.0s), 0063/0331 VUs, 3203524 complete and 0 interrupted iterations
tail_open_loop   [  92% ] 0063/0331 VUs  6m55.0s/7m30s  18054.78 iters/s

running (6m56.0s), 0009/0331 VUs, 3221660 complete and 0 interrupted iterations
tail_open_loop   [  92% ] 0009/0331 VUs  6m56.0s/7m30s  18110.04 iters/s

running (6m57.0s), 0013/0331 VUs, 3239793 complete and 0 interrupted iterations
tail_open_loop   [  93% ] 0013/0331 VUs  6m57.0s/7m30s  18165.96 iters/s

running (6m58.0s), 0038/0350 VUs, 3257789 complete and 0 interrupted iterations
tail_open_loop   [  93% ] 0038/0350 VUs  6m58.0s/7m30s  18221.57 iters/s

running (6m59.0s), 0012/0350 VUs, 3276068 complete and 0 interrupted iterations
tail_open_loop   [  93% ] 0012/0350 VUs  6m59.0s/7m30s  18276.86 iters/s

running (7m00.0s), 0012/0350 VUs, 3294370 complete and 0 interrupted iterations
tail_open_loop   [  93% ] 0012/0350 VUs  7m00.0s/7m30s  18332.81 iters/s

running (7m01.0s), 0019/0350 VUs, 3312723 complete and 0 interrupted iterations
tail_open_loop   [  94% ] 0019/0350 VUs  7m01.0s/7m30s  18388.10 iters/s

running (7m02.0s), 0012/0350 VUs, 3331145 complete and 0 interrupted iterations
tail_open_loop   [  94% ] 0012/0350 VUs  7m02.0s/7m30s  18443.72 iters/s

running (7m03.0s), 0008/0350 VUs, 3349621 complete and 0 interrupted iterations
tail_open_loop   [  94% ] 0008/0350 VUs  7m03.0s/7m30s  18498.99 iters/s

running (7m04.0s), 0012/0350 VUs, 3368145 complete and 0 interrupted iterations
tail_open_loop   [  94% ] 0012/0350 VUs  7m04.0s/7m30s  18554.60 iters/s

running (7m05.0s), 0016/0350 VUs, 3386723 complete and 0 interrupted iterations
tail_open_loop   [  94% ] 0016/0350 VUs  7m05.0s/7m30s  18610.19 iters/s

running (7m06.0s), 0013/0350 VUs, 3405364 complete and 0 interrupted iterations
tail_open_loop   [  95% ] 0013/0350 VUs  7m06.0s/7m30s  18666.12 iters/s

running (7m07.0s), 0019/0350 VUs, 3424051 complete and 0 interrupted iterations
tail_open_loop   [  95% ] 0018/0350 VUs  7m07.0s/7m30s  18721.68 iters/s

running (7m08.0s), 0012/0353 VUs, 3442743 complete and 0 interrupted iterations
tail_open_loop   [  95% ] 0012/0353 VUs  7m08.0s/7m30s  18776.87 iters/s

running (7m09.0s), 0011/0353 VUs, 3461547 complete and 0 interrupted iterations
tail_open_loop   [  95% ] 0011/0353 VUs  7m09.0s/7m30s  18832.75 iters/s

running (7m10.0s), 0011/0353 VUs, 3480409 complete and 0 interrupted iterations
tail_open_loop   [  96% ] 0011/0353 VUs  7m10.0s/7m30s  18888.24 iters/s

running (7m11.0s), 0019/0353 VUs, 3499316 complete and 0 interrupted iterations
tail_open_loop   [  96% ] 0019/0353 VUs  7m11.0s/7m30s  18943.70 iters/s

running (7m12.0s), 0013/0353 VUs, 3518292 complete and 0 interrupted iterations
tail_open_loop   [  96% ] 0013/0353 VUs  7m12.0s/7m30s  18999.13 iters/s

running (7m13.0s), 0129/0353 VUs, 3537203 complete and 0 interrupted iterations
tail_open_loop   [  96% ] 0129/0353 VUs  7m13.0s/7m30s  19054.51 iters/s

running (7m14.0s), 0011/0366 VUs, 3556373 complete and 0 interrupted iterations
tail_open_loop   [  96% ] 0011/0366 VUs  7m14.0s/7m30s  19110.23 iters/s

running (7m15.0s), 0011/0366 VUs, 3575512 complete and 0 interrupted iterations
tail_open_loop   [  97% ] 0011/0366 VUs  7m15.0s/7m30s  19165.90 iters/s

running (7m16.0s), 0013/0366 VUs, 3594703 complete and 0 interrupted iterations
tail_open_loop   [  97% ] 0013/0366 VUs  7m16.0s/7m30s  19221.53 iters/s

running (7m17.0s), 0033/0366 VUs, 3613934 complete and 0 interrupted iterations
tail_open_loop   [  97% ] 0033/0366 VUs  7m17.0s/7m30s  19277.11 iters/s

running (7m18.0s), 0023/0366 VUs, 3633240 complete and 0 interrupted iterations
tail_open_loop   [  97% ] 0023/0366 VUs  7m18.0s/7m30s  19332.64 iters/s

running (7m19.0s), 0011/0372 VUs, 3652604 complete and 0 interrupted iterations
tail_open_loop   [  98% ] 0011/0372 VUs  7m19.0s/7m30s  19388.11 iters/s

running (7m20.0s), 0013/0372 VUs, 3672017 complete and 0 interrupted iterations
tail_open_loop   [  98% ] 0012/0372 VUs  7m20.0s/7m30s  19443.53 iters/s

running (7m21.0s), 0017/0372 VUs, 3691485 complete and 0 interrupted iterations
tail_open_loop   [  98% ] 0017/0372 VUs  7m21.0s/7m30s  19499.26 iters/s

running (7m22.0s), 0011/0372 VUs, 3711017 complete and 0 interrupted iterations
tail_open_loop   [  98% ] 0011/0372 VUs  7m22.0s/7m30s  19554.55 iters/s

running (7m23.0s), 0012/0372 VUs, 3730600 complete and 0 interrupted iterations
tail_open_loop   [  98% ] 0012/0372 VUs  7m23.0s/7m30s  19610.53 iters/s

running (7m24.0s), 0012/0372 VUs, 3750237 complete and 0 interrupted iterations
tail_open_loop   [  99% ] 0013/0372 VUs  7m24.0s/7m30s  19665.68 iters/s

running (7m25.0s), 0014/0372 VUs, 3769929 complete and 0 interrupted iterations
tail_open_loop   [  99% ] 0014/0372 VUs  7m25.0s/7m30s  19721.53 iters/s

running (7m26.0s), 0015/0432 VUs, 3789558 complete and 0 interrupted iterations
tail_open_loop   [  99% ] 0015/0432 VUs  7m26.0s/7m30s  19776.92 iters/s

running (7m27.0s), 0012/0432 VUs, 3809365 complete and 0 interrupted iterations
tail_open_loop   [  99% ] 0012/0432 VUs  7m27.0s/7m30s  19832.61 iters/s

running (7m28.0s), 0012/0432 VUs, 3829225 complete and 0 interrupted iterations
tail_open_loop   [ 100% ] 0012/0432 VUs  7m28.0s/7m30s  19887.83 iters/s

running (7m29.0s), 0013/0432 VUs, 3849140 complete and 0 interrupted iterations
tail_open_loop   [ 100% ] 0013/0432 VUs  7m29.0s/7m30s  19943.76 iters/s

running (7m30.0s), 0012/0432 VUs, 3869111 complete and 0 interrupted iterations
tail_open_loop   [ 100% ] 0012/0432 VUs  7m30.0s/7m30s  19999.20 iters/s


  █ THRESHOLDS 

    http_req_duration
    ✓ 'p(95)<250' p(95)=1.03ms
    ✓ 'p(99)<500' p(99)=5.18ms
    ✓ 'p(99.9)<1000' p(99.9)=17.18ms

    http_req_failed
    ✓ 'rate<0.05' rate=0.00%


  █ TOTAL RESULTS 

    checks_total.......: 3869389 8598.637464/s
    checks_succeeded...: 100.00% 3869389 out of 3869389
    checks_failed......: 0.00%   0 out of 3869389

    ✓ status is 200 or 404

    HTTP
    http_req_duration..............: avg=611.07µs min=138µs    med=443µs    max=31.52ms p(90)=771µs   p(95)=1.03ms p(99)=5.18ms p(99.9)=17.18ms
      { expected_response:true }...: avg=611.07µs min=138µs    med=443µs    max=31.52ms p(90)=771µs   p(95)=1.03ms p(99)=5.18ms p(99.9)=17.18ms
    http_req_failed................: 0.00%   0 out of 3869389
    http_reqs......................: 3869389 8598.637464/s

    EXECUTION
    dropped_iterations.............: 586     1.302222/s
    iteration_duration.............: avg=639.08µs min=157.29µs med=472.45µs max=31.56ms p(90)=803.7µs p(95)=1.07ms p(99)=5.22ms p(99.9)=17.22ms
    iterations.....................: 3869389 8598.637464/s
    vus............................: 12      min=0            max=130
    vus_max........................: 432     min=300          max=432

    NETWORK
    data_received..................: 956 MB  2.1 MB/s
    data_sent......................: 433 MB  963 kB/s




running (7m30.0s), 0000/0432 VUs, 3869389 complete and 0 interrupted iterations
tail_open_loop ✓ [ 100% ] 0000/0432 VUs  7m30s  20000.00 iters/s
