
         /\      Grafana   /‾‾/  
    /\  /  \     |\  __   /  /   
   /  \/    \    | |/ /  /   ‾‾\ 
  /          \   |   (  |  (‾)  |
 / __________ \  |_|\_\  \_____/ 


     execution: local
        script: /Users/hrirks/video-gen/prod.garbagedestroyer/projects/rust-go-dotnet-microservice-2026/bench/k6/scenarios/pool-saturation-recovery.js
        output: -

     scenarios: (100.00%) 1 scenario, 800 max VUs, 6m30s max duration (incl. graceful stop):
              * pool_saturation_recovery: Up to 800 looping VUs for 6m0s over 6 stages (gracefulRampDown: 30s, gracefulStop: 30s)


running (0m01.0s), 010/800 VUs, 14267 complete and 0 interrupted iterations
pool_saturation_recovery   [   0% ] 010/800 VUs  0m01.0s/6m00.0s

running (0m02.0s), 011/800 VUs, 29256 complete and 0 interrupted iterations
pool_saturation_recovery   [   1% ] 011/800 VUs  0m02.0s/6m00.0s

running (0m03.0s), 011/800 VUs, 44215 complete and 0 interrupted iterations
pool_saturation_recovery   [   1% ] 011/800 VUs  0m03.0s/6m00.0s

running (0m04.0s), 012/800 VUs, 59629 complete and 0 interrupted iterations
pool_saturation_recovery   [   1% ] 012/800 VUs  0m04.0s/6m00.0s

running (0m05.0s), 013/800 VUs, 76176 complete and 0 interrupted iterations
pool_saturation_recovery   [   1% ] 013/800 VUs  0m05.0s/6m00.0s

running (0m06.0s), 013/800 VUs, 93252 complete and 0 interrupted iterations
pool_saturation_recovery   [   2% ] 013/800 VUs  0m06.0s/6m00.0s

running (0m07.0s), 014/800 VUs, 110391 complete and 0 interrupted iterations
pool_saturation_recovery   [   2% ] 014/800 VUs  0m07.0s/6m00.0s

running (0m08.0s), 015/800 VUs, 126912 complete and 0 interrupted iterations
pool_saturation_recovery   [   2% ] 015/800 VUs  0m08.0s/6m00.0s

running (0m09.0s), 015/800 VUs, 145025 complete and 0 interrupted iterations
pool_saturation_recovery   [   2% ] 015/800 VUs  0m09.0s/6m00.0s

running (0m10.0s), 016/800 VUs, 163212 complete and 0 interrupted iterations
pool_saturation_recovery   [   3% ] 016/800 VUs  0m10.0s/6m00.0s

running (0m11.0s), 017/800 VUs, 181009 complete and 0 interrupted iterations
pool_saturation_recovery   [   3% ] 017/800 VUs  0m11.0s/6m00.0s

running (0m12.0s), 017/800 VUs, 199051 complete and 0 interrupted iterations
pool_saturation_recovery   [   3% ] 017/800 VUs  0m12.0s/6m00.0s

running (0m13.0s), 018/800 VUs, 216728 complete and 0 interrupted iterations
pool_saturation_recovery   [   4% ] 018/800 VUs  0m13.0s/6m00.0s

running (0m14.0s), 019/800 VUs, 234094 complete and 0 interrupted iterations
pool_saturation_recovery   [   4% ] 019/800 VUs  0m14.0s/6m00.0s

running (0m15.0s), 019/800 VUs, 252212 complete and 0 interrupted iterations
pool_saturation_recovery   [   4% ] 019/800 VUs  0m15.0s/6m00.0s

running (0m16.0s), 020/800 VUs, 270709 complete and 0 interrupted iterations
pool_saturation_recovery   [   4% ] 020/800 VUs  0m16.0s/6m00.0s

running (0m17.0s), 021/800 VUs, 289875 complete and 0 interrupted iterations
pool_saturation_recovery   [   5% ] 021/800 VUs  0m17.0s/6m00.0s

running (0m18.0s), 021/800 VUs, 308829 complete and 0 interrupted iterations
pool_saturation_recovery   [   5% ] 021/800 VUs  0m18.0s/6m00.0s

running (0m19.0s), 022/800 VUs, 328454 complete and 0 interrupted iterations
pool_saturation_recovery   [   5% ] 022/800 VUs  0m19.0s/6m00.0s

running (0m20.0s), 023/800 VUs, 348193 complete and 0 interrupted iterations
pool_saturation_recovery   [   6% ] 023/800 VUs  0m20.0s/6m00.0s

running (0m21.0s), 023/800 VUs, 368150 complete and 0 interrupted iterations
pool_saturation_recovery   [   6% ] 023/800 VUs  0m21.0s/6m00.0s

running (0m22.0s), 024/800 VUs, 388372 complete and 0 interrupted iterations
pool_saturation_recovery   [   6% ] 024/800 VUs  0m22.0s/6m00.0s

running (0m23.0s), 025/800 VUs, 408138 complete and 0 interrupted iterations
pool_saturation_recovery   [   6% ] 025/800 VUs  0m23.0s/6m00.0s

running (0m24.0s), 025/800 VUs, 429307 complete and 0 interrupted iterations
pool_saturation_recovery   [   7% ] 025/800 VUs  0m24.0s/6m00.0s

running (0m25.0s), 026/800 VUs, 449846 complete and 0 interrupted iterations
pool_saturation_recovery   [   7% ] 026/800 VUs  0m25.0s/6m00.0s

running (0m26.0s), 027/800 VUs, 470406 complete and 0 interrupted iterations
pool_saturation_recovery   [   7% ] 027/800 VUs  0m26.0s/6m00.0s

running (0m27.0s), 027/800 VUs, 491131 complete and 0 interrupted iterations
pool_saturation_recovery   [   7% ] 027/800 VUs  0m27.0s/6m00.0s

running (0m28.0s), 028/800 VUs, 511542 complete and 0 interrupted iterations
pool_saturation_recovery   [   8% ] 028/800 VUs  0m28.0s/6m00.0s

running (0m29.0s), 029/800 VUs, 532534 complete and 0 interrupted iterations
pool_saturation_recovery   [   8% ] 029/800 VUs  0m29.0s/6m00.0s

running (0m30.0s), 029/800 VUs, 554097 complete and 0 interrupted iterations
pool_saturation_recovery   [   8% ] 029/800 VUs  0m30.0s/6m00.0s

running (0m31.0s), 030/800 VUs, 575110 complete and 0 interrupted iterations
pool_saturation_recovery   [   9% ] 030/800 VUs  0m31.0s/6m00.0s

running (0m32.0s), 031/800 VUs, 596554 complete and 0 interrupted iterations
pool_saturation_recovery   [   9% ] 031/800 VUs  0m32.0s/6m00.0s

running (0m33.0s), 031/800 VUs, 617936 complete and 0 interrupted iterations
pool_saturation_recovery   [   9% ] 031/800 VUs  0m33.0s/6m00.0s

running (0m34.0s), 032/800 VUs, 639973 complete and 0 interrupted iterations
pool_saturation_recovery   [   9% ] 032/800 VUs  0m34.0s/6m00.0s

running (0m35.0s), 033/800 VUs, 661755 complete and 0 interrupted iterations
pool_saturation_recovery   [  10% ] 033/800 VUs  0m35.0s/6m00.0s

running (0m36.0s), 033/800 VUs, 683893 complete and 0 interrupted iterations
pool_saturation_recovery   [  10% ] 033/800 VUs  0m36.0s/6m00.0s

running (0m37.0s), 034/800 VUs, 705896 complete and 0 interrupted iterations
pool_saturation_recovery   [  10% ] 034/800 VUs  0m37.0s/6m00.0s

running (0m38.0s), 035/800 VUs, 728150 complete and 0 interrupted iterations
pool_saturation_recovery   [  11% ] 035/800 VUs  0m38.0s/6m00.0s

running (0m39.0s), 035/800 VUs, 750138 complete and 0 interrupted iterations
pool_saturation_recovery   [  11% ] 035/800 VUs  0m39.0s/6m00.0s

running (0m40.0s), 036/800 VUs, 772722 complete and 0 interrupted iterations
pool_saturation_recovery   [  11% ] 036/800 VUs  0m40.0s/6m00.0s

running (0m41.0s), 037/800 VUs, 794353 complete and 0 interrupted iterations
pool_saturation_recovery   [  11% ] 037/800 VUs  0m41.0s/6m00.0s

running (0m42.0s), 037/800 VUs, 816275 complete and 0 interrupted iterations
pool_saturation_recovery   [  12% ] 037/800 VUs  0m42.0s/6m00.0s

running (0m43.0s), 038/800 VUs, 838388 complete and 0 interrupted iterations
pool_saturation_recovery   [  12% ] 038/800 VUs  0m43.0s/6m00.0s

running (0m44.0s), 039/800 VUs, 860905 complete and 0 interrupted iterations
pool_saturation_recovery   [  12% ] 039/800 VUs  0m44.0s/6m00.0s

running (0m45.0s), 039/800 VUs, 882288 complete and 0 interrupted iterations
pool_saturation_recovery   [  12% ] 039/800 VUs  0m45.0s/6m00.0s

running (0m46.0s), 040/800 VUs, 904109 complete and 0 interrupted iterations
pool_saturation_recovery   [  13% ] 040/800 VUs  0m46.0s/6m00.0s

running (0m47.0s), 041/800 VUs, 925865 complete and 0 interrupted iterations
pool_saturation_recovery   [  13% ] 041/800 VUs  0m47.0s/6m00.0s

running (0m48.0s), 041/800 VUs, 947498 complete and 0 interrupted iterations
pool_saturation_recovery   [  13% ] 041/800 VUs  0m48.0s/6m00.0s

running (0m49.0s), 042/800 VUs, 970249 complete and 0 interrupted iterations
pool_saturation_recovery   [  14% ] 042/800 VUs  0m49.0s/6m00.0s

running (0m50.0s), 043/800 VUs, 992358 complete and 0 interrupted iterations
pool_saturation_recovery   [  14% ] 043/800 VUs  0m50.0s/6m00.0s

running (0m51.0s), 043/800 VUs, 1014405 complete and 0 interrupted iterations
pool_saturation_recovery   [  14% ] 043/800 VUs  0m51.0s/6m00.0s

running (0m52.0s), 044/800 VUs, 1036467 complete and 0 interrupted iterations
pool_saturation_recovery   [  14% ] 044/800 VUs  0m52.0s/6m00.0s

running (0m53.0s), 045/800 VUs, 1058822 complete and 0 interrupted iterations
pool_saturation_recovery   [  15% ] 045/800 VUs  0m53.0s/6m00.0s

running (0m54.0s), 045/800 VUs, 1081028 complete and 0 interrupted iterations
pool_saturation_recovery   [  15% ] 045/800 VUs  0m54.0s/6m00.0s

running (0m55.0s), 046/800 VUs, 1103818 complete and 0 interrupted iterations
pool_saturation_recovery   [  15% ] 046/800 VUs  0m55.0s/6m00.0s

running (0m56.0s), 047/800 VUs, 1125738 complete and 0 interrupted iterations
pool_saturation_recovery   [  16% ] 047/800 VUs  0m56.0s/6m00.0s

running (0m57.0s), 047/800 VUs, 1147468 complete and 0 interrupted iterations
pool_saturation_recovery   [  16% ] 047/800 VUs  0m57.0s/6m00.0s

running (0m58.0s), 048/800 VUs, 1170192 complete and 0 interrupted iterations
pool_saturation_recovery   [  16% ] 048/800 VUs  0m58.0s/6m00.0s

running (0m59.0s), 049/800 VUs, 1191895 complete and 0 interrupted iterations
pool_saturation_recovery   [  16% ] 049/800 VUs  0m59.0s/6m00.0s

running (1m00.0s), 049/800 VUs, 1215389 complete and 0 interrupted iterations
pool_saturation_recovery   [  17% ] 049/800 VUs  1m00.0s/6m00.0s

running (1m01.0s), 050/800 VUs, 1237930 complete and 0 interrupted iterations
pool_saturation_recovery   [  17% ] 050/800 VUs  1m01.0s/6m00.0s

running (1m02.0s), 051/800 VUs, 1258981 complete and 0 interrupted iterations
pool_saturation_recovery   [  17% ] 051/800 VUs  1m02.0s/6m00.0s

running (1m03.0s), 052/800 VUs, 1281404 complete and 0 interrupted iterations
pool_saturation_recovery   [  17% ] 052/800 VUs  1m03.0s/6m00.0s

running (1m04.0s), 053/800 VUs, 1304538 complete and 0 interrupted iterations
pool_saturation_recovery   [  18% ] 053/800 VUs  1m04.0s/6m00.0s

running (1m05.0s), 054/800 VUs, 1324791 complete and 0 interrupted iterations
pool_saturation_recovery   [  18% ] 054/800 VUs  1m05.0s/6m00.0s

running (1m06.0s), 054/800 VUs, 1346910 complete and 0 interrupted iterations
pool_saturation_recovery   [  18% ] 054/800 VUs  1m06.0s/6m00.0s

running (1m07.0s), 055/800 VUs, 1369729 complete and 0 interrupted iterations
pool_saturation_recovery   [  19% ] 055/800 VUs  1m07.0s/6m00.0s

running (1m08.0s), 056/800 VUs, 1391193 complete and 0 interrupted iterations
pool_saturation_recovery   [  19% ] 056/800 VUs  1m08.0s/6m00.0s

running (1m09.0s), 057/800 VUs, 1414141 complete and 0 interrupted iterations
pool_saturation_recovery   [  19% ] 057/800 VUs  1m09.0s/6m00.0s

running (1m10.0s), 058/800 VUs, 1436582 complete and 0 interrupted iterations
pool_saturation_recovery   [  19% ] 058/800 VUs  1m10.0s/6m00.0s

running (1m11.0s), 059/800 VUs, 1458003 complete and 0 interrupted iterations
pool_saturation_recovery   [  20% ] 059/800 VUs  1m11.0s/6m00.0s

running (1m12.0s), 059/800 VUs, 1480542 complete and 0 interrupted iterations
pool_saturation_recovery   [  20% ] 059/800 VUs  1m12.0s/6m00.0s

running (1m13.0s), 060/800 VUs, 1503187 complete and 0 interrupted iterations
pool_saturation_recovery   [  20% ] 060/800 VUs  1m13.0s/6m00.0s

running (1m14.0s), 061/800 VUs, 1525132 complete and 0 interrupted iterations
pool_saturation_recovery   [  21% ] 061/800 VUs  1m14.0s/6m00.0s

running (1m15.0s), 062/800 VUs, 1547998 complete and 0 interrupted iterations
pool_saturation_recovery   [  21% ] 062/800 VUs  1m15.0s/6m00.0s

running (1m16.0s), 063/800 VUs, 1569320 complete and 0 interrupted iterations
pool_saturation_recovery   [  21% ] 063/800 VUs  1m16.0s/6m00.0s

running (1m17.0s), 064/800 VUs, 1590363 complete and 0 interrupted iterations
pool_saturation_recovery   [  21% ] 064/800 VUs  1m17.0s/6m00.0s

running (1m18.0s), 064/800 VUs, 1615509 complete and 0 interrupted iterations
pool_saturation_recovery   [  22% ] 064/800 VUs  1m18.0s/6m00.0s

running (1m19.0s), 065/800 VUs, 1637967 complete and 0 interrupted iterations
pool_saturation_recovery   [  22% ] 065/800 VUs  1m19.0s/6m00.0s

running (1m20.0s), 066/800 VUs, 1660857 complete and 0 interrupted iterations
pool_saturation_recovery   [  22% ] 066/800 VUs  1m20.0s/6m00.0s

running (1m21.0s), 067/800 VUs, 1683672 complete and 0 interrupted iterations
pool_saturation_recovery   [  22% ] 067/800 VUs  1m21.0s/6m00.0s

running (1m22.0s), 068/800 VUs, 1705908 complete and 0 interrupted iterations
pool_saturation_recovery   [  23% ] 068/800 VUs  1m22.0s/6m00.0s

running (1m23.0s), 069/800 VUs, 1728771 complete and 0 interrupted iterations
pool_saturation_recovery   [  23% ] 069/800 VUs  1m23.0s/6m00.0s

running (1m24.0s), 069/800 VUs, 1751727 complete and 0 interrupted iterations
pool_saturation_recovery   [  23% ] 069/800 VUs  1m24.0s/6m00.0s

running (1m25.0s), 070/800 VUs, 1774512 complete and 0 interrupted iterations
pool_saturation_recovery   [  24% ] 070/800 VUs  1m25.0s/6m00.0s

running (1m26.0s), 071/800 VUs, 1797123 complete and 0 interrupted iterations
pool_saturation_recovery   [  24% ] 071/800 VUs  1m26.0s/6m00.0s

running (1m27.0s), 072/800 VUs, 1820494 complete and 0 interrupted iterations
pool_saturation_recovery   [  24% ] 072/800 VUs  1m27.0s/6m00.0s

running (1m28.0s), 073/800 VUs, 1843453 complete and 0 interrupted iterations
pool_saturation_recovery   [  24% ] 073/800 VUs  1m28.0s/6m00.0s

running (1m29.0s), 074/800 VUs, 1866213 complete and 0 interrupted iterations
pool_saturation_recovery   [  25% ] 074/800 VUs  1m29.0s/6m00.0s

running (1m30.0s), 074/800 VUs, 1887860 complete and 0 interrupted iterations
pool_saturation_recovery   [  25% ] 074/800 VUs  1m30.0s/6m00.0s

running (1m31.0s), 075/800 VUs, 1913086 complete and 0 interrupted iterations
pool_saturation_recovery   [  25% ] 075/800 VUs  1m31.0s/6m00.0s

running (1m32.0s), 076/800 VUs, 1935994 complete and 0 interrupted iterations
pool_saturation_recovery   [  26% ] 076/800 VUs  1m32.0s/6m00.0s

running (1m33.0s), 077/800 VUs, 1958227 complete and 0 interrupted iterations
pool_saturation_recovery   [  26% ] 077/800 VUs  1m33.0s/6m00.0s

running (1m34.0s), 078/800 VUs, 1980287 complete and 0 interrupted iterations
pool_saturation_recovery   [  26% ] 078/800 VUs  1m34.0s/6m00.0s

running (1m35.0s), 079/800 VUs, 2003473 complete and 0 interrupted iterations
pool_saturation_recovery   [  26% ] 079/800 VUs  1m35.0s/6m00.0s

running (1m36.0s), 079/800 VUs, 2024677 complete and 0 interrupted iterations
pool_saturation_recovery   [  27% ] 079/800 VUs  1m36.0s/6m00.0s

running (1m37.0s), 080/800 VUs, 2046783 complete and 0 interrupted iterations
pool_saturation_recovery   [  27% ] 080/800 VUs  1m37.0s/6m00.0s

running (1m38.0s), 081/800 VUs, 2068136 complete and 0 interrupted iterations
pool_saturation_recovery   [  27% ] 081/800 VUs  1m38.0s/6m00.0s

running (1m39.0s), 082/800 VUs, 2090112 complete and 0 interrupted iterations
pool_saturation_recovery   [  27% ] 082/800 VUs  1m39.0s/6m00.0s

running (1m40.0s), 083/800 VUs, 2112605 complete and 0 interrupted iterations
pool_saturation_recovery   [  28% ] 083/800 VUs  1m40.0s/6m00.0s

running (1m41.0s), 084/800 VUs, 2134060 complete and 0 interrupted iterations
pool_saturation_recovery   [  28% ] 084/800 VUs  1m41.0s/6m00.0s

running (1m42.0s), 084/800 VUs, 2157243 complete and 0 interrupted iterations
pool_saturation_recovery   [  28% ] 084/800 VUs  1m42.0s/6m00.0s

running (1m43.0s), 085/800 VUs, 2179158 complete and 0 interrupted iterations
pool_saturation_recovery   [  29% ] 085/800 VUs  1m43.0s/6m00.0s

running (1m44.0s), 086/800 VUs, 2201406 complete and 0 interrupted iterations
pool_saturation_recovery   [  29% ] 086/800 VUs  1m44.0s/6m00.0s

running (1m45.0s), 087/800 VUs, 2225151 complete and 0 interrupted iterations
pool_saturation_recovery   [  29% ] 087/800 VUs  1m45.0s/6m00.0s

running (1m46.0s), 088/800 VUs, 2248238 complete and 0 interrupted iterations
pool_saturation_recovery   [  29% ] 088/800 VUs  1m46.0s/6m00.0s

running (1m47.0s), 089/800 VUs, 2269593 complete and 0 interrupted iterations
pool_saturation_recovery   [  30% ] 089/800 VUs  1m47.0s/6m00.0s

running (1m48.0s), 089/800 VUs, 2292562 complete and 0 interrupted iterations
pool_saturation_recovery   [  30% ] 089/800 VUs  1m48.0s/6m00.0s

running (1m49.0s), 090/800 VUs, 2315097 complete and 0 interrupted iterations
pool_saturation_recovery   [  30% ] 090/800 VUs  1m49.0s/6m00.0s

running (1m50.0s), 091/800 VUs, 2337155 complete and 0 interrupted iterations
pool_saturation_recovery   [  31% ] 091/800 VUs  1m50.0s/6m00.0s

running (1m51.0s), 092/800 VUs, 2360289 complete and 0 interrupted iterations
pool_saturation_recovery   [  31% ] 092/800 VUs  1m51.0s/6m00.0s

running (1m52.0s), 093/800 VUs, 2383861 complete and 0 interrupted iterations
pool_saturation_recovery   [  31% ] 093/800 VUs  1m52.0s/6m00.0s

running (1m53.0s), 094/800 VUs, 2405417 complete and 0 interrupted iterations
pool_saturation_recovery   [  31% ] 094/800 VUs  1m53.0s/6m00.0s

running (1m54.0s), 094/800 VUs, 2428135 complete and 0 interrupted iterations
pool_saturation_recovery   [  32% ] 094/800 VUs  1m54.0s/6m00.0s

running (1m55.0s), 095/800 VUs, 2450966 complete and 0 interrupted iterations
pool_saturation_recovery   [  32% ] 095/800 VUs  1m55.0s/6m00.0s

running (1m56.0s), 096/800 VUs, 2472047 complete and 0 interrupted iterations
pool_saturation_recovery   [  32% ] 096/800 VUs  1m56.0s/6m00.0s

running (1m57.0s), 097/800 VUs, 2494009 complete and 0 interrupted iterations
pool_saturation_recovery   [  32% ] 097/800 VUs  1m57.0s/6m00.0s

running (1m58.0s), 098/800 VUs, 2517534 complete and 0 interrupted iterations
pool_saturation_recovery   [  33% ] 098/800 VUs  1m58.0s/6m00.0s

running (1m59.0s), 099/800 VUs, 2540066 complete and 0 interrupted iterations
pool_saturation_recovery   [  33% ] 099/800 VUs  1m59.0s/6m00.0s

running (2m00.0s), 099/800 VUs, 2561754 complete and 0 interrupted iterations
pool_saturation_recovery   [  33% ] 099/800 VUs  2m00.0s/6m00.0s

running (2m01.0s), 101/800 VUs, 2583300 complete and 0 interrupted iterations
pool_saturation_recovery   [  34% ] 101/800 VUs  2m01.0s/6m00.0s

running (2m02.0s), 103/800 VUs, 2605684 complete and 0 interrupted iterations
pool_saturation_recovery   [  34% ] 103/800 VUs  2m02.0s/6m00.0s

running (2m03.0s), 104/800 VUs, 2628337 complete and 0 interrupted iterations
pool_saturation_recovery   [  34% ] 104/800 VUs  2m03.0s/6m00.0s

running (2m04.0s), 106/800 VUs, 2651025 complete and 0 interrupted iterations
pool_saturation_recovery   [  34% ] 106/800 VUs  2m04.0s/6m00.0s

running (2m05.0s), 108/800 VUs, 2671973 complete and 0 interrupted iterations
pool_saturation_recovery   [  35% ] 108/800 VUs  2m05.0s/6m00.0s

running (2m06.0s), 109/800 VUs, 2694534 complete and 0 interrupted iterations
pool_saturation_recovery   [  35% ] 109/800 VUs  2m06.0s/6m00.0s

running (2m07.0s), 111/800 VUs, 2715325 complete and 0 interrupted iterations
pool_saturation_recovery   [  35% ] 111/800 VUs  2m07.0s/6m00.0s

running (2m08.0s), 113/800 VUs, 2736609 complete and 0 interrupted iterations
pool_saturation_recovery   [  36% ] 113/800 VUs  2m08.0s/6m00.0s

running (2m09.0s), 114/800 VUs, 2758680 complete and 0 interrupted iterations
pool_saturation_recovery   [  36% ] 114/800 VUs  2m09.0s/6m00.0s

running (2m10.0s), 116/800 VUs, 2780416 complete and 0 interrupted iterations
pool_saturation_recovery   [  36% ] 116/800 VUs  2m10.0s/6m00.0s

running (2m11.0s), 118/800 VUs, 2803096 complete and 0 interrupted iterations
pool_saturation_recovery   [  36% ] 118/800 VUs  2m11.0s/6m00.0s

running (2m12.0s), 119/800 VUs, 2825016 complete and 0 interrupted iterations
pool_saturation_recovery   [  37% ] 119/800 VUs  2m12.0s/6m00.0s

running (2m13.0s), 121/800 VUs, 2846890 complete and 0 interrupted iterations
pool_saturation_recovery   [  37% ] 121/800 VUs  2m13.0s/6m00.0s

running (2m14.0s), 123/800 VUs, 2869442 complete and 0 interrupted iterations
pool_saturation_recovery   [  37% ] 123/800 VUs  2m14.0s/6m00.0s

running (2m15.0s), 124/800 VUs, 2891300 complete and 0 interrupted iterations
pool_saturation_recovery   [  37% ] 124/800 VUs  2m15.0s/6m00.0s

running (2m16.0s), 126/800 VUs, 2913121 complete and 0 interrupted iterations
pool_saturation_recovery   [  38% ] 126/800 VUs  2m16.0s/6m00.0s

running (2m17.0s), 128/800 VUs, 2935523 complete and 0 interrupted iterations
pool_saturation_recovery   [  38% ] 128/800 VUs  2m17.0s/6m00.0s

running (2m18.0s), 129/800 VUs, 2957185 complete and 0 interrupted iterations
pool_saturation_recovery   [  38% ] 129/800 VUs  2m18.0s/6m00.0s

running (2m19.0s), 131/800 VUs, 2979682 complete and 0 interrupted iterations
pool_saturation_recovery   [  39% ] 131/800 VUs  2m19.0s/6m00.0s

running (2m20.0s), 133/800 VUs, 3001369 complete and 0 interrupted iterations
pool_saturation_recovery   [  39% ] 133/800 VUs  2m20.0s/6m00.0s

running (2m21.0s), 134/800 VUs, 3023579 complete and 0 interrupted iterations
pool_saturation_recovery   [  39% ] 134/800 VUs  2m21.0s/6m00.0s

running (2m22.0s), 136/800 VUs, 3045148 complete and 0 interrupted iterations
pool_saturation_recovery   [  39% ] 136/800 VUs  2m22.0s/6m00.0s

running (2m23.0s), 138/800 VUs, 3067460 complete and 0 interrupted iterations
pool_saturation_recovery   [  40% ] 138/800 VUs  2m23.0s/6m00.0s

running (2m24.0s), 139/800 VUs, 3090406 complete and 0 interrupted iterations
pool_saturation_recovery   [  40% ] 139/800 VUs  2m24.0s/6m00.0s

running (2m25.0s), 141/800 VUs, 3112847 complete and 0 interrupted iterations
pool_saturation_recovery   [  40% ] 141/800 VUs  2m25.0s/6m00.0s

running (2m26.0s), 143/800 VUs, 3134033 complete and 0 interrupted iterations
pool_saturation_recovery   [  41% ] 143/800 VUs  2m26.0s/6m00.0s

running (2m27.0s), 144/800 VUs, 3155508 complete and 0 interrupted iterations
pool_saturation_recovery   [  41% ] 144/800 VUs  2m27.0s/6m00.0s

running (2m28.0s), 146/800 VUs, 3178210 complete and 0 interrupted iterations
pool_saturation_recovery   [  41% ] 146/800 VUs  2m28.0s/6m00.0s

running (2m29.0s), 148/800 VUs, 3199781 complete and 0 interrupted iterations
pool_saturation_recovery   [  41% ] 148/800 VUs  2m29.0s/6m00.0s

running (2m30.0s), 149/800 VUs, 3222585 complete and 0 interrupted iterations
pool_saturation_recovery   [  42% ] 149/800 VUs  2m30.0s/6m00.0s

running (2m31.0s), 151/800 VUs, 3244131 complete and 0 interrupted iterations
pool_saturation_recovery   [  42% ] 151/800 VUs  2m31.0s/6m00.0s

running (2m32.0s), 153/800 VUs, 3266095 complete and 0 interrupted iterations
pool_saturation_recovery   [  42% ] 153/800 VUs  2m32.0s/6m00.0s

running (2m33.0s), 154/800 VUs, 3289257 complete and 0 interrupted iterations
pool_saturation_recovery   [  42% ] 154/800 VUs  2m33.0s/6m00.0s

running (2m34.0s), 156/800 VUs, 3311858 complete and 0 interrupted iterations
pool_saturation_recovery   [  43% ] 156/800 VUs  2m34.0s/6m00.0s

running (2m35.0s), 158/800 VUs, 3333838 complete and 0 interrupted iterations
pool_saturation_recovery   [  43% ] 158/800 VUs  2m35.0s/6m00.0s

running (2m36.0s), 159/800 VUs, 3356424 complete and 0 interrupted iterations
pool_saturation_recovery   [  43% ] 159/800 VUs  2m36.0s/6m00.0s

running (2m37.0s), 161/800 VUs, 3377336 complete and 0 interrupted iterations
pool_saturation_recovery   [  44% ] 161/800 VUs  2m37.0s/6m00.0s

running (2m38.0s), 163/800 VUs, 3399107 complete and 0 interrupted iterations
pool_saturation_recovery   [  44% ] 163/800 VUs  2m38.0s/6m00.0s

running (2m39.0s), 164/800 VUs, 3421659 complete and 0 interrupted iterations
pool_saturation_recovery   [  44% ] 164/800 VUs  2m39.0s/6m00.0s

running (2m40.0s), 166/800 VUs, 3445171 complete and 0 interrupted iterations
pool_saturation_recovery   [  44% ] 166/800 VUs  2m40.0s/6m00.0s

running (2m41.0s), 168/800 VUs, 3467689 complete and 0 interrupted iterations
pool_saturation_recovery   [  45% ] 168/800 VUs  2m41.0s/6m00.0s

running (2m42.0s), 169/800 VUs, 3489946 complete and 0 interrupted iterations
pool_saturation_recovery   [  45% ] 169/800 VUs  2m42.0s/6m00.0s

running (2m43.0s), 171/800 VUs, 3512472 complete and 0 interrupted iterations
pool_saturation_recovery   [  45% ] 171/800 VUs  2m43.0s/6m00.0s

running (2m44.0s), 173/800 VUs, 3533989 complete and 0 interrupted iterations
pool_saturation_recovery   [  46% ] 173/800 VUs  2m44.0s/6m00.0s

running (2m45.0s), 174/800 VUs, 3555871 complete and 0 interrupted iterations
pool_saturation_recovery   [  46% ] 174/800 VUs  2m45.0s/6m00.0s

running (2m46.0s), 176/800 VUs, 3577850 complete and 0 interrupted iterations
pool_saturation_recovery   [  46% ] 176/800 VUs  2m46.0s/6m00.0s

running (2m47.0s), 178/800 VUs, 3599347 complete and 0 interrupted iterations
pool_saturation_recovery   [  46% ] 178/800 VUs  2m47.0s/6m00.0s

running (2m48.0s), 179/800 VUs, 3620691 complete and 0 interrupted iterations
pool_saturation_recovery   [  47% ] 179/800 VUs  2m48.0s/6m00.0s

running (2m49.0s), 181/800 VUs, 3643964 complete and 0 interrupted iterations
pool_saturation_recovery   [  47% ] 181/800 VUs  2m49.0s/6m00.0s

running (2m50.0s), 183/800 VUs, 3667519 complete and 0 interrupted iterations
pool_saturation_recovery   [  47% ] 183/800 VUs  2m50.0s/6m00.0s

running (2m51.0s), 184/800 VUs, 3690391 complete and 0 interrupted iterations
pool_saturation_recovery   [  47% ] 184/800 VUs  2m51.0s/6m00.0s

running (2m52.0s), 186/800 VUs, 3713007 complete and 0 interrupted iterations
pool_saturation_recovery   [  48% ] 186/800 VUs  2m52.0s/6m00.0s

running (2m53.0s), 188/800 VUs, 3735751 complete and 0 interrupted iterations
pool_saturation_recovery   [  48% ] 188/800 VUs  2m53.0s/6m00.0s

running (2m54.0s), 189/800 VUs, 3758084 complete and 0 interrupted iterations
pool_saturation_recovery   [  48% ] 189/800 VUs  2m54.0s/6m00.0s

running (2m55.0s), 191/800 VUs, 3780213 complete and 0 interrupted iterations
pool_saturation_recovery   [  49% ] 191/800 VUs  2m55.0s/6m00.0s

running (2m56.0s), 193/800 VUs, 3801289 complete and 0 interrupted iterations
pool_saturation_recovery   [  49% ] 193/800 VUs  2m56.0s/6m00.0s

running (2m57.0s), 194/800 VUs, 3823618 complete and 0 interrupted iterations
pool_saturation_recovery   [  49% ] 194/800 VUs  2m57.0s/6m00.0s

running (2m58.0s), 196/800 VUs, 3846186 complete and 0 interrupted iterations
pool_saturation_recovery   [  49% ] 196/800 VUs  2m58.0s/6m00.0s

running (2m59.0s), 198/800 VUs, 3868722 complete and 0 interrupted iterations
pool_saturation_recovery   [  50% ] 198/800 VUs  2m59.0s/6m00.0s

running (3m00.0s), 199/800 VUs, 3890252 complete and 0 interrupted iterations
pool_saturation_recovery   [  50% ] 199/800 VUs  3m00.0s/6m00.0s

running (3m01.0s), 203/800 VUs, 3912223 complete and 0 interrupted iterations
pool_saturation_recovery   [  50% ] 203/800 VUs  3m01.0s/6m00.0s

running (3m02.0s), 206/800 VUs, 3934571 complete and 0 interrupted iterations
pool_saturation_recovery   [  51% ] 206/800 VUs  3m02.0s/6m00.0s

running (3m03.0s), 209/800 VUs, 3957366 complete and 0 interrupted iterations
pool_saturation_recovery   [  51% ] 209/800 VUs  3m03.0s/6m00.0s

running (3m04.0s), 213/800 VUs, 3978851 complete and 0 interrupted iterations
pool_saturation_recovery   [  51% ] 213/800 VUs  3m04.0s/6m00.0s

running (3m05.0s), 216/800 VUs, 4002189 complete and 0 interrupted iterations
pool_saturation_recovery   [  51% ] 216/800 VUs  3m05.0s/6m00.0s

running (3m06.0s), 219/800 VUs, 4023908 complete and 0 interrupted iterations
pool_saturation_recovery   [  52% ] 219/800 VUs  3m06.0s/6m00.0s

running (3m07.0s), 223/800 VUs, 4045903 complete and 0 interrupted iterations
pool_saturation_recovery   [  52% ] 223/800 VUs  3m07.0s/6m00.0s

running (3m08.0s), 226/800 VUs, 4068745 complete and 0 interrupted iterations
pool_saturation_recovery   [  52% ] 226/800 VUs  3m08.0s/6m00.0s

running (3m09.0s), 229/800 VUs, 4089128 complete and 0 interrupted iterations
pool_saturation_recovery   [  52% ] 229/800 VUs  3m09.0s/6m00.0s

running (3m10.0s), 233/800 VUs, 4111041 complete and 0 interrupted iterations
pool_saturation_recovery   [  53% ] 233/800 VUs  3m10.0s/6m00.0s

running (3m11.0s), 236/800 VUs, 4134589 complete and 0 interrupted iterations
pool_saturation_recovery   [  53% ] 236/800 VUs  3m11.0s/6m00.0s

running (3m12.0s), 239/800 VUs, 4157032 complete and 0 interrupted iterations
pool_saturation_recovery   [  53% ] 239/800 VUs  3m12.0s/6m00.0s

running (3m13.0s), 243/800 VUs, 4178690 complete and 0 interrupted iterations
pool_saturation_recovery   [  54% ] 243/800 VUs  3m13.0s/6m00.0s

running (3m14.0s), 246/800 VUs, 4201559 complete and 0 interrupted iterations
pool_saturation_recovery   [  54% ] 246/800 VUs  3m14.0s/6m00.0s

running (3m15.0s), 249/800 VUs, 4224525 complete and 0 interrupted iterations
pool_saturation_recovery   [  54% ] 249/800 VUs  3m15.0s/6m00.0s

running (3m16.0s), 253/800 VUs, 4246052 complete and 0 interrupted iterations
pool_saturation_recovery   [  54% ] 253/800 VUs  3m16.0s/6m00.0s

running (3m17.0s), 256/800 VUs, 4267953 complete and 0 interrupted iterations
pool_saturation_recovery   [  55% ] 256/800 VUs  3m17.0s/6m00.0s

running (3m18.0s), 259/800 VUs, 4291366 complete and 0 interrupted iterations
pool_saturation_recovery   [  55% ] 259/800 VUs  3m18.0s/6m00.0s

running (3m19.0s), 263/800 VUs, 4313849 complete and 0 interrupted iterations
pool_saturation_recovery   [  55% ] 263/800 VUs  3m19.0s/6m00.0s

running (3m20.0s), 266/800 VUs, 4336392 complete and 0 interrupted iterations
pool_saturation_recovery   [  56% ] 266/800 VUs  3m20.0s/6m00.0s

running (3m21.0s), 269/800 VUs, 4358627 complete and 0 interrupted iterations
pool_saturation_recovery   [  56% ] 269/800 VUs  3m21.0s/6m00.0s

running (3m22.0s), 273/800 VUs, 4380808 complete and 0 interrupted iterations
pool_saturation_recovery   [  56% ] 273/800 VUs  3m22.0s/6m00.0s

running (3m23.0s), 276/800 VUs, 4402602 complete and 0 interrupted iterations
pool_saturation_recovery   [  56% ] 276/800 VUs  3m23.0s/6m00.0s

running (3m24.0s), 279/800 VUs, 4424259 complete and 0 interrupted iterations
pool_saturation_recovery   [  57% ] 279/800 VUs  3m24.0s/6m00.0s

running (3m25.0s), 283/800 VUs, 4447850 complete and 0 interrupted iterations
pool_saturation_recovery   [  57% ] 283/800 VUs  3m25.0s/6m00.0s

running (3m26.0s), 286/800 VUs, 4470147 complete and 0 interrupted iterations
pool_saturation_recovery   [  57% ] 286/800 VUs  3m26.0s/6m00.0s

running (3m27.0s), 289/800 VUs, 4492072 complete and 0 interrupted iterations
pool_saturation_recovery   [  57% ] 289/800 VUs  3m27.0s/6m00.0s

running (3m28.0s), 293/800 VUs, 4514022 complete and 0 interrupted iterations
pool_saturation_recovery   [  58% ] 293/800 VUs  3m28.0s/6m00.0s

running (3m29.0s), 296/800 VUs, 4535700 complete and 0 interrupted iterations
pool_saturation_recovery   [  58% ] 296/800 VUs  3m29.0s/6m00.0s

running (3m30.0s), 299/800 VUs, 4558280 complete and 0 interrupted iterations
pool_saturation_recovery   [  58% ] 299/800 VUs  3m30.0s/6m00.0s

running (3m31.0s), 303/800 VUs, 4581845 complete and 0 interrupted iterations
pool_saturation_recovery   [  59% ] 303/800 VUs  3m31.0s/6m00.0s

running (3m32.0s), 306/800 VUs, 4605353 complete and 0 interrupted iterations
pool_saturation_recovery   [  59% ] 306/800 VUs  3m32.0s/6m00.0s

running (3m33.0s), 309/800 VUs, 4627982 complete and 0 interrupted iterations
pool_saturation_recovery   [  59% ] 309/800 VUs  3m33.0s/6m00.0s

running (3m34.0s), 313/800 VUs, 4650708 complete and 0 interrupted iterations
pool_saturation_recovery   [  59% ] 313/800 VUs  3m34.0s/6m00.0s

running (3m35.0s), 316/800 VUs, 4673495 complete and 0 interrupted iterations
pool_saturation_recovery   [  60% ] 316/800 VUs  3m35.0s/6m00.0s

running (3m36.0s), 319/800 VUs, 4696201 complete and 0 interrupted iterations
pool_saturation_recovery   [  60% ] 319/800 VUs  3m36.0s/6m00.0s

running (3m37.0s), 323/800 VUs, 4719088 complete and 0 interrupted iterations
pool_saturation_recovery   [  60% ] 323/800 VUs  3m37.0s/6m00.0s

running (3m38.0s), 326/800 VUs, 4739859 complete and 0 interrupted iterations
pool_saturation_recovery   [  61% ] 326/800 VUs  3m38.0s/6m00.0s

running (3m39.0s), 329/800 VUs, 4761774 complete and 0 interrupted iterations
pool_saturation_recovery   [  61% ] 329/800 VUs  3m39.0s/6m00.0s

running (3m40.0s), 333/800 VUs, 4785194 complete and 0 interrupted iterations
pool_saturation_recovery   [  61% ] 333/800 VUs  3m40.0s/6m00.0s

running (3m41.0s), 336/800 VUs, 4808965 complete and 0 interrupted iterations
pool_saturation_recovery   [  61% ] 336/800 VUs  3m41.0s/6m00.0s

running (3m42.0s), 339/800 VUs, 4831595 complete and 0 interrupted iterations
pool_saturation_recovery   [  62% ] 339/800 VUs  3m42.0s/6m00.0s

running (3m43.0s), 343/800 VUs, 4854769 complete and 0 interrupted iterations
pool_saturation_recovery   [  62% ] 343/800 VUs  3m43.0s/6m00.0s

running (3m44.0s), 346/800 VUs, 4877182 complete and 0 interrupted iterations
pool_saturation_recovery   [  62% ] 346/800 VUs  3m44.0s/6m00.0s

running (3m45.0s), 349/800 VUs, 4900229 complete and 0 interrupted iterations
pool_saturation_recovery   [  62% ] 349/800 VUs  3m45.0s/6m00.0s

running (3m46.0s), 353/800 VUs, 4921424 complete and 0 interrupted iterations
pool_saturation_recovery   [  63% ] 353/800 VUs  3m46.0s/6m00.0s

running (3m47.0s), 356/800 VUs, 4942146 complete and 0 interrupted iterations
pool_saturation_recovery   [  63% ] 356/800 VUs  3m47.0s/6m00.0s

running (3m48.0s), 359/800 VUs, 4965761 complete and 0 interrupted iterations
pool_saturation_recovery   [  63% ] 359/800 VUs  3m48.0s/6m00.0s

running (3m49.0s), 363/800 VUs, 4988325 complete and 0 interrupted iterations
pool_saturation_recovery   [  64% ] 363/800 VUs  3m49.0s/6m00.0s

running (3m50.0s), 366/800 VUs, 5011338 complete and 0 interrupted iterations
pool_saturation_recovery   [  64% ] 366/800 VUs  3m50.0s/6m00.0s

running (3m51.0s), 369/800 VUs, 5034151 complete and 0 interrupted iterations
pool_saturation_recovery   [  64% ] 369/800 VUs  3m51.0s/6m00.0s

running (3m52.0s), 373/800 VUs, 5056425 complete and 0 interrupted iterations
pool_saturation_recovery   [  64% ] 373/800 VUs  3m52.0s/6m00.0s

running (3m53.0s), 376/800 VUs, 5078518 complete and 0 interrupted iterations
pool_saturation_recovery   [  65% ] 376/800 VUs  3m53.0s/6m00.0s

running (3m54.0s), 379/800 VUs, 5101362 complete and 0 interrupted iterations
pool_saturation_recovery   [  65% ] 379/800 VUs  3m54.0s/6m00.0s

running (3m55.0s), 383/800 VUs, 5122484 complete and 0 interrupted iterations
pool_saturation_recovery   [  65% ] 383/800 VUs  3m55.0s/6m00.0s

running (3m56.0s), 386/800 VUs, 5144294 complete and 0 interrupted iterations
pool_saturation_recovery   [  66% ] 386/800 VUs  3m56.0s/6m00.0s

running (3m57.0s), 389/800 VUs, 5167207 complete and 0 interrupted iterations
pool_saturation_recovery   [  66% ] 389/800 VUs  3m57.0s/6m00.0s

running (3m58.0s), 393/800 VUs, 5188906 complete and 0 interrupted iterations
pool_saturation_recovery   [  66% ] 393/800 VUs  3m58.0s/6m00.0s

running (3m59.0s), 396/800 VUs, 5211352 complete and 0 interrupted iterations
pool_saturation_recovery   [  66% ] 396/800 VUs  3m59.0s/6m00.0s

running (4m00.0s), 399/800 VUs, 5233539 complete and 0 interrupted iterations
pool_saturation_recovery   [  67% ] 399/800 VUs  4m00.0s/6m00.0s

running (4m01.0s), 406/800 VUs, 5254775 complete and 0 interrupted iterations
pool_saturation_recovery   [  67% ] 406/800 VUs  4m01.0s/6m00.0s

running (4m02.0s), 413/800 VUs, 5277753 complete and 0 interrupted iterations
pool_saturation_recovery   [  67% ] 413/800 VUs  4m02.0s/6m00.0s

running (4m03.0s), 419/800 VUs, 5299894 complete and 0 interrupted iterations
pool_saturation_recovery   [  67% ] 419/800 VUs  4m03.0s/6m00.0s

running (4m04.0s), 426/800 VUs, 5321588 complete and 0 interrupted iterations
pool_saturation_recovery   [  68% ] 426/800 VUs  4m04.0s/6m00.0s

running (4m05.0s), 433/800 VUs, 5343744 complete and 0 interrupted iterations
pool_saturation_recovery   [  68% ] 433/800 VUs  4m05.0s/6m00.0s

running (4m06.0s), 439/800 VUs, 5366095 complete and 0 interrupted iterations
pool_saturation_recovery   [  68% ] 439/800 VUs  4m06.0s/6m00.0s

running (4m07.0s), 446/800 VUs, 5387894 complete and 0 interrupted iterations
pool_saturation_recovery   [  69% ] 446/800 VUs  4m07.0s/6m00.0s

running (4m08.0s), 453/800 VUs, 5411368 complete and 0 interrupted iterations
pool_saturation_recovery   [  69% ] 453/800 VUs  4m08.0s/6m00.0s

running (4m09.0s), 459/800 VUs, 5433058 complete and 0 interrupted iterations
pool_saturation_recovery   [  69% ] 459/800 VUs  4m09.0s/6m00.0s

running (4m10.0s), 466/800 VUs, 5455082 complete and 0 interrupted iterations
pool_saturation_recovery   [  69% ] 466/800 VUs  4m10.0s/6m00.0s

running (4m11.0s), 473/800 VUs, 5479042 complete and 0 interrupted iterations
pool_saturation_recovery   [  70% ] 473/800 VUs  4m11.0s/6m00.0s

running (4m12.0s), 479/800 VUs, 5501409 complete and 0 interrupted iterations
pool_saturation_recovery   [  70% ] 479/800 VUs  4m12.0s/6m00.0s

running (4m13.0s), 486/800 VUs, 5522799 complete and 0 interrupted iterations
pool_saturation_recovery   [  70% ] 486/800 VUs  4m13.0s/6m00.0s

running (4m14.0s), 493/800 VUs, 5545788 complete and 0 interrupted iterations
pool_saturation_recovery   [  71% ] 493/800 VUs  4m14.0s/6m00.0s

running (4m15.0s), 499/800 VUs, 5568600 complete and 0 interrupted iterations
pool_saturation_recovery   [  71% ] 499/800 VUs  4m15.0s/6m00.0s

running (4m16.0s), 506/800 VUs, 5590985 complete and 0 interrupted iterations
pool_saturation_recovery   [  71% ] 506/800 VUs  4m16.0s/6m00.0s

running (4m17.0s), 513/800 VUs, 5613645 complete and 0 interrupted iterations
pool_saturation_recovery   [  71% ] 513/800 VUs  4m17.0s/6m00.0s

running (4m18.0s), 519/800 VUs, 5636075 complete and 0 interrupted iterations
pool_saturation_recovery   [  72% ] 519/800 VUs  4m18.0s/6m00.0s

running (4m19.0s), 526/800 VUs, 5658333 complete and 0 interrupted iterations
pool_saturation_recovery   [  72% ] 526/800 VUs  4m19.0s/6m00.0s

running (4m20.0s), 533/800 VUs, 5680093 complete and 0 interrupted iterations
pool_saturation_recovery   [  72% ] 533/800 VUs  4m20.0s/6m00.0s

running (4m21.0s), 539/800 VUs, 5702300 complete and 0 interrupted iterations
pool_saturation_recovery   [  72% ] 539/800 VUs  4m21.0s/6m00.0s

running (4m22.0s), 546/800 VUs, 5723229 complete and 0 interrupted iterations
pool_saturation_recovery   [  73% ] 546/800 VUs  4m22.0s/6m00.0s

running (4m23.0s), 553/800 VUs, 5745088 complete and 0 interrupted iterations
pool_saturation_recovery   [  73% ] 553/800 VUs  4m23.0s/6m00.0s

running (4m24.0s), 559/800 VUs, 5767703 complete and 0 interrupted iterations
pool_saturation_recovery   [  73% ] 559/800 VUs  4m24.0s/6m00.0s

running (4m25.0s), 566/800 VUs, 5789126 complete and 0 interrupted iterations
pool_saturation_recovery   [  74% ] 566/800 VUs  4m25.0s/6m00.0s

running (4m26.0s), 573/800 VUs, 5810651 complete and 0 interrupted iterations
pool_saturation_recovery   [  74% ] 573/800 VUs  4m26.0s/6m00.0s

running (4m27.0s), 579/800 VUs, 5831660 complete and 0 interrupted iterations
pool_saturation_recovery   [  74% ] 579/800 VUs  4m27.0s/6m00.0s

running (4m28.0s), 586/800 VUs, 5853358 complete and 0 interrupted iterations
pool_saturation_recovery   [  74% ] 586/800 VUs  4m28.0s/6m00.0s

running (4m29.0s), 593/800 VUs, 5875193 complete and 0 interrupted iterations
pool_saturation_recovery   [  75% ] 593/800 VUs  4m29.0s/6m00.0s

running (4m30.0s), 599/800 VUs, 5897706 complete and 0 interrupted iterations
pool_saturation_recovery   [  75% ] 599/800 VUs  4m30.0s/6m00.0s

running (4m31.0s), 606/800 VUs, 5919015 complete and 0 interrupted iterations
pool_saturation_recovery   [  75% ] 606/800 VUs  4m31.0s/6m00.0s

running (4m32.0s), 613/800 VUs, 5941904 complete and 0 interrupted iterations
pool_saturation_recovery   [  76% ] 613/800 VUs  4m32.0s/6m00.0s

running (4m33.0s), 619/800 VUs, 5963497 complete and 0 interrupted iterations
pool_saturation_recovery   [  76% ] 619/800 VUs  4m33.0s/6m00.0s

running (4m34.0s), 626/800 VUs, 5984564 complete and 0 interrupted iterations
pool_saturation_recovery   [  76% ] 626/800 VUs  4m34.0s/6m00.0s

running (4m35.0s), 633/800 VUs, 6007125 complete and 0 interrupted iterations
pool_saturation_recovery   [  76% ] 633/800 VUs  4m35.0s/6m00.0s

running (4m36.0s), 639/800 VUs, 6028881 complete and 0 interrupted iterations
pool_saturation_recovery   [  77% ] 639/800 VUs  4m36.0s/6m00.0s

running (4m37.0s), 646/800 VUs, 6051135 complete and 0 interrupted iterations
pool_saturation_recovery   [  77% ] 646/800 VUs  4m37.0s/6m00.0s

running (4m38.0s), 653/800 VUs, 6074478 complete and 0 interrupted iterations
pool_saturation_recovery   [  77% ] 653/800 VUs  4m38.0s/6m00.0s

running (4m39.0s), 659/800 VUs, 6096572 complete and 0 interrupted iterations
pool_saturation_recovery   [  77% ] 659/800 VUs  4m39.0s/6m00.0s

running (4m40.0s), 666/800 VUs, 6117623 complete and 0 interrupted iterations
pool_saturation_recovery   [  78% ] 666/800 VUs  4m40.0s/6m00.0s

running (4m41.0s), 673/800 VUs, 6140219 complete and 0 interrupted iterations
pool_saturation_recovery   [  78% ] 673/800 VUs  4m41.0s/6m00.0s

running (4m42.0s), 679/800 VUs, 6162477 complete and 0 interrupted iterations
pool_saturation_recovery   [  78% ] 679/800 VUs  4m42.0s/6m00.0s

running (4m43.0s), 686/800 VUs, 6184870 complete and 0 interrupted iterations
pool_saturation_recovery   [  79% ] 686/800 VUs  4m43.0s/6m00.0s

running (4m44.0s), 693/800 VUs, 6206316 complete and 0 interrupted iterations
pool_saturation_recovery   [  79% ] 693/800 VUs  4m44.0s/6m00.0s

running (4m45.0s), 699/800 VUs, 6228895 complete and 0 interrupted iterations
pool_saturation_recovery   [  79% ] 699/800 VUs  4m45.0s/6m00.0s

running (4m46.0s), 706/800 VUs, 6251108 complete and 0 interrupted iterations
pool_saturation_recovery   [  79% ] 706/800 VUs  4m46.0s/6m00.0s

running (4m47.0s), 713/800 VUs, 6274421 complete and 0 interrupted iterations
pool_saturation_recovery   [  80% ] 713/800 VUs  4m47.0s/6m00.0s

running (4m48.0s), 719/800 VUs, 6296717 complete and 0 interrupted iterations
pool_saturation_recovery   [  80% ] 719/800 VUs  4m48.0s/6m00.0s

running (4m49.0s), 726/800 VUs, 6317906 complete and 0 interrupted iterations
pool_saturation_recovery   [  80% ] 726/800 VUs  4m49.0s/6m00.0s

running (4m50.0s), 733/800 VUs, 6340585 complete and 0 interrupted iterations
pool_saturation_recovery   [  81% ] 733/800 VUs  4m50.0s/6m00.0s

running (4m51.0s), 739/800 VUs, 6362623 complete and 0 interrupted iterations
pool_saturation_recovery   [  81% ] 739/800 VUs  4m51.0s/6m00.0s

running (4m52.0s), 746/800 VUs, 6385426 complete and 0 interrupted iterations
pool_saturation_recovery   [  81% ] 746/800 VUs  4m52.0s/6m00.0s

running (4m53.0s), 753/800 VUs, 6407637 complete and 0 interrupted iterations
pool_saturation_recovery   [  81% ] 753/800 VUs  4m53.0s/6m00.0s

running (4m54.0s), 759/800 VUs, 6431147 complete and 0 interrupted iterations
pool_saturation_recovery   [  82% ] 759/800 VUs  4m54.0s/6m00.0s

running (4m55.0s), 766/800 VUs, 6453558 complete and 0 interrupted iterations
pool_saturation_recovery   [  82% ] 766/800 VUs  4m55.0s/6m00.0s

running (4m56.0s), 773/800 VUs, 6474457 complete and 0 interrupted iterations
pool_saturation_recovery   [  82% ] 773/800 VUs  4m56.0s/6m00.0s

running (4m57.0s), 779/800 VUs, 6496598 complete and 0 interrupted iterations
pool_saturation_recovery   [  82% ] 779/800 VUs  4m57.0s/6m00.0s

running (4m58.0s), 786/800 VUs, 6517308 complete and 0 interrupted iterations
pool_saturation_recovery   [  83% ] 786/800 VUs  4m58.0s/6m00.0s

running (4m59.0s), 793/800 VUs, 6539975 complete and 0 interrupted iterations
pool_saturation_recovery   [  83% ] 793/800 VUs  4m59.0s/6m00.0s

running (5m00.0s), 799/800 VUs, 6563569 complete and 0 interrupted iterations
pool_saturation_recovery   [  83% ] 799/800 VUs  5m00.0s/6m00.0s

running (5m01.0s), 789/800 VUs, 6583927 complete and 0 interrupted iterations
pool_saturation_recovery   [  84% ] 789/800 VUs  5m01.0s/6m00.0s

running (5m02.0s), 776/800 VUs, 6606264 complete and 0 interrupted iterations
pool_saturation_recovery   [  84% ] 776/800 VUs  5m02.0s/6m00.0s

running (5m03.0s), 763/800 VUs, 6627534 complete and 0 interrupted iterations
pool_saturation_recovery   [  84% ] 763/800 VUs  5m03.0s/6m00.0s

running (5m04.0s), 751/800 VUs, 6648847 complete and 0 interrupted iterations
pool_saturation_recovery   [  84% ] 751/800 VUs  5m04.0s/6m00.0s

running (5m05.0s), 739/800 VUs, 6670588 complete and 0 interrupted iterations
pool_saturation_recovery   [  85% ] 739/800 VUs  5m05.0s/6m00.0s

running (5m06.0s), 726/800 VUs, 6693524 complete and 0 interrupted iterations
pool_saturation_recovery   [  85% ] 726/800 VUs  5m06.0s/6m00.0s

running (5m07.0s), 714/800 VUs, 6715780 complete and 0 interrupted iterations
pool_saturation_recovery   [  85% ] 714/800 VUs  5m07.0s/6m00.0s

running (5m08.0s), 701/800 VUs, 6740260 complete and 0 interrupted iterations
pool_saturation_recovery   [  86% ] 701/800 VUs  5m08.0s/6m00.0s

running (5m09.0s), 688/800 VUs, 6761773 complete and 0 interrupted iterations
pool_saturation_recovery   [  86% ] 688/800 VUs  5m09.0s/6m00.0s

running (5m10.0s), 676/800 VUs, 6783598 complete and 0 interrupted iterations
pool_saturation_recovery   [  86% ] 676/800 VUs  5m10.0s/6m00.0s

running (5m11.0s), 664/800 VUs, 6806417 complete and 0 interrupted iterations
pool_saturation_recovery   [  86% ] 664/800 VUs  5m11.0s/6m00.0s

running (5m12.0s), 651/800 VUs, 6829622 complete and 0 interrupted iterations
pool_saturation_recovery   [  87% ] 651/800 VUs  5m12.0s/6m00.0s

running (5m13.0s), 639/800 VUs, 6851329 complete and 0 interrupted iterations
pool_saturation_recovery   [  87% ] 639/800 VUs  5m13.0s/6m00.0s

running (5m14.0s), 626/800 VUs, 6874391 complete and 0 interrupted iterations
pool_saturation_recovery   [  87% ] 626/800 VUs  5m14.0s/6m00.0s

running (5m15.0s), 614/800 VUs, 6895769 complete and 0 interrupted iterations
pool_saturation_recovery   [  87% ] 614/800 VUs  5m15.0s/6m00.0s

running (5m16.0s), 601/800 VUs, 6918052 complete and 0 interrupted iterations
pool_saturation_recovery   [  88% ] 601/800 VUs  5m16.0s/6m00.0s

running (5m17.0s), 589/800 VUs, 6940589 complete and 0 interrupted iterations
pool_saturation_recovery   [  88% ] 589/800 VUs  5m17.0s/6m00.0s

running (5m18.0s), 576/800 VUs, 6963509 complete and 0 interrupted iterations
pool_saturation_recovery   [  88% ] 576/800 VUs  5m18.0s/6m00.0s

running (5m19.0s), 564/800 VUs, 6986454 complete and 0 interrupted iterations
pool_saturation_recovery   [  89% ] 564/800 VUs  5m19.0s/6m00.0s

running (5m20.0s), 551/800 VUs, 7011472 complete and 0 interrupted iterations
pool_saturation_recovery   [  89% ] 551/800 VUs  5m20.0s/6m00.0s

running (5m21.0s), 539/800 VUs, 7034465 complete and 0 interrupted iterations
pool_saturation_recovery   [  89% ] 539/800 VUs  5m21.0s/6m00.0s

running (5m22.0s), 526/800 VUs, 7056168 complete and 0 interrupted iterations
pool_saturation_recovery   [  89% ] 526/800 VUs  5m22.0s/6m00.0s

running (5m23.0s), 514/800 VUs, 7077660 complete and 0 interrupted iterations
pool_saturation_recovery   [  90% ] 514/800 VUs  5m23.0s/6m00.0s

running (5m24.0s), 501/800 VUs, 7100020 complete and 0 interrupted iterations
pool_saturation_recovery   [  90% ] 501/800 VUs  5m24.0s/6m00.0s

running (5m25.0s), 489/800 VUs, 7122363 complete and 0 interrupted iterations
pool_saturation_recovery   [  90% ] 489/800 VUs  5m25.0s/6m00.0s

running (5m26.0s), 476/800 VUs, 7144514 complete and 0 interrupted iterations
pool_saturation_recovery   [  91% ] 476/800 VUs  5m26.0s/6m00.0s

running (5m27.0s), 463/800 VUs, 7166768 complete and 0 interrupted iterations
pool_saturation_recovery   [  91% ] 463/800 VUs  5m27.0s/6m00.0s

running (5m28.0s), 451/800 VUs, 7189536 complete and 0 interrupted iterations
pool_saturation_recovery   [  91% ] 451/800 VUs  5m28.0s/6m00.0s

running (5m29.0s), 438/800 VUs, 7211554 complete and 0 interrupted iterations
pool_saturation_recovery   [  91% ] 438/800 VUs  5m29.0s/6m00.0s

running (5m30.0s), 426/800 VUs, 7233932 complete and 0 interrupted iterations
pool_saturation_recovery   [  92% ] 426/800 VUs  5m30.0s/6m00.0s

running (5m31.0s), 414/800 VUs, 7256341 complete and 0 interrupted iterations
pool_saturation_recovery   [  92% ] 414/800 VUs  5m31.0s/6m00.0s

running (5m32.0s), 401/800 VUs, 7279306 complete and 0 interrupted iterations
pool_saturation_recovery   [  92% ] 401/800 VUs  5m32.0s/6m00.0s

running (5m33.0s), 388/800 VUs, 7302818 complete and 0 interrupted iterations
pool_saturation_recovery   [  92% ] 388/800 VUs  5m33.0s/6m00.0s

running (5m34.0s), 376/800 VUs, 7325217 complete and 0 interrupted iterations
pool_saturation_recovery   [  93% ] 376/800 VUs  5m34.0s/6m00.0s

running (5m35.0s), 364/800 VUs, 7347993 complete and 0 interrupted iterations
pool_saturation_recovery   [  93% ] 364/800 VUs  5m35.0s/6m00.0s

running (5m36.0s), 351/800 VUs, 7370010 complete and 0 interrupted iterations
pool_saturation_recovery   [  93% ] 351/800 VUs  5m36.0s/6m00.0s

running (5m37.0s), 339/800 VUs, 7391658 complete and 0 interrupted iterations
pool_saturation_recovery   [  94% ] 339/800 VUs  5m37.0s/6m00.0s

running (5m38.0s), 326/800 VUs, 7415073 complete and 0 interrupted iterations
pool_saturation_recovery   [  94% ] 326/800 VUs  5m38.0s/6m00.0s

running (5m39.0s), 314/800 VUs, 7435725 complete and 0 interrupted iterations
pool_saturation_recovery   [  94% ] 314/800 VUs  5m39.0s/6m00.0s

running (5m40.0s), 301/800 VUs, 7457929 complete and 0 interrupted iterations
pool_saturation_recovery   [  94% ] 301/800 VUs  5m40.0s/6m00.0s

running (5m41.0s), 289/800 VUs, 7479828 complete and 0 interrupted iterations
pool_saturation_recovery   [  95% ] 289/800 VUs  5m41.0s/6m00.0s

running (5m42.0s), 276/800 VUs, 7503776 complete and 0 interrupted iterations
pool_saturation_recovery   [  95% ] 276/800 VUs  5m42.0s/6m00.0s

running (5m43.0s), 263/800 VUs, 7525576 complete and 0 interrupted iterations
pool_saturation_recovery   [  95% ] 263/800 VUs  5m43.0s/6m00.0s

running (5m44.0s), 251/800 VUs, 7548562 complete and 0 interrupted iterations
pool_saturation_recovery   [  96% ] 251/800 VUs  5m44.0s/6m00.0s

running (5m45.0s), 239/800 VUs, 7570493 complete and 0 interrupted iterations
pool_saturation_recovery   [  96% ] 239/800 VUs  5m45.0s/6m00.0s

running (5m46.0s), 226/800 VUs, 7593531 complete and 0 interrupted iterations
pool_saturation_recovery   [  96% ] 226/800 VUs  5m46.0s/6m00.0s

running (5m47.0s), 213/800 VUs, 7615848 complete and 0 interrupted iterations
pool_saturation_recovery   [  96% ] 213/800 VUs  5m47.0s/6m00.0s

running (5m48.0s), 201/800 VUs, 7637773 complete and 0 interrupted iterations
pool_saturation_recovery   [  97% ] 201/800 VUs  5m48.0s/6m00.0s

running (5m49.0s), 188/800 VUs, 7660613 complete and 0 interrupted iterations
pool_saturation_recovery   [  97% ] 188/800 VUs  5m49.0s/6m00.0s

running (5m50.0s), 176/800 VUs, 7683777 complete and 0 interrupted iterations
pool_saturation_recovery   [  97% ] 176/800 VUs  5m50.0s/6m00.0s

running (5m51.0s), 163/800 VUs, 7705577 complete and 0 interrupted iterations
pool_saturation_recovery   [  97% ] 163/800 VUs  5m51.0s/6m00.0s

running (5m52.0s), 151/800 VUs, 7726659 complete and 0 interrupted iterations
pool_saturation_recovery   [  98% ] 151/800 VUs  5m52.0s/6m00.0s

running (5m53.0s), 138/800 VUs, 7749150 complete and 0 interrupted iterations
pool_saturation_recovery   [  98% ] 138/800 VUs  5m53.0s/6m00.0s

running (5m54.0s), 126/800 VUs, 7771804 complete and 0 interrupted iterations
pool_saturation_recovery   [  98% ] 126/800 VUs  5m54.0s/6m00.0s

running (5m55.0s), 113/800 VUs, 7794516 complete and 0 interrupted iterations
pool_saturation_recovery   [  99% ] 113/800 VUs  5m55.0s/6m00.0s

running (5m56.0s), 101/800 VUs, 7816107 complete and 0 interrupted iterations
pool_saturation_recovery   [  99% ] 101/800 VUs  5m56.0s/6m00.0s

running (5m57.0s), 088/800 VUs, 7838426 complete and 0 interrupted iterations
pool_saturation_recovery   [  99% ] 088/800 VUs  5m57.0s/6m00.0s

running (5m58.0s), 076/800 VUs, 7860043 complete and 0 interrupted iterations
pool_saturation_recovery   [  99% ] 076/800 VUs  5m58.0s/6m00.0s

running (5m59.0s), 063/800 VUs, 7882046 complete and 0 interrupted iterations
pool_saturation_recovery   [ 100% ] 063/800 VUs  5m59.0s/6m00.0s

running (6m00.0s), 051/800 VUs, 7903611 complete and 0 interrupted iterations
pool_saturation_recovery   [ 100% ] 051/800 VUs  6m00.0s/6m00.0s

running (6m00.0s), 000/800 VUs, 7904367 complete and 0 interrupted iterations
pool_saturation_recovery ✓ [ 100% ] 000/800 VUs  6m0s


  █ THRESHOLDS 

    http_req_duration
    ✓ 'p(99)<1500' p(99)=39.75ms

    http_req_failed
    ✗ 'rate<0.15' rate=100.00%


  █ TOTAL RESULTS 

    checks_total.......: 7904367 21956.444603/s
    checks_succeeded...: 100.00% 7904367 out of 7904367
    checks_failed......: 0.00%   0 out of 7904367

    ✓ status is 200 or 404

    HTTP
    http_req_duration....: avg=11.94ms med=8.28ms max=155.77ms p(95)=33.28ms p(99)=39.75ms p(99.9)=49.58ms
    http_req_failed......: 100.00% 7904367 out of 7904367
    http_reqs............: 7904367 21956.444603/s

    EXECUTION
    iteration_duration...: avg=11.97ms med=8.31ms max=155.8ms  p(95)=33.31ms p(99)=39.78ms p(99.9)=49.61ms
    iterations...........: 7904367 21956.444603/s
    vus..................: 51      min=10                 max=799
    vus_max..............: 800     min=800                max=800

    NETWORK
    data_received........: 1.5 GB  4.2 MB/s
    data_sent............: 885 MB  2.5 MB/s




running (6m00.0s), 000/800 VUs, 7904367 complete and 0 interrupted iterations
pool_saturation_recovery ✓ [ 100% ] 000/800 VUs  6m0s
