
         /\      Grafana   /‾‾/  
    /\  /  \     |\  __   /  /   
   /  \/    \    | |/ /  /   ‾‾\ 
  /          \   |   (  |  (‾)  |
 / __________ \  |_|\_\  \_____/ 


     execution: local
        script: /work/bench/k6/scenarios/pool-saturation-recovery.js
        output: -

     scenarios: (100.00%) 1 scenario, 800 max VUs, 6m30s max duration (incl. graceful stop):
              * pool_saturation_recovery: Up to 800 looping VUs for 6m0s over 6 stages (gracefulRampDown: 30s, gracefulStop: 30s)


running (0m00.9s), 010/800 VUs, 4052 complete and 0 interrupted iterations
pool_saturation_recovery   [   0% ] 010/800 VUs  0m00.9s/6m00.0s

running (0m01.9s), 011/800 VUs, 8429 complete and 0 interrupted iterations
pool_saturation_recovery   [   1% ] 011/800 VUs  0m01.9s/6m00.0s

running (0m02.9s), 011/800 VUs, 11700 complete and 0 interrupted iterations
pool_saturation_recovery   [   1% ] 011/800 VUs  0m02.9s/6m00.0s

running (0m03.9s), 012/800 VUs, 16648 complete and 0 interrupted iterations
pool_saturation_recovery   [   1% ] 012/800 VUs  0m03.9s/6m00.0s

running (0m04.9s), 013/800 VUs, 20789 complete and 0 interrupted iterations
pool_saturation_recovery   [   1% ] 013/800 VUs  0m04.9s/6m00.0s

running (0m05.9s), 013/800 VUs, 24429 complete and 0 interrupted iterations
pool_saturation_recovery   [   2% ] 013/800 VUs  0m05.9s/6m00.0s

running (0m06.9s), 014/800 VUs, 28162 complete and 0 interrupted iterations
pool_saturation_recovery   [   2% ] 014/800 VUs  0m06.9s/6m00.0s

running (0m07.9s), 015/800 VUs, 32664 complete and 0 interrupted iterations
pool_saturation_recovery   [   2% ] 015/800 VUs  0m07.9s/6m00.0s

running (0m08.9s), 015/800 VUs, 38829 complete and 0 interrupted iterations
pool_saturation_recovery   [   2% ] 015/800 VUs  0m08.9s/6m00.0s

running (0m09.9s), 016/800 VUs, 44659 complete and 0 interrupted iterations
pool_saturation_recovery   [   3% ] 016/800 VUs  0m09.9s/6m00.0s

running (0m10.9s), 017/800 VUs, 50426 complete and 0 interrupted iterations
pool_saturation_recovery   [   3% ] 017/800 VUs  0m10.9s/6m00.0s

running (0m11.9s), 017/800 VUs, 56464 complete and 0 interrupted iterations
pool_saturation_recovery   [   3% ] 017/800 VUs  0m11.9s/6m00.0s

running (0m12.9s), 018/800 VUs, 62735 complete and 0 interrupted iterations
pool_saturation_recovery   [   4% ] 018/800 VUs  0m12.9s/6m00.0s

running (0m13.9s), 019/800 VUs, 69147 complete and 0 interrupted iterations
pool_saturation_recovery   [   4% ] 019/800 VUs  0m13.9s/6m00.0s

running (0m14.9s), 019/800 VUs, 74387 complete and 0 interrupted iterations
pool_saturation_recovery   [   4% ] 019/800 VUs  0m14.9s/6m00.0s

running (0m15.9s), 020/800 VUs, 79847 complete and 0 interrupted iterations
pool_saturation_recovery   [   4% ] 020/800 VUs  0m15.9s/6m00.0s

running (0m16.9s), 021/800 VUs, 85759 complete and 0 interrupted iterations
pool_saturation_recovery   [   5% ] 021/800 VUs  0m16.9s/6m00.0s

running (0m17.9s), 021/800 VUs, 91057 complete and 0 interrupted iterations
pool_saturation_recovery   [   5% ] 021/800 VUs  0m17.9s/6m00.0s

running (0m18.9s), 022/800 VUs, 95271 complete and 0 interrupted iterations
pool_saturation_recovery   [   5% ] 022/800 VUs  0m18.9s/6m00.0s

running (0m19.9s), 023/800 VUs, 98079 complete and 0 interrupted iterations
pool_saturation_recovery   [   6% ] 023/800 VUs  0m19.9s/6m00.0s

running (0m20.9s), 023/800 VUs, 101111 complete and 0 interrupted iterations
pool_saturation_recovery   [   6% ] 023/800 VUs  0m20.9s/6m00.0s

running (0m21.9s), 024/800 VUs, 104705 complete and 0 interrupted iterations
pool_saturation_recovery   [   6% ] 024/800 VUs  0m21.9s/6m00.0s

running (0m22.9s), 025/800 VUs, 109222 complete and 0 interrupted iterations
pool_saturation_recovery   [   6% ] 025/800 VUs  0m22.9s/6m00.0s

running (0m23.9s), 025/800 VUs, 114917 complete and 0 interrupted iterations
pool_saturation_recovery   [   7% ] 025/800 VUs  0m23.9s/6m00.0s

running (0m24.9s), 026/800 VUs, 120094 complete and 0 interrupted iterations
pool_saturation_recovery   [   7% ] 026/800 VUs  0m24.9s/6m00.0s

running (0m25.9s), 027/800 VUs, 125481 complete and 0 interrupted iterations
pool_saturation_recovery   [   7% ] 027/800 VUs  0m25.9s/6m00.0s

running (0m26.9s), 027/800 VUs, 129936 complete and 0 interrupted iterations
pool_saturation_recovery   [   7% ] 027/800 VUs  0m26.9s/6m00.0s

running (0m27.9s), 028/800 VUs, 135463 complete and 0 interrupted iterations
pool_saturation_recovery   [   8% ] 028/800 VUs  0m27.9s/6m00.0s

running (0m28.9s), 029/800 VUs, 141422 complete and 0 interrupted iterations
pool_saturation_recovery   [   8% ] 029/800 VUs  0m28.9s/6m00.0s

running (0m29.9s), 029/800 VUs, 146254 complete and 0 interrupted iterations
pool_saturation_recovery   [   8% ] 029/800 VUs  0m29.9s/6m00.0s

running (0m30.9s), 030/800 VUs, 149229 complete and 0 interrupted iterations
pool_saturation_recovery   [   9% ] 030/800 VUs  0m30.9s/6m00.0s

running (0m31.9s), 031/800 VUs, 152739 complete and 0 interrupted iterations
pool_saturation_recovery   [   9% ] 031/800 VUs  0m31.9s/6m00.0s

running (0m32.9s), 031/800 VUs, 157310 complete and 0 interrupted iterations
pool_saturation_recovery   [   9% ] 031/800 VUs  0m32.9s/6m00.0s

running (0m33.9s), 032/800 VUs, 162966 complete and 0 interrupted iterations
pool_saturation_recovery   [   9% ] 032/800 VUs  0m33.9s/6m00.0s

running (0m34.9s), 033/800 VUs, 168251 complete and 0 interrupted iterations
pool_saturation_recovery   [  10% ] 033/800 VUs  0m34.9s/6m00.0s

running (0m35.9s), 033/800 VUs, 174246 complete and 0 interrupted iterations
pool_saturation_recovery   [  10% ] 033/800 VUs  0m35.9s/6m00.0s

running (0m36.9s), 034/800 VUs, 181432 complete and 0 interrupted iterations
pool_saturation_recovery   [  10% ] 034/800 VUs  0m36.9s/6m00.0s

running (0m37.9s), 035/800 VUs, 188809 complete and 0 interrupted iterations
pool_saturation_recovery   [  11% ] 035/800 VUs  0m37.9s/6m00.0s

running (0m38.9s), 035/800 VUs, 196366 complete and 0 interrupted iterations
pool_saturation_recovery   [  11% ] 035/800 VUs  0m38.9s/6m00.0s

running (0m39.9s), 036/800 VUs, 204058 complete and 0 interrupted iterations
pool_saturation_recovery   [  11% ] 036/800 VUs  0m39.9s/6m00.0s

running (0m40.9s), 037/800 VUs, 211618 complete and 0 interrupted iterations
pool_saturation_recovery   [  11% ] 037/800 VUs  0m40.9s/6m00.0s

running (0m41.9s), 037/800 VUs, 217829 complete and 0 interrupted iterations
pool_saturation_recovery   [  12% ] 037/800 VUs  0m41.9s/6m00.0s

running (0m42.9s), 038/800 VUs, 224681 complete and 0 interrupted iterations
pool_saturation_recovery   [  12% ] 038/800 VUs  0m42.9s/6m00.0s

running (0m43.9s), 039/800 VUs, 230753 complete and 0 interrupted iterations
pool_saturation_recovery   [  12% ] 039/800 VUs  0m43.9s/6m00.0s

running (0m44.9s), 039/800 VUs, 236592 complete and 0 interrupted iterations
pool_saturation_recovery   [  12% ] 039/800 VUs  0m44.9s/6m00.0s

running (0m45.9s), 040/800 VUs, 242390 complete and 0 interrupted iterations
pool_saturation_recovery   [  13% ] 040/800 VUs  0m45.9s/6m00.0s

running (0m46.9s), 041/800 VUs, 248805 complete and 0 interrupted iterations
pool_saturation_recovery   [  13% ] 041/800 VUs  0m46.9s/6m00.0s

running (0m47.9s), 041/800 VUs, 255319 complete and 0 interrupted iterations
pool_saturation_recovery   [  13% ] 041/800 VUs  0m47.9s/6m00.0s

running (0m48.9s), 042/800 VUs, 261678 complete and 0 interrupted iterations
pool_saturation_recovery   [  14% ] 042/800 VUs  0m48.9s/6m00.0s

running (0m49.9s), 043/800 VUs, 267804 complete and 0 interrupted iterations
pool_saturation_recovery   [  14% ] 043/800 VUs  0m49.9s/6m00.0s

running (0m50.9s), 043/800 VUs, 273981 complete and 0 interrupted iterations
pool_saturation_recovery   [  14% ] 043/800 VUs  0m50.9s/6m00.0s

running (0m51.9s), 044/800 VUs, 279745 complete and 0 interrupted iterations
pool_saturation_recovery   [  14% ] 044/800 VUs  0m51.9s/6m00.0s

running (0m52.9s), 045/800 VUs, 286415 complete and 0 interrupted iterations
pool_saturation_recovery   [  15% ] 045/800 VUs  0m52.9s/6m00.0s

running (0m53.9s), 045/800 VUs, 293180 complete and 0 interrupted iterations
pool_saturation_recovery   [  15% ] 045/800 VUs  0m53.9s/6m00.0s

running (0m54.9s), 046/800 VUs, 299845 complete and 0 interrupted iterations
pool_saturation_recovery   [  15% ] 046/800 VUs  0m54.9s/6m00.0s

running (0m55.9s), 047/800 VUs, 306933 complete and 0 interrupted iterations
pool_saturation_recovery   [  16% ] 047/800 VUs  0m55.9s/6m00.0s

running (0m56.9s), 047/800 VUs, 313593 complete and 0 interrupted iterations
pool_saturation_recovery   [  16% ] 047/800 VUs  0m56.9s/6m00.0s

running (0m57.9s), 048/800 VUs, 319932 complete and 0 interrupted iterations
pool_saturation_recovery   [  16% ] 048/800 VUs  0m57.9s/6m00.0s

running (0m58.9s), 049/800 VUs, 326738 complete and 0 interrupted iterations
pool_saturation_recovery   [  16% ] 049/800 VUs  0m58.9s/6m00.0s

running (0m59.9s), 049/800 VUs, 333247 complete and 0 interrupted iterations
pool_saturation_recovery   [  17% ] 049/800 VUs  0m59.9s/6m00.0s

running (1m00.9s), 050/800 VUs, 339788 complete and 0 interrupted iterations
pool_saturation_recovery   [  17% ] 050/800 VUs  1m00.9s/6m00.0s

running (1m01.9s), 051/800 VUs, 346493 complete and 0 interrupted iterations
pool_saturation_recovery   [  17% ] 051/800 VUs  1m01.9s/6m00.0s

running (1m02.9s), 052/800 VUs, 352837 complete and 0 interrupted iterations
pool_saturation_recovery   [  17% ] 052/800 VUs  1m02.9s/6m00.0s

running (1m03.9s), 053/800 VUs, 359821 complete and 0 interrupted iterations
pool_saturation_recovery   [  18% ] 053/800 VUs  1m03.9s/6m00.0s

running (1m04.9s), 054/800 VUs, 366167 complete and 0 interrupted iterations
pool_saturation_recovery   [  18% ] 054/800 VUs  1m04.9s/6m00.0s

running (1m05.9s), 054/800 VUs, 372032 complete and 0 interrupted iterations
pool_saturation_recovery   [  18% ] 054/800 VUs  1m05.9s/6m00.0s

running (1m06.9s), 055/800 VUs, 378497 complete and 0 interrupted iterations
pool_saturation_recovery   [  19% ] 055/800 VUs  1m06.9s/6m00.0s

running (1m07.9s), 056/800 VUs, 385218 complete and 0 interrupted iterations
pool_saturation_recovery   [  19% ] 056/800 VUs  1m07.9s/6m00.0s

running (1m08.9s), 057/800 VUs, 391963 complete and 0 interrupted iterations
pool_saturation_recovery   [  19% ] 057/800 VUs  1m08.9s/6m00.0s

running (1m09.9s), 058/800 VUs, 398444 complete and 0 interrupted iterations
pool_saturation_recovery   [  19% ] 058/800 VUs  1m09.9s/6m00.0s

running (1m10.9s), 059/800 VUs, 404711 complete and 0 interrupted iterations
pool_saturation_recovery   [  20% ] 059/800 VUs  1m10.9s/6m00.0s

running (1m11.9s), 059/800 VUs, 411136 complete and 0 interrupted iterations
pool_saturation_recovery   [  20% ] 059/800 VUs  1m11.9s/6m00.0s

running (1m12.9s), 060/800 VUs, 418079 complete and 0 interrupted iterations
pool_saturation_recovery   [  20% ] 060/800 VUs  1m12.9s/6m00.0s

running (1m13.9s), 061/800 VUs, 424367 complete and 0 interrupted iterations
pool_saturation_recovery   [  21% ] 061/800 VUs  1m13.9s/6m00.0s

running (1m14.9s), 062/800 VUs, 431230 complete and 0 interrupted iterations
pool_saturation_recovery   [  21% ] 062/800 VUs  1m14.9s/6m00.0s

running (1m15.9s), 063/800 VUs, 437828 complete and 0 interrupted iterations
pool_saturation_recovery   [  21% ] 063/800 VUs  1m15.9s/6m00.0s

running (1m16.9s), 064/800 VUs, 444337 complete and 0 interrupted iterations
pool_saturation_recovery   [  21% ] 064/800 VUs  1m16.9s/6m00.0s

running (1m18.0s), 064/800 VUs, 450714 complete and 0 interrupted iterations
pool_saturation_recovery   [  22% ] 064/800 VUs  1m18.0s/6m00.0s

running (1m18.9s), 065/800 VUs, 456957 complete and 0 interrupted iterations
pool_saturation_recovery   [  22% ] 065/800 VUs  1m18.9s/6m00.0s

running (1m19.9s), 066/800 VUs, 463436 complete and 0 interrupted iterations
pool_saturation_recovery   [  22% ] 066/800 VUs  1m19.9s/6m00.0s

running (1m20.9s), 067/800 VUs, 470038 complete and 0 interrupted iterations
pool_saturation_recovery   [  22% ] 067/800 VUs  1m20.9s/6m00.0s

running (1m21.9s), 068/800 VUs, 474877 complete and 0 interrupted iterations
pool_saturation_recovery   [  23% ] 068/800 VUs  1m21.9s/6m00.0s

running (1m22.9s), 069/800 VUs, 480530 complete and 0 interrupted iterations
pool_saturation_recovery   [  23% ] 069/800 VUs  1m22.9s/6m00.0s

running (1m23.9s), 069/800 VUs, 486879 complete and 0 interrupted iterations
pool_saturation_recovery   [  23% ] 069/800 VUs  1m23.9s/6m00.0s

running (1m24.9s), 070/800 VUs, 493619 complete and 0 interrupted iterations
pool_saturation_recovery   [  24% ] 070/800 VUs  1m24.9s/6m00.0s

running (1m25.9s), 071/800 VUs, 499798 complete and 0 interrupted iterations
pool_saturation_recovery   [  24% ] 071/800 VUs  1m25.9s/6m00.0s

running (1m26.9s), 072/800 VUs, 505820 complete and 0 interrupted iterations
pool_saturation_recovery   [  24% ] 072/800 VUs  1m26.9s/6m00.0s

running (1m27.9s), 073/800 VUs, 512418 complete and 0 interrupted iterations
pool_saturation_recovery   [  24% ] 073/800 VUs  1m27.9s/6m00.0s

running (1m28.9s), 074/800 VUs, 518941 complete and 0 interrupted iterations
pool_saturation_recovery   [  25% ] 074/800 VUs  1m28.9s/6m00.0s

running (1m29.9s), 074/800 VUs, 525312 complete and 0 interrupted iterations
pool_saturation_recovery   [  25% ] 074/800 VUs  1m29.9s/6m00.0s

running (1m30.9s), 075/800 VUs, 532344 complete and 0 interrupted iterations
pool_saturation_recovery   [  25% ] 075/800 VUs  1m30.9s/6m00.0s

running (1m31.9s), 076/800 VUs, 539876 complete and 0 interrupted iterations
pool_saturation_recovery   [  26% ] 076/800 VUs  1m31.9s/6m00.0s

running (1m32.9s), 077/800 VUs, 548113 complete and 0 interrupted iterations
pool_saturation_recovery   [  26% ] 077/800 VUs  1m32.9s/6m00.0s

running (1m33.9s), 078/800 VUs, 556374 complete and 0 interrupted iterations
pool_saturation_recovery   [  26% ] 078/800 VUs  1m33.9s/6m00.0s

running (1m34.9s), 079/800 VUs, 564200 complete and 0 interrupted iterations
pool_saturation_recovery   [  26% ] 079/800 VUs  1m34.9s/6m00.0s

running (1m35.9s), 079/800 VUs, 572147 complete and 0 interrupted iterations
pool_saturation_recovery   [  27% ] 079/800 VUs  1m35.9s/6m00.0s

running (1m36.9s), 080/800 VUs, 580249 complete and 0 interrupted iterations
pool_saturation_recovery   [  27% ] 080/800 VUs  1m36.9s/6m00.0s

running (1m37.9s), 081/800 VUs, 588310 complete and 0 interrupted iterations
pool_saturation_recovery   [  27% ] 081/800 VUs  1m37.9s/6m00.0s

running (1m38.9s), 082/800 VUs, 595907 complete and 0 interrupted iterations
pool_saturation_recovery   [  27% ] 082/800 VUs  1m38.9s/6m00.0s

running (1m39.9s), 083/800 VUs, 603448 complete and 0 interrupted iterations
pool_saturation_recovery   [  28% ] 083/800 VUs  1m39.9s/6m00.0s

running (1m40.9s), 084/800 VUs, 611142 complete and 0 interrupted iterations
pool_saturation_recovery   [  28% ] 084/800 VUs  1m40.9s/6m00.0s

running (1m41.9s), 084/800 VUs, 619059 complete and 0 interrupted iterations
pool_saturation_recovery   [  28% ] 084/800 VUs  1m41.9s/6m00.0s

running (1m42.9s), 085/800 VUs, 627376 complete and 0 interrupted iterations
pool_saturation_recovery   [  29% ] 085/800 VUs  1m42.9s/6m00.0s

running (1m43.9s), 086/800 VUs, 635012 complete and 0 interrupted iterations
pool_saturation_recovery   [  29% ] 086/800 VUs  1m43.9s/6m00.0s

running (1m44.9s), 087/800 VUs, 643043 complete and 0 interrupted iterations
pool_saturation_recovery   [  29% ] 087/800 VUs  1m44.9s/6m00.0s

running (1m45.9s), 088/800 VUs, 650942 complete and 0 interrupted iterations
pool_saturation_recovery   [  29% ] 088/800 VUs  1m45.9s/6m00.0s

running (1m46.9s), 089/800 VUs, 659391 complete and 0 interrupted iterations
pool_saturation_recovery   [  30% ] 089/800 VUs  1m46.9s/6m00.0s

running (1m47.9s), 089/800 VUs, 667555 complete and 0 interrupted iterations
pool_saturation_recovery   [  30% ] 089/800 VUs  1m47.9s/6m00.0s

running (1m48.9s), 090/800 VUs, 675317 complete and 0 interrupted iterations
pool_saturation_recovery   [  30% ] 090/800 VUs  1m48.9s/6m00.0s

running (1m49.9s), 091/800 VUs, 683390 complete and 0 interrupted iterations
pool_saturation_recovery   [  31% ] 091/800 VUs  1m49.9s/6m00.0s

running (1m50.9s), 092/800 VUs, 691019 complete and 0 interrupted iterations
pool_saturation_recovery   [  31% ] 092/800 VUs  1m50.9s/6m00.0s

running (1m51.9s), 093/800 VUs, 699258 complete and 0 interrupted iterations
pool_saturation_recovery   [  31% ] 093/800 VUs  1m51.9s/6m00.0s

running (1m52.9s), 094/800 VUs, 707404 complete and 0 interrupted iterations
pool_saturation_recovery   [  31% ] 094/800 VUs  1m52.9s/6m00.0s

running (1m53.9s), 094/800 VUs, 715861 complete and 0 interrupted iterations
pool_saturation_recovery   [  32% ] 094/800 VUs  1m53.9s/6m00.0s

running (1m54.9s), 095/800 VUs, 723905 complete and 0 interrupted iterations
pool_saturation_recovery   [  32% ] 095/800 VUs  1m54.9s/6m00.0s

running (1m55.9s), 096/800 VUs, 731713 complete and 0 interrupted iterations
pool_saturation_recovery   [  32% ] 096/800 VUs  1m55.9s/6m00.0s

running (1m56.9s), 097/800 VUs, 740065 complete and 0 interrupted iterations
pool_saturation_recovery   [  32% ] 097/800 VUs  1m56.9s/6m00.0s

running (1m57.9s), 098/800 VUs, 747922 complete and 0 interrupted iterations
pool_saturation_recovery   [  33% ] 098/800 VUs  1m57.9s/6m00.0s

running (1m58.9s), 099/800 VUs, 756712 complete and 0 interrupted iterations
pool_saturation_recovery   [  33% ] 099/800 VUs  1m58.9s/6m00.0s

running (1m59.9s), 099/800 VUs, 765134 complete and 0 interrupted iterations
pool_saturation_recovery   [  33% ] 099/800 VUs  1m59.9s/6m00.0s

running (2m00.9s), 101/800 VUs, 773022 complete and 0 interrupted iterations
pool_saturation_recovery   [  34% ] 101/800 VUs  2m00.9s/6m00.0s

running (2m01.9s), 103/800 VUs, 780597 complete and 0 interrupted iterations
pool_saturation_recovery   [  34% ] 103/800 VUs  2m01.9s/6m00.0s

running (2m02.9s), 104/800 VUs, 788400 complete and 0 interrupted iterations
pool_saturation_recovery   [  34% ] 104/800 VUs  2m02.9s/6m00.0s

running (2m03.9s), 106/800 VUs, 795685 complete and 0 interrupted iterations
pool_saturation_recovery   [  34% ] 106/800 VUs  2m03.9s/6m00.0s

running (2m04.9s), 108/800 VUs, 802897 complete and 0 interrupted iterations
pool_saturation_recovery   [  35% ] 108/800 VUs  2m04.9s/6m00.0s

running (2m05.9s), 109/800 VUs, 809892 complete and 0 interrupted iterations
pool_saturation_recovery   [  35% ] 109/800 VUs  2m05.9s/6m00.0s

running (2m06.9s), 111/800 VUs, 816963 complete and 0 interrupted iterations
pool_saturation_recovery   [  35% ] 111/800 VUs  2m06.9s/6m00.0s

running (2m07.9s), 113/800 VUs, 824765 complete and 0 interrupted iterations
pool_saturation_recovery   [  36% ] 113/800 VUs  2m07.9s/6m00.0s

running (2m08.9s), 114/800 VUs, 832419 complete and 0 interrupted iterations
pool_saturation_recovery   [  36% ] 114/800 VUs  2m08.9s/6m00.0s

running (2m09.9s), 116/800 VUs, 840193 complete and 0 interrupted iterations
pool_saturation_recovery   [  36% ] 116/800 VUs  2m09.9s/6m00.0s

running (2m10.9s), 118/800 VUs, 847287 complete and 0 interrupted iterations
pool_saturation_recovery   [  36% ] 118/800 VUs  2m10.9s/6m00.0s

running (2m11.9s), 119/800 VUs, 854557 complete and 0 interrupted iterations
pool_saturation_recovery   [  37% ] 119/800 VUs  2m11.9s/6m00.0s

running (2m12.9s), 121/800 VUs, 861609 complete and 0 interrupted iterations
pool_saturation_recovery   [  37% ] 121/800 VUs  2m12.9s/6m00.0s

running (2m13.9s), 123/800 VUs, 869449 complete and 0 interrupted iterations
pool_saturation_recovery   [  37% ] 123/800 VUs  2m13.9s/6m00.0s

running (2m14.9s), 124/800 VUs, 877529 complete and 0 interrupted iterations
pool_saturation_recovery   [  37% ] 124/800 VUs  2m14.9s/6m00.0s

running (2m15.9s), 126/800 VUs, 885523 complete and 0 interrupted iterations
pool_saturation_recovery   [  38% ] 126/800 VUs  2m15.9s/6m00.0s

running (2m16.9s), 128/800 VUs, 893122 complete and 0 interrupted iterations
pool_saturation_recovery   [  38% ] 128/800 VUs  2m16.9s/6m00.0s

running (2m17.9s), 129/800 VUs, 901288 complete and 0 interrupted iterations
pool_saturation_recovery   [  38% ] 129/800 VUs  2m17.9s/6m00.0s

running (2m18.9s), 131/800 VUs, 909484 complete and 0 interrupted iterations
pool_saturation_recovery   [  39% ] 131/800 VUs  2m18.9s/6m00.0s

running (2m19.9s), 133/800 VUs, 917625 complete and 0 interrupted iterations
pool_saturation_recovery   [  39% ] 133/800 VUs  2m19.9s/6m00.0s

running (2m20.9s), 134/800 VUs, 924985 complete and 0 interrupted iterations
pool_saturation_recovery   [  39% ] 134/800 VUs  2m20.9s/6m00.0s

running (2m21.9s), 136/800 VUs, 932541 complete and 0 interrupted iterations
pool_saturation_recovery   [  39% ] 136/800 VUs  2m21.9s/6m00.0s

running (2m22.9s), 138/800 VUs, 940139 complete and 0 interrupted iterations
pool_saturation_recovery   [  40% ] 138/800 VUs  2m22.9s/6m00.0s

running (2m23.9s), 139/800 VUs, 948558 complete and 0 interrupted iterations
pool_saturation_recovery   [  40% ] 139/800 VUs  2m23.9s/6m00.0s

running (2m24.9s), 141/800 VUs, 956709 complete and 0 interrupted iterations
pool_saturation_recovery   [  40% ] 141/800 VUs  2m24.9s/6m00.0s

running (2m25.9s), 143/800 VUs, 965421 complete and 0 interrupted iterations
pool_saturation_recovery   [  41% ] 143/800 VUs  2m25.9s/6m00.0s

running (2m26.9s), 144/800 VUs, 973344 complete and 0 interrupted iterations
pool_saturation_recovery   [  41% ] 144/800 VUs  2m26.9s/6m00.0s

running (2m27.9s), 146/800 VUs, 980089 complete and 0 interrupted iterations
pool_saturation_recovery   [  41% ] 146/800 VUs  2m27.9s/6m00.0s

running (2m28.9s), 148/800 VUs, 987691 complete and 0 interrupted iterations
pool_saturation_recovery   [  41% ] 148/800 VUs  2m28.9s/6m00.0s

running (2m29.9s), 149/800 VUs, 995282 complete and 0 interrupted iterations
pool_saturation_recovery   [  42% ] 149/800 VUs  2m29.9s/6m00.0s

running (2m30.9s), 151/800 VUs, 1003238 complete and 0 interrupted iterations
pool_saturation_recovery   [  42% ] 151/800 VUs  2m30.9s/6m00.0s

running (2m31.9s), 153/800 VUs, 1010189 complete and 0 interrupted iterations
pool_saturation_recovery   [  42% ] 153/800 VUs  2m31.9s/6m00.0s

running (2m32.9s), 154/800 VUs, 1016769 complete and 0 interrupted iterations
pool_saturation_recovery   [  42% ] 154/800 VUs  2m32.9s/6m00.0s

running (2m33.9s), 156/800 VUs, 1024652 complete and 0 interrupted iterations
pool_saturation_recovery   [  43% ] 156/800 VUs  2m33.9s/6m00.0s

running (2m34.9s), 158/800 VUs, 1032373 complete and 0 interrupted iterations
pool_saturation_recovery   [  43% ] 158/800 VUs  2m34.9s/6m00.0s

running (2m35.9s), 159/800 VUs, 1040969 complete and 0 interrupted iterations
pool_saturation_recovery   [  43% ] 159/800 VUs  2m35.9s/6m00.0s

running (2m36.9s), 161/800 VUs, 1049108 complete and 0 interrupted iterations
pool_saturation_recovery   [  44% ] 161/800 VUs  2m36.9s/6m00.0s

running (2m37.9s), 163/800 VUs, 1057074 complete and 0 interrupted iterations
pool_saturation_recovery   [  44% ] 163/800 VUs  2m37.9s/6m00.0s

running (2m38.9s), 164/800 VUs, 1063915 complete and 0 interrupted iterations
pool_saturation_recovery   [  44% ] 164/800 VUs  2m38.9s/6m00.0s

running (2m39.9s), 166/800 VUs, 1070920 complete and 0 interrupted iterations
pool_saturation_recovery   [  44% ] 166/800 VUs  2m39.9s/6m00.0s

running (2m40.9s), 168/800 VUs, 1078442 complete and 0 interrupted iterations
pool_saturation_recovery   [  45% ] 168/800 VUs  2m40.9s/6m00.0s

running (2m41.9s), 169/800 VUs, 1085528 complete and 0 interrupted iterations
pool_saturation_recovery   [  45% ] 169/800 VUs  2m41.9s/6m00.0s

running (2m42.9s), 171/800 VUs, 1092524 complete and 0 interrupted iterations
pool_saturation_recovery   [  45% ] 171/800 VUs  2m42.9s/6m00.0s

running (2m43.9s), 173/800 VUs, 1099277 complete and 0 interrupted iterations
pool_saturation_recovery   [  46% ] 173/800 VUs  2m43.9s/6m00.0s

running (2m44.9s), 174/800 VUs, 1106508 complete and 0 interrupted iterations
pool_saturation_recovery   [  46% ] 174/800 VUs  2m44.9s/6m00.0s

running (2m45.9s), 176/800 VUs, 1112488 complete and 0 interrupted iterations
pool_saturation_recovery   [  46% ] 176/800 VUs  2m45.9s/6m00.0s

running (2m46.9s), 178/800 VUs, 1118469 complete and 0 interrupted iterations
pool_saturation_recovery   [  46% ] 178/800 VUs  2m46.9s/6m00.0s

running (2m47.9s), 179/800 VUs, 1124540 complete and 0 interrupted iterations
pool_saturation_recovery   [  47% ] 179/800 VUs  2m47.9s/6m00.0s

running (2m48.9s), 181/800 VUs, 1130182 complete and 0 interrupted iterations
pool_saturation_recovery   [  47% ] 181/800 VUs  2m48.9s/6m00.0s

running (2m49.9s), 183/800 VUs, 1135967 complete and 0 interrupted iterations
pool_saturation_recovery   [  47% ] 183/800 VUs  2m49.9s/6m00.0s

running (2m50.9s), 184/800 VUs, 1142151 complete and 0 interrupted iterations
pool_saturation_recovery   [  47% ] 184/800 VUs  2m50.9s/6m00.0s

running (2m51.9s), 186/800 VUs, 1148001 complete and 0 interrupted iterations
pool_saturation_recovery   [  48% ] 186/800 VUs  2m51.9s/6m00.0s

running (2m52.9s), 188/800 VUs, 1154378 complete and 0 interrupted iterations
pool_saturation_recovery   [  48% ] 188/800 VUs  2m52.9s/6m00.0s

running (2m53.9s), 189/800 VUs, 1160079 complete and 0 interrupted iterations
pool_saturation_recovery   [  48% ] 189/800 VUs  2m53.9s/6m00.0s

running (2m54.9s), 191/800 VUs, 1165538 complete and 0 interrupted iterations
pool_saturation_recovery   [  49% ] 191/800 VUs  2m54.9s/6m00.0s

running (2m55.9s), 193/800 VUs, 1171796 complete and 0 interrupted iterations
pool_saturation_recovery   [  49% ] 193/800 VUs  2m55.9s/6m00.0s

running (2m56.9s), 194/800 VUs, 1177415 complete and 0 interrupted iterations
pool_saturation_recovery   [  49% ] 194/800 VUs  2m56.9s/6m00.0s

running (2m57.9s), 196/800 VUs, 1183321 complete and 0 interrupted iterations
pool_saturation_recovery   [  49% ] 196/800 VUs  2m57.9s/6m00.0s

running (2m58.9s), 198/800 VUs, 1189431 complete and 0 interrupted iterations
pool_saturation_recovery   [  50% ] 198/800 VUs  2m58.9s/6m00.0s

running (2m59.9s), 199/800 VUs, 1195878 complete and 0 interrupted iterations
pool_saturation_recovery   [  50% ] 199/800 VUs  2m59.9s/6m00.0s

running (3m00.9s), 203/800 VUs, 1202566 complete and 0 interrupted iterations
pool_saturation_recovery   [  50% ] 203/800 VUs  3m00.9s/6m00.0s

running (3m01.9s), 206/800 VUs, 1208857 complete and 0 interrupted iterations
pool_saturation_recovery   [  51% ] 206/800 VUs  3m01.9s/6m00.0s

running (3m02.9s), 209/800 VUs, 1215478 complete and 0 interrupted iterations
pool_saturation_recovery   [  51% ] 209/800 VUs  3m02.9s/6m00.0s

running (3m03.9s), 213/800 VUs, 1221328 complete and 0 interrupted iterations
pool_saturation_recovery   [  51% ] 213/800 VUs  3m03.9s/6m00.0s

running (3m04.9s), 216/800 VUs, 1227818 complete and 0 interrupted iterations
pool_saturation_recovery   [  51% ] 216/800 VUs  3m04.9s/6m00.0s

running (3m05.9s), 219/800 VUs, 1233885 complete and 0 interrupted iterations
pool_saturation_recovery   [  52% ] 219/800 VUs  3m05.9s/6m00.0s

running (3m06.9s), 223/800 VUs, 1240076 complete and 0 interrupted iterations
pool_saturation_recovery   [  52% ] 223/800 VUs  3m06.9s/6m00.0s

running (3m07.9s), 226/800 VUs, 1247178 complete and 0 interrupted iterations
pool_saturation_recovery   [  52% ] 226/800 VUs  3m07.9s/6m00.0s

running (3m08.9s), 229/800 VUs, 1253422 complete and 0 interrupted iterations
pool_saturation_recovery   [  52% ] 229/800 VUs  3m08.9s/6m00.0s

running (3m09.9s), 233/800 VUs, 1259698 complete and 0 interrupted iterations
pool_saturation_recovery   [  53% ] 233/800 VUs  3m09.9s/6m00.0s

running (3m10.9s), 236/800 VUs, 1265725 complete and 0 interrupted iterations
pool_saturation_recovery   [  53% ] 236/800 VUs  3m10.9s/6m00.0s

running (3m11.9s), 239/800 VUs, 1272388 complete and 0 interrupted iterations
pool_saturation_recovery   [  53% ] 239/800 VUs  3m11.9s/6m00.0s

running (3m12.9s), 243/800 VUs, 1279306 complete and 0 interrupted iterations
pool_saturation_recovery   [  54% ] 243/800 VUs  3m12.9s/6m00.0s

running (3m13.9s), 246/800 VUs, 1286436 complete and 0 interrupted iterations
pool_saturation_recovery   [  54% ] 246/800 VUs  3m13.9s/6m00.0s

running (3m14.9s), 249/800 VUs, 1293527 complete and 0 interrupted iterations
pool_saturation_recovery   [  54% ] 249/800 VUs  3m14.9s/6m00.0s

running (3m15.9s), 253/800 VUs, 1299490 complete and 0 interrupted iterations
pool_saturation_recovery   [  54% ] 253/800 VUs  3m15.9s/6m00.0s

running (3m16.9s), 256/800 VUs, 1306555 complete and 0 interrupted iterations
pool_saturation_recovery   [  55% ] 256/800 VUs  3m16.9s/6m00.0s

running (3m17.9s), 259/800 VUs, 1313730 complete and 0 interrupted iterations
pool_saturation_recovery   [  55% ] 259/800 VUs  3m17.9s/6m00.0s

running (3m18.9s), 263/800 VUs, 1319996 complete and 0 interrupted iterations
pool_saturation_recovery   [  55% ] 263/800 VUs  3m18.9s/6m00.0s

running (3m19.9s), 266/800 VUs, 1326938 complete and 0 interrupted iterations
pool_saturation_recovery   [  56% ] 266/800 VUs  3m19.9s/6m00.0s

running (3m20.9s), 269/800 VUs, 1333803 complete and 0 interrupted iterations
pool_saturation_recovery   [  56% ] 269/800 VUs  3m20.9s/6m00.0s

running (3m21.9s), 273/800 VUs, 1340713 complete and 0 interrupted iterations
pool_saturation_recovery   [  56% ] 273/800 VUs  3m21.9s/6m00.0s

running (3m22.9s), 276/800 VUs, 1347337 complete and 0 interrupted iterations
pool_saturation_recovery   [  56% ] 276/800 VUs  3m22.9s/6m00.0s

running (3m23.9s), 279/800 VUs, 1353997 complete and 0 interrupted iterations
pool_saturation_recovery   [  57% ] 279/800 VUs  3m23.9s/6m00.0s

running (3m24.9s), 283/800 VUs, 1361217 complete and 0 interrupted iterations
pool_saturation_recovery   [  57% ] 283/800 VUs  3m24.9s/6m00.0s

running (3m25.9s), 286/800 VUs, 1367875 complete and 0 interrupted iterations
pool_saturation_recovery   [  57% ] 286/800 VUs  3m25.9s/6m00.0s

running (3m26.9s), 289/800 VUs, 1373734 complete and 0 interrupted iterations
pool_saturation_recovery   [  57% ] 289/800 VUs  3m26.9s/6m00.0s

running (3m27.9s), 293/800 VUs, 1380621 complete and 0 interrupted iterations
pool_saturation_recovery   [  58% ] 293/800 VUs  3m27.9s/6m00.0s

running (3m28.9s), 296/800 VUs, 1387426 complete and 0 interrupted iterations
pool_saturation_recovery   [  58% ] 296/800 VUs  3m28.9s/6m00.0s

running (3m29.9s), 299/800 VUs, 1393600 complete and 0 interrupted iterations
pool_saturation_recovery   [  58% ] 299/800 VUs  3m29.9s/6m00.0s

running (3m30.9s), 303/800 VUs, 1400545 complete and 0 interrupted iterations
pool_saturation_recovery   [  59% ] 303/800 VUs  3m30.9s/6m00.0s

running (3m31.9s), 306/800 VUs, 1407034 complete and 0 interrupted iterations
pool_saturation_recovery   [  59% ] 306/800 VUs  3m31.9s/6m00.0s

running (3m32.9s), 309/800 VUs, 1414258 complete and 0 interrupted iterations
pool_saturation_recovery   [  59% ] 309/800 VUs  3m32.9s/6m00.0s

running (3m33.9s), 313/800 VUs, 1420948 complete and 0 interrupted iterations
pool_saturation_recovery   [  59% ] 313/800 VUs  3m33.9s/6m00.0s

running (3m34.9s), 316/800 VUs, 1427974 complete and 0 interrupted iterations
pool_saturation_recovery   [  60% ] 316/800 VUs  3m34.9s/6m00.0s

running (3m35.9s), 319/800 VUs, 1434085 complete and 0 interrupted iterations
pool_saturation_recovery   [  60% ] 319/800 VUs  3m35.9s/6m00.0s

running (3m36.9s), 323/800 VUs, 1440039 complete and 0 interrupted iterations
pool_saturation_recovery   [  60% ] 323/800 VUs  3m36.9s/6m00.0s

running (3m37.9s), 326/800 VUs, 1446389 complete and 0 interrupted iterations
pool_saturation_recovery   [  61% ] 326/800 VUs  3m37.9s/6m00.0s

running (3m38.9s), 329/800 VUs, 1452702 complete and 0 interrupted iterations
pool_saturation_recovery   [  61% ] 329/800 VUs  3m38.9s/6m00.0s

running (3m39.9s), 333/800 VUs, 1458336 complete and 0 interrupted iterations
pool_saturation_recovery   [  61% ] 333/800 VUs  3m39.9s/6m00.0s

running (3m40.9s), 336/800 VUs, 1464433 complete and 0 interrupted iterations
pool_saturation_recovery   [  61% ] 336/800 VUs  3m40.9s/6m00.0s

running (3m42.0s), 339/800 VUs, 1470812 complete and 0 interrupted iterations
pool_saturation_recovery   [  62% ] 339/800 VUs  3m42.0s/6m00.0s

running (3m42.9s), 343/800 VUs, 1476421 complete and 0 interrupted iterations
pool_saturation_recovery   [  62% ] 343/800 VUs  3m42.9s/6m00.0s

running (3m43.9s), 346/800 VUs, 1483674 complete and 0 interrupted iterations
pool_saturation_recovery   [  62% ] 346/800 VUs  3m43.9s/6m00.0s

running (3m44.9s), 349/800 VUs, 1490137 complete and 0 interrupted iterations
pool_saturation_recovery   [  62% ] 349/800 VUs  3m44.9s/6m00.0s

running (3m45.9s), 353/800 VUs, 1496664 complete and 0 interrupted iterations
pool_saturation_recovery   [  63% ] 353/800 VUs  3m45.9s/6m00.0s

running (3m46.9s), 356/800 VUs, 1503788 complete and 0 interrupted iterations
pool_saturation_recovery   [  63% ] 356/800 VUs  3m46.9s/6m00.0s

running (3m47.9s), 359/800 VUs, 1510577 complete and 0 interrupted iterations
pool_saturation_recovery   [  63% ] 359/800 VUs  3m47.9s/6m00.0s

running (3m48.9s), 363/800 VUs, 1516851 complete and 0 interrupted iterations
pool_saturation_recovery   [  64% ] 363/800 VUs  3m48.9s/6m00.0s

running (3m49.9s), 366/800 VUs, 1523660 complete and 0 interrupted iterations
pool_saturation_recovery   [  64% ] 366/800 VUs  3m49.9s/6m00.0s

running (3m50.9s), 369/800 VUs, 1532179 complete and 0 interrupted iterations
pool_saturation_recovery   [  64% ] 369/800 VUs  3m50.9s/6m00.0s

running (3m51.9s), 373/800 VUs, 1540741 complete and 0 interrupted iterations
pool_saturation_recovery   [  64% ] 373/800 VUs  3m51.9s/6m00.0s

running (3m52.9s), 376/800 VUs, 1548994 complete and 0 interrupted iterations
pool_saturation_recovery   [  65% ] 376/800 VUs  3m52.9s/6m00.0s

running (3m53.9s), 379/800 VUs, 1556698 complete and 0 interrupted iterations
pool_saturation_recovery   [  65% ] 379/800 VUs  3m53.9s/6m00.0s

running (3m54.9s), 383/800 VUs, 1565266 complete and 0 interrupted iterations
pool_saturation_recovery   [  65% ] 383/800 VUs  3m54.9s/6m00.0s

running (3m55.9s), 386/800 VUs, 1573462 complete and 0 interrupted iterations
pool_saturation_recovery   [  66% ] 386/800 VUs  3m55.9s/6m00.0s

running (3m56.9s), 389/800 VUs, 1582694 complete and 0 interrupted iterations
pool_saturation_recovery   [  66% ] 389/800 VUs  3m56.9s/6m00.0s

running (3m57.9s), 393/800 VUs, 1591182 complete and 0 interrupted iterations
pool_saturation_recovery   [  66% ] 393/800 VUs  3m57.9s/6m00.0s

running (3m58.9s), 396/800 VUs, 1599133 complete and 0 interrupted iterations
pool_saturation_recovery   [  66% ] 396/800 VUs  3m58.9s/6m00.0s

running (3m59.9s), 399/800 VUs, 1607967 complete and 0 interrupted iterations
pool_saturation_recovery   [  67% ] 399/800 VUs  3m59.9s/6m00.0s

running (4m00.9s), 406/800 VUs, 1616536 complete and 0 interrupted iterations
pool_saturation_recovery   [  67% ] 406/800 VUs  4m00.9s/6m00.0s

running (4m01.9s), 412/800 VUs, 1624936 complete and 0 interrupted iterations
pool_saturation_recovery   [  67% ] 412/800 VUs  4m01.9s/6m00.0s

running (4m02.9s), 419/800 VUs, 1633357 complete and 0 interrupted iterations
pool_saturation_recovery   [  67% ] 419/800 VUs  4m02.9s/6m00.0s

running (4m03.9s), 426/800 VUs, 1641338 complete and 0 interrupted iterations
pool_saturation_recovery   [  68% ] 426/800 VUs  4m03.9s/6m00.0s

running (4m04.9s), 432/800 VUs, 1649820 complete and 0 interrupted iterations
pool_saturation_recovery   [  68% ] 432/800 VUs  4m04.9s/6m00.0s

running (4m05.9s), 439/800 VUs, 1658000 complete and 0 interrupted iterations
pool_saturation_recovery   [  68% ] 439/800 VUs  4m05.9s/6m00.0s

running (4m06.9s), 446/800 VUs, 1666403 complete and 0 interrupted iterations
pool_saturation_recovery   [  69% ] 446/800 VUs  4m06.9s/6m00.0s

running (4m07.9s), 452/800 VUs, 1675185 complete and 0 interrupted iterations
pool_saturation_recovery   [  69% ] 452/800 VUs  4m07.9s/6m00.0s

running (4m08.9s), 459/800 VUs, 1683451 complete and 0 interrupted iterations
pool_saturation_recovery   [  69% ] 459/800 VUs  4m08.9s/6m00.0s

running (4m09.9s), 466/800 VUs, 1692005 complete and 0 interrupted iterations
pool_saturation_recovery   [  69% ] 466/800 VUs  4m09.9s/6m00.0s

running (4m10.9s), 472/800 VUs, 1700497 complete and 0 interrupted iterations
pool_saturation_recovery   [  70% ] 472/800 VUs  4m10.9s/6m00.0s

running (4m11.9s), 479/800 VUs, 1708832 complete and 0 interrupted iterations
pool_saturation_recovery   [  70% ] 479/800 VUs  4m11.9s/6m00.0s

running (4m12.9s), 486/800 VUs, 1717595 complete and 0 interrupted iterations
pool_saturation_recovery   [  70% ] 486/800 VUs  4m12.9s/6m00.0s

running (4m13.9s), 492/800 VUs, 1726376 complete and 0 interrupted iterations
pool_saturation_recovery   [  71% ] 492/800 VUs  4m13.9s/6m00.0s

running (4m14.9s), 499/800 VUs, 1734616 complete and 0 interrupted iterations
pool_saturation_recovery   [  71% ] 499/800 VUs  4m14.9s/6m00.0s

running (4m15.9s), 506/800 VUs, 1743540 complete and 0 interrupted iterations
pool_saturation_recovery   [  71% ] 506/800 VUs  4m15.9s/6m00.0s

running (4m16.9s), 512/800 VUs, 1751621 complete and 0 interrupted iterations
pool_saturation_recovery   [  71% ] 512/800 VUs  4m16.9s/6m00.0s

running (4m17.9s), 519/800 VUs, 1760186 complete and 0 interrupted iterations
pool_saturation_recovery   [  72% ] 519/800 VUs  4m17.9s/6m00.0s

running (4m18.9s), 526/800 VUs, 1769139 complete and 0 interrupted iterations
pool_saturation_recovery   [  72% ] 526/800 VUs  4m18.9s/6m00.0s

running (4m19.9s), 532/800 VUs, 1777032 complete and 0 interrupted iterations
pool_saturation_recovery   [  72% ] 532/800 VUs  4m19.9s/6m00.0s

running (4m20.9s), 539/800 VUs, 1786002 complete and 0 interrupted iterations
pool_saturation_recovery   [  72% ] 539/800 VUs  4m20.9s/6m00.0s

running (4m21.9s), 546/800 VUs, 1794507 complete and 0 interrupted iterations
pool_saturation_recovery   [  73% ] 546/800 VUs  4m21.9s/6m00.0s

running (4m22.9s), 552/800 VUs, 1802794 complete and 0 interrupted iterations
pool_saturation_recovery   [  73% ] 552/800 VUs  4m22.9s/6m00.0s

running (4m23.9s), 559/800 VUs, 1811204 complete and 0 interrupted iterations
pool_saturation_recovery   [  73% ] 559/800 VUs  4m23.9s/6m00.0s

running (4m24.9s), 566/800 VUs, 1819142 complete and 0 interrupted iterations
pool_saturation_recovery   [  74% ] 566/800 VUs  4m24.9s/6m00.0s

running (4m25.9s), 572/800 VUs, 1827673 complete and 0 interrupted iterations
pool_saturation_recovery   [  74% ] 572/800 VUs  4m25.9s/6m00.0s

running (4m26.9s), 579/800 VUs, 1836353 complete and 0 interrupted iterations
pool_saturation_recovery   [  74% ] 579/800 VUs  4m26.9s/6m00.0s

running (4m27.9s), 586/800 VUs, 1844968 complete and 0 interrupted iterations
pool_saturation_recovery   [  74% ] 586/800 VUs  4m27.9s/6m00.0s

running (4m28.9s), 592/800 VUs, 1853125 complete and 0 interrupted iterations
pool_saturation_recovery   [  75% ] 592/800 VUs  4m28.9s/6m00.0s

running (4m29.9s), 599/800 VUs, 1861742 complete and 0 interrupted iterations
pool_saturation_recovery   [  75% ] 599/800 VUs  4m29.9s/6m00.0s

running (4m30.9s), 606/800 VUs, 1869842 complete and 0 interrupted iterations
pool_saturation_recovery   [  75% ] 606/800 VUs  4m30.9s/6m00.0s

running (4m31.9s), 612/800 VUs, 1878749 complete and 0 interrupted iterations
pool_saturation_recovery   [  76% ] 612/800 VUs  4m31.9s/6m00.0s

running (4m32.9s), 619/800 VUs, 1887312 complete and 0 interrupted iterations
pool_saturation_recovery   [  76% ] 619/800 VUs  4m32.9s/6m00.0s

running (4m33.9s), 626/800 VUs, 1895821 complete and 0 interrupted iterations
pool_saturation_recovery   [  76% ] 626/800 VUs  4m33.9s/6m00.0s

running (4m34.9s), 632/800 VUs, 1904200 complete and 0 interrupted iterations
pool_saturation_recovery   [  76% ] 632/800 VUs  4m34.9s/6m00.0s

running (4m35.9s), 639/800 VUs, 1912058 complete and 0 interrupted iterations
pool_saturation_recovery   [  77% ] 639/800 VUs  4m35.9s/6m00.0s

running (4m36.9s), 646/800 VUs, 1920826 complete and 0 interrupted iterations
pool_saturation_recovery   [  77% ] 646/800 VUs  4m36.9s/6m00.0s

running (4m37.9s), 652/800 VUs, 1929628 complete and 0 interrupted iterations
pool_saturation_recovery   [  77% ] 652/800 VUs  4m37.9s/6m00.0s

running (4m38.9s), 659/800 VUs, 1937837 complete and 0 interrupted iterations
pool_saturation_recovery   [  77% ] 659/800 VUs  4m38.9s/6m00.0s

running (4m39.9s), 666/800 VUs, 1946805 complete and 0 interrupted iterations
pool_saturation_recovery   [  78% ] 666/800 VUs  4m39.9s/6m00.0s

running (4m40.9s), 672/800 VUs, 1954733 complete and 0 interrupted iterations
pool_saturation_recovery   [  78% ] 672/800 VUs  4m40.9s/6m00.0s

running (4m41.9s), 679/800 VUs, 1963416 complete and 0 interrupted iterations
pool_saturation_recovery   [  78% ] 679/800 VUs  4m41.9s/6m00.0s

running (4m42.9s), 686/800 VUs, 1971798 complete and 0 interrupted iterations
pool_saturation_recovery   [  79% ] 686/800 VUs  4m42.9s/6m00.0s

running (4m43.9s), 692/800 VUs, 1980542 complete and 0 interrupted iterations
pool_saturation_recovery   [  79% ] 692/800 VUs  4m43.9s/6m00.0s

running (4m44.9s), 699/800 VUs, 1989106 complete and 0 interrupted iterations
pool_saturation_recovery   [  79% ] 699/800 VUs  4m44.9s/6m00.0s

running (4m45.9s), 706/800 VUs, 1997627 complete and 0 interrupted iterations
pool_saturation_recovery   [  79% ] 706/800 VUs  4m45.9s/6m00.0s

running (4m46.9s), 712/800 VUs, 2005568 complete and 0 interrupted iterations
pool_saturation_recovery   [  80% ] 712/800 VUs  4m46.9s/6m00.0s

running (4m47.9s), 719/800 VUs, 2014252 complete and 0 interrupted iterations
pool_saturation_recovery   [  80% ] 719/800 VUs  4m47.9s/6m00.0s

running (4m48.9s), 725/800 VUs, 2022464 complete and 0 interrupted iterations
pool_saturation_recovery   [  80% ] 725/800 VUs  4m48.9s/6m00.0s

running (4m49.9s), 732/800 VUs, 2031847 complete and 0 interrupted iterations
pool_saturation_recovery   [  81% ] 732/800 VUs  4m49.9s/6m00.0s

running (4m50.9s), 739/800 VUs, 2039870 complete and 0 interrupted iterations
pool_saturation_recovery   [  81% ] 739/800 VUs  4m50.9s/6m00.0s

running (4m51.9s), 746/800 VUs, 2048487 complete and 0 interrupted iterations
pool_saturation_recovery   [  81% ] 746/800 VUs  4m51.9s/6m00.0s

running (4m52.9s), 752/800 VUs, 2057103 complete and 0 interrupted iterations
pool_saturation_recovery   [  81% ] 752/800 VUs  4m52.9s/6m00.0s

running (4m53.9s), 759/800 VUs, 2065698 complete and 0 interrupted iterations
pool_saturation_recovery   [  82% ] 759/800 VUs  4m53.9s/6m00.0s

running (4m54.9s), 766/800 VUs, 2073761 complete and 0 interrupted iterations
pool_saturation_recovery   [  82% ] 766/800 VUs  4m54.9s/6m00.0s

running (4m55.9s), 772/800 VUs, 2082542 complete and 0 interrupted iterations
pool_saturation_recovery   [  82% ] 772/800 VUs  4m55.9s/6m00.0s

running (4m56.9s), 779/800 VUs, 2090675 complete and 0 interrupted iterations
pool_saturation_recovery   [  82% ] 779/800 VUs  4m56.9s/6m00.0s

running (4m57.9s), 786/800 VUs, 2099518 complete and 0 interrupted iterations
pool_saturation_recovery   [  83% ] 786/800 VUs  4m57.9s/6m00.0s

running (4m58.9s), 792/800 VUs, 2108245 complete and 0 interrupted iterations
pool_saturation_recovery   [  83% ] 792/800 VUs  4m58.9s/6m00.0s

running (4m59.9s), 799/800 VUs, 2116598 complete and 0 interrupted iterations
pool_saturation_recovery   [  83% ] 799/800 VUs  4m59.9s/6m00.0s

running (5m00.9s), 789/800 VUs, 2124866 complete and 0 interrupted iterations
pool_saturation_recovery   [  84% ] 789/800 VUs  5m00.9s/6m00.0s

running (5m01.9s), 776/800 VUs, 2133139 complete and 0 interrupted iterations
pool_saturation_recovery   [  84% ] 776/800 VUs  5m01.9s/6m00.0s

running (5m02.9s), 764/800 VUs, 2141124 complete and 0 interrupted iterations
pool_saturation_recovery   [  84% ] 764/800 VUs  5m02.9s/6m00.0s

running (5m03.9s), 753/800 VUs, 2149662 complete and 0 interrupted iterations
pool_saturation_recovery   [  84% ] 753/800 VUs  5m03.9s/6m00.0s

running (5m04.9s), 739/800 VUs, 2157524 complete and 0 interrupted iterations
pool_saturation_recovery   [  85% ] 739/800 VUs  5m04.9s/6m00.0s

running (5m05.9s), 726/800 VUs, 2166018 complete and 0 interrupted iterations
pool_saturation_recovery   [  85% ] 726/800 VUs  5m05.9s/6m00.0s

running (5m06.9s), 714/800 VUs, 2174396 complete and 0 interrupted iterations
pool_saturation_recovery   [  85% ] 714/800 VUs  5m06.9s/6m00.0s

running (5m07.9s), 701/800 VUs, 2182523 complete and 0 interrupted iterations
pool_saturation_recovery   [  86% ] 701/800 VUs  5m07.9s/6m00.0s

running (5m08.9s), 690/800 VUs, 2190921 complete and 0 interrupted iterations
pool_saturation_recovery   [  86% ] 690/800 VUs  5m08.9s/6m00.0s

running (5m09.9s), 677/800 VUs, 2199617 complete and 0 interrupted iterations
pool_saturation_recovery   [  86% ] 677/800 VUs  5m09.9s/6m00.0s

running (5m10.9s), 665/800 VUs, 2208219 complete and 0 interrupted iterations
pool_saturation_recovery   [  86% ] 665/800 VUs  5m10.9s/6m00.0s

running (5m12.0s), 652/800 VUs, 2217132 complete and 0 interrupted iterations
pool_saturation_recovery   [  87% ] 652/800 VUs  5m12.0s/6m00.0s

running (5m12.9s), 639/800 VUs, 2225149 complete and 0 interrupted iterations
pool_saturation_recovery   [  87% ] 639/800 VUs  5m12.9s/6m00.0s

running (5m13.9s), 627/800 VUs, 2233577 complete and 0 interrupted iterations
pool_saturation_recovery   [  87% ] 627/800 VUs  5m13.9s/6m00.0s

running (5m14.9s), 615/800 VUs, 2242201 complete and 0 interrupted iterations
pool_saturation_recovery   [  87% ] 615/800 VUs  5m14.9s/6m00.0s

running (5m15.9s), 603/800 VUs, 2250583 complete and 0 interrupted iterations
pool_saturation_recovery   [  88% ] 603/800 VUs  5m15.9s/6m00.0s

running (5m16.9s), 590/800 VUs, 2259221 complete and 0 interrupted iterations
pool_saturation_recovery   [  88% ] 590/800 VUs  5m16.9s/6m00.0s

running (5m18.0s), 577/800 VUs, 2268021 complete and 0 interrupted iterations
pool_saturation_recovery   [  88% ] 577/800 VUs  5m18.0s/6m00.0s

running (5m18.9s), 565/800 VUs, 2276186 complete and 0 interrupted iterations
pool_saturation_recovery   [  89% ] 565/800 VUs  5m18.9s/6m00.0s

running (5m19.9s), 552/800 VUs, 2284582 complete and 0 interrupted iterations
pool_saturation_recovery   [  89% ] 552/800 VUs  5m19.9s/6m00.0s

running (5m20.9s), 539/800 VUs, 2293561 complete and 0 interrupted iterations
pool_saturation_recovery   [  89% ] 539/800 VUs  5m20.9s/6m00.0s

running (5m21.9s), 527/800 VUs, 2302317 complete and 0 interrupted iterations
pool_saturation_recovery   [  89% ] 527/800 VUs  5m21.9s/6m00.0s

running (5m22.9s), 514/800 VUs, 2310733 complete and 0 interrupted iterations
pool_saturation_recovery   [  90% ] 514/800 VUs  5m22.9s/6m00.0s

running (5m23.9s), 501/800 VUs, 2318594 complete and 0 interrupted iterations
pool_saturation_recovery   [  90% ] 501/800 VUs  5m23.9s/6m00.0s

running (5m24.9s), 489/800 VUs, 2327411 complete and 0 interrupted iterations
pool_saturation_recovery   [  90% ] 489/800 VUs  5m24.9s/6m00.0s

running (5m25.9s), 477/800 VUs, 2336075 complete and 0 interrupted iterations
pool_saturation_recovery   [  91% ] 477/800 VUs  5m25.9s/6m00.0s

running (5m26.9s), 464/800 VUs, 2344449 complete and 0 interrupted iterations
pool_saturation_recovery   [  91% ] 464/800 VUs  5m26.9s/6m00.0s

running (5m27.9s), 451/800 VUs, 2353059 complete and 0 interrupted iterations
pool_saturation_recovery   [  91% ] 451/800 VUs  5m27.9s/6m00.0s

running (5m28.9s), 439/800 VUs, 2361282 complete and 0 interrupted iterations
pool_saturation_recovery   [  91% ] 439/800 VUs  5m28.9s/6m00.0s

running (5m29.9s), 426/800 VUs, 2369742 complete and 0 interrupted iterations
pool_saturation_recovery   [  92% ] 426/800 VUs  5m29.9s/6m00.0s

running (5m30.9s), 414/800 VUs, 2378305 complete and 0 interrupted iterations
pool_saturation_recovery   [  92% ] 414/800 VUs  5m30.9s/6m00.0s

running (5m31.9s), 402/800 VUs, 2386817 complete and 0 interrupted iterations
pool_saturation_recovery   [  92% ] 402/800 VUs  5m31.9s/6m00.0s

running (5m32.9s), 389/800 VUs, 2395526 complete and 0 interrupted iterations
pool_saturation_recovery   [  92% ] 389/800 VUs  5m32.9s/6m00.0s

running (5m33.9s), 377/800 VUs, 2403502 complete and 0 interrupted iterations
pool_saturation_recovery   [  93% ] 377/800 VUs  5m33.9s/6m00.0s

running (5m34.9s), 364/800 VUs, 2411740 complete and 0 interrupted iterations
pool_saturation_recovery   [  93% ] 364/800 VUs  5m34.9s/6m00.0s

running (5m35.9s), 352/800 VUs, 2419841 complete and 0 interrupted iterations
pool_saturation_recovery   [  93% ] 352/800 VUs  5m35.9s/6m00.0s

running (5m36.9s), 339/800 VUs, 2428534 complete and 0 interrupted iterations
pool_saturation_recovery   [  94% ] 339/800 VUs  5m36.9s/6m00.0s

running (5m37.9s), 326/800 VUs, 2437096 complete and 0 interrupted iterations
pool_saturation_recovery   [  94% ] 326/800 VUs  5m37.9s/6m00.0s

running (5m38.9s), 314/800 VUs, 2445497 complete and 0 interrupted iterations
pool_saturation_recovery   [  94% ] 314/800 VUs  5m38.9s/6m00.0s

running (5m39.9s), 302/800 VUs, 2452816 complete and 0 interrupted iterations
pool_saturation_recovery   [  94% ] 302/800 VUs  5m39.9s/6m00.0s

running (5m40.9s), 289/800 VUs, 2460895 complete and 0 interrupted iterations
pool_saturation_recovery   [  95% ] 289/800 VUs  5m40.9s/6m00.0s

running (5m41.9s), 277/800 VUs, 2469575 complete and 0 interrupted iterations
pool_saturation_recovery   [  95% ] 277/800 VUs  5m41.9s/6m00.0s

running (5m42.9s), 264/800 VUs, 2477416 complete and 0 interrupted iterations
pool_saturation_recovery   [  95% ] 264/800 VUs  5m42.9s/6m00.0s

running (5m43.9s), 252/800 VUs, 2485886 complete and 0 interrupted iterations
pool_saturation_recovery   [  96% ] 252/800 VUs  5m43.9s/6m00.0s

running (5m44.9s), 239/800 VUs, 2493541 complete and 0 interrupted iterations
pool_saturation_recovery   [  96% ] 239/800 VUs  5m44.9s/6m00.0s

running (5m45.9s), 227/800 VUs, 2502411 complete and 0 interrupted iterations
pool_saturation_recovery   [  96% ] 227/800 VUs  5m45.9s/6m00.0s

running (5m46.9s), 214/800 VUs, 2510826 complete and 0 interrupted iterations
pool_saturation_recovery   [  96% ] 214/800 VUs  5m46.9s/6m00.0s

running (5m47.9s), 201/800 VUs, 2519918 complete and 0 interrupted iterations
pool_saturation_recovery   [  97% ] 201/800 VUs  5m47.9s/6m00.0s

running (5m48.9s), 189/800 VUs, 2528063 complete and 0 interrupted iterations
pool_saturation_recovery   [  97% ] 189/800 VUs  5m48.9s/6m00.0s

running (5m49.9s), 176/800 VUs, 2536901 complete and 0 interrupted iterations
pool_saturation_recovery   [  97% ] 176/800 VUs  5m49.9s/6m00.0s

running (5m50.9s), 164/800 VUs, 2544866 complete and 0 interrupted iterations
pool_saturation_recovery   [  97% ] 164/800 VUs  5m50.9s/6m00.0s

running (5m51.9s), 151/800 VUs, 2553138 complete and 0 interrupted iterations
pool_saturation_recovery   [  98% ] 151/800 VUs  5m51.9s/6m00.0s

running (5m52.9s), 139/800 VUs, 2561567 complete and 0 interrupted iterations
pool_saturation_recovery   [  98% ] 139/800 VUs  5m52.9s/6m00.0s

running (5m53.9s), 126/800 VUs, 2570254 complete and 0 interrupted iterations
pool_saturation_recovery   [  98% ] 126/800 VUs  5m53.9s/6m00.0s

running (5m54.9s), 114/800 VUs, 2578556 complete and 0 interrupted iterations
pool_saturation_recovery   [  99% ] 114/800 VUs  5m54.9s/6m00.0s

running (5m55.9s), 101/800 VUs, 2586246 complete and 0 interrupted iterations
pool_saturation_recovery   [  99% ] 101/800 VUs  5m55.9s/6m00.0s

running (5m56.9s), 089/800 VUs, 2594756 complete and 0 interrupted iterations
pool_saturation_recovery   [  99% ] 089/800 VUs  5m56.9s/6m00.0s

running (5m57.9s), 076/800 VUs, 2603211 complete and 0 interrupted iterations
pool_saturation_recovery   [  99% ] 076/800 VUs  5m57.9s/6m00.0s

running (5m58.9s), 064/800 VUs, 2611878 complete and 0 interrupted iterations
pool_saturation_recovery   [ 100% ] 064/800 VUs  5m58.9s/6m00.0s

running (5m59.9s), 051/800 VUs, 2620112 complete and 0 interrupted iterations
pool_saturation_recovery   [ 100% ] 051/800 VUs  5m59.9s/6m00.0s


  █ THRESHOLDS 

    http_req_duration
    ✓ 'p(99)<1500' p(99)=111.61ms

    http_req_failed
    ✗ 'rate<0.15' rate=100.00%


  █ TOTAL RESULTS 

    checks_total.......: 2620559 7279.178968/s
    checks_succeeded...: 100.00% 2620559 out of 2620559
    checks_failed......: 0.00%   0 out of 2620559

    ✓ status is 200 or 404

    HTTP
    http_req_duration....: avg=35.79ms med=28.6ms  max=382.32ms p(95)=88.02ms p(99)=111.61ms p(99.9)=159.46ms
    http_req_failed......: 100.00% 2620559 out of 2620559
    http_reqs............: 2620559 7279.178968/s

    EXECUTION
    iteration_duration...: avg=36.08ms med=28.86ms max=11.25s   p(95)=88.48ms p(99)=112.71ms p(99.9)=163.6ms 
    iterations...........: 2620559 7279.178968/s
    vus..................: 51      min=10                 max=799
    vus_max..............: 800     min=800                max=800

    NETWORK
    data_received........: 503 MB  1.4 MB/s
    data_sent............: 343 MB  954 kB/s




running (6m00.0s), 000/800 VUs, 2620559 complete and 0 interrupted iterations
pool_saturation_recovery ✓ [ 100% ] 000/800 VUs  6m0s
