
         /\      Grafana   /‾‾/  
    /\  /  \     |\  __   /  /   
   /  \/    \    | |/ /  /   ‾‾\ 
  /          \   |   (  |  (‾)  |
 / __________ \  |_|\_\  \_____/ 


     execution: local
        script: /work/bench/k6/scenarios/pool-saturation-recovery.js
        output: -

     scenarios: (100.00%) 1 scenario, 800 max VUs, 6m30s max duration (incl. graceful stop):
              * pool_saturation_recovery: Up to 800 looping VUs for 6m0s over 6 stages (gracefulRampDown: 30s, gracefulStop: 30s)


running (0m00.9s), 010/800 VUs, 6433 complete and 0 interrupted iterations
pool_saturation_recovery   [   0% ] 010/800 VUs  0m00.9s/6m00.0s

running (0m01.9s), 011/800 VUs, 12971 complete and 0 interrupted iterations
pool_saturation_recovery   [   1% ] 011/800 VUs  0m01.9s/6m00.0s

running (0m02.9s), 011/800 VUs, 19796 complete and 0 interrupted iterations
pool_saturation_recovery   [   1% ] 011/800 VUs  0m02.9s/6m00.0s

running (0m03.9s), 012/800 VUs, 27352 complete and 0 interrupted iterations
pool_saturation_recovery   [   1% ] 012/800 VUs  0m03.9s/6m00.0s

running (0m04.9s), 013/800 VUs, 34303 complete and 0 interrupted iterations
pool_saturation_recovery   [   1% ] 013/800 VUs  0m04.9s/6m00.0s

running (0m05.9s), 013/800 VUs, 41606 complete and 0 interrupted iterations
pool_saturation_recovery   [   2% ] 013/800 VUs  0m05.9s/6m00.0s

running (0m06.9s), 014/800 VUs, 49230 complete and 0 interrupted iterations
pool_saturation_recovery   [   2% ] 014/800 VUs  0m06.9s/6m00.0s

running (0m07.9s), 015/800 VUs, 56711 complete and 0 interrupted iterations
pool_saturation_recovery   [   2% ] 015/800 VUs  0m07.9s/6m00.0s

running (0m08.9s), 015/800 VUs, 64910 complete and 0 interrupted iterations
pool_saturation_recovery   [   2% ] 015/800 VUs  0m08.9s/6m00.0s

running (0m09.9s), 016/800 VUs, 73025 complete and 0 interrupted iterations
pool_saturation_recovery   [   3% ] 016/800 VUs  0m09.9s/6m00.0s

running (0m10.9s), 017/800 VUs, 81063 complete and 0 interrupted iterations
pool_saturation_recovery   [   3% ] 017/800 VUs  0m10.9s/6m00.0s

running (0m11.9s), 017/800 VUs, 89191 complete and 0 interrupted iterations
pool_saturation_recovery   [   3% ] 017/800 VUs  0m11.9s/6m00.0s

running (0m12.9s), 018/800 VUs, 97348 complete and 0 interrupted iterations
pool_saturation_recovery   [   4% ] 018/800 VUs  0m12.9s/6m00.0s

running (0m13.9s), 019/800 VUs, 104942 complete and 0 interrupted iterations
pool_saturation_recovery   [   4% ] 019/800 VUs  0m13.9s/6m00.0s

running (0m14.9s), 019/800 VUs, 113957 complete and 0 interrupted iterations
pool_saturation_recovery   [   4% ] 019/800 VUs  0m14.9s/6m00.0s

running (0m15.9s), 020/800 VUs, 122418 complete and 0 interrupted iterations
pool_saturation_recovery   [   4% ] 020/800 VUs  0m15.9s/6m00.0s

running (0m16.9s), 021/800 VUs, 131260 complete and 0 interrupted iterations
pool_saturation_recovery   [   5% ] 021/800 VUs  0m16.9s/6m00.0s

running (0m17.9s), 021/800 VUs, 139581 complete and 0 interrupted iterations
pool_saturation_recovery   [   5% ] 021/800 VUs  0m17.9s/6m00.0s

running (0m18.9s), 022/800 VUs, 148560 complete and 0 interrupted iterations
pool_saturation_recovery   [   5% ] 022/800 VUs  0m18.9s/6m00.0s

running (0m19.9s), 023/800 VUs, 157558 complete and 0 interrupted iterations
pool_saturation_recovery   [   6% ] 023/800 VUs  0m19.9s/6m00.0s

running (0m20.9s), 023/800 VUs, 166279 complete and 0 interrupted iterations
pool_saturation_recovery   [   6% ] 023/800 VUs  0m20.9s/6m00.0s

running (0m21.9s), 024/800 VUs, 175036 complete and 0 interrupted iterations
pool_saturation_recovery   [   6% ] 024/800 VUs  0m21.9s/6m00.0s

running (0m22.9s), 025/800 VUs, 184036 complete and 0 interrupted iterations
pool_saturation_recovery   [   6% ] 025/800 VUs  0m22.9s/6m00.0s

running (0m23.9s), 025/800 VUs, 192995 complete and 0 interrupted iterations
pool_saturation_recovery   [   7% ] 025/800 VUs  0m23.9s/6m00.0s

running (0m24.9s), 026/800 VUs, 202139 complete and 0 interrupted iterations
pool_saturation_recovery   [   7% ] 026/800 VUs  0m25.0s/6m00.0s

running (0m25.9s), 027/800 VUs, 211114 complete and 0 interrupted iterations
pool_saturation_recovery   [   7% ] 027/800 VUs  0m25.9s/6m00.0s

running (0m26.9s), 027/800 VUs, 220196 complete and 0 interrupted iterations
pool_saturation_recovery   [   7% ] 027/800 VUs  0m26.9s/6m00.0s

running (0m27.9s), 028/800 VUs, 229604 complete and 0 interrupted iterations
pool_saturation_recovery   [   8% ] 028/800 VUs  0m27.9s/6m00.0s

running (0m28.9s), 029/800 VUs, 238373 complete and 0 interrupted iterations
pool_saturation_recovery   [   8% ] 029/800 VUs  0m28.9s/6m00.0s

running (0m29.9s), 029/800 VUs, 247587 complete and 0 interrupted iterations
pool_saturation_recovery   [   8% ] 029/800 VUs  0m29.9s/6m00.0s

running (0m30.9s), 030/800 VUs, 256846 complete and 0 interrupted iterations
pool_saturation_recovery   [   9% ] 030/800 VUs  0m30.9s/6m00.0s

running (0m31.9s), 031/800 VUs, 266685 complete and 0 interrupted iterations
pool_saturation_recovery   [   9% ] 031/800 VUs  0m31.9s/6m00.0s

running (0m32.9s), 031/800 VUs, 275687 complete and 0 interrupted iterations
pool_saturation_recovery   [   9% ] 031/800 VUs  0m32.9s/6m00.0s

running (0m33.9s), 032/800 VUs, 284555 complete and 0 interrupted iterations
pool_saturation_recovery   [   9% ] 032/800 VUs  0m33.9s/6m00.0s

running (0m34.9s), 033/800 VUs, 294220 complete and 0 interrupted iterations
pool_saturation_recovery   [  10% ] 033/800 VUs  0m34.9s/6m00.0s

running (0m35.9s), 033/800 VUs, 303858 complete and 0 interrupted iterations
pool_saturation_recovery   [  10% ] 033/800 VUs  0m35.9s/6m00.0s

running (0m36.9s), 034/800 VUs, 313089 complete and 0 interrupted iterations
pool_saturation_recovery   [  10% ] 034/800 VUs  0m36.9s/6m00.0s

running (0m37.9s), 035/800 VUs, 322682 complete and 0 interrupted iterations
pool_saturation_recovery   [  11% ] 035/800 VUs  0m37.9s/6m00.0s

running (0m38.9s), 035/800 VUs, 332210 complete and 0 interrupted iterations
pool_saturation_recovery   [  11% ] 035/800 VUs  0m38.9s/6m00.0s

running (0m39.9s), 036/800 VUs, 341388 complete and 0 interrupted iterations
pool_saturation_recovery   [  11% ] 036/800 VUs  0m39.9s/6m00.0s

running (0m40.9s), 037/800 VUs, 350800 complete and 0 interrupted iterations
pool_saturation_recovery   [  11% ] 037/800 VUs  0m40.9s/6m00.0s

running (0m41.9s), 037/800 VUs, 359602 complete and 0 interrupted iterations
pool_saturation_recovery   [  12% ] 037/800 VUs  0m41.9s/6m00.0s

running (0m42.9s), 038/800 VUs, 369243 complete and 0 interrupted iterations
pool_saturation_recovery   [  12% ] 038/800 VUs  0m42.9s/6m00.0s

running (0m43.9s), 039/800 VUs, 379394 complete and 0 interrupted iterations
pool_saturation_recovery   [  12% ] 039/800 VUs  0m43.9s/6m00.0s

running (0m44.9s), 039/800 VUs, 389156 complete and 0 interrupted iterations
pool_saturation_recovery   [  12% ] 039/800 VUs  0m44.9s/6m00.0s

running (0m45.9s), 040/800 VUs, 398305 complete and 0 interrupted iterations
pool_saturation_recovery   [  13% ] 040/800 VUs  0m45.9s/6m00.0s

running (0m46.9s), 041/800 VUs, 407482 complete and 0 interrupted iterations
pool_saturation_recovery   [  13% ] 041/800 VUs  0m46.9s/6m00.0s

running (0m48.0s), 041/800 VUs, 417784 complete and 0 interrupted iterations
pool_saturation_recovery   [  13% ] 041/800 VUs  0m48.0s/6m00.0s

running (0m48.9s), 042/800 VUs, 428023 complete and 0 interrupted iterations
pool_saturation_recovery   [  14% ] 042/800 VUs  0m48.9s/6m00.0s

running (0m49.9s), 043/800 VUs, 437584 complete and 0 interrupted iterations
pool_saturation_recovery   [  14% ] 043/800 VUs  0m49.9s/6m00.0s

running (0m50.9s), 043/800 VUs, 447963 complete and 0 interrupted iterations
pool_saturation_recovery   [  14% ] 043/800 VUs  0m50.9s/6m00.0s

running (0m51.9s), 044/800 VUs, 458409 complete and 0 interrupted iterations
pool_saturation_recovery   [  14% ] 044/800 VUs  0m51.9s/6m00.0s

running (0m52.9s), 045/800 VUs, 468788 complete and 0 interrupted iterations
pool_saturation_recovery   [  15% ] 045/800 VUs  0m52.9s/6m00.0s

running (0m53.9s), 045/800 VUs, 478996 complete and 0 interrupted iterations
pool_saturation_recovery   [  15% ] 045/800 VUs  0m53.9s/6m00.0s

running (0m54.9s), 046/800 VUs, 489534 complete and 0 interrupted iterations
pool_saturation_recovery   [  15% ] 046/800 VUs  0m54.9s/6m00.0s

running (0m55.9s), 047/800 VUs, 499918 complete and 0 interrupted iterations
pool_saturation_recovery   [  16% ] 047/800 VUs  0m55.9s/6m00.0s

running (0m56.9s), 047/800 VUs, 510409 complete and 0 interrupted iterations
pool_saturation_recovery   [  16% ] 047/800 VUs  0m56.9s/6m00.0s

running (0m57.9s), 048/800 VUs, 521322 complete and 0 interrupted iterations
pool_saturation_recovery   [  16% ] 048/800 VUs  0m57.9s/6m00.0s

running (0m58.9s), 049/800 VUs, 531755 complete and 0 interrupted iterations
pool_saturation_recovery   [  16% ] 049/800 VUs  0m58.9s/6m00.0s

running (0m59.9s), 049/800 VUs, 542138 complete and 0 interrupted iterations
pool_saturation_recovery   [  17% ] 049/800 VUs  0m59.9s/6m00.0s

running (1m00.9s), 050/800 VUs, 552226 complete and 0 interrupted iterations
pool_saturation_recovery   [  17% ] 050/800 VUs  1m00.9s/6m00.0s

running (1m01.9s), 051/800 VUs, 561812 complete and 0 interrupted iterations
pool_saturation_recovery   [  17% ] 051/800 VUs  1m01.9s/6m00.0s

running (1m02.9s), 052/800 VUs, 571801 complete and 0 interrupted iterations
pool_saturation_recovery   [  17% ] 052/800 VUs  1m02.9s/6m00.0s

running (1m03.9s), 053/800 VUs, 582234 complete and 0 interrupted iterations
pool_saturation_recovery   [  18% ] 053/800 VUs  1m03.9s/6m00.0s

running (1m04.9s), 054/800 VUs, 592512 complete and 0 interrupted iterations
pool_saturation_recovery   [  18% ] 054/800 VUs  1m04.9s/6m00.0s

running (1m05.9s), 054/800 VUs, 602669 complete and 0 interrupted iterations
pool_saturation_recovery   [  18% ] 054/800 VUs  1m05.9s/6m00.0s

running (1m06.9s), 055/800 VUs, 613538 complete and 0 interrupted iterations
pool_saturation_recovery   [  19% ] 055/800 VUs  1m06.9s/6m00.0s

running (1m07.9s), 056/800 VUs, 623967 complete and 0 interrupted iterations
pool_saturation_recovery   [  19% ] 056/800 VUs  1m07.9s/6m00.0s

running (1m08.9s), 057/800 VUs, 634796 complete and 0 interrupted iterations
pool_saturation_recovery   [  19% ] 057/800 VUs  1m08.9s/6m00.0s

running (1m09.9s), 058/800 VUs, 645046 complete and 0 interrupted iterations
pool_saturation_recovery   [  19% ] 058/800 VUs  1m09.9s/6m00.0s

running (1m10.9s), 059/800 VUs, 655472 complete and 0 interrupted iterations
pool_saturation_recovery   [  20% ] 059/800 VUs  1m10.9s/6m00.0s

running (1m11.9s), 059/800 VUs, 665393 complete and 0 interrupted iterations
pool_saturation_recovery   [  20% ] 059/800 VUs  1m11.9s/6m00.0s

running (1m12.9s), 060/800 VUs, 675533 complete and 0 interrupted iterations
pool_saturation_recovery   [  20% ] 060/800 VUs  1m12.9s/6m00.0s

running (1m13.9s), 061/800 VUs, 685887 complete and 0 interrupted iterations
pool_saturation_recovery   [  21% ] 061/800 VUs  1m13.9s/6m00.0s

running (1m14.9s), 062/800 VUs, 696286 complete and 0 interrupted iterations
pool_saturation_recovery   [  21% ] 062/800 VUs  1m14.9s/6m00.0s

running (1m15.9s), 063/800 VUs, 706906 complete and 0 interrupted iterations
pool_saturation_recovery   [  21% ] 063/800 VUs  1m15.9s/6m00.0s

running (1m16.9s), 064/800 VUs, 717428 complete and 0 interrupted iterations
pool_saturation_recovery   [  21% ] 064/800 VUs  1m16.9s/6m00.0s

running (1m18.0s), 064/800 VUs, 728052 complete and 0 interrupted iterations
pool_saturation_recovery   [  22% ] 064/800 VUs  1m18.0s/6m00.0s

running (1m18.9s), 065/800 VUs, 738356 complete and 0 interrupted iterations
pool_saturation_recovery   [  22% ] 065/800 VUs  1m18.9s/6m00.0s

running (1m19.9s), 066/800 VUs, 747825 complete and 0 interrupted iterations
pool_saturation_recovery   [  22% ] 066/800 VUs  1m19.9s/6m00.0s

running (1m20.9s), 067/800 VUs, 758222 complete and 0 interrupted iterations
pool_saturation_recovery   [  22% ] 067/800 VUs  1m20.9s/6m00.0s

running (1m22.0s), 068/800 VUs, 768833 complete and 0 interrupted iterations
pool_saturation_recovery   [  23% ] 068/800 VUs  1m22.0s/6m00.0s

running (1m22.9s), 069/800 VUs, 779585 complete and 0 interrupted iterations
pool_saturation_recovery   [  23% ] 069/800 VUs  1m22.9s/6m00.0s

running (1m23.9s), 069/800 VUs, 790646 complete and 0 interrupted iterations
pool_saturation_recovery   [  23% ] 069/800 VUs  1m23.9s/6m00.0s

running (1m24.9s), 070/800 VUs, 801553 complete and 0 interrupted iterations
pool_saturation_recovery   [  24% ] 070/800 VUs  1m24.9s/6m00.0s

running (1m25.9s), 071/800 VUs, 812402 complete and 0 interrupted iterations
pool_saturation_recovery   [  24% ] 071/800 VUs  1m25.9s/6m00.0s

running (1m26.9s), 072/800 VUs, 822368 complete and 0 interrupted iterations
pool_saturation_recovery   [  24% ] 072/800 VUs  1m26.9s/6m00.0s

running (1m27.9s), 073/800 VUs, 832540 complete and 0 interrupted iterations
pool_saturation_recovery   [  24% ] 073/800 VUs  1m27.9s/6m00.0s

running (1m28.9s), 074/800 VUs, 842853 complete and 0 interrupted iterations
pool_saturation_recovery   [  25% ] 074/800 VUs  1m28.9s/6m00.0s

running (1m29.9s), 074/800 VUs, 853836 complete and 0 interrupted iterations
pool_saturation_recovery   [  25% ] 074/800 VUs  1m29.9s/6m00.0s

running (1m30.9s), 075/800 VUs, 864494 complete and 0 interrupted iterations
pool_saturation_recovery   [  25% ] 075/800 VUs  1m30.9s/6m00.0s

running (1m31.9s), 076/800 VUs, 874928 complete and 0 interrupted iterations
pool_saturation_recovery   [  26% ] 076/800 VUs  1m31.9s/6m00.0s

running (1m32.9s), 077/800 VUs, 885026 complete and 0 interrupted iterations
pool_saturation_recovery   [  26% ] 077/800 VUs  1m32.9s/6m00.0s

running (1m33.9s), 078/800 VUs, 896026 complete and 0 interrupted iterations
pool_saturation_recovery   [  26% ] 078/800 VUs  1m33.9s/6m00.0s

running (1m34.9s), 079/800 VUs, 907166 complete and 0 interrupted iterations
pool_saturation_recovery   [  26% ] 079/800 VUs  1m34.9s/6m00.0s

running (1m35.9s), 079/800 VUs, 918315 complete and 0 interrupted iterations
pool_saturation_recovery   [  27% ] 079/800 VUs  1m35.9s/6m00.0s

running (1m36.9s), 080/800 VUs, 929289 complete and 0 interrupted iterations
pool_saturation_recovery   [  27% ] 080/800 VUs  1m36.9s/6m00.0s

running (1m37.9s), 081/800 VUs, 939599 complete and 0 interrupted iterations
pool_saturation_recovery   [  27% ] 081/800 VUs  1m37.9s/6m00.0s

running (1m38.9s), 082/800 VUs, 950206 complete and 0 interrupted iterations
pool_saturation_recovery   [  27% ] 082/800 VUs  1m38.9s/6m00.0s

running (1m39.9s), 083/800 VUs, 960701 complete and 0 interrupted iterations
pool_saturation_recovery   [  28% ] 083/800 VUs  1m39.9s/6m00.0s

running (1m40.9s), 084/800 VUs, 971705 complete and 0 interrupted iterations
pool_saturation_recovery   [  28% ] 084/800 VUs  1m40.9s/6m00.0s

running (1m42.0s), 084/800 VUs, 982562 complete and 0 interrupted iterations
pool_saturation_recovery   [  28% ] 084/800 VUs  1m42.0s/6m00.0s

running (1m42.9s), 085/800 VUs, 992921 complete and 0 interrupted iterations
pool_saturation_recovery   [  29% ] 085/800 VUs  1m42.9s/6m00.0s

running (1m43.9s), 086/800 VUs, 1003485 complete and 0 interrupted iterations
pool_saturation_recovery   [  29% ] 086/800 VUs  1m43.9s/6m00.0s

running (1m44.9s), 087/800 VUs, 1014719 complete and 0 interrupted iterations
pool_saturation_recovery   [  29% ] 087/800 VUs  1m44.9s/6m00.0s

running (1m45.9s), 088/800 VUs, 1025529 complete and 0 interrupted iterations
pool_saturation_recovery   [  29% ] 088/800 VUs  1m45.9s/6m00.0s

running (1m46.9s), 089/800 VUs, 1036632 complete and 0 interrupted iterations
pool_saturation_recovery   [  30% ] 089/800 VUs  1m46.9s/6m00.0s

running (1m47.9s), 089/800 VUs, 1047486 complete and 0 interrupted iterations
pool_saturation_recovery   [  30% ] 089/800 VUs  1m47.9s/6m00.0s

running (1m48.9s), 090/800 VUs, 1056708 complete and 0 interrupted iterations
pool_saturation_recovery   [  30% ] 090/800 VUs  1m48.9s/6m00.0s

running (1m49.9s), 091/800 VUs, 1064351 complete and 0 interrupted iterations
pool_saturation_recovery   [  31% ] 091/800 VUs  1m49.9s/6m00.0s

running (1m50.9s), 092/800 VUs, 1070092 complete and 0 interrupted iterations
pool_saturation_recovery   [  31% ] 092/800 VUs  1m50.9s/6m00.0s

running (1m52.0s), 093/800 VUs, 1079095 complete and 0 interrupted iterations
pool_saturation_recovery   [  31% ] 093/800 VUs  1m52.0s/6m00.0s

running (1m53.0s), 094/800 VUs, 1087521 complete and 0 interrupted iterations
pool_saturation_recovery   [  31% ] 094/800 VUs  1m53.0s/6m00.0s

running (1m53.9s), 094/800 VUs, 1096078 complete and 0 interrupted iterations
pool_saturation_recovery   [  32% ] 094/800 VUs  1m53.9s/6m00.0s

running (1m54.9s), 095/800 VUs, 1105504 complete and 0 interrupted iterations
pool_saturation_recovery   [  32% ] 095/800 VUs  1m54.9s/6m00.0s

running (1m55.9s), 096/800 VUs, 1115888 complete and 0 interrupted iterations
pool_saturation_recovery   [  32% ] 096/800 VUs  1m55.9s/6m00.0s

running (1m56.9s), 097/800 VUs, 1126347 complete and 0 interrupted iterations
pool_saturation_recovery   [  32% ] 097/800 VUs  1m56.9s/6m00.0s

running (1m57.9s), 098/800 VUs, 1135750 complete and 0 interrupted iterations
pool_saturation_recovery   [  33% ] 098/800 VUs  1m57.9s/6m00.0s

running (1m58.9s), 099/800 VUs, 1145171 complete and 0 interrupted iterations
pool_saturation_recovery   [  33% ] 099/800 VUs  1m58.9s/6m00.0s

running (1m59.9s), 099/800 VUs, 1153173 complete and 0 interrupted iterations
pool_saturation_recovery   [  33% ] 099/800 VUs  1m59.9s/6m00.0s

running (2m00.9s), 101/800 VUs, 1161013 complete and 0 interrupted iterations
pool_saturation_recovery   [  34% ] 101/800 VUs  2m00.9s/6m00.0s

running (2m01.9s), 103/800 VUs, 1168829 complete and 0 interrupted iterations
pool_saturation_recovery   [  34% ] 103/800 VUs  2m01.9s/6m00.0s

running (2m02.9s), 104/800 VUs, 1176624 complete and 0 interrupted iterations
pool_saturation_recovery   [  34% ] 104/800 VUs  2m02.9s/6m00.0s

running (2m03.9s), 106/800 VUs, 1184640 complete and 0 interrupted iterations
pool_saturation_recovery   [  34% ] 106/800 VUs  2m03.9s/6m00.0s

running (2m04.9s), 108/800 VUs, 1191983 complete and 0 interrupted iterations
pool_saturation_recovery   [  35% ] 108/800 VUs  2m04.9s/6m00.0s

running (2m05.9s), 109/800 VUs, 1199234 complete and 0 interrupted iterations
pool_saturation_recovery   [  35% ] 109/800 VUs  2m05.9s/6m00.0s

running (2m06.9s), 111/800 VUs, 1207302 complete and 0 interrupted iterations
pool_saturation_recovery   [  35% ] 111/800 VUs  2m06.9s/6m00.0s

running (2m07.9s), 113/800 VUs, 1215383 complete and 0 interrupted iterations
pool_saturation_recovery   [  36% ] 113/800 VUs  2m07.9s/6m00.0s

running (2m08.9s), 114/800 VUs, 1223478 complete and 0 interrupted iterations
pool_saturation_recovery   [  36% ] 114/800 VUs  2m08.9s/6m00.0s

running (2m09.9s), 116/800 VUs, 1231332 complete and 0 interrupted iterations
pool_saturation_recovery   [  36% ] 116/800 VUs  2m09.9s/6m00.0s

running (2m10.9s), 118/800 VUs, 1239568 complete and 0 interrupted iterations
pool_saturation_recovery   [  36% ] 118/800 VUs  2m10.9s/6m00.0s

running (2m11.9s), 119/800 VUs, 1248653 complete and 0 interrupted iterations
pool_saturation_recovery   [  37% ] 119/800 VUs  2m11.9s/6m00.0s

running (2m12.9s), 121/800 VUs, 1257964 complete and 0 interrupted iterations
pool_saturation_recovery   [  37% ] 121/800 VUs  2m12.9s/6m00.0s

running (2m13.9s), 123/800 VUs, 1265886 complete and 0 interrupted iterations
pool_saturation_recovery   [  37% ] 123/800 VUs  2m13.9s/6m00.0s

running (2m14.9s), 124/800 VUs, 1274595 complete and 0 interrupted iterations
pool_saturation_recovery   [  37% ] 124/800 VUs  2m14.9s/6m00.0s

running (2m15.9s), 126/800 VUs, 1284302 complete and 0 interrupted iterations
pool_saturation_recovery   [  38% ] 126/800 VUs  2m15.9s/6m00.0s

running (2m16.9s), 128/800 VUs, 1294730 complete and 0 interrupted iterations
pool_saturation_recovery   [  38% ] 128/800 VUs  2m16.9s/6m00.0s

running (2m17.9s), 129/800 VUs, 1304273 complete and 0 interrupted iterations
pool_saturation_recovery   [  38% ] 129/800 VUs  2m17.9s/6m00.0s

running (2m18.9s), 131/800 VUs, 1314190 complete and 0 interrupted iterations
pool_saturation_recovery   [  39% ] 131/800 VUs  2m18.9s/6m00.0s

running (2m20.0s), 133/800 VUs, 1323880 complete and 0 interrupted iterations
pool_saturation_recovery   [  39% ] 133/800 VUs  2m20.0s/6m00.0s

running (2m20.9s), 134/800 VUs, 1333597 complete and 0 interrupted iterations
pool_saturation_recovery   [  39% ] 134/800 VUs  2m20.9s/6m00.0s

running (2m21.9s), 136/800 VUs, 1344210 complete and 0 interrupted iterations
pool_saturation_recovery   [  39% ] 136/800 VUs  2m21.9s/6m00.0s

running (2m22.9s), 138/800 VUs, 1354099 complete and 0 interrupted iterations
pool_saturation_recovery   [  40% ] 138/800 VUs  2m22.9s/6m00.0s

running (2m23.9s), 139/800 VUs, 1363924 complete and 0 interrupted iterations
pool_saturation_recovery   [  40% ] 139/800 VUs  2m23.9s/6m00.0s

running (2m24.9s), 141/800 VUs, 1373655 complete and 0 interrupted iterations
pool_saturation_recovery   [  40% ] 141/800 VUs  2m24.9s/6m00.0s

running (2m25.9s), 143/800 VUs, 1382031 complete and 0 interrupted iterations
pool_saturation_recovery   [  41% ] 143/800 VUs  2m25.9s/6m00.0s

running (2m26.9s), 144/800 VUs, 1392211 complete and 0 interrupted iterations
pool_saturation_recovery   [  41% ] 144/800 VUs  2m26.9s/6m00.0s

running (2m27.9s), 146/800 VUs, 1401971 complete and 0 interrupted iterations
pool_saturation_recovery   [  41% ] 146/800 VUs  2m27.9s/6m00.0s

running (2m28.9s), 148/800 VUs, 1411709 complete and 0 interrupted iterations
pool_saturation_recovery   [  41% ] 148/800 VUs  2m28.9s/6m00.0s

running (2m29.9s), 149/800 VUs, 1420702 complete and 0 interrupted iterations
pool_saturation_recovery   [  42% ] 149/800 VUs  2m29.9s/6m00.0s

running (2m31.0s), 151/800 VUs, 1430469 complete and 0 interrupted iterations
pool_saturation_recovery   [  42% ] 151/800 VUs  2m31.0s/6m00.0s

running (2m31.9s), 153/800 VUs, 1439906 complete and 0 interrupted iterations
pool_saturation_recovery   [  42% ] 153/800 VUs  2m31.9s/6m00.0s

running (2m32.9s), 154/800 VUs, 1449697 complete and 0 interrupted iterations
pool_saturation_recovery   [  42% ] 154/800 VUs  2m32.9s/6m00.0s

running (2m33.9s), 156/800 VUs, 1460259 complete and 0 interrupted iterations
pool_saturation_recovery   [  43% ] 156/800 VUs  2m33.9s/6m00.0s

running (2m34.9s), 158/800 VUs, 1470516 complete and 0 interrupted iterations
pool_saturation_recovery   [  43% ] 158/800 VUs  2m34.9s/6m00.0s

running (2m35.9s), 159/800 VUs, 1480970 complete and 0 interrupted iterations
pool_saturation_recovery   [  43% ] 159/800 VUs  2m35.9s/6m00.0s

running (2m36.9s), 161/800 VUs, 1490704 complete and 0 interrupted iterations
pool_saturation_recovery   [  44% ] 161/800 VUs  2m36.9s/6m00.0s

running (2m37.9s), 163/800 VUs, 1500902 complete and 0 interrupted iterations
pool_saturation_recovery   [  44% ] 163/800 VUs  2m37.9s/6m00.0s

running (2m38.9s), 164/800 VUs, 1511597 complete and 0 interrupted iterations
pool_saturation_recovery   [  44% ] 164/800 VUs  2m38.9s/6m00.0s

running (2m40.0s), 166/800 VUs, 1522191 complete and 0 interrupted iterations
pool_saturation_recovery   [  44% ] 166/800 VUs  2m40.0s/6m00.0s

running (2m40.9s), 168/800 VUs, 1532721 complete and 0 interrupted iterations
pool_saturation_recovery   [  45% ] 168/800 VUs  2m40.9s/6m00.0s

running (2m41.9s), 169/800 VUs, 1542940 complete and 0 interrupted iterations
pool_saturation_recovery   [  45% ] 169/800 VUs  2m41.9s/6m00.0s

running (2m43.0s), 171/800 VUs, 1553415 complete and 0 interrupted iterations
pool_saturation_recovery   [  45% ] 171/800 VUs  2m43.0s/6m00.0s

running (2m43.9s), 173/800 VUs, 1563837 complete and 0 interrupted iterations
pool_saturation_recovery   [  46% ] 173/800 VUs  2m43.9s/6m00.0s

running (2m44.9s), 174/800 VUs, 1574281 complete and 0 interrupted iterations
pool_saturation_recovery   [  46% ] 174/800 VUs  2m44.9s/6m00.0s

running (2m45.9s), 176/800 VUs, 1584943 complete and 0 interrupted iterations
pool_saturation_recovery   [  46% ] 176/800 VUs  2m45.9s/6m00.0s

running (2m46.9s), 178/800 VUs, 1595320 complete and 0 interrupted iterations
pool_saturation_recovery   [  46% ] 178/800 VUs  2m46.9s/6m00.0s

running (2m47.9s), 179/800 VUs, 1605508 complete and 0 interrupted iterations
pool_saturation_recovery   [  47% ] 179/800 VUs  2m47.9s/6m00.0s

running (2m49.0s), 181/800 VUs, 1616005 complete and 0 interrupted iterations
pool_saturation_recovery   [  47% ] 181/800 VUs  2m49.0s/6m00.0s

running (2m49.9s), 183/800 VUs, 1626809 complete and 0 interrupted iterations
pool_saturation_recovery   [  47% ] 183/800 VUs  2m49.9s/6m00.0s

running (2m50.9s), 184/800 VUs, 1637086 complete and 0 interrupted iterations
pool_saturation_recovery   [  47% ] 184/800 VUs  2m50.9s/6m00.0s

running (2m51.9s), 186/800 VUs, 1647424 complete and 0 interrupted iterations
pool_saturation_recovery   [  48% ] 186/800 VUs  2m51.9s/6m00.0s

running (2m52.9s), 188/800 VUs, 1657089 complete and 0 interrupted iterations
pool_saturation_recovery   [  48% ] 188/800 VUs  2m52.9s/6m00.0s

running (2m53.9s), 189/800 VUs, 1667428 complete and 0 interrupted iterations
pool_saturation_recovery   [  48% ] 189/800 VUs  2m53.9s/6m00.0s

running (2m54.9s), 191/800 VUs, 1677753 complete and 0 interrupted iterations
pool_saturation_recovery   [  49% ] 191/800 VUs  2m54.9s/6m00.0s

running (2m55.9s), 193/800 VUs, 1688017 complete and 0 interrupted iterations
pool_saturation_recovery   [  49% ] 193/800 VUs  2m55.9s/6m00.0s

running (2m56.9s), 194/800 VUs, 1698257 complete and 0 interrupted iterations
pool_saturation_recovery   [  49% ] 194/800 VUs  2m56.9s/6m00.0s

running (2m57.9s), 196/800 VUs, 1707826 complete and 0 interrupted iterations
pool_saturation_recovery   [  49% ] 196/800 VUs  2m57.9s/6m00.0s

running (2m58.9s), 198/800 VUs, 1717240 complete and 0 interrupted iterations
pool_saturation_recovery   [  50% ] 198/800 VUs  2m58.9s/6m00.0s

running (2m59.9s), 199/800 VUs, 1727383 complete and 0 interrupted iterations
pool_saturation_recovery   [  50% ] 199/800 VUs  2m59.9s/6m00.0s

running (3m01.0s), 203/800 VUs, 1738051 complete and 0 interrupted iterations
pool_saturation_recovery   [  50% ] 203/800 VUs  3m01.0s/6m00.0s

running (3m01.9s), 206/800 VUs, 1748408 complete and 0 interrupted iterations
pool_saturation_recovery   [  51% ] 206/800 VUs  3m01.9s/6m00.0s

running (3m02.9s), 209/800 VUs, 1758326 complete and 0 interrupted iterations
pool_saturation_recovery   [  51% ] 209/800 VUs  3m02.9s/6m00.0s

running (3m03.9s), 213/800 VUs, 1768360 complete and 0 interrupted iterations
pool_saturation_recovery   [  51% ] 213/800 VUs  3m03.9s/6m00.0s

running (3m04.9s), 216/800 VUs, 1779045 complete and 0 interrupted iterations
pool_saturation_recovery   [  51% ] 216/800 VUs  3m04.9s/6m00.0s

running (3m05.9s), 219/800 VUs, 1789667 complete and 0 interrupted iterations
pool_saturation_recovery   [  52% ] 219/800 VUs  3m05.9s/6m00.0s

running (3m06.9s), 223/800 VUs, 1799806 complete and 0 interrupted iterations
pool_saturation_recovery   [  52% ] 223/800 VUs  3m06.9s/6m00.0s

running (3m08.0s), 226/800 VUs, 1810725 complete and 0 interrupted iterations
pool_saturation_recovery   [  52% ] 226/800 VUs  3m08.0s/6m00.0s

running (3m08.9s), 229/800 VUs, 1820756 complete and 0 interrupted iterations
pool_saturation_recovery   [  52% ] 229/800 VUs  3m08.9s/6m00.0s

running (3m10.0s), 233/800 VUs, 1830948 complete and 0 interrupted iterations
pool_saturation_recovery   [  53% ] 233/800 VUs  3m10.0s/6m00.0s

running (3m10.9s), 236/800 VUs, 1841313 complete and 0 interrupted iterations
pool_saturation_recovery   [  53% ] 236/800 VUs  3m10.9s/6m00.0s

running (3m12.0s), 239/800 VUs, 1851733 complete and 0 interrupted iterations
pool_saturation_recovery   [  53% ] 239/800 VUs  3m12.0s/6m00.0s

running (3m12.9s), 243/800 VUs, 1861472 complete and 0 interrupted iterations
pool_saturation_recovery   [  54% ] 243/800 VUs  3m12.9s/6m00.0s

running (3m13.9s), 246/800 VUs, 1871272 complete and 0 interrupted iterations
pool_saturation_recovery   [  54% ] 246/800 VUs  3m13.9s/6m00.0s

running (3m14.9s), 249/800 VUs, 1881746 complete and 0 interrupted iterations
pool_saturation_recovery   [  54% ] 249/800 VUs  3m14.9s/6m00.0s

running (3m15.9s), 253/800 VUs, 1892489 complete and 0 interrupted iterations
pool_saturation_recovery   [  54% ] 253/800 VUs  3m15.9s/6m00.0s

running (3m16.9s), 256/800 VUs, 1902707 complete and 0 interrupted iterations
pool_saturation_recovery   [  55% ] 256/800 VUs  3m16.9s/6m00.0s

running (3m17.9s), 259/800 VUs, 1913185 complete and 0 interrupted iterations
pool_saturation_recovery   [  55% ] 259/800 VUs  3m17.9s/6m00.0s

running (3m19.0s), 263/800 VUs, 1923463 complete and 0 interrupted iterations
pool_saturation_recovery   [  55% ] 263/800 VUs  3m19.0s/6m00.0s

running (3m19.9s), 266/800 VUs, 1933502 complete and 0 interrupted iterations
pool_saturation_recovery   [  56% ] 266/800 VUs  3m19.9s/6m00.0s

running (3m20.9s), 269/800 VUs, 1943283 complete and 0 interrupted iterations
pool_saturation_recovery   [  56% ] 269/800 VUs  3m20.9s/6m00.0s

running (3m21.9s), 273/800 VUs, 1950926 complete and 0 interrupted iterations
pool_saturation_recovery   [  56% ] 273/800 VUs  3m21.9s/6m00.0s

running (3m22.9s), 276/800 VUs, 1959190 complete and 0 interrupted iterations
pool_saturation_recovery   [  56% ] 276/800 VUs  3m22.9s/6m00.0s

running (3m23.9s), 279/800 VUs, 1967299 complete and 0 interrupted iterations
pool_saturation_recovery   [  57% ] 279/800 VUs  3m23.9s/6m00.0s

running (3m24.9s), 283/800 VUs, 1975436 complete and 0 interrupted iterations
pool_saturation_recovery   [  57% ] 283/800 VUs  3m24.9s/6m00.0s

running (3m25.9s), 286/800 VUs, 1984201 complete and 0 interrupted iterations
pool_saturation_recovery   [  57% ] 286/800 VUs  3m25.9s/6m00.0s

running (3m26.9s), 289/800 VUs, 1992778 complete and 0 interrupted iterations
pool_saturation_recovery   [  57% ] 289/800 VUs  3m26.9s/6m00.0s

running (3m27.9s), 293/800 VUs, 2000991 complete and 0 interrupted iterations
pool_saturation_recovery   [  58% ] 293/800 VUs  3m27.9s/6m00.0s

running (3m28.9s), 296/800 VUs, 2008860 complete and 0 interrupted iterations
pool_saturation_recovery   [  58% ] 296/800 VUs  3m28.9s/6m00.0s

running (3m29.9s), 299/800 VUs, 2016693 complete and 0 interrupted iterations
pool_saturation_recovery   [  58% ] 299/800 VUs  3m29.9s/6m00.0s

running (3m30.9s), 303/800 VUs, 2023931 complete and 0 interrupted iterations
pool_saturation_recovery   [  59% ] 303/800 VUs  3m30.9s/6m00.0s

running (3m31.9s), 306/800 VUs, 2030097 complete and 0 interrupted iterations
pool_saturation_recovery   [  59% ] 306/800 VUs  3m31.9s/6m00.0s

running (3m32.9s), 309/800 VUs, 2037007 complete and 0 interrupted iterations
pool_saturation_recovery   [  59% ] 309/800 VUs  3m32.9s/6m00.0s

running (3m33.9s), 313/800 VUs, 2044509 complete and 0 interrupted iterations
pool_saturation_recovery   [  59% ] 313/800 VUs  3m33.9s/6m00.0s

running (3m34.9s), 316/800 VUs, 2050911 complete and 0 interrupted iterations
pool_saturation_recovery   [  60% ] 316/800 VUs  3m34.9s/6m00.0s

running (3m35.9s), 319/800 VUs, 2057493 complete and 0 interrupted iterations
pool_saturation_recovery   [  60% ] 319/800 VUs  3m35.9s/6m00.0s

running (3m36.9s), 323/800 VUs, 2065049 complete and 0 interrupted iterations
pool_saturation_recovery   [  60% ] 323/800 VUs  3m36.9s/6m00.0s

running (3m37.9s), 326/800 VUs, 2074936 complete and 0 interrupted iterations
pool_saturation_recovery   [  61% ] 326/800 VUs  3m37.9s/6m00.0s

running (3m39.0s), 329/800 VUs, 2084122 complete and 0 interrupted iterations
pool_saturation_recovery   [  61% ] 329/800 VUs  3m39.0s/6m00.0s

running (3m39.9s), 333/800 VUs, 2094392 complete and 0 interrupted iterations
pool_saturation_recovery   [  61% ] 333/800 VUs  3m39.9s/6m00.0s

running (3m40.9s), 336/800 VUs, 2102121 complete and 0 interrupted iterations
pool_saturation_recovery   [  61% ] 336/800 VUs  3m40.9s/6m00.0s

running (3m41.9s), 339/800 VUs, 2111102 complete and 0 interrupted iterations
pool_saturation_recovery   [  62% ] 339/800 VUs  3m41.9s/6m00.0s

running (3m43.0s), 343/800 VUs, 2118829 complete and 0 interrupted iterations
pool_saturation_recovery   [  62% ] 343/800 VUs  3m43.0s/6m00.0s

running (3m43.9s), 346/800 VUs, 2126579 complete and 0 interrupted iterations
pool_saturation_recovery   [  62% ] 346/800 VUs  3m43.9s/6m00.0s

running (3m44.9s), 349/800 VUs, 2134183 complete and 0 interrupted iterations
pool_saturation_recovery   [  62% ] 349/800 VUs  3m44.9s/6m00.0s

running (3m45.9s), 353/800 VUs, 2141757 complete and 0 interrupted iterations
pool_saturation_recovery   [  63% ] 353/800 VUs  3m45.9s/6m00.0s

running (3m47.0s), 356/800 VUs, 2150134 complete and 0 interrupted iterations
pool_saturation_recovery   [  63% ] 356/800 VUs  3m47.0s/6m00.0s

running (3m47.9s), 359/800 VUs, 2159742 complete and 0 interrupted iterations
pool_saturation_recovery   [  63% ] 359/800 VUs  3m47.9s/6m00.0s

running (3m48.9s), 363/800 VUs, 2169332 complete and 0 interrupted iterations
pool_saturation_recovery   [  64% ] 363/800 VUs  3m48.9s/6m00.0s

running (3m49.9s), 366/800 VUs, 2179604 complete and 0 interrupted iterations
pool_saturation_recovery   [  64% ] 366/800 VUs  3m49.9s/6m00.0s

running (3m51.0s), 369/800 VUs, 2189875 complete and 0 interrupted iterations
pool_saturation_recovery   [  64% ] 369/800 VUs  3m51.0s/6m00.0s

running (3m52.0s), 373/800 VUs, 2199801 complete and 0 interrupted iterations
pool_saturation_recovery   [  64% ] 373/800 VUs  3m52.0s/6m00.0s

running (3m52.9s), 376/800 VUs, 2209062 complete and 0 interrupted iterations
pool_saturation_recovery   [  65% ] 376/800 VUs  3m52.9s/6m00.0s

running (3m53.9s), 379/800 VUs, 2218670 complete and 0 interrupted iterations
pool_saturation_recovery   [  65% ] 379/800 VUs  3m53.9s/6m00.0s

running (3m54.9s), 383/800 VUs, 2229293 complete and 0 interrupted iterations
pool_saturation_recovery   [  65% ] 383/800 VUs  3m54.9s/6m00.0s

running (3m56.0s), 386/800 VUs, 2239560 complete and 0 interrupted iterations
pool_saturation_recovery   [  66% ] 386/800 VUs  3m56.0s/6m00.0s

running (3m56.9s), 389/800 VUs, 2249407 complete and 0 interrupted iterations
pool_saturation_recovery   [  66% ] 389/800 VUs  3m56.9s/6m00.0s

running (3m58.0s), 393/800 VUs, 2258957 complete and 0 interrupted iterations
pool_saturation_recovery   [  66% ] 393/800 VUs  3m58.0s/6m00.0s

running (3m59.0s), 396/800 VUs, 2268730 complete and 0 interrupted iterations
pool_saturation_recovery   [  66% ] 396/800 VUs  3m59.0s/6m00.0s

running (3m59.9s), 399/800 VUs, 2278710 complete and 0 interrupted iterations
pool_saturation_recovery   [  67% ] 399/800 VUs  3m59.9s/6m00.0s

running (4m00.9s), 406/800 VUs, 2289097 complete and 0 interrupted iterations
pool_saturation_recovery   [  67% ] 406/800 VUs  4m00.9s/6m00.0s

running (4m01.9s), 412/800 VUs, 2299229 complete and 0 interrupted iterations
pool_saturation_recovery   [  67% ] 412/800 VUs  4m01.9s/6m00.0s

running (4m02.9s), 419/800 VUs, 2309720 complete and 0 interrupted iterations
pool_saturation_recovery   [  67% ] 419/800 VUs  4m02.9s/6m00.0s

running (4m04.0s), 426/800 VUs, 2320122 complete and 0 interrupted iterations
pool_saturation_recovery   [  68% ] 426/800 VUs  4m04.0s/6m00.0s

running (4m04.9s), 432/800 VUs, 2330886 complete and 0 interrupted iterations
pool_saturation_recovery   [  68% ] 432/800 VUs  4m04.9s/6m00.0s

running (4m05.9s), 439/800 VUs, 2341578 complete and 0 interrupted iterations
pool_saturation_recovery   [  68% ] 439/800 VUs  4m05.9s/6m00.0s

running (4m06.9s), 446/800 VUs, 2350753 complete and 0 interrupted iterations
pool_saturation_recovery   [  69% ] 446/800 VUs  4m06.9s/6m00.0s

running (4m07.9s), 452/800 VUs, 2361558 complete and 0 interrupted iterations
pool_saturation_recovery   [  69% ] 452/800 VUs  4m07.9s/6m00.0s

running (4m08.9s), 459/800 VUs, 2371752 complete and 0 interrupted iterations
pool_saturation_recovery   [  69% ] 459/800 VUs  4m08.9s/6m00.0s

running (4m09.9s), 466/800 VUs, 2382803 complete and 0 interrupted iterations
pool_saturation_recovery   [  69% ] 466/800 VUs  4m09.9s/6m00.0s

running (4m10.9s), 472/800 VUs, 2393714 complete and 0 interrupted iterations
pool_saturation_recovery   [  70% ] 472/800 VUs  4m10.9s/6m00.0s

running (4m11.9s), 479/800 VUs, 2404503 complete and 0 interrupted iterations
pool_saturation_recovery   [  70% ] 479/800 VUs  4m11.9s/6m00.0s

running (4m12.9s), 486/800 VUs, 2413970 complete and 0 interrupted iterations
pool_saturation_recovery   [  70% ] 486/800 VUs  4m12.9s/6m00.0s

running (4m13.9s), 492/800 VUs, 2424696 complete and 0 interrupted iterations
pool_saturation_recovery   [  71% ] 492/800 VUs  4m13.9s/6m00.0s

running (4m14.9s), 499/800 VUs, 2435218 complete and 0 interrupted iterations
pool_saturation_recovery   [  71% ] 499/800 VUs  4m14.9s/6m00.0s

running (4m16.0s), 506/800 VUs, 2446020 complete and 0 interrupted iterations
pool_saturation_recovery   [  71% ] 506/800 VUs  4m16.0s/6m00.0s

running (4m16.9s), 512/800 VUs, 2456813 complete and 0 interrupted iterations
pool_saturation_recovery   [  71% ] 512/800 VUs  4m17.0s/6m00.0s

running (4m17.9s), 519/800 VUs, 2466382 complete and 0 interrupted iterations
pool_saturation_recovery   [  72% ] 519/800 VUs  4m17.9s/6m00.0s

running (4m18.9s), 526/800 VUs, 2477093 complete and 0 interrupted iterations
pool_saturation_recovery   [  72% ] 526/800 VUs  4m18.9s/6m00.0s

running (4m20.0s), 533/800 VUs, 2487568 complete and 0 interrupted iterations
pool_saturation_recovery   [  72% ] 533/800 VUs  4m20.0s/6m00.0s

running (4m20.9s), 539/800 VUs, 2498232 complete and 0 interrupted iterations
pool_saturation_recovery   [  72% ] 539/800 VUs  4m20.9s/6m00.0s

running (4m21.9s), 546/800 VUs, 2508934 complete and 0 interrupted iterations
pool_saturation_recovery   [  73% ] 546/800 VUs  4m21.9s/6m00.0s

running (4m22.9s), 552/800 VUs, 2518988 complete and 0 interrupted iterations
pool_saturation_recovery   [  73% ] 552/800 VUs  4m22.9s/6m00.0s

running (4m23.9s), 559/800 VUs, 2528866 complete and 0 interrupted iterations
pool_saturation_recovery   [  73% ] 559/800 VUs  4m23.9s/6m00.0s

running (4m24.9s), 566/800 VUs, 2539916 complete and 0 interrupted iterations
pool_saturation_recovery   [  74% ] 566/800 VUs  4m24.9s/6m00.0s

running (4m25.9s), 572/800 VUs, 2550381 complete and 0 interrupted iterations
pool_saturation_recovery   [  74% ] 572/800 VUs  4m25.9s/6m00.0s

running (4m26.9s), 579/800 VUs, 2560222 complete and 0 interrupted iterations
pool_saturation_recovery   [  74% ] 579/800 VUs  4m26.9s/6m00.0s

running (4m27.9s), 586/800 VUs, 2571295 complete and 0 interrupted iterations
pool_saturation_recovery   [  74% ] 586/800 VUs  4m27.9s/6m00.0s

running (4m28.9s), 592/800 VUs, 2581325 complete and 0 interrupted iterations
pool_saturation_recovery   [  75% ] 592/800 VUs  4m28.9s/6m00.0s

running (4m29.9s), 599/800 VUs, 2591836 complete and 0 interrupted iterations
pool_saturation_recovery   [  75% ] 599/800 VUs  4m29.9s/6m00.0s

running (4m30.9s), 606/800 VUs, 2602597 complete and 0 interrupted iterations
pool_saturation_recovery   [  75% ] 606/800 VUs  4m30.9s/6m00.0s

running (4m32.0s), 613/800 VUs, 2613418 complete and 0 interrupted iterations
pool_saturation_recovery   [  76% ] 613/800 VUs  4m32.0s/6m00.0s

running (4m32.9s), 619/800 VUs, 2624307 complete and 0 interrupted iterations
pool_saturation_recovery   [  76% ] 619/800 VUs  4m32.9s/6m00.0s

running (4m33.9s), 626/800 VUs, 2634411 complete and 0 interrupted iterations
pool_saturation_recovery   [  76% ] 626/800 VUs  4m33.9s/6m00.0s

running (4m34.9s), 632/800 VUs, 2644364 complete and 0 interrupted iterations
pool_saturation_recovery   [  76% ] 632/800 VUs  4m34.9s/6m00.0s

running (4m35.9s), 639/800 VUs, 2655502 complete and 0 interrupted iterations
pool_saturation_recovery   [  77% ] 639/800 VUs  4m35.9s/6m00.0s

running (4m37.0s), 646/800 VUs, 2666237 complete and 0 interrupted iterations
pool_saturation_recovery   [  77% ] 646/800 VUs  4m37.0s/6m00.0s

running (4m37.9s), 652/800 VUs, 2676494 complete and 0 interrupted iterations
pool_saturation_recovery   [  77% ] 652/800 VUs  4m37.9s/6m00.0s

running (4m38.9s), 659/800 VUs, 2684487 complete and 0 interrupted iterations
pool_saturation_recovery   [  77% ] 659/800 VUs  4m38.9s/6m00.0s

running (4m40.0s), 666/800 VUs, 2694626 complete and 0 interrupted iterations
pool_saturation_recovery   [  78% ] 666/800 VUs  4m40.0s/6m00.0s

running (4m40.9s), 672/800 VUs, 2705129 complete and 0 interrupted iterations
pool_saturation_recovery   [  78% ] 672/800 VUs  4m40.9s/6m00.0s

running (4m41.9s), 679/800 VUs, 2714658 complete and 0 interrupted iterations
pool_saturation_recovery   [  78% ] 679/800 VUs  4m41.9s/6m00.0s

running (4m42.9s), 686/800 VUs, 2723937 complete and 0 interrupted iterations
pool_saturation_recovery   [  79% ] 686/800 VUs  4m42.9s/6m00.0s

running (4m43.9s), 692/800 VUs, 2733985 complete and 0 interrupted iterations
pool_saturation_recovery   [  79% ] 692/800 VUs  4m43.9s/6m00.0s

running (4m44.9s), 699/800 VUs, 2743609 complete and 0 interrupted iterations
pool_saturation_recovery   [  79% ] 699/800 VUs  4m44.9s/6m00.0s

running (4m45.9s), 706/800 VUs, 2752994 complete and 0 interrupted iterations
pool_saturation_recovery   [  79% ] 706/800 VUs  4m45.9s/6m00.0s

running (4m46.9s), 712/800 VUs, 2762301 complete and 0 interrupted iterations
pool_saturation_recovery   [  80% ] 712/800 VUs  4m46.9s/6m00.0s

running (4m48.0s), 719/800 VUs, 2772789 complete and 0 interrupted iterations
pool_saturation_recovery   [  80% ] 719/800 VUs  4m48.0s/6m00.0s

running (4m48.9s), 726/800 VUs, 2784018 complete and 0 interrupted iterations
pool_saturation_recovery   [  80% ] 726/800 VUs  4m48.9s/6m00.0s

running (4m49.9s), 732/800 VUs, 2794309 complete and 0 interrupted iterations
pool_saturation_recovery   [  81% ] 732/800 VUs  4m49.9s/6m00.0s

running (4m50.9s), 739/800 VUs, 2805058 complete and 0 interrupted iterations
pool_saturation_recovery   [  81% ] 739/800 VUs  4m50.9s/6m00.0s

running (4m51.9s), 746/800 VUs, 2815647 complete and 0 interrupted iterations
pool_saturation_recovery   [  81% ] 746/800 VUs  4m51.9s/6m00.0s

running (4m52.9s), 752/800 VUs, 2826279 complete and 0 interrupted iterations
pool_saturation_recovery   [  81% ] 752/800 VUs  4m52.9s/6m00.0s

running (4m53.9s), 759/800 VUs, 2836428 complete and 0 interrupted iterations
pool_saturation_recovery   [  82% ] 759/800 VUs  4m53.9s/6m00.0s

running (4m54.9s), 766/800 VUs, 2846115 complete and 0 interrupted iterations
pool_saturation_recovery   [  82% ] 766/800 VUs  4m54.9s/6m00.0s

running (4m55.9s), 772/800 VUs, 2856653 complete and 0 interrupted iterations
pool_saturation_recovery   [  82% ] 772/800 VUs  4m55.9s/6m00.0s

running (4m56.9s), 779/800 VUs, 2867485 complete and 0 interrupted iterations
pool_saturation_recovery   [  82% ] 779/800 VUs  4m56.9s/6m00.0s

running (4m57.9s), 786/800 VUs, 2878070 complete and 0 interrupted iterations
pool_saturation_recovery   [  83% ] 786/800 VUs  4m57.9s/6m00.0s

running (4m58.9s), 792/800 VUs, 2888445 complete and 0 interrupted iterations
pool_saturation_recovery   [  83% ] 792/800 VUs  4m58.9s/6m00.0s

running (5m00.0s), 799/800 VUs, 2899042 complete and 0 interrupted iterations
pool_saturation_recovery   [  83% ] 799/800 VUs  5m00.0s/6m00.0s

running (5m00.9s), 789/800 VUs, 2909362 complete and 0 interrupted iterations
pool_saturation_recovery   [  84% ] 789/800 VUs  5m00.9s/6m00.0s

running (5m01.9s), 777/800 VUs, 2920116 complete and 0 interrupted iterations
pool_saturation_recovery   [  84% ] 777/800 VUs  5m01.9s/6m00.0s

running (5m02.9s), 764/800 VUs, 2931166 complete and 0 interrupted iterations
pool_saturation_recovery   [  84% ] 764/800 VUs  5m02.9s/6m00.0s

running (5m03.9s), 751/800 VUs, 2941813 complete and 0 interrupted iterations
pool_saturation_recovery   [  84% ] 751/800 VUs  5m03.9s/6m00.0s

running (5m04.9s), 739/800 VUs, 2952659 complete and 0 interrupted iterations
pool_saturation_recovery   [  85% ] 739/800 VUs  5m04.9s/6m00.0s

running (5m05.9s), 727/800 VUs, 2962448 complete and 0 interrupted iterations
pool_saturation_recovery   [  85% ] 727/800 VUs  5m05.9s/6m00.0s

running (5m06.9s), 714/800 VUs, 2973198 complete and 0 interrupted iterations
pool_saturation_recovery   [  85% ] 714/800 VUs  5m06.9s/6m00.0s

running (5m07.9s), 701/800 VUs, 2984000 complete and 0 interrupted iterations
pool_saturation_recovery   [  86% ] 701/800 VUs  5m07.9s/6m00.0s

running (5m08.9s), 689/800 VUs, 2994545 complete and 0 interrupted iterations
pool_saturation_recovery   [  86% ] 689/800 VUs  5m08.9s/6m00.0s

running (5m09.9s), 676/800 VUs, 3004958 complete and 0 interrupted iterations
pool_saturation_recovery   [  86% ] 676/800 VUs  5m09.9s/6m00.0s

running (5m11.0s), 664/800 VUs, 3014948 complete and 0 interrupted iterations
pool_saturation_recovery   [  86% ] 664/800 VUs  5m11.0s/6m00.0s

running (5m12.0s), 651/800 VUs, 3025816 complete and 0 interrupted iterations
pool_saturation_recovery   [  87% ] 651/800 VUs  5m12.0s/6m00.0s

running (5m12.9s), 639/800 VUs, 3036109 complete and 0 interrupted iterations
pool_saturation_recovery   [  87% ] 639/800 VUs  5m12.9s/6m00.0s

running (5m13.9s), 626/800 VUs, 3046067 complete and 0 interrupted iterations
pool_saturation_recovery   [  87% ] 626/800 VUs  5m13.9s/6m00.0s

running (5m15.0s), 614/800 VUs, 3057165 complete and 0 interrupted iterations
pool_saturation_recovery   [  87% ] 614/800 VUs  5m15.0s/6m00.0s

running (5m15.9s), 601/800 VUs, 3067073 complete and 0 interrupted iterations
pool_saturation_recovery   [  88% ] 601/800 VUs  5m15.9s/6m00.0s

running (5m16.9s), 589/800 VUs, 3077314 complete and 0 interrupted iterations
pool_saturation_recovery   [  88% ] 589/800 VUs  5m16.9s/6m00.0s

running (5m17.9s), 576/800 VUs, 3087626 complete and 0 interrupted iterations
pool_saturation_recovery   [  88% ] 576/800 VUs  5m17.9s/6m00.0s

running (5m18.9s), 564/800 VUs, 3098477 complete and 0 interrupted iterations
pool_saturation_recovery   [  89% ] 564/800 VUs  5m18.9s/6m00.0s

running (5m20.0s), 552/800 VUs, 3108349 complete and 0 interrupted iterations
pool_saturation_recovery   [  89% ] 552/800 VUs  5m20.0s/6m00.0s

running (5m21.0s), 540/800 VUs, 3117626 complete and 0 interrupted iterations
pool_saturation_recovery   [  89% ] 540/800 VUs  5m21.0s/6m00.0s

running (5m21.9s), 527/800 VUs, 3127846 complete and 0 interrupted iterations
pool_saturation_recovery   [  89% ] 527/800 VUs  5m21.9s/6m00.0s

running (5m22.9s), 514/800 VUs, 3137982 complete and 0 interrupted iterations
pool_saturation_recovery   [  90% ] 514/800 VUs  5m22.9s/6m00.0s

running (5m23.9s), 502/800 VUs, 3148768 complete and 0 interrupted iterations
pool_saturation_recovery   [  90% ] 502/800 VUs  5m23.9s/6m00.0s

running (5m24.9s), 489/800 VUs, 3159241 complete and 0 interrupted iterations
pool_saturation_recovery   [  90% ] 489/800 VUs  5m24.9s/6m00.0s

running (5m25.9s), 476/800 VUs, 3170243 complete and 0 interrupted iterations
pool_saturation_recovery   [  91% ] 476/800 VUs  5m25.9s/6m00.0s

running (5m26.9s), 464/800 VUs, 3180063 complete and 0 interrupted iterations
pool_saturation_recovery   [  91% ] 464/800 VUs  5m26.9s/6m00.0s

running (5m28.0s), 451/800 VUs, 3190563 complete and 0 interrupted iterations
pool_saturation_recovery   [  91% ] 451/800 VUs  5m28.0s/6m00.0s

running (5m28.9s), 439/800 VUs, 3200364 complete and 0 interrupted iterations
pool_saturation_recovery   [  91% ] 439/800 VUs  5m28.9s/6m00.0s

running (5m29.9s), 426/800 VUs, 3210959 complete and 0 interrupted iterations
pool_saturation_recovery   [  92% ] 426/800 VUs  5m29.9s/6m00.0s

running (5m30.9s), 414/800 VUs, 3221291 complete and 0 interrupted iterations
pool_saturation_recovery   [  92% ] 414/800 VUs  5m30.9s/6m00.0s

running (5m31.9s), 402/800 VUs, 3231474 complete and 0 interrupted iterations
pool_saturation_recovery   [  92% ] 402/800 VUs  5m31.9s/6m00.0s

running (5m32.9s), 389/800 VUs, 3240865 complete and 0 interrupted iterations
pool_saturation_recovery   [  92% ] 389/800 VUs  5m32.9s/6m00.0s

running (5m34.0s), 376/800 VUs, 3251606 complete and 0 interrupted iterations
pool_saturation_recovery   [  93% ] 376/800 VUs  5m34.0s/6m00.0s

running (5m34.9s), 364/800 VUs, 3261667 complete and 0 interrupted iterations
pool_saturation_recovery   [  93% ] 364/800 VUs  5m34.9s/6m00.0s

running (5m35.9s), 351/800 VUs, 3272071 complete and 0 interrupted iterations
pool_saturation_recovery   [  93% ] 351/800 VUs  5m35.9s/6m00.0s

running (5m36.9s), 339/800 VUs, 3282153 complete and 0 interrupted iterations
pool_saturation_recovery   [  94% ] 339/800 VUs  5m36.9s/6m00.0s

running (5m37.9s), 326/800 VUs, 3291747 complete and 0 interrupted iterations
pool_saturation_recovery   [  94% ] 326/800 VUs  5m37.9s/6m00.0s

running (5m38.9s), 314/800 VUs, 3302318 complete and 0 interrupted iterations
pool_saturation_recovery   [  94% ] 314/800 VUs  5m38.9s/6m00.0s

running (5m39.9s), 301/800 VUs, 3312425 complete and 0 interrupted iterations
pool_saturation_recovery   [  94% ] 301/800 VUs  5m39.9s/6m00.0s

running (5m40.9s), 289/800 VUs, 3323000 complete and 0 interrupted iterations
pool_saturation_recovery   [  95% ] 289/800 VUs  5m40.9s/6m00.0s

running (5m41.9s), 276/800 VUs, 3333443 complete and 0 interrupted iterations
pool_saturation_recovery   [  95% ] 276/800 VUs  5m41.9s/6m00.0s

running (5m42.9s), 264/800 VUs, 3343331 complete and 0 interrupted iterations
pool_saturation_recovery   [  95% ] 264/800 VUs  5m42.9s/6m00.0s

running (5m43.9s), 251/800 VUs, 3354194 complete and 0 interrupted iterations
pool_saturation_recovery   [  96% ] 251/800 VUs  5m43.9s/6m00.0s

running (5m44.9s), 239/800 VUs, 3364601 complete and 0 interrupted iterations
pool_saturation_recovery   [  96% ] 239/800 VUs  5m44.9s/6m00.0s

running (5m45.9s), 226/800 VUs, 3375293 complete and 0 interrupted iterations
pool_saturation_recovery   [  96% ] 226/800 VUs  5m45.9s/6m00.0s

running (5m47.0s), 214/800 VUs, 3385485 complete and 0 interrupted iterations
pool_saturation_recovery   [  96% ] 214/800 VUs  5m47.0s/6m00.0s

running (5m47.9s), 201/800 VUs, 3396076 complete and 0 interrupted iterations
pool_saturation_recovery   [  97% ] 201/800 VUs  5m47.9s/6m00.0s

running (5m48.9s), 189/800 VUs, 3405829 complete and 0 interrupted iterations
pool_saturation_recovery   [  97% ] 189/800 VUs  5m48.9s/6m00.0s

running (5m49.9s), 176/800 VUs, 3416412 complete and 0 interrupted iterations
pool_saturation_recovery   [  97% ] 176/800 VUs  5m49.9s/6m00.0s

running (5m51.0s), 164/800 VUs, 3425844 complete and 0 interrupted iterations
pool_saturation_recovery   [  97% ] 164/800 VUs  5m51.0s/6m00.0s

running (5m51.9s), 151/800 VUs, 3436505 complete and 0 interrupted iterations
pool_saturation_recovery   [  98% ] 151/800 VUs  5m51.9s/6m00.0s

running (5m52.9s), 139/800 VUs, 3447370 complete and 0 interrupted iterations
pool_saturation_recovery   [  98% ] 139/800 VUs  5m52.9s/6m00.0s

running (5m53.9s), 126/800 VUs, 3456959 complete and 0 interrupted iterations
pool_saturation_recovery   [  98% ] 126/800 VUs  5m53.9s/6m00.0s

running (5m54.9s), 114/800 VUs, 3467375 complete and 0 interrupted iterations
pool_saturation_recovery   [  99% ] 114/800 VUs  5m54.9s/6m00.0s

running (5m55.9s), 101/800 VUs, 3478047 complete and 0 interrupted iterations
pool_saturation_recovery   [  99% ] 101/800 VUs  5m55.9s/6m00.0s

running (5m56.9s), 089/800 VUs, 3488402 complete and 0 interrupted iterations
pool_saturation_recovery   [  99% ] 089/800 VUs  5m56.9s/6m00.0s

running (5m58.0s), 076/800 VUs, 3498691 complete and 0 interrupted iterations
pool_saturation_recovery   [  99% ] 076/800 VUs  5m58.0s/6m00.0s

running (5m59.0s), 064/800 VUs, 3508020 complete and 0 interrupted iterations
pool_saturation_recovery   [ 100% ] 064/800 VUs  5m59.0s/6m00.0s

running (5m59.9s), 051/800 VUs, 3518035 complete and 0 interrupted iterations
pool_saturation_recovery   [ 100% ] 051/800 VUs  5m59.9s/6m00.0s

running (6m00.0s), 000/800 VUs, 3518509 complete and 0 interrupted iterations
pool_saturation_recovery ✓ [ 100% ] 000/800 VUs  6m0s


  █ THRESHOLDS 

    http_req_duration
    ✓ 'p(99)<1500' p(99)=94.81ms

    http_req_failed
    ✗ 'rate<0.15' rate=100.00%


  █ TOTAL RESULTS 

    checks_total.......: 3518509 9773.394779/s
    checks_succeeded...: 99.99%  3518482 out of 3518509
    checks_failed......: 0.00%   27 out of 3518509

    ✗ status is 200 or 404
      ↳  99% — ✓ 3518482 / ✗ 27

    HTTP
    http_req_duration....: avg=26.26ms med=17.44ms max=277.8ms p(95)=71.68ms p(99)=94.81ms p(99.9)=139.68ms
    http_req_failed......: 100.00% 3518509 out of 3518509
    http_reqs............: 3518509 9773.394779/s

    EXECUTION
    iteration_duration...: avg=26.84ms med=17.7ms  max=30.02s  p(95)=72.38ms p(99)=97.01ms p(99.9)=148.62ms
    iterations...........: 3518509 9773.394779/s
    vus..................: 51      min=10                 max=799
    vus_max..............: 800     min=800                max=800

    NETWORK
    data_received........: 496 MB  1.4 MB/s
    data_sent............: 461 MB  1.3 MB/s




running (6m00.0s), 000/800 VUs, 3518509 complete and 0 interrupted iterations
pool_saturation_recovery ✓ [ 100% ] 000/800 VUs  6m0s
