
         /\      Grafana   /‾‾/  
    /\  /  \     |\  __   /  /   
   /  \/    \    | |/ /  /   ‾‾\ 
  /          \   |   (  |  (‾)  |
 / __________ \  |_|\_\  \_____/ 


     execution: local
        script: bench/k6/tail-latency.js
        output: -

     scenarios: (100.00%) 1 scenario, 3000 max VUs, 8m0s max duration (incl. graceful stop):
              * tail_open_loop: Up to 20000.00 iterations/s for 7m30s over 5 stages (maxVUs: 300-3000, gracefulStop: 30s)


running (0m01.0s), 0001/0300 VUs, 1955 complete and 0 interrupted iterations
tail_open_loop   [   0% ] 0001/0300 VUs  0m01.0s/7m30s  02000.00 iters/s

running (0m02.0s), 0001/0300 VUs, 3955 complete and 0 interrupted iterations
tail_open_loop   [   0% ] 0001/0300 VUs  0m02.0s/7m30s  02000.00 iters/s

running (0m03.0s), 0001/0300 VUs, 5955 complete and 0 interrupted iterations
tail_open_loop   [   1% ] 0001/0300 VUs  0m03.0s/7m30s  02000.00 iters/s

running (0m04.0s), 0001/0300 VUs, 7955 complete and 0 interrupted iterations
tail_open_loop   [   1% ] 0001/0300 VUs  0m04.0s/7m30s  02000.00 iters/s

running (0m05.0s), 0001/0300 VUs, 9955 complete and 0 interrupted iterations
tail_open_loop   [   1% ] 0001/0300 VUs  0m05.0s/7m30s  02000.00 iters/s

running (0m06.0s), 0001/0300 VUs, 11955 complete and 0 interrupted iterations
tail_open_loop   [   1% ] 0001/0300 VUs  0m06.0s/7m30s  02000.00 iters/s

running (0m07.0s), 0001/0300 VUs, 13955 complete and 0 interrupted iterations
tail_open_loop   [   2% ] 0001/0300 VUs  0m07.0s/7m30s  02000.00 iters/s

running (0m08.0s), 0001/0300 VUs, 15955 complete and 0 interrupted iterations
tail_open_loop   [   2% ] 0001/0300 VUs  0m08.0s/7m30s  02000.00 iters/s

running (0m09.0s), 0001/0300 VUs, 17955 complete and 0 interrupted iterations
tail_open_loop   [   2% ] 0001/0300 VUs  0m09.0s/7m30s  02000.00 iters/s

running (0m10.0s), 0001/0300 VUs, 19955 complete and 0 interrupted iterations
tail_open_loop   [   2% ] 0001/0300 VUs  0m10.0s/7m30s  02000.00 iters/s

running (0m11.0s), 0001/0300 VUs, 21955 complete and 0 interrupted iterations
tail_open_loop   [   2% ] 0001/0300 VUs  0m11.0s/7m30s  02000.00 iters/s

running (0m12.0s), 0001/0300 VUs, 23955 complete and 0 interrupted iterations
tail_open_loop   [   3% ] 0001/0300 VUs  0m12.0s/7m30s  02000.00 iters/s

running (0m13.0s), 0001/0300 VUs, 25955 complete and 0 interrupted iterations
tail_open_loop   [   3% ] 0001/0300 VUs  0m13.0s/7m30s  02000.00 iters/s

running (0m14.0s), 0001/0300 VUs, 27955 complete and 0 interrupted iterations
tail_open_loop   [   3% ] 0001/0300 VUs  0m14.0s/7m30s  02000.00 iters/s

running (0m15.0s), 0001/0300 VUs, 29955 complete and 0 interrupted iterations
tail_open_loop   [   3% ] 0001/0300 VUs  0m15.0s/7m30s  02000.00 iters/s

running (0m16.0s), 0001/0300 VUs, 31955 complete and 0 interrupted iterations
tail_open_loop   [   4% ] 0001/0300 VUs  0m16.0s/7m30s  02000.00 iters/s

running (0m17.0s), 0001/0300 VUs, 33955 complete and 0 interrupted iterations
tail_open_loop   [   4% ] 0001/0300 VUs  0m17.0s/7m30s  02000.00 iters/s

running (0m18.0s), 0001/0300 VUs, 35955 complete and 0 interrupted iterations
tail_open_loop   [   4% ] 0001/0300 VUs  0m18.0s/7m30s  02000.00 iters/s

running (0m19.0s), 0001/0300 VUs, 37955 complete and 0 interrupted iterations
tail_open_loop   [   4% ] 0001/0300 VUs  0m19.0s/7m30s  02000.00 iters/s

running (0m20.0s), 0001/0300 VUs, 39955 complete and 0 interrupted iterations
tail_open_loop   [   4% ] 0001/0300 VUs  0m20.0s/7m30s  02000.00 iters/s

running (0m21.0s), 0001/0300 VUs, 41955 complete and 0 interrupted iterations
tail_open_loop   [   5% ] 0001/0300 VUs  0m21.0s/7m30s  02000.00 iters/s

running (0m22.0s), 0001/0300 VUs, 43955 complete and 0 interrupted iterations
tail_open_loop   [   5% ] 0001/0300 VUs  0m22.0s/7m30s  02000.00 iters/s

running (0m23.0s), 0001/0300 VUs, 45955 complete and 0 interrupted iterations
tail_open_loop   [   5% ] 0001/0300 VUs  0m23.0s/7m30s  02000.00 iters/s

running (0m24.0s), 0001/0300 VUs, 47955 complete and 0 interrupted iterations
tail_open_loop   [   5% ] 0001/0300 VUs  0m24.0s/7m30s  02000.00 iters/s

running (0m25.0s), 0001/0300 VUs, 49955 complete and 0 interrupted iterations
tail_open_loop   [   6% ] 0001/0300 VUs  0m25.0s/7m30s  02000.00 iters/s

running (0m26.0s), 0001/0300 VUs, 51955 complete and 0 interrupted iterations
tail_open_loop   [   6% ] 0001/0300 VUs  0m26.0s/7m30s  02000.00 iters/s

running (0m27.0s), 0001/0300 VUs, 53955 complete and 0 interrupted iterations
tail_open_loop   [   6% ] 0001/0300 VUs  0m27.0s/7m30s  02000.00 iters/s

running (0m28.0s), 0001/0300 VUs, 55955 complete and 0 interrupted iterations
tail_open_loop   [   6% ] 0001/0300 VUs  0m28.0s/7m30s  02000.00 iters/s

running (0m29.0s), 0001/0300 VUs, 57955 complete and 0 interrupted iterations
tail_open_loop   [   6% ] 0001/0300 VUs  0m29.0s/7m30s  02000.00 iters/s

running (0m30.0s), 0001/0300 VUs, 59955 complete and 0 interrupted iterations
tail_open_loop   [   7% ] 0001/0300 VUs  0m30.0s/7m30s  02000.00 iters/s

running (0m31.0s), 0001/0300 VUs, 61955 complete and 0 interrupted iterations
tail_open_loop   [   7% ] 0001/0300 VUs  0m31.0s/7m30s  02000.00 iters/s

running (0m32.0s), 0001/0300 VUs, 63955 complete and 0 interrupted iterations
tail_open_loop   [   7% ] 0001/0300 VUs  0m32.0s/7m30s  02000.00 iters/s

running (0m33.0s), 0001/0300 VUs, 65955 complete and 0 interrupted iterations
tail_open_loop   [   7% ] 0001/0300 VUs  0m33.0s/7m30s  02000.00 iters/s

running (0m34.0s), 0001/0300 VUs, 67955 complete and 0 interrupted iterations
tail_open_loop   [   8% ] 0001/0300 VUs  0m34.0s/7m30s  02000.00 iters/s

running (0m35.0s), 0001/0300 VUs, 69955 complete and 0 interrupted iterations
tail_open_loop   [   8% ] 0001/0300 VUs  0m35.0s/7m30s  02000.00 iters/s

running (0m36.0s), 0001/0300 VUs, 71955 complete and 0 interrupted iterations
tail_open_loop   [   8% ] 0001/0300 VUs  0m36.0s/7m30s  02000.00 iters/s

running (0m37.0s), 0001/0300 VUs, 73955 complete and 0 interrupted iterations
tail_open_loop   [   8% ] 0001/0300 VUs  0m37.0s/7m30s  02000.00 iters/s

running (0m38.0s), 0001/0300 VUs, 75955 complete and 0 interrupted iterations
tail_open_loop   [   8% ] 0001/0300 VUs  0m38.0s/7m30s  02000.00 iters/s

running (0m39.0s), 0001/0300 VUs, 77955 complete and 0 interrupted iterations
tail_open_loop   [   9% ] 0001/0300 VUs  0m39.0s/7m30s  02000.00 iters/s

running (0m40.0s), 0001/0300 VUs, 79955 complete and 0 interrupted iterations
tail_open_loop   [   9% ] 0001/0300 VUs  0m40.0s/7m30s  02000.00 iters/s

running (0m41.0s), 0001/0300 VUs, 81955 complete and 0 interrupted iterations
tail_open_loop   [   9% ] 0001/0300 VUs  0m41.0s/7m30s  02000.00 iters/s

running (0m42.0s), 0001/0300 VUs, 83955 complete and 0 interrupted iterations
tail_open_loop   [   9% ] 0001/0300 VUs  0m42.0s/7m30s  02000.00 iters/s

running (0m43.0s), 0001/0300 VUs, 85955 complete and 0 interrupted iterations
tail_open_loop   [  10% ] 0001/0300 VUs  0m43.0s/7m30s  02000.00 iters/s

running (0m44.0s), 0001/0300 VUs, 87955 complete and 0 interrupted iterations
tail_open_loop   [  10% ] 0001/0300 VUs  0m44.0s/7m30s  02000.00 iters/s

running (0m45.0s), 0001/0300 VUs, 89955 complete and 0 interrupted iterations
tail_open_loop   [  10% ] 0001/0300 VUs  0m45.0s/7m30s  02000.00 iters/s

running (0m46.0s), 0001/0300 VUs, 91955 complete and 0 interrupted iterations
tail_open_loop   [  10% ] 0001/0300 VUs  0m46.0s/7m30s  02000.00 iters/s

running (0m47.0s), 0001/0300 VUs, 93955 complete and 0 interrupted iterations
tail_open_loop   [  10% ] 0001/0300 VUs  0m47.0s/7m30s  02000.00 iters/s

running (0m48.0s), 0001/0300 VUs, 95955 complete and 0 interrupted iterations
tail_open_loop   [  11% ] 0001/0300 VUs  0m48.0s/7m30s  02000.00 iters/s

running (0m49.0s), 0001/0300 VUs, 97955 complete and 0 interrupted iterations
tail_open_loop   [  11% ] 0001/0300 VUs  0m49.0s/7m30s  02000.00 iters/s

running (0m50.0s), 0001/0300 VUs, 99955 complete and 0 interrupted iterations
tail_open_loop   [  11% ] 0001/0300 VUs  0m50.0s/7m30s  02000.00 iters/s

running (0m51.0s), 0001/0300 VUs, 101955 complete and 0 interrupted iterations
tail_open_loop   [  11% ] 0001/0300 VUs  0m51.0s/7m30s  02000.00 iters/s

running (0m52.0s), 0001/0300 VUs, 103955 complete and 0 interrupted iterations
tail_open_loop   [  12% ] 0001/0300 VUs  0m52.0s/7m30s  02000.00 iters/s

running (0m53.0s), 0001/0300 VUs, 105955 complete and 0 interrupted iterations
tail_open_loop   [  12% ] 0001/0300 VUs  0m53.0s/7m30s  02000.00 iters/s

running (0m54.0s), 0001/0300 VUs, 107955 complete and 0 interrupted iterations
tail_open_loop   [  12% ] 0001/0300 VUs  0m54.0s/7m30s  02000.00 iters/s

running (0m55.0s), 0001/0300 VUs, 109955 complete and 0 interrupted iterations
tail_open_loop   [  12% ] 0001/0300 VUs  0m55.0s/7m30s  02000.00 iters/s

running (0m56.0s), 0001/0300 VUs, 111955 complete and 0 interrupted iterations
tail_open_loop   [  12% ] 0001/0300 VUs  0m56.0s/7m30s  02000.00 iters/s

running (0m57.0s), 0001/0300 VUs, 113955 complete and 0 interrupted iterations
tail_open_loop   [  13% ] 0001/0300 VUs  0m57.0s/7m30s  02000.00 iters/s

running (0m58.0s), 0001/0300 VUs, 115955 complete and 0 interrupted iterations
tail_open_loop   [  13% ] 0001/0300 VUs  0m58.0s/7m30s  02000.00 iters/s

running (0m59.0s), 0001/0300 VUs, 117955 complete and 0 interrupted iterations
tail_open_loop   [  13% ] 0001/0300 VUs  0m59.0s/7m30s  02000.00 iters/s

running (1m00.0s), 0001/0300 VUs, 119955 complete and 0 interrupted iterations
tail_open_loop   [  13% ] 0001/0300 VUs  1m00.0s/7m30s  02000.00 iters/s

running (1m01.0s), 0001/0300 VUs, 121955 complete and 0 interrupted iterations
tail_open_loop   [  14% ] 0001/0300 VUs  1m01.0s/7m30s  02000.00 iters/s

running (1m02.0s), 0001/0300 VUs, 123955 complete and 0 interrupted iterations
tail_open_loop   [  14% ] 0001/0300 VUs  1m02.0s/7m30s  02000.00 iters/s

running (1m03.0s), 0001/0300 VUs, 125955 complete and 0 interrupted iterations
tail_open_loop   [  14% ] 0001/0300 VUs  1m03.0s/7m30s  02000.00 iters/s

running (1m04.0s), 0001/0300 VUs, 127955 complete and 0 interrupted iterations
tail_open_loop   [  14% ] 0001/0300 VUs  1m04.0s/7m30s  02000.00 iters/s

running (1m05.0s), 0001/0300 VUs, 129955 complete and 0 interrupted iterations
tail_open_loop   [  14% ] 0001/0300 VUs  1m05.0s/7m30s  02000.00 iters/s

running (1m06.0s), 0001/0300 VUs, 131955 complete and 0 interrupted iterations
tail_open_loop   [  15% ] 0001/0300 VUs  1m06.0s/7m30s  02000.00 iters/s

running (1m07.0s), 0001/0300 VUs, 133955 complete and 0 interrupted iterations
tail_open_loop   [  15% ] 0001/0300 VUs  1m07.0s/7m30s  02000.00 iters/s

running (1m08.0s), 0001/0300 VUs, 135955 complete and 0 interrupted iterations
tail_open_loop   [  15% ] 0001/0300 VUs  1m08.0s/7m30s  02000.00 iters/s

running (1m09.0s), 0001/0300 VUs, 137955 complete and 0 interrupted iterations
tail_open_loop   [  15% ] 0001/0300 VUs  1m09.0s/7m30s  02000.00 iters/s

running (1m10.0s), 0001/0300 VUs, 139955 complete and 0 interrupted iterations
tail_open_loop   [  16% ] 0001/0300 VUs  1m10.0s/7m30s  02000.00 iters/s

running (1m11.0s), 0001/0300 VUs, 141955 complete and 0 interrupted iterations
tail_open_loop   [  16% ] 0001/0300 VUs  1m11.0s/7m30s  02000.00 iters/s

running (1m12.0s), 0001/0300 VUs, 143955 complete and 0 interrupted iterations
tail_open_loop   [  16% ] 0001/0300 VUs  1m12.0s/7m30s  02000.00 iters/s

running (1m13.0s), 0001/0300 VUs, 145955 complete and 0 interrupted iterations
tail_open_loop   [  16% ] 0001/0300 VUs  1m13.0s/7m30s  02000.00 iters/s

running (1m14.0s), 0001/0300 VUs, 147955 complete and 0 interrupted iterations
tail_open_loop   [  16% ] 0001/0300 VUs  1m14.0s/7m30s  02000.00 iters/s

running (1m15.0s), 0001/0300 VUs, 149955 complete and 0 interrupted iterations
tail_open_loop   [  17% ] 0001/0300 VUs  1m15.0s/7m30s  02000.00 iters/s

running (1m16.0s), 0001/0300 VUs, 151955 complete and 0 interrupted iterations
tail_open_loop   [  17% ] 0001/0300 VUs  1m16.0s/7m30s  02000.00 iters/s

running (1m17.0s), 0001/0300 VUs, 153955 complete and 0 interrupted iterations
tail_open_loop   [  17% ] 0001/0300 VUs  1m17.0s/7m30s  02000.00 iters/s

running (1m18.0s), 0001/0300 VUs, 155955 complete and 0 interrupted iterations
tail_open_loop   [  17% ] 0001/0300 VUs  1m18.0s/7m30s  02000.00 iters/s

running (1m19.0s), 0001/0300 VUs, 157955 complete and 0 interrupted iterations
tail_open_loop   [  18% ] 0001/0300 VUs  1m19.0s/7m30s  02000.00 iters/s

running (1m20.0s), 0001/0300 VUs, 159955 complete and 0 interrupted iterations
tail_open_loop   [  18% ] 0001/0300 VUs  1m20.0s/7m30s  02000.00 iters/s

running (1m21.0s), 0001/0300 VUs, 161955 complete and 0 interrupted iterations
tail_open_loop   [  18% ] 0001/0300 VUs  1m21.0s/7m30s  02000.00 iters/s

running (1m22.0s), 0001/0300 VUs, 163955 complete and 0 interrupted iterations
tail_open_loop   [  18% ] 0001/0300 VUs  1m22.0s/7m30s  02000.00 iters/s

running (1m23.0s), 0001/0300 VUs, 165955 complete and 0 interrupted iterations
tail_open_loop   [  18% ] 0001/0300 VUs  1m23.0s/7m30s  02000.00 iters/s

running (1m24.0s), 0001/0300 VUs, 167955 complete and 0 interrupted iterations
tail_open_loop   [  19% ] 0001/0300 VUs  1m24.0s/7m30s  02000.00 iters/s

running (1m25.0s), 0001/0300 VUs, 169955 complete and 0 interrupted iterations
tail_open_loop   [  19% ] 0001/0300 VUs  1m25.0s/7m30s  02000.00 iters/s

running (1m26.0s), 0001/0300 VUs, 171955 complete and 0 interrupted iterations
tail_open_loop   [  19% ] 0001/0300 VUs  1m26.0s/7m30s  02000.00 iters/s

running (1m27.0s), 0001/0300 VUs, 173955 complete and 0 interrupted iterations
tail_open_loop   [  19% ] 0001/0300 VUs  1m27.0s/7m30s  02000.00 iters/s

running (1m28.0s), 0001/0300 VUs, 175955 complete and 0 interrupted iterations
tail_open_loop   [  20% ] 0001/0300 VUs  1m28.0s/7m30s  02000.00 iters/s

running (1m29.0s), 0001/0300 VUs, 177955 complete and 0 interrupted iterations
tail_open_loop   [  20% ] 0001/0300 VUs  1m29.0s/7m30s  02000.00 iters/s

running (1m30.0s), 0001/0300 VUs, 179955 complete and 0 interrupted iterations
tail_open_loop   [  20% ] 0001/0300 VUs  1m30.0s/7m30s  02000.00 iters/s

running (1m31.0s), 0001/0300 VUs, 181971 complete and 0 interrupted iterations
tail_open_loop   [  20% ] 0001/0300 VUs  1m31.0s/7m30s  02032.61 iters/s

running (1m32.0s), 0000/0300 VUs, 184021 complete and 0 interrupted iterations
tail_open_loop   [  20% ] 0000/0300 VUs  1m32.0s/7m30s  02065.94 iters/s

running (1m33.0s), 0000/0300 VUs, 186103 complete and 0 interrupted iterations
tail_open_loop   [  21% ] 0000/0300 VUs  1m33.0s/7m30s  02099.26 iters/s

running (1m34.0s), 0001/0300 VUs, 188219 complete and 0 interrupted iterations
tail_open_loop   [  21% ] 0001/0300 VUs  1m34.0s/7m30s  02132.61 iters/s

running (1m35.0s), 0001/0300 VUs, 190368 complete and 0 interrupted iterations
tail_open_loop   [  21% ] 0001/0300 VUs  1m35.0s/7m30s  02165.94 iters/s

running (1m36.0s), 0000/0300 VUs, 192551 complete and 0 interrupted iterations
tail_open_loop   [  21% ] 0000/0300 VUs  1m36.0s/7m30s  02199.27 iters/s

running (1m37.0s), 0000/0300 VUs, 194767 complete and 0 interrupted iterations
tail_open_loop   [  22% ] 0000/0300 VUs  1m37.0s/7m30s  02232.60 iters/s

running (1m38.0s), 0001/0300 VUs, 197016 complete and 0 interrupted iterations
tail_open_loop   [  22% ] 0001/0300 VUs  1m38.0s/7m30s  02265.94 iters/s

running (1m39.0s), 0000/0300 VUs, 199299 complete and 0 interrupted iterations
tail_open_loop   [  22% ] 0000/0300 VUs  1m39.0s/7m30s  02299.27 iters/s

running (1m40.0s), 0000/0300 VUs, 201615 complete and 0 interrupted iterations
tail_open_loop   [  22% ] 0000/0300 VUs  1m40.0s/7m30s  02332.60 iters/s

running (1m41.0s), 0000/0300 VUs, 203964 complete and 0 interrupted iterations
tail_open_loop   [  22% ] 0000/0300 VUs  1m41.0s/7m30s  02365.93 iters/s

running (1m42.0s), 0000/0300 VUs, 206347 complete and 0 interrupted iterations
tail_open_loop   [  23% ] 0000/0300 VUs  1m42.0s/7m30s  02399.27 iters/s

running (1m43.0s), 0001/0300 VUs, 208762 complete and 0 interrupted iterations
tail_open_loop   [  23% ] 0001/0300 VUs  1m43.0s/7m30s  02432.60 iters/s

running (1m44.0s), 0000/0300 VUs, 211212 complete and 0 interrupted iterations
tail_open_loop   [  23% ] 0000/0300 VUs  1m44.0s/7m30s  02465.94 iters/s

running (1m45.0s), 0001/0300 VUs, 213694 complete and 0 interrupted iterations
tail_open_loop   [  23% ] 0001/0300 VUs  1m45.0s/7m30s  02499.28 iters/s

running (1m46.0s), 0001/0300 VUs, 216210 complete and 0 interrupted iterations
tail_open_loop   [  24% ] 0001/0300 VUs  1m46.0s/7m30s  02532.61 iters/s

running (1m47.0s), 0001/0300 VUs, 218759 complete and 0 interrupted iterations
tail_open_loop   [  24% ] 0001/0300 VUs  1m47.0s/7m30s  02565.93 iters/s

running (1m48.0s), 0001/0300 VUs, 221342 complete and 0 interrupted iterations
tail_open_loop   [  24% ] 0001/0300 VUs  1m48.0s/7m30s  02599.28 iters/s

running (1m49.0s), 0001/0300 VUs, 223958 complete and 0 interrupted iterations
tail_open_loop   [  24% ] 0001/0300 VUs  1m49.0s/7m30s  02632.60 iters/s

running (1m50.0s), 0001/0300 VUs, 226607 complete and 0 interrupted iterations
tail_open_loop   [  24% ] 0001/0300 VUs  1m50.0s/7m30s  02665.94 iters/s

running (1m51.0s), 0001/0300 VUs, 229290 complete and 0 interrupted iterations
tail_open_loop   [  25% ] 0001/0300 VUs  1m51.0s/7m30s  02699.27 iters/s

running (1m52.0s), 0000/0300 VUs, 232006 complete and 0 interrupted iterations
tail_open_loop   [  25% ] 0001/0300 VUs  1m52.0s/7m30s  02732.61 iters/s

running (1m53.0s), 0001/0300 VUs, 234755 complete and 0 interrupted iterations
tail_open_loop   [  25% ] 0001/0300 VUs  1m53.0s/7m30s  02765.94 iters/s

running (1m54.0s), 0000/0300 VUs, 237538 complete and 0 interrupted iterations
tail_open_loop   [  25% ] 0000/0300 VUs  1m54.0s/7m30s  02799.27 iters/s

running (1m55.0s), 0000/0300 VUs, 240354 complete and 0 interrupted iterations
tail_open_loop   [  26% ] 0000/0300 VUs  1m55.0s/7m30s  02832.60 iters/s

running (1m56.0s), 0001/0300 VUs, 243203 complete and 0 interrupted iterations
tail_open_loop   [  26% ] 0001/0300 VUs  1m56.0s/7m30s  02865.94 iters/s

running (1m57.0s), 0000/0300 VUs, 246086 complete and 0 interrupted iterations
tail_open_loop   [  26% ] 0000/0300 VUs  1m57.0s/7m30s  02899.27 iters/s

running (1m58.0s), 0001/0300 VUs, 249001 complete and 0 interrupted iterations
tail_open_loop   [  26% ] 0001/0300 VUs  1m58.0s/7m30s  02932.60 iters/s

running (1m59.0s), 0000/0300 VUs, 251951 complete and 0 interrupted iterations
tail_open_loop   [  26% ] 0000/0300 VUs  1m59.0s/7m30s  02965.93 iters/s

running (2m00.0s), 0001/0300 VUs, 254933 complete and 0 interrupted iterations
tail_open_loop   [  27% ] 0001/0300 VUs  2m00.0s/7m30s  02999.27 iters/s

running (2m01.0s), 0001/0300 VUs, 257949 complete and 0 interrupted iterations
tail_open_loop   [  27% ] 0001/0300 VUs  2m01.0s/7m30s  03032.61 iters/s

running (2m02.0s), 0000/0300 VUs, 260999 complete and 0 interrupted iterations
tail_open_loop   [  27% ] 0000/0300 VUs  2m02.0s/7m30s  03065.93 iters/s

running (2m03.0s), 0001/0300 VUs, 264081 complete and 0 interrupted iterations
tail_open_loop   [  27% ] 0001/0300 VUs  2m03.0s/7m30s  03099.28 iters/s

running (2m04.0s), 0001/0300 VUs, 267197 complete and 0 interrupted iterations
tail_open_loop   [  28% ] 0001/0300 VUs  2m04.0s/7m30s  03132.61 iters/s

running (2m05.0s), 0001/0300 VUs, 270346 complete and 0 interrupted iterations
tail_open_loop   [  28% ] 0001/0300 VUs  2m05.0s/7m30s  03165.94 iters/s

running (2m06.0s), 0000/0300 VUs, 273529 complete and 0 interrupted iterations
tail_open_loop   [  28% ] 0000/0300 VUs  2m06.0s/7m30s  03199.28 iters/s

running (2m07.0s), 0001/0300 VUs, 276745 complete and 0 interrupted iterations
tail_open_loop   [  28% ] 0001/0300 VUs  2m07.0s/7m30s  03232.62 iters/s

running (2m08.0s), 0001/0300 VUs, 279994 complete and 0 interrupted iterations
tail_open_loop   [  28% ] 0001/0300 VUs  2m08.0s/7m30s  03265.95 iters/s

running (2m09.0s), 0000/0300 VUs, 283277 complete and 0 interrupted iterations
tail_open_loop   [  29% ] 0000/0300 VUs  2m09.0s/7m30s  03299.26 iters/s

running (2m10.0s), 0000/0300 VUs, 286593 complete and 0 interrupted iterations
tail_open_loop   [  29% ] 0000/0300 VUs  2m10.0s/7m30s  03332.60 iters/s

running (2m11.0s), 0001/0300 VUs, 289942 complete and 0 interrupted iterations
tail_open_loop   [  29% ] 0001/0300 VUs  2m11.0s/7m30s  03365.95 iters/s

running (2m12.0s), 0000/0300 VUs, 293325 complete and 0 interrupted iterations
tail_open_loop   [  29% ] 0000/0300 VUs  2m12.0s/7m30s  03399.27 iters/s

running (2m13.0s), 0000/0300 VUs, 296741 complete and 0 interrupted iterations
tail_open_loop   [  30% ] 0000/0300 VUs  2m13.0s/7m30s  03432.60 iters/s

running (2m14.0s), 0000/0300 VUs, 300190 complete and 0 interrupted iterations
tail_open_loop   [  30% ] 0000/0300 VUs  2m14.0s/7m30s  03465.94 iters/s

running (2m15.0s), 0001/0300 VUs, 303672 complete and 0 interrupted iterations
tail_open_loop   [  30% ] 0001/0300 VUs  2m15.0s/7m30s  03499.27 iters/s

running (2m16.0s), 0001/0300 VUs, 307188 complete and 0 interrupted iterations
tail_open_loop   [  30% ] 0001/0300 VUs  2m16.0s/7m30s  03532.61 iters/s

running (2m17.0s), 0000/0300 VUs, 310738 complete and 0 interrupted iterations
tail_open_loop   [  30% ] 0000/0300 VUs  2m17.0s/7m30s  03565.94 iters/s

running (2m18.0s), 0001/0300 VUs, 314320 complete and 0 interrupted iterations
tail_open_loop   [  31% ] 0001/0300 VUs  2m18.0s/7m30s  03599.27 iters/s

running (2m19.0s), 0001/0300 VUs, 317936 complete and 0 interrupted iterations
tail_open_loop   [  31% ] 0001/0300 VUs  2m19.0s/7m30s  03632.60 iters/s

running (2m20.0s), 0001/0300 VUs, 321585 complete and 0 interrupted iterations
tail_open_loop   [  31% ] 0001/0300 VUs  2m20.0s/7m30s  03665.93 iters/s

running (2m21.0s), 0001/0300 VUs, 325268 complete and 0 interrupted iterations
tail_open_loop   [  31% ] 0001/0300 VUs  2m21.0s/7m30s  03699.26 iters/s

running (2m22.0s), 0000/0300 VUs, 328984 complete and 0 interrupted iterations
tail_open_loop   [  32% ] 0000/0300 VUs  2m22.0s/7m30s  03732.61 iters/s

running (2m23.0s), 0000/0300 VUs, 332733 complete and 0 interrupted iterations
tail_open_loop   [  32% ] 0000/0300 VUs  2m23.0s/7m30s  03765.94 iters/s

running (2m24.0s), 0000/0300 VUs, 336516 complete and 0 interrupted iterations
tail_open_loop   [  32% ] 0000/0300 VUs  2m24.0s/7m30s  03799.28 iters/s

running (2m25.0s), 0000/0300 VUs, 340332 complete and 0 interrupted iterations
tail_open_loop   [  32% ] 0000/0300 VUs  2m25.0s/7m30s  03832.61 iters/s

running (2m26.0s), 0001/0300 VUs, 344181 complete and 0 interrupted iterations
tail_open_loop   [  32% ] 0001/0300 VUs  2m26.0s/7m30s  03865.94 iters/s

running (2m27.0s), 0001/0300 VUs, 348063 complete and 0 interrupted iterations
tail_open_loop   [  33% ] 0001/0300 VUs  2m27.0s/7m30s  03899.27 iters/s

running (2m28.0s), 0001/0300 VUs, 351979 complete and 0 interrupted iterations
tail_open_loop   [  33% ] 0001/0300 VUs  2m28.0s/7m30s  03932.61 iters/s

running (2m29.0s), 0001/0300 VUs, 355928 complete and 0 interrupted iterations
tail_open_loop   [  33% ] 0001/0300 VUs  2m29.0s/7m30s  03965.92 iters/s

running (2m30.0s), 0000/0300 VUs, 359912 complete and 0 interrupted iterations
tail_open_loop   [  33% ] 0000/0300 VUs  2m30.0s/7m30s  03999.26 iters/s

running (2m31.0s), 0001/0300 VUs, 363927 complete and 0 interrupted iterations
tail_open_loop   [  34% ] 0001/0300 VUs  2m31.0s/7m30s  04032.60 iters/s

running (2m32.0s), 0000/0300 VUs, 367977 complete and 0 interrupted iterations
tail_open_loop   [  34% ] 0000/0300 VUs  2m32.0s/7m30s  04065.93 iters/s

running (2m33.0s), 0001/0300 VUs, 372059 complete and 0 interrupted iterations
tail_open_loop   [  34% ] 0001/0300 VUs  2m33.0s/7m30s  04099.27 iters/s

running (2m34.0s), 0001/0300 VUs, 376175 complete and 0 interrupted iterations
tail_open_loop   [  34% ] 0001/0300 VUs  2m34.0s/7m30s  04132.61 iters/s

running (2m35.0s), 0001/0300 VUs, 380324 complete and 0 interrupted iterations
tail_open_loop   [  34% ] 0001/0300 VUs  2m35.0s/7m30s  04165.94 iters/s

running (2m36.0s), 0001/0300 VUs, 384507 complete and 0 interrupted iterations
tail_open_loop   [  35% ] 0001/0300 VUs  2m36.0s/7m30s  04199.26 iters/s

running (2m37.0s), 0001/0300 VUs, 388723 complete and 0 interrupted iterations
tail_open_loop   [  35% ] 0001/0300 VUs  2m37.0s/7m30s  04232.61 iters/s

running (2m38.0s), 0001/0300 VUs, 392972 complete and 0 interrupted iterations
tail_open_loop   [  35% ] 0001/0300 VUs  2m38.0s/7m30s  04265.94 iters/s

running (2m39.0s), 0000/0300 VUs, 397255 complete and 0 interrupted iterations
tail_open_loop   [  35% ] 0000/0300 VUs  2m39.0s/7m30s  04299.26 iters/s

running (2m40.0s), 0000/0300 VUs, 401571 complete and 0 interrupted iterations
tail_open_loop   [  36% ] 0000/0300 VUs  2m40.0s/7m30s  04332.61 iters/s

running (2m41.0s), 0001/0300 VUs, 405920 complete and 0 interrupted iterations
tail_open_loop   [  36% ] 0001/0300 VUs  2m41.0s/7m30s  04365.94 iters/s

running (2m42.0s), 0000/0300 VUs, 410303 complete and 0 interrupted iterations
tail_open_loop   [  36% ] 0000/0300 VUs  2m42.0s/7m30s  04399.28 iters/s

running (2m43.0s), 0000/0300 VUs, 414719 complete and 0 interrupted iterations
tail_open_loop   [  36% ] 0000/0300 VUs  2m43.0s/7m30s  04432.58 iters/s

running (2m44.0s), 0001/0300 VUs, 419168 complete and 0 interrupted iterations
tail_open_loop   [  36% ] 0001/0300 VUs  2m44.0s/7m30s  04465.94 iters/s

running (2m45.0s), 0000/0300 VUs, 423651 complete and 0 interrupted iterations
tail_open_loop   [  37% ] 0000/0300 VUs  2m45.0s/7m30s  04499.28 iters/s

running (2m46.0s), 0001/0300 VUs, 428166 complete and 0 interrupted iterations
tail_open_loop   [  37% ] 0001/0300 VUs  2m46.0s/7m30s  04532.60 iters/s

running (2m47.0s), 0000/0300 VUs, 432716 complete and 0 interrupted iterations
tail_open_loop   [  37% ] 0000/0300 VUs  2m47.0s/7m30s  04565.94 iters/s

running (2m48.0s), 0001/0300 VUs, 437298 complete and 0 interrupted iterations
tail_open_loop   [  37% ] 0001/0300 VUs  2m48.0s/7m30s  04599.27 iters/s

running (2m49.0s), 0001/0300 VUs, 441914 complete and 0 interrupted iterations
tail_open_loop   [  38% ] 0001/0300 VUs  2m49.0s/7m30s  04632.59 iters/s

running (2m50.0s), 0000/0300 VUs, 446564 complete and 0 interrupted iterations
tail_open_loop   [  38% ] 0000/0300 VUs  2m50.0s/7m30s  04665.94 iters/s

running (2m51.0s), 0001/0300 VUs, 451246 complete and 0 interrupted iterations
tail_open_loop   [  38% ] 0001/0300 VUs  2m51.0s/7m30s  04699.29 iters/s

running (2m52.0s), 0000/0300 VUs, 455962 complete and 0 interrupted iterations
tail_open_loop   [  38% ] 0000/0300 VUs  2m52.0s/7m30s  04732.59 iters/s

running (2m53.0s), 0001/0300 VUs, 460711 complete and 0 interrupted iterations
tail_open_loop   [  38% ] 0001/0300 VUs  2m53.0s/7m30s  04765.92 iters/s

running (2m54.0s), 0000/0300 VUs, 465494 complete and 0 interrupted iterations
tail_open_loop   [  39% ] 0000/0300 VUs  2m54.0s/7m30s  04799.27 iters/s

running (2m55.0s), 0000/0300 VUs, 470310 complete and 0 interrupted iterations
tail_open_loop   [  39% ] 0000/0300 VUs  2m55.0s/7m30s  04832.60 iters/s

running (2m56.0s), 0000/0300 VUs, 475159 complete and 0 interrupted iterations
tail_open_loop   [  39% ] 0000/0300 VUs  2m56.0s/7m30s  04865.94 iters/s

running (2m57.0s), 0000/0300 VUs, 480042 complete and 0 interrupted iterations
tail_open_loop   [  39% ] 0000/0300 VUs  2m57.0s/7m30s  04899.27 iters/s

running (2m58.0s), 0000/0300 VUs, 484958 complete and 0 interrupted iterations
tail_open_loop   [  40% ] 0000/0300 VUs  2m58.0s/7m30s  04932.60 iters/s

running (2m59.0s), 0001/0300 VUs, 489907 complete and 0 interrupted iterations
tail_open_loop   [  40% ] 0001/0300 VUs  2m59.0s/7m30s  04965.93 iters/s

running (3m00.0s), 0000/0300 VUs, 494890 complete and 0 interrupted iterations
tail_open_loop   [  40% ] 0000/0300 VUs  3m00.0s/7m30s  04999.28 iters/s

running (3m01.0s), 0001/0300 VUs, 499916 complete and 0 interrupted iterations
tail_open_loop   [  40% ] 0001/0300 VUs  3m01.0s/7m30s  05054.36 iters/s

running (3m02.0s), 0000/0300 VUs, 504998 complete and 0 interrupted iterations
tail_open_loop   [  40% ] 0000/0300 VUs  3m02.0s/7m30s  05109.89 iters/s

running (3m03.0s), 0000/0300 VUs, 510136 complete and 0 interrupted iterations
tail_open_loop   [  41% ] 0000/0300 VUs  3m03.0s/7m30s  05165.45 iters/s

running (3m04.0s), 0001/0300 VUs, 515329 complete and 0 interrupted iterations
tail_open_loop   [  41% ] 0001/0300 VUs  3m04.0s/7m30s  05221.01 iters/s

running (3m05.0s), 0000/0300 VUs, 520578 complete and 0 interrupted iterations
tail_open_loop   [  41% ] 0000/0300 VUs  3m05.0s/7m30s  05276.54 iters/s

running (3m06.0s), 0001/0300 VUs, 525882 complete and 0 interrupted iterations
tail_open_loop   [  41% ] 0001/0300 VUs  3m06.0s/7m30s  05332.11 iters/s

running (3m07.0s), 0001/0300 VUs, 531242 complete and 0 interrupted iterations
tail_open_loop   [  42% ] 0001/0300 VUs  3m07.0s/7m30s  05387.67 iters/s

running (3m08.0s), 0001/0300 VUs, 536657 complete and 0 interrupted iterations
tail_open_loop   [  42% ] 0001/0300 VUs  3m08.0s/7m30s  05443.24 iters/s

running (3m09.0s), 0001/0300 VUs, 542128 complete and 0 interrupted iterations
tail_open_loop   [  42% ] 0001/0300 VUs  3m09.0s/7m30s  05498.80 iters/s

running (3m10.0s), 0001/0300 VUs, 547655 complete and 0 interrupted iterations
tail_open_loop   [  42% ] 0001/0300 VUs  3m10.0s/7m30s  05554.35 iters/s

running (3m11.0s), 0001/0300 VUs, 553237 complete and 0 interrupted iterations
tail_open_loop   [  42% ] 0001/0300 VUs  3m11.0s/7m30s  05609.91 iters/s

running (3m12.0s), 0001/0300 VUs, 558875 complete and 0 interrupted iterations
tail_open_loop   [  43% ] 0001/0300 VUs  3m12.0s/7m30s  05665.47 iters/s

running (3m13.0s), 0001/0300 VUs, 564568 complete and 0 interrupted iterations
tail_open_loop   [  43% ] 0001/0300 VUs  3m13.0s/7m30s  05721.02 iters/s

running (3m14.0s), 0001/0300 VUs, 570317 complete and 0 interrupted iterations
tail_open_loop   [  43% ] 0001/0300 VUs  3m14.0s/7m30s  05776.57 iters/s

running (3m15.0s), 0001/0300 VUs, 576121 complete and 0 interrupted iterations
tail_open_loop   [  43% ] 0001/0300 VUs  3m15.0s/7m30s  05832.13 iters/s

running (3m16.0s), 0001/0300 VUs, 581981 complete and 0 interrupted iterations
tail_open_loop   [  44% ] 0001/0300 VUs  3m16.0s/7m30s  05887.65 iters/s

running (3m17.0s), 0000/0300 VUs, 587897 complete and 0 interrupted iterations
tail_open_loop   [  44% ] 0000/0300 VUs  3m17.0s/7m30s  05943.22 iters/s

running (3m18.0s), 0000/0300 VUs, 593868 complete and 0 interrupted iterations
tail_open_loop   [  44% ] 0000/0300 VUs  3m18.0s/7m30s  05998.76 iters/s

running (3m19.0s), 0001/0300 VUs, 599894 complete and 0 interrupted iterations
tail_open_loop   [  44% ] 0001/0300 VUs  3m19.0s/7m30s  06054.33 iters/s

running (3m20.0s), 0001/0300 VUs, 605976 complete and 0 interrupted iterations
tail_open_loop   [  44% ] 0001/0300 VUs  3m20.0s/7m30s  06109.89 iters/s

running (3m21.0s), 0001/0300 VUs, 612114 complete and 0 interrupted iterations
tail_open_loop   [  45% ] 0001/0300 VUs  3m21.0s/7m30s  06165.46 iters/s

running (3m22.0s), 0001/0300 VUs, 618307 complete and 0 interrupted iterations
tail_open_loop   [  45% ] 0001/0300 VUs  3m22.0s/7m30s  06220.99 iters/s

running (3m23.0s), 0001/0300 VUs, 624556 complete and 0 interrupted iterations
tail_open_loop   [  45% ] 0001/0300 VUs  3m23.0s/7m30s  06276.56 iters/s

running (3m24.0s), 0001/0300 VUs, 630860 complete and 0 interrupted iterations
tail_open_loop   [  45% ] 0001/0300 VUs  3m24.0s/7m30s  06332.12 iters/s

running (3m25.0s), 0001/0300 VUs, 637220 complete and 0 interrupted iterations
tail_open_loop   [  46% ] 0001/0300 VUs  3m25.0s/7m30s  06387.65 iters/s

running (3m26.0s), 0000/0300 VUs, 643636 complete and 0 interrupted iterations
tail_open_loop   [  46% ] 0000/0300 VUs  3m26.0s/7m30s  06443.22 iters/s

running (3m27.0s), 0000/0300 VUs, 650107 complete and 0 interrupted iterations
tail_open_loop   [  46% ] 0000/0300 VUs  3m27.0s/7m30s  06498.78 iters/s

running (3m28.0s), 0001/0300 VUs, 656633 complete and 0 interrupted iterations
tail_open_loop   [  46% ] 0001/0300 VUs  3m28.0s/7m30s  06554.37 iters/s

running (3m29.0s), 0001/0300 VUs, 663215 complete and 0 interrupted iterations
tail_open_loop   [  46% ] 0001/0300 VUs  3m29.0s/7m30s  06609.91 iters/s

running (3m30.0s), 0001/0300 VUs, 669853 complete and 0 interrupted iterations
tail_open_loop   [  47% ] 0001/0300 VUs  3m30.0s/7m30s  06665.47 iters/s

running (3m31.0s), 0001/0300 VUs, 676546 complete and 0 interrupted iterations
tail_open_loop   [  47% ] 0001/0300 VUs  3m31.0s/7m30s  06721.02 iters/s

running (3m32.0s), 0001/0300 VUs, 683295 complete and 0 interrupted iterations
tail_open_loop   [  47% ] 0001/0300 VUs  3m32.0s/7m30s  06776.58 iters/s

running (3m33.0s), 0001/0300 VUs, 690099 complete and 0 interrupted iterations
tail_open_loop   [  47% ] 0001/0300 VUs  3m33.0s/7m30s  06832.14 iters/s

running (3m34.0s), 0001/0300 VUs, 696959 complete and 0 interrupted iterations
tail_open_loop   [  48% ] 0001/0300 VUs  3m34.0s/7m30s  06887.67 iters/s

running (3m35.0s), 0000/0300 VUs, 703875 complete and 0 interrupted iterations
tail_open_loop   [  48% ] 0000/0300 VUs  3m35.0s/7m30s  06943.24 iters/s

running (3m36.0s), 0000/0300 VUs, 710846 complete and 0 interrupted iterations
tail_open_loop   [  48% ] 0000/0300 VUs  3m36.0s/7m30s  06998.78 iters/s

running (3m37.0s), 0001/0300 VUs, 717872 complete and 0 interrupted iterations
tail_open_loop   [  48% ] 0001/0300 VUs  3m37.0s/7m30s  07054.38 iters/s

running (3m38.0s), 0001/0300 VUs, 724954 complete and 0 interrupted iterations
tail_open_loop   [  48% ] 0001/0300 VUs  3m38.0s/7m30s  07109.90 iters/s

running (3m39.0s), 0001/0300 VUs, 732092 complete and 0 interrupted iterations
tail_open_loop   [  49% ] 0001/0300 VUs  3m39.0s/7m30s  07165.43 iters/s

running (3m40.0s), 0001/0300 VUs, 739285 complete and 0 interrupted iterations
tail_open_loop   [  49% ] 0001/0300 VUs  3m40.0s/7m30s  07221.05 iters/s

running (3m41.0s), 0000/0300 VUs, 746534 complete and 0 interrupted iterations
tail_open_loop   [  49% ] 0000/0300 VUs  3m41.0s/7m30s  07276.59 iters/s

running (3m42.0s), 0000/0300 VUs, 753839 complete and 0 interrupted iterations
tail_open_loop   [  49% ] 0000/0300 VUs  3m42.0s/7m30s  07332.13 iters/s

running (3m43.0s), 0001/0300 VUs, 761198 complete and 0 interrupted iterations
tail_open_loop   [  50% ] 0001/0300 VUs  3m43.0s/7m30s  07387.65 iters/s

running (3m44.0s), 0000/0300 VUs, 768614 complete and 0 interrupted iterations
tail_open_loop   [  50% ] 0000/0300 VUs  3m44.0s/7m30s  07443.19 iters/s

running (3m45.0s), 0000/0300 VUs, 776085 complete and 0 interrupted iterations
tail_open_loop   [  50% ] 0000/0300 VUs  3m45.0s/7m30s  07498.78 iters/s

running (3m46.0s), 0001/0300 VUs, 783611 complete and 0 interrupted iterations
tail_open_loop   [  50% ] 0001/0300 VUs  3m46.0s/7m30s  07554.35 iters/s

running (3m47.0s), 0001/0300 VUs, 791193 complete and 0 interrupted iterations
tail_open_loop   [  50% ] 0001/0300 VUs  3m47.0s/7m30s  07609.89 iters/s

running (3m48.0s), 0001/0300 VUs, 798831 complete and 0 interrupted iterations
tail_open_loop   [  51% ] 0001/0300 VUs  3m48.0s/7m30s  07665.48 iters/s

running (3m49.0s), 0001/0300 VUs, 806524 complete and 0 interrupted iterations
tail_open_loop   [  51% ] 0001/0300 VUs  3m49.0s/7m30s  07720.99 iters/s

running (3m50.0s), 0001/0300 VUs, 814273 complete and 0 interrupted iterations
tail_open_loop   [  51% ] 0001/0300 VUs  3m50.0s/7m30s  07776.53 iters/s

running (3m51.0s), 0000/0300 VUs, 822078 complete and 0 interrupted iterations
tail_open_loop   [  51% ] 0000/0300 VUs  3m51.0s/7m30s  07832.14 iters/s

running (3m52.0s), 0001/0300 VUs, 829937 complete and 0 interrupted iterations
tail_open_loop   [  52% ] 0001/0300 VUs  3m52.0s/7m30s  07887.68 iters/s

running (3m53.0s), 0000/0300 VUs, 837853 complete and 0 interrupted iterations
tail_open_loop   [  52% ] 0000/0300 VUs  3m53.0s/7m30s  07943.25 iters/s

running (3m54.0s), 0000/0300 VUs, 845824 complete and 0 interrupted iterations
tail_open_loop   [  52% ] 0000/0300 VUs  3m54.0s/7m30s  07998.78 iters/s

running (3m55.0s), 0002/0300 VUs, 853849 complete and 0 interrupted iterations
tail_open_loop   [  52% ] 0002/0300 VUs  3m55.0s/7m30s  08054.32 iters/s

running (3m56.0s), 0002/0300 VUs, 861931 complete and 0 interrupted iterations
tail_open_loop   [  52% ] 0002/0300 VUs  3m56.0s/7m30s  08109.91 iters/s

running (3m57.0s), 0001/0300 VUs, 870070 complete and 0 interrupted iterations
tail_open_loop   [  53% ] 0001/0300 VUs  3m57.0s/7m30s  08165.46 iters/s

running (3m58.0s), 0001/0300 VUs, 878263 complete and 0 interrupted iterations
tail_open_loop   [  53% ] 0001/0300 VUs  3m58.0s/7m30s  08220.98 iters/s

running (3m59.0s), 0001/0300 VUs, 886512 complete and 0 interrupted iterations
tail_open_loop   [  53% ] 0001/0300 VUs  3m59.0s/7m30s  08276.57 iters/s

running (4m00.0s), 0000/0300 VUs, 894817 complete and 0 interrupted iterations
tail_open_loop   [  53% ] 0000/0300 VUs  4m00.0s/7m30s  08332.15 iters/s

running (4m01.0s), 0001/0300 VUs, 903176 complete and 0 interrupted iterations
tail_open_loop   [  54% ] 0001/0300 VUs  4m01.0s/7m30s  08387.64 iters/s

running (4m02.0s), 0000/0300 VUs, 911592 complete and 0 interrupted iterations
tail_open_loop   [  54% ] 0000/0300 VUs  4m02.0s/7m30s  08443.24 iters/s

running (4m03.0s), 0000/0300 VUs, 920063 complete and 0 interrupted iterations
tail_open_loop   [  54% ] 0000/0300 VUs  4m03.0s/7m30s  08498.78 iters/s

running (4m04.0s), 0001/0300 VUs, 928589 complete and 0 interrupted iterations
tail_open_loop   [  54% ] 0001/0300 VUs  4m04.0s/7m30s  08554.32 iters/s

running (4m05.0s), 0000/0300 VUs, 937172 complete and 0 interrupted iterations
tail_open_loop   [  54% ] 0000/0300 VUs  4m05.0s/7m30s  08609.85 iters/s

running (4m06.0s), 0001/0300 VUs, 945809 complete and 0 interrupted iterations
tail_open_loop   [  55% ] 0001/0300 VUs  4m06.0s/7m30s  08665.44 iters/s

running (4m07.0s), 0000/0300 VUs, 954503 complete and 0 interrupted iterations
tail_open_loop   [  55% ] 0000/0300 VUs  4m07.0s/7m30s  08720.98 iters/s

running (4m08.0s), 0002/0300 VUs, 963250 complete and 0 interrupted iterations
tail_open_loop   [  55% ] 0002/0300 VUs  4m08.0s/7m30s  08776.63 iters/s

running (4m09.0s), 0002/0300 VUs, 972054 complete and 0 interrupted iterations
tail_open_loop   [  55% ] 0002/0300 VUs  4m09.0s/7m30s  08832.13 iters/s

running (4m10.0s), 0000/0300 VUs, 980916 complete and 0 interrupted iterations
tail_open_loop   [  56% ] 0000/0300 VUs  4m10.0s/7m30s  08887.70 iters/s

running (4m11.0s), 0001/0300 VUs, 989831 complete and 0 interrupted iterations
tail_open_loop   [  56% ] 0001/0300 VUs  4m11.0s/7m30s  08943.26 iters/s

running (4m12.0s), 0002/0300 VUs, 998801 complete and 0 interrupted iterations
tail_open_loop   [  56% ] 0002/0300 VUs  4m12.0s/7m30s  08998.79 iters/s

running (4m13.0s), 0002/0300 VUs, 1007827 complete and 0 interrupted iterations
tail_open_loop   [  56% ] 0002/0300 VUs  4m13.0s/7m30s  09054.36 iters/s

running (4m14.0s), 0000/0300 VUs, 1016911 complete and 0 interrupted iterations
tail_open_loop   [  56% ] 0000/0300 VUs  4m14.0s/7m30s  09109.87 iters/s

running (4m15.0s), 0001/0300 VUs, 1026048 complete and 0 interrupted iterations
tail_open_loop   [  57% ] 0001/0300 VUs  4m15.0s/7m30s  09165.48 iters/s

running (4m16.0s), 0001/0300 VUs, 1035241 complete and 0 interrupted iterations
tail_open_loop   [  57% ] 0001/0300 VUs  4m16.0s/7m30s  09221.01 iters/s

running (4m17.0s), 0003/0300 VUs, 1044488 complete and 0 interrupted iterations
tail_open_loop   [  57% ] 0003/0300 VUs  4m17.0s/7m30s  09276.61 iters/s

running (4m18.0s), 0000/0300 VUs, 1053795 complete and 0 interrupted iterations
tail_open_loop   [  57% ] 0000/0300 VUs  4m18.0s/7m30s  09332.10 iters/s

running (4m19.0s), 0001/0300 VUs, 1063154 complete and 0 interrupted iterations
tail_open_loop   [  58% ] 0001/0300 VUs  4m19.0s/7m30s  09387.73 iters/s

running (4m20.0s), 0000/0300 VUs, 1072570 complete and 0 interrupted iterations
tail_open_loop   [  58% ] 0000/0300 VUs  4m20.0s/7m30s  09443.23 iters/s

running (4m21.0s), 0001/0300 VUs, 1082041 complete and 0 interrupted iterations
tail_open_loop   [  58% ] 0001/0300 VUs  4m21.0s/7m30s  09498.84 iters/s

running (4m22.0s), 0000/0300 VUs, 1091568 complete and 0 interrupted iterations
tail_open_loop   [  58% ] 0000/0300 VUs  4m22.0s/7m30s  09554.38 iters/s

running (4m23.0s), 0000/0300 VUs, 1101150 complete and 0 interrupted iterations
tail_open_loop   [  58% ] 0000/0300 VUs  4m23.0s/7m30s  09609.93 iters/s

running (4m24.0s), 0001/0300 VUs, 1110787 complete and 0 interrupted iterations
tail_open_loop   [  59% ] 0001/0300 VUs  4m24.0s/7m30s  09665.48 iters/s

running (4m25.0s), 0001/0300 VUs, 1120480 complete and 0 interrupted iterations
tail_open_loop   [  59% ] 0001/0300 VUs  4m25.0s/7m30s  09720.91 iters/s

running (4m26.0s), 0001/0300 VUs, 1130229 complete and 0 interrupted iterations
tail_open_loop   [  59% ] 0001/0300 VUs  4m26.0s/7m30s  09776.60 iters/s

running (4m27.0s), 0000/0300 VUs, 1140034 complete and 0 interrupted iterations
tail_open_loop   [  59% ] 0000/0300 VUs  4m27.0s/7m30s  09832.16 iters/s

running (4m28.0s), 0001/0300 VUs, 1149894 complete and 0 interrupted iterations
tail_open_loop   [  60% ] 0001/0300 VUs  4m28.0s/7m30s  09887.68 iters/s

running (4m29.0s), 0003/0300 VUs, 1159807 complete and 0 interrupted iterations
tail_open_loop   [  60% ] 0003/0300 VUs  4m29.0s/7m30s  09943.22 iters/s

running (4m30.0s), 0003/0300 VUs, 1169778 complete and 0 interrupted iterations
tail_open_loop   [  60% ] 0002/0300 VUs  4m30.0s/7m30s  09998.80 iters/s

running (4m31.0s), 0003/0300 VUs, 1179805 complete and 0 interrupted iterations
tail_open_loop   [  60% ] 0003/0300 VUs  4m31.0s/7m30s  10054.29 iters/s

running (4m32.0s), 0001/0300 VUs, 1189888 complete and 0 interrupted iterations
tail_open_loop   [  60% ] 0001/0300 VUs  4m32.0s/7m30s  10109.89 iters/s

running (4m33.0s), 0001/0300 VUs, 1200026 complete and 0 interrupted iterations
tail_open_loop   [  61% ] 0001/0300 VUs  4m33.0s/7m30s  10165.49 iters/s

running (4m34.0s), 0000/0300 VUs, 1210220 complete and 0 interrupted iterations
tail_open_loop   [  61% ] 0000/0300 VUs  4m34.0s/7m30s  10221.08 iters/s

running (4m35.0s), 0001/0300 VUs, 1220468 complete and 0 interrupted iterations
tail_open_loop   [  61% ] 0001/0300 VUs  4m35.0s/7m30s  10276.54 iters/s

running (4m36.0s), 0001/0300 VUs, 1230773 complete and 0 interrupted iterations
tail_open_loop   [  61% ] 0001/0300 VUs  4m36.0s/7m30s  10332.18 iters/s

running (4m37.0s), 0001/0300 VUs, 1241132 complete and 0 interrupted iterations
tail_open_loop   [  62% ] 0001/0300 VUs  4m37.0s/7m30s  10387.67 iters/s

running (4m38.0s), 0001/0300 VUs, 1251548 complete and 0 interrupted iterations
tail_open_loop   [  62% ] 0001/0300 VUs  4m38.0s/7m30s  10443.21 iters/s

running (4m39.0s), 0001/0300 VUs, 1262019 complete and 0 interrupted iterations
tail_open_loop   [  62% ] 0001/0300 VUs  4m39.0s/7m30s  10498.80 iters/s

running (4m40.0s), 0000/0300 VUs, 1272546 complete and 0 interrupted iterations
tail_open_loop   [  62% ] 0000/0300 VUs  4m40.0s/7m30s  10554.31 iters/s

running (4m41.0s), 0001/0300 VUs, 1283128 complete and 0 interrupted iterations
tail_open_loop   [  62% ] 0001/0300 VUs  4m41.0s/7m30s  10609.85 iters/s

running (4m42.0s), 0001/0300 VUs, 1293765 complete and 0 interrupted iterations
tail_open_loop   [  63% ] 0001/0300 VUs  4m42.0s/7m30s  10665.42 iters/s

running (4m43.0s), 0000/0300 VUs, 1304459 complete and 0 interrupted iterations
tail_open_loop   [  63% ] 0000/0300 VUs  4m43.0s/7m30s  10720.99 iters/s

running (4m44.0s), 0001/0300 VUs, 1315207 complete and 0 interrupted iterations
tail_open_loop   [  63% ] 0001/0300 VUs  4m44.0s/7m30s  10776.56 iters/s

running (4m45.0s), 0000/0300 VUs, 1326012 complete and 0 interrupted iterations
tail_open_loop   [  63% ] 0000/0300 VUs  4m45.0s/7m30s  10832.12 iters/s

running (4m46.0s), 0000/0300 VUs, 1336872 complete and 0 interrupted iterations
tail_open_loop   [  64% ] 0000/0300 VUs  4m46.0s/7m30s  10887.67 iters/s

running (4m47.0s), 0001/0300 VUs, 1347787 complete and 0 interrupted iterations
tail_open_loop   [  64% ] 0001/0300 VUs  4m47.0s/7m30s  10943.31 iters/s

running (4m48.0s), 0001/0300 VUs, 1358758 complete and 0 interrupted iterations
tail_open_loop   [  64% ] 0001/0300 VUs  4m48.0s/7m30s  10998.80 iters/s

running (4m49.0s), 0003/0300 VUs, 1369782 complete and 0 interrupted iterations
tail_open_loop   [  64% ] 0003/0300 VUs  4m49.0s/7m30s  11054.37 iters/s

running (4m50.0s), 0004/0300 VUs, 1380864 complete and 0 interrupted iterations
tail_open_loop   [  64% ] 0004/0300 VUs  4m50.0s/7m30s  11110.00 iters/s

running (4m51.0s), 0002/0300 VUs, 1392003 complete and 0 interrupted iterations
tail_open_loop   [  65% ] 0002/0300 VUs  4m51.0s/7m30s  11165.45 iters/s

running (4m52.0s), 0001/0300 VUs, 1403197 complete and 0 interrupted iterations
tail_open_loop   [  65% ] 0001/0300 VUs  4m52.0s/7m30s  11221.08 iters/s

running (4m53.0s), 0001/0300 VUs, 1414446 complete and 0 interrupted iterations
tail_open_loop   [  65% ] 0001/0300 VUs  4m53.0s/7m30s  11276.63 iters/s

running (4m54.0s), 0000/0300 VUs, 1425751 complete and 0 interrupted iterations
tail_open_loop   [  65% ] 0001/0300 VUs  4m54.0s/7m30s  11332.09 iters/s

running (4m55.0s), 0001/0300 VUs, 1437111 complete and 0 interrupted iterations
tail_open_loop   [  66% ] 0001/0300 VUs  4m55.0s/7m30s  11387.71 iters/s

running (4m56.0s), 0001/0300 VUs, 1448526 complete and 0 interrupted iterations
tail_open_loop   [  66% ] 0001/0300 VUs  4m56.0s/7m30s  11443.35 iters/s

running (4m57.0s), 0001/0300 VUs, 1459997 complete and 0 interrupted iterations
tail_open_loop   [  66% ] 0001/0300 VUs  4m57.0s/7m30s  11498.75 iters/s

running (4m58.0s), 0001/0300 VUs, 1471524 complete and 0 interrupted iterations
tail_open_loop   [  66% ] 0001/0300 VUs  4m58.0s/7m30s  11554.28 iters/s

running (4m59.0s), 0001/0300 VUs, 1483105 complete and 0 interrupted iterations
tail_open_loop   [  66% ] 0001/0300 VUs  4m59.0s/7m30s  11609.95 iters/s

running (5m00.0s), 0001/0300 VUs, 1494743 complete and 0 interrupted iterations
tail_open_loop   [  67% ] 0001/0300 VUs  5m00.0s/7m30s  11665.48 iters/s

running (5m01.0s), 0001/0300 VUs, 1506436 complete and 0 interrupted iterations
tail_open_loop   [  67% ] 0001/0300 VUs  5m01.0s/7m30s  11720.99 iters/s

running (5m02.0s), 0001/0300 VUs, 1518185 complete and 0 interrupted iterations
tail_open_loop   [  67% ] 0001/0300 VUs  5m02.0s/7m30s  11776.62 iters/s

running (5m03.0s), 0000/0300 VUs, 1529990 complete and 0 interrupted iterations
tail_open_loop   [  67% ] 0000/0300 VUs  5m03.0s/7m30s  11832.08 iters/s

running (5m04.0s), 0001/0300 VUs, 1541850 complete and 0 interrupted iterations
tail_open_loop   [  68% ] 0001/0300 VUs  5m04.0s/7m30s  11887.64 iters/s

running (5m05.0s), 0001/0300 VUs, 1553765 complete and 0 interrupted iterations
tail_open_loop   [  68% ] 0001/0300 VUs  5m05.0s/7m30s  11943.15 iters/s

running (5m06.0s), 0001/0300 VUs, 1565736 complete and 0 interrupted iterations
tail_open_loop   [  68% ] 0001/0300 VUs  5m06.0s/7m30s  11998.75 iters/s

running (5m07.0s), 0000/0300 VUs, 1577763 complete and 0 interrupted iterations
tail_open_loop   [  68% ] 0000/0300 VUs  5m07.0s/7m30s  12054.29 iters/s

running (5m08.0s), 0001/0300 VUs, 1589845 complete and 0 interrupted iterations
tail_open_loop   [  68% ] 0001/0300 VUs  5m08.0s/7m30s  12109.91 iters/s

running (5m09.0s), 0001/0300 VUs, 1601982 complete and 0 interrupted iterations
tail_open_loop   [  69% ] 0001/0300 VUs  5m09.0s/7m30s  12165.45 iters/s

running (5m10.0s), 0004/0300 VUs, 1614173 complete and 0 interrupted iterations
tail_open_loop   [  69% ] 0004/0300 VUs  5m10.0s/7m30s  12221.05 iters/s

running (5m11.0s), 0003/0300 VUs, 1626423 complete and 0 interrupted iterations
tail_open_loop   [  69% ] 0003/0300 VUs  5m11.0s/7m30s  12276.57 iters/s

running (5m12.0s), 0001/0300 VUs, 1638729 complete and 0 interrupted iterations
tail_open_loop   [  69% ] 0001/0300 VUs  5m12.0s/7m30s  12332.13 iters/s

running (5m13.0s), 0001/0300 VUs, 1651088 complete and 0 interrupted iterations
tail_open_loop   [  70% ] 0001/0300 VUs  5m13.0s/7m30s  12387.58 iters/s

running (5m14.0s), 0002/0300 VUs, 1663503 complete and 0 interrupted iterations
tail_open_loop   [  70% ] 0002/0300 VUs  5m14.0s/7m30s  12443.23 iters/s

running (5m15.0s), 0001/0300 VUs, 1675975 complete and 0 interrupted iterations
tail_open_loop   [  70% ] 0001/0300 VUs  5m15.0s/7m30s  12498.91 iters/s

running (5m16.0s), 0001/0300 VUs, 1688502 complete and 0 interrupted iterations
tail_open_loop   [  70% ] 0001/0300 VUs  5m16.0s/7m30s  12554.30 iters/s

running (5m17.0s), 0001/0300 VUs, 1701084 complete and 0 interrupted iterations
tail_open_loop   [  70% ] 0001/0300 VUs  5m17.0s/7m30s  12609.86 iters/s

running (5m18.0s), 0000/0300 VUs, 1713722 complete and 0 interrupted iterations
tail_open_loop   [  71% ] 0000/0300 VUs  5m18.0s/7m30s  12665.44 iters/s

running (5m19.0s), 0003/0300 VUs, 1726413 complete and 0 interrupted iterations
tail_open_loop   [  71% ] 0003/0300 VUs  5m19.0s/7m30s  12721.03 iters/s

running (5m20.0s), 0001/0300 VUs, 1739163 complete and 0 interrupted iterations
tail_open_loop   [  71% ] 0001/0300 VUs  5m20.0s/7m30s  12776.61 iters/s

running (5m21.0s), 0001/0300 VUs, 1751968 complete and 0 interrupted iterations
tail_open_loop   [  71% ] 0001/0300 VUs  5m21.0s/7m30s  12832.19 iters/s

running (5m22.0s), 0001/0300 VUs, 1764828 complete and 0 interrupted iterations
tail_open_loop   [  72% ] 0001/0300 VUs  5m22.0s/7m30s  12887.76 iters/s

running (5m23.0s), 0001/0300 VUs, 1777743 complete and 0 interrupted iterations
tail_open_loop   [  72% ] 0001/0300 VUs  5m23.0s/7m30s  12943.14 iters/s

running (5m24.0s), 0001/0300 VUs, 1790714 complete and 0 interrupted iterations
tail_open_loop   [  72% ] 0001/0300 VUs  5m24.0s/7m30s  12998.83 iters/s

running (5m25.0s), 0001/0303 VUs, 1803642 complete and 0 interrupted iterations
tail_open_loop   [  72% ] 0001/0303 VUs  5m25.0s/7m30s  13054.32 iters/s

running (5m26.0s), 0001/0303 VUs, 1816724 complete and 0 interrupted iterations
tail_open_loop   [  72% ] 0001/0303 VUs  5m26.0s/7m30s  13109.77 iters/s

running (5m27.0s), 0001/0303 VUs, 1829861 complete and 0 interrupted iterations
tail_open_loop   [  73% ] 0001/0303 VUs  5m27.0s/7m30s  13165.52 iters/s

running (5m28.0s), 0001/0303 VUs, 1843055 complete and 0 interrupted iterations
tail_open_loop   [  73% ] 0001/0303 VUs  5m28.0s/7m30s  13220.87 iters/s

running (5m29.0s), 0003/0303 VUs, 1856303 complete and 0 interrupted iterations
tail_open_loop   [  73% ] 0003/0303 VUs  5m29.0s/7m30s  13276.51 iters/s

running (5m30.0s), 0004/0303 VUs, 1869605 complete and 0 interrupted iterations
tail_open_loop   [  73% ] 0004/0303 VUs  5m30.0s/7m30s  13332.09 iters/s

running (5m31.0s), 0002/0303 VUs, 1882967 complete and 0 interrupted iterations
tail_open_loop   [  74% ] 0002/0303 VUs  5m31.0s/7m30s  13387.78 iters/s

running (5m32.0s), 0001/0303 VUs, 1896383 complete and 0 interrupted iterations
tail_open_loop   [  74% ] 0001/0303 VUs  5m32.0s/7m30s  13443.21 iters/s

running (5m33.0s), 0003/0303 VUs, 1909852 complete and 0 interrupted iterations
tail_open_loop   [  74% ] 0003/0303 VUs  5m33.0s/7m30s  13498.74 iters/s

running (5m34.0s), 0001/0303 VUs, 1923381 complete and 0 interrupted iterations
tail_open_loop   [  74% ] 0001/0303 VUs  5m34.0s/7m30s  13554.36 iters/s

running (5m35.0s), 0001/0303 VUs, 1936963 complete and 0 interrupted iterations
tail_open_loop   [  74% ] 0001/0303 VUs  5m35.0s/7m30s  13609.89 iters/s

running (5m36.0s), 0001/0303 VUs, 1950600 complete and 0 interrupted iterations
tail_open_loop   [  75% ] 0001/0303 VUs  5m36.0s/7m30s  13665.50 iters/s

running (5m37.0s), 0001/0303 VUs, 1964294 complete and 0 interrupted iterations
tail_open_loop   [  75% ] 0001/0303 VUs  5m37.0s/7m30s  13721.00 iters/s

running (5m38.0s), 0001/0303 VUs, 1978043 complete and 0 interrupted iterations
tail_open_loop   [  75% ] 0001/0303 VUs  5m38.0s/7m30s  13776.57 iters/s

running (5m39.0s), 0001/0303 VUs, 1991847 complete and 0 interrupted iterations
tail_open_loop   [  75% ] 0001/0303 VUs  5m39.0s/7m30s  13832.22 iters/s

running (5m40.0s), 0001/0303 VUs, 2005707 complete and 0 interrupted iterations
tail_open_loop   [  76% ] 0001/0303 VUs  5m40.0s/7m30s  13887.73 iters/s

running (5m41.0s), 0001/0303 VUs, 2019622 complete and 0 interrupted iterations
tail_open_loop   [  76% ] 0001/0303 VUs  5m41.0s/7m30s  13943.31 iters/s

running (5m42.0s), 0001/0303 VUs, 2033593 complete and 0 interrupted iterations
tail_open_loop   [  76% ] 0001/0303 VUs  5m42.0s/7m30s  13998.74 iters/s

running (5m43.0s), 0001/0303 VUs, 2047620 complete and 0 interrupted iterations
tail_open_loop   [  76% ] 0001/0303 VUs  5m43.0s/7m30s  14054.42 iters/s

running (5m44.0s), 0001/0303 VUs, 2061702 complete and 0 interrupted iterations
tail_open_loop   [  76% ] 0001/0303 VUs  5m44.0s/7m30s  14109.94 iters/s

running (5m45.0s), 0001/0303 VUs, 2075840 complete and 0 interrupted iterations
tail_open_loop   [  77% ] 0001/0303 VUs  5m45.0s/7m30s  14165.51 iters/s

running (5m46.0s), 0001/0303 VUs, 2090033 complete and 0 interrupted iterations
tail_open_loop   [  77% ] 0001/0303 VUs  5m46.0s/7m30s  14220.91 iters/s

running (5m47.0s), 0001/0303 VUs, 2104282 complete and 0 interrupted iterations
tail_open_loop   [  77% ] 0001/0303 VUs  5m47.0s/7m30s  14276.54 iters/s

running (5m48.0s), 0001/0303 VUs, 2118586 complete and 0 interrupted iterations
tail_open_loop   [  77% ] 0001/0303 VUs  5m48.0s/7m30s  14332.19 iters/s

running (5m49.0s), 0001/0303 VUs, 2132946 complete and 0 interrupted iterations
tail_open_loop   [  78% ] 0001/0303 VUs  5m49.0s/7m30s  14387.66 iters/s

running (5m50.0s), 0003/0303 VUs, 2147359 complete and 0 interrupted iterations
tail_open_loop   [  78% ] 0003/0303 VUs  5m50.0s/7m30s  14443.14 iters/s

running (5m51.0s), 0004/0303 VUs, 2161829 complete and 0 interrupted iterations
tail_open_loop   [  78% ] 0004/0303 VUs  5m51.0s/7m30s  14498.85 iters/s

running (5m52.0s), 0003/0303 VUs, 2176357 complete and 0 interrupted iterations
tail_open_loop   [  78% ] 0003/0303 VUs  5m52.0s/7m30s  14554.35 iters/s

running (5m53.0s), 0002/0303 VUs, 2190940 complete and 0 interrupted iterations
tail_open_loop   [  78% ] 0002/0303 VUs  5m53.0s/7m30s  14610.06 iters/s

running (5m54.0s), 0001/0303 VUs, 2205578 complete and 0 interrupted iterations
tail_open_loop   [  79% ] 0001/0303 VUs  5m54.0s/7m30s  14665.34 iters/s

running (5m55.0s), 0002/0303 VUs, 2220271 complete and 0 interrupted iterations
tail_open_loop   [  79% ] 0002/0303 VUs  5m55.0s/7m30s  14721.04 iters/s

running (5m56.0s), 0007/0303 VUs, 2235014 complete and 0 interrupted iterations
tail_open_loop   [  79% ] 0007/0303 VUs  5m56.0s/7m30s  14776.51 iters/s

running (5m57.0s), 0001/0303 VUs, 2249825 complete and 0 interrupted iterations
tail_open_loop   [  79% ] 0001/0303 VUs  5m57.0s/7m30s  14832.17 iters/s

running (5m58.0s), 0001/0303 VUs, 2264685 complete and 0 interrupted iterations
tail_open_loop   [  80% ] 0001/0303 VUs  5m58.0s/7m30s  14887.60 iters/s

running (5m59.0s), 0001/0303 VUs, 2279600 complete and 0 interrupted iterations
tail_open_loop   [  80% ] 0001/0303 VUs  5m59.0s/7m30s  14943.22 iters/s

running (6m00.0s), 0001/0303 VUs, 2294571 complete and 0 interrupted iterations
tail_open_loop   [  80% ] 0001/0303 VUs  6m00.0s/7m30s  14998.80 iters/s

running (6m01.0s), 0002/0303 VUs, 2309597 complete and 0 interrupted iterations
tail_open_loop   [  80% ] 0002/0303 VUs  6m01.0s/7m30s  15054.35 iters/s

running (6m02.0s), 0001/0303 VUs, 2324680 complete and 0 interrupted iterations
tail_open_loop   [  80% ] 0001/0303 VUs  6m02.0s/7m30s  15109.85 iters/s

running (6m03.0s), 0001/0303 VUs, 2339818 complete and 0 interrupted iterations
tail_open_loop   [  81% ] 0001/0303 VUs  6m03.0s/7m30s  15165.53 iters/s

running (6m04.0s), 0001/0303 VUs, 2355011 complete and 0 interrupted iterations
tail_open_loop   [  81% ] 0001/0303 VUs  6m04.0s/7m30s  15220.93 iters/s

running (6m05.0s), 0001/0303 VUs, 2370260 complete and 0 interrupted iterations
tail_open_loop   [  81% ] 0001/0303 VUs  6m05.0s/7m30s  15276.50 iters/s

running (6m06.0s), 0001/0303 VUs, 2385564 complete and 0 interrupted iterations
tail_open_loop   [  81% ] 0001/0303 VUs  6m06.0s/7m30s  15332.01 iters/s

running (6m07.0s), 0001/0303 VUs, 2400924 complete and 0 interrupted iterations
tail_open_loop   [  82% ] 0001/0303 VUs  6m07.0s/7m30s  15387.69 iters/s

running (6m08.0s), 0001/0303 VUs, 2416339 complete and 0 interrupted iterations
tail_open_loop   [  82% ] 0001/0303 VUs  6m08.0s/7m30s  15443.06 iters/s

running (6m09.0s), 0001/0303 VUs, 2431811 complete and 0 interrupted iterations
tail_open_loop   [  82% ] 0001/0303 VUs  6m09.0s/7m30s  15498.59 iters/s

running (6m10.0s), 0002/0303 VUs, 2447335 complete and 0 interrupted iterations
tail_open_loop   [  82% ] 0002/0303 VUs  6m10.0s/7m30s  15554.28 iters/s

running (6m11.0s), 0002/0303 VUs, 2462918 complete and 0 interrupted iterations
tail_open_loop   [  82% ] 0002/0303 VUs  6m11.0s/7m30s  15609.88 iters/s

running (6m12.0s), 0005/0303 VUs, 2478553 complete and 0 interrupted iterations
tail_open_loop   [  83% ] 0005/0303 VUs  6m12.0s/7m30s  15665.63 iters/s

running (6m13.0s), 0005/0311 VUs, 2494047 complete and 0 interrupted iterations
tail_open_loop   [  83% ] 0005/0311 VUs  6m13.0s/7m30s  15720.80 iters/s

running (6m14.0s), 0003/0311 VUs, 2509797 complete and 0 interrupted iterations
tail_open_loop   [  83% ] 0003/0311 VUs  6m14.0s/7m30s  15776.60 iters/s

running (6m15.0s), 0325/0326 VUs, 2525211 complete and 0 interrupted iterations
tail_open_loop   [  83% ] 0325/0326 VUs  6m15.0s/7m30s  15832.05 iters/s

running (6m16.0s), 0002/0379 VUs, 2541017 complete and 0 interrupted iterations
tail_open_loop   [  84% ] 0002/0379 VUs  6m16.0s/7m30s  15887.64 iters/s

running (6m17.0s), 0001/0379 VUs, 2556934 complete and 0 interrupted iterations
tail_open_loop   [  84% ] 0001/0379 VUs  6m17.0s/7m30s  15943.11 iters/s

running (6m18.0s), 0001/0379 VUs, 2572904 complete and 0 interrupted iterations
tail_open_loop   [  84% ] 0001/0379 VUs  6m18.0s/7m30s  15998.72 iters/s

running (6m19.0s), 0001/0379 VUs, 2588931 complete and 0 interrupted iterations
tail_open_loop   [  84% ] 0001/0379 VUs  6m19.0s/7m30s  16054.20 iters/s

running (6m20.0s), 0002/0379 VUs, 2605012 complete and 0 interrupted iterations
tail_open_loop   [  84% ] 0002/0379 VUs  6m20.0s/7m30s  16110.06 iters/s

running (6m21.0s), 0001/0379 VUs, 2621151 complete and 0 interrupted iterations
tail_open_loop   [  85% ] 0001/0379 VUs  6m21.0s/7m30s  16165.27 iters/s

running (6m22.0s), 0001/0379 VUs, 2637343 complete and 0 interrupted iterations
tail_open_loop   [  85% ] 0002/0379 VUs  6m22.0s/7m30s  16220.86 iters/s

running (6m23.0s), 0001/0379 VUs, 2653593 complete and 0 interrupted iterations
tail_open_loop   [  85% ] 0001/0379 VUs  6m23.0s/7m30s  16276.57 iters/s

running (6m24.0s), 0001/0379 VUs, 2669897 complete and 0 interrupted iterations
tail_open_loop   [  85% ] 0001/0379 VUs  6m24.0s/7m30s  16332.13 iters/s

running (6m25.0s), 0001/0379 VUs, 2686257 complete and 0 interrupted iterations
tail_open_loop   [  86% ] 0001/0379 VUs  6m25.0s/7m30s  16387.53 iters/s

running (6m26.0s), 0001/0379 VUs, 2702672 complete and 0 interrupted iterations
tail_open_loop   [  86% ] 0001/0379 VUs  6m26.0s/7m30s  16443.04 iters/s

running (6m27.0s), 0002/0379 VUs, 2719143 complete and 0 interrupted iterations
tail_open_loop   [  86% ] 0002/0379 VUs  6m27.0s/7m30s  16498.93 iters/s

running (6m28.0s), 0001/0379 VUs, 2735670 complete and 0 interrupted iterations
tail_open_loop   [  86% ] 0001/0379 VUs  6m28.0s/7m30s  16554.37 iters/s

running (6m29.0s), 0001/0379 VUs, 2752252 complete and 0 interrupted iterations
tail_open_loop   [  86% ] 0001/0379 VUs  6m29.0s/7m30s  16609.92 iters/s

running (6m30.0s), 0003/0379 VUs, 2768889 complete and 0 interrupted iterations
tail_open_loop   [  87% ] 0003/0379 VUs  6m30.0s/7m30s  16665.28 iters/s

running (6m31.0s), 0005/0379 VUs, 2785579 complete and 0 interrupted iterations
tail_open_loop   [  87% ] 0005/0379 VUs  6m31.0s/7m30s  16721.01 iters/s

running (6m32.0s), 0001/0379 VUs, 2802331 complete and 0 interrupted iterations
tail_open_loop   [  87% ] 0001/0379 VUs  6m32.0s/7m30s  16776.55 iters/s

running (6m33.0s), 0003/0379 VUs, 2819134 complete and 0 interrupted iterations
tail_open_loop   [  87% ] 0003/0379 VUs  6m33.0s/7m30s  16831.90 iters/s

running (6m34.0s), 0003/0379 VUs, 2835994 complete and 0 interrupted iterations
tail_open_loop   [  88% ] 0003/0379 VUs  6m34.0s/7m30s  16887.61 iters/s

running (6m35.0s), 0001/0379 VUs, 2852912 complete and 0 interrupted iterations
tail_open_loop   [  88% ] 0001/0379 VUs  6m35.0s/7m30s  16943.12 iters/s

running (6m36.0s), 0013/0385 VUs, 2869800 complete and 0 interrupted iterations
tail_open_loop   [  88% ] 0013/0385 VUs  6m36.0s/7m30s  16998.71 iters/s

running (6m37.0s), 0001/0385 VUs, 2886839 complete and 0 interrupted iterations
tail_open_loop   [  88% ] 0001/0385 VUs  6m37.0s/7m30s  17054.37 iters/s

running (6m38.0s), 0001/0385 VUs, 2903921 complete and 0 interrupted iterations
tail_open_loop   [  88% ] 0001/0385 VUs  6m38.0s/7m30s  17109.81 iters/s

running (6m39.0s), 0002/0385 VUs, 2921058 complete and 0 interrupted iterations
tail_open_loop   [  89% ] 0002/0385 VUs  6m39.0s/7m30s  17165.61 iters/s

running (6m40.0s), 0001/0385 VUs, 2938252 complete and 0 interrupted iterations
tail_open_loop   [  89% ] 0001/0385 VUs  6m40.0s/7m30s  17221.19 iters/s

running (6m41.0s), 0004/0385 VUs, 2955498 complete and 0 interrupted iterations
tail_open_loop   [  89% ] 0004/0385 VUs  6m41.0s/7m30s  17276.53 iters/s

running (6m42.0s), 0001/0385 VUs, 2972805 complete and 0 interrupted iterations
tail_open_loop   [  89% ] 0001/0385 VUs  6m42.0s/7m30s  17331.92 iters/s

running (6m43.0s), 0001/0385 VUs, 2990165 complete and 0 interrupted iterations
tail_open_loop   [  90% ] 0001/0385 VUs  6m43.0s/7m30s  17387.68 iters/s

running (6m44.0s), 0002/0385 VUs, 3007580 complete and 0 interrupted iterations
tail_open_loop   [  90% ] 0002/0385 VUs  6m44.0s/7m30s  17443.18 iters/s

running (6m45.0s), 0001/0385 VUs, 3025052 complete and 0 interrupted iterations
tail_open_loop   [  90% ] 0001/0385 VUs  6m45.0s/7m30s  17498.73 iters/s

running (6m46.0s), 0003/0385 VUs, 3042577 complete and 0 interrupted iterations
tail_open_loop   [  90% ] 0003/0385 VUs  6m46.0s/7m30s  17554.33 iters/s

running (6m47.0s), 0003/0385 VUs, 3060158 complete and 0 interrupted iterations
tail_open_loop   [  90% ] 0003/0385 VUs  6m47.0s/7m30s  17609.97 iters/s

running (6m48.0s), 0002/0385 VUs, 3077797 complete and 0 interrupted iterations
tail_open_loop   [  91% ] 0002/0385 VUs  6m48.0s/7m30s  17665.66 iters/s

running (6m49.0s), 0002/0385 VUs, 3095490 complete and 0 interrupted iterations
tail_open_loop   [  91% ] 0002/0385 VUs  6m49.0s/7m30s  17721.07 iters/s

running (6m50.0s), 0002/0385 VUs, 3113239 complete and 0 interrupted iterations
tail_open_loop   [  91% ] 0002/0385 VUs  6m50.0s/7m30s  17776.83 iters/s

running (6m51.0s), 0002/0385 VUs, 3131043 complete and 0 interrupted iterations
tail_open_loop   [  91% ] 0002/0385 VUs  6m51.0s/7m30s  17831.99 iters/s

running (6m52.0s), 0003/0385 VUs, 3148904 complete and 0 interrupted iterations
tail_open_loop   [  92% ] 0003/0385 VUs  6m52.0s/7m30s  17887.81 iters/s

running (6m53.0s), 0005/0385 VUs, 3166817 complete and 0 interrupted iterations
tail_open_loop   [  92% ] 0005/0385 VUs  6m53.0s/7m30s  17943.01 iters/s

running (6m54.0s), 0004/0385 VUs, 3184788 complete and 0 interrupted iterations
tail_open_loop   [  92% ] 0004/0385 VUs  6m54.0s/7m30s  17998.88 iters/s

running (6m55.0s), 0058/0385 VUs, 3202779 complete and 0 interrupted iterations
tail_open_loop   [  92% ] 0058/0385 VUs  6m55.0s/7m30s  18054.45 iters/s

running (6m56.0s), 0003/0385 VUs, 3220897 complete and 0 interrupted iterations
tail_open_loop   [  92% ] 0003/0385 VUs  6m56.0s/7m30s  18110.04 iters/s

running (6m57.0s), 0001/0385 VUs, 3239037 complete and 0 interrupted iterations
tail_open_loop   [  93% ] 0001/0385 VUs  6m57.0s/7m30s  18165.63 iters/s

running (6m58.0s), 0002/0385 VUs, 3257229 complete and 0 interrupted iterations
tail_open_loop   [  93% ] 0002/0385 VUs  6m58.0s/7m30s  18220.91 iters/s

running (6m59.0s), 0001/0385 VUs, 3275478 complete and 0 interrupted iterations
tail_open_loop   [  93% ] 0001/0385 VUs  6m59.0s/7m30s  18276.52 iters/s

running (7m00.0s), 0001/0385 VUs, 3293784 complete and 0 interrupted iterations
tail_open_loop   [  93% ] 0001/0385 VUs  7m00.0s/7m30s  18332.14 iters/s

running (7m01.0s), 0001/0385 VUs, 3312143 complete and 0 interrupted iterations
tail_open_loop   [  94% ] 0001/0385 VUs  7m01.0s/7m30s  18387.42 iters/s

running (7m02.0s), 0002/0385 VUs, 3330558 complete and 0 interrupted iterations
tail_open_loop   [  94% ] 0002/0385 VUs  7m02.0s/7m30s  18443.04 iters/s

running (7m03.0s), 0001/0385 VUs, 3349030 complete and 0 interrupted iterations
tail_open_loop   [  94% ] 0001/0385 VUs  7m03.0s/7m30s  18498.65 iters/s

running (7m04.0s), 0001/0385 VUs, 3367556 complete and 0 interrupted iterations
tail_open_loop   [  94% ] 0001/0385 VUs  7m04.0s/7m30s  18554.25 iters/s

running (7m05.0s), 0002/0385 VUs, 3386137 complete and 0 interrupted iterations
tail_open_loop   [  94% ] 0002/0385 VUs  7m05.0s/7m30s  18610.19 iters/s

running (7m06.0s), 0002/0385 VUs, 3404775 complete and 0 interrupted iterations
tail_open_loop   [  95% ] 0002/0385 VUs  7m06.0s/7m30s  18665.42 iters/s

running (7m07.0s), 0001/0385 VUs, 3423469 complete and 0 interrupted iterations
tail_open_loop   [  95% ] 0001/0385 VUs  7m07.0s/7m30s  18720.98 iters/s

running (7m08.0s), 0001/0385 VUs, 3442218 complete and 0 interrupted iterations
tail_open_loop   [  95% ] 0001/0385 VUs  7m08.0s/7m30s  18776.52 iters/s

running (7m09.0s), 0398/0422 VUs, 3460467 complete and 0 interrupted iterations
tail_open_loop   [  95% ] 0398/0422 VUs  7m09.0s/7m30s  18832.39 iters/s

running (7m10.0s), 0002/0439 VUs, 3479655 complete and 0 interrupted iterations
tail_open_loop   [  96% ] 0002/0439 VUs  7m10.0s/7m30s  18887.52 iters/s

running (7m11.0s), 0003/0439 VUs, 3498571 complete and 0 interrupted iterations
tail_open_loop   [  96% ] 0003/0439 VUs  7m11.0s/7m30s  18943.34 iters/s

running (7m12.0s), 0004/0439 VUs, 3517541 complete and 0 interrupted iterations
tail_open_loop   [  96% ] 0004/0439 VUs  7m12.0s/7m30s  18998.77 iters/s

running (7m13.0s), 0005/0439 VUs, 3536566 complete and 0 interrupted iterations
tail_open_loop   [  96% ] 0005/0439 VUs  7m13.0s/7m30s  19054.51 iters/s

running (7m14.0s), 0005/0521 VUs, 3554085 complete and 0 interrupted iterations
tail_open_loop   [  96% ] 0005/0521 VUs  7m14.0s/7m30s  19109.86 iters/s

running (7m15.0s), 0005/0521 VUs, 3573222 complete and 0 interrupted iterations
tail_open_loop   [  97% ] 0005/0521 VUs  7m15.0s/7m30s  19165.53 iters/s

running (7m16.0s), 0004/0521 VUs, 3592417 complete and 0 interrupted iterations
tail_open_loop   [  97% ] 0004/0521 VUs  7m16.0s/7m30s  19221.16 iters/s

running (7m17.0s), 0004/0521 VUs, 3611666 complete and 0 interrupted iterations
tail_open_loop   [  97% ] 0003/0521 VUs  7m17.0s/7m30s  19276.37 iters/s

running (7m18.0s), 0001/0521 VUs, 3630972 complete and 0 interrupted iterations
tail_open_loop   [  97% ] 0001/0521 VUs  7m18.0s/7m30s  19332.26 iters/s

running (7m19.0s), 0002/0521 VUs, 3650331 complete and 0 interrupted iterations
tail_open_loop   [  98% ] 0002/0521 VUs  7m19.0s/7m30s  19387.36 iters/s

running (7m20.0s), 0003/0521 VUs, 3669746 complete and 0 interrupted iterations
tail_open_loop   [  98% ] 0004/0521 VUs  7m20.0s/7m30s  19443.15 iters/s

running (7m21.0s), 0002/0521 VUs, 3689218 complete and 0 interrupted iterations
tail_open_loop   [  98% ] 0002/0521 VUs  7m21.0s/7m30s  19498.88 iters/s

running (7m22.0s), 0001/0521 VUs, 3708745 complete and 0 interrupted iterations
tail_open_loop   [  98% ] 0001/0521 VUs  7m22.0s/7m30s  19554.17 iters/s

running (7m23.0s), 0001/0521 VUs, 3728327 complete and 0 interrupted iterations
tail_open_loop   [  98% ] 0001/0521 VUs  7m23.0s/7m30s  19610.15 iters/s

running (7m24.0s), 0002/0521 VUs, 3747964 complete and 0 interrupted iterations
tail_open_loop   [  99% ] 0001/0521 VUs  7m24.0s/7m30s  19665.68 iters/s

running (7m25.0s), 0002/0521 VUs, 3767658 complete and 0 interrupted iterations
tail_open_loop   [  99% ] 0002/0521 VUs  7m25.0s/7m30s  19721.14 iters/s

running (7m26.0s), 0002/0521 VUs, 3787406 complete and 0 interrupted iterations
tail_open_loop   [  99% ] 0001/0521 VUs  7m26.0s/7m30s  19776.92 iters/s

running (7m27.0s), 0003/0521 VUs, 3807210 complete and 0 interrupted iterations
tail_open_loop   [  99% ] 0003/0521 VUs  7m27.0s/7m30s  19832.22 iters/s

running (7m28.0s), 0001/0521 VUs, 3827071 complete and 0 interrupted iterations
tail_open_loop   [ 100% ] 0001/0521 VUs  7m28.0s/7m30s  19887.83 iters/s

running (7m29.0s), 0001/0521 VUs, 3846987 complete and 0 interrupted iterations
tail_open_loop   [ 100% ] 0001/0521 VUs  7m29.0s/7m30s  19943.36 iters/s

running (7m30.0s), 0003/0521 VUs, 3866956 complete and 0 interrupted iterations
tail_open_loop   [ 100% ] 0003/0521 VUs  7m30.0s/7m30s  19998.80 iters/s


  █ THRESHOLDS 

    http_req_duration
    ✓ 'p(95)<250' p(95)=266µs
    ✓ 'p(99)<500' p(99)=3ms
    ✓ 'p(99.9)<1000' p(99.9)=21.47ms

    http_req_failed
    ✗ 'rate<0.05' rate=100.00%


  █ TOTAL RESULTS 

    checks_total.......: 3867368 8594.151951/s
    checks_succeeded...: 100.00% 3867368 out of 3867368
    checks_failed......: 0.00%   0 out of 3867368

    ✓ status is 200 or 404

    HTTP
    http_req_duration....: avg=214.45µs min=36µs    med=58µs    max=96.83ms p(90)=200µs    p(95)=266µs    p(99)=3ms    p(99.9)=21.47ms
    http_req_failed......: 100.00% 3867368 out of 3867368
    http_reqs............: 3867368 8594.151951/s

    EXECUTION
    dropped_iterations...: 2603    5.784445/s
    iteration_duration...: avg=237.86µs min=49.08µs med=75.54µs max=97.62ms p(90)=245.87µs p(95)=318.29µs p(99)=3.05ms p(99.9)=21.51ms
    iterations...........: 3867368 8594.151951/s
    vus..................: 6       min=0                  max=408
    vus_max..............: 521     min=300                max=521

    NETWORK
    data_received........: 545 MB  1.2 MB/s
    data_sent............: 433 MB  963 kB/s




running (7m30.0s), 0000/0521 VUs, 3867368 complete and 0 interrupted iterations
tail_open_loop ✓ [ 100% ] 0000/0521 VUs  7m30s  20000.00 iters/s
